=== START 2026-01-20 13:02:28 ===
Bug ID: 100187
Toolchain: nightly-2022-08-06
Source: /data/zhangtianrong/projects/rustc-cbl/rustcbugs/100187
Run dir: /data/zhangtianrong/projects/rustc-cbl/run/100187
CMD: rustup run nightly-2022-08-06 cargo build
------------------------------------------------------------
   Compiling bug_100187 v0.1.0 (/data/zhangtianrong/projects/rustc-cbl/run/100187)
error: internal compiler error: compiler/rustc_middle/src/ty/subst.rs:554:13: Region parameter out of range when substituting in region 'b (index=4)

thread 'rustc' panicked at 'Box<dyn Any>', /rustc/affe0d3a00e92fa7885e3f5d2c5073fde432d154/compiler/rustc_errors/src/lib.rs:1392:9
stack backtrace:
   0:     0x7acb36b6c9f0 - std::backtrace_rs::backtrace::libunwind::trace::h74f2a0cc6b6b0bc5
                               at /rustc/affe0d3a00e92fa7885e3f5d2c5073fde432d154/library/std/src/../../backtrace/src/backtrace/mod.rs:66:5
   1:     0x7acb36b6c9f0 - std::backtrace_rs::backtrace::trace_unsynchronized::h06f3d1adbfc08eec
                               at /rustc/affe0d3a00e92fa7885e3f5d2c5073fde432d154/library/std/src/../../backtrace/src/backtrace/mod.rs:66:5
   2:     0x7acb36b6c9f0 - std::sys_common::backtrace::_print_fmt::he5f15b7310953827
                               at /rustc/affe0d3a00e92fa7885e3f5d2c5073fde432d154/library/std/src/sys_common/backtrace.rs:66:5
   3:     0x7acb36b6c9f0 - <std::sys_common::backtrace::_print::DisplayBacktrace as core::fmt::Display>::fmt::h0481eccec82d418c
                               at /rustc/affe0d3a00e92fa7885e3f5d2c5073fde432d154/library/std/src/sys_common/backtrace.rs:45:22
   4:     0x7acb36bc83bc - core::fmt::write::h609cae14de3da602
                               at /rustc/affe0d3a00e92fa7885e3f5d2c5073fde432d154/library/core/src/fmt/mod.rs:1198:17
   5:     0x7acb36b5da35 - std::io::Write::write_fmt::h01e5a38c3656642d
                               at /rustc/affe0d3a00e92fa7885e3f5d2c5073fde432d154/library/std/src/io/mod.rs:1672:15
   6:     0x7acb36b6f6d1 - std::sys_common::backtrace::_print::h7b5df4d8c3756e42
                               at /rustc/affe0d3a00e92fa7885e3f5d2c5073fde432d154/library/std/src/sys_common/backtrace.rs:48:5
   7:     0x7acb36b6f6d1 - std::sys_common::backtrace::print::h9d73a5d917f22346
                               at /rustc/affe0d3a00e92fa7885e3f5d2c5073fde432d154/library/std/src/sys_common/backtrace.rs:35:9
   8:     0x7acb36b6f6d1 - std::panicking::default_hook::{{closure}}::hcf9a8bcb350b3a14
                               at /rustc/affe0d3a00e92fa7885e3f5d2c5073fde432d154/library/std/src/panicking.rs:295:22
   9:     0x7acb36b6f39e - std::panicking::default_hook::hfcc6873a008cb403
                               at /rustc/affe0d3a00e92fa7885e3f5d2c5073fde432d154/library/std/src/panicking.rs:314:9
  10:     0x7acb393e7be4 - rustc_driver[ca7fdc4c44e2051e]::DEFAULT_HOOK::{closure#0}::{closure#0}
  11:     0x7acb36b6ff06 - std::panicking::rust_panic_with_hook::h4a279a71d839a82c
                               at /rustc/affe0d3a00e92fa7885e3f5d2c5073fde432d154/library/std/src/panicking.rs:702:17
  12:     0x7acb3a386851 - std[42edab32bc6d989e]::panicking::begin_panic::<rustc_errors[7749712bdedc646d]::ExplicitBug>::{closure#0}
  13:     0x7acb3a385d46 - std[42edab32bc6d989e]::sys_common::backtrace::__rust_end_short_backtrace::<std[42edab32bc6d989e]::panicking::begin_panic<rustc_errors[7749712bdedc646d]::ExplicitBug>::{closure#0}, !>
  14:     0x7acb3a367db6 - std[42edab32bc6d989e]::panicking::begin_panic::<rustc_errors[7749712bdedc646d]::ExplicitBug>
  15:     0x7acb3a3ab7a6 - std[42edab32bc6d989e]::panic::panic_any::<rustc_errors[7749712bdedc646d]::ExplicitBug>
  16:     0x7acb3a3ab5f5 - <rustc_errors[7749712bdedc646d]::HandlerInner>::bug::<&alloc[67c8b44c78f2df8e]::string::String>
  17:     0x7acb3a3ab350 - <rustc_errors[7749712bdedc646d]::Handler>::bug::<&alloc[67c8b44c78f2df8e]::string::String>
  18:     0x7acb3a3ce2cd - rustc_middle[f14eabcfdb3f5619]::ty::context::tls::with_context_opt::<rustc_middle[f14eabcfdb3f5619]::ty::context::tls::with_opt<rustc_middle[f14eabcfdb3f5619]::util::bug::opt_span_bug_fmt<rustc_span[b823e81b2ca00566]::span_encoding::Span>::{closure#0}, ()>::{closure#0}, ()>
  19:     0x7acb3a3d1386 - rustc_middle[f14eabcfdb3f5619]::util::bug::opt_span_bug_fmt::<rustc_span[b823e81b2ca00566]::span_encoding::Span>
  20:     0x7acb37e3bbd3 - rustc_middle[f14eabcfdb3f5619]::util::bug::bug_fmt
  21:     0x7acb3a3f8886 - <rustc_middle[f14eabcfdb3f5619]::ty::subst::SubstFolder as rustc_middle[f14eabcfdb3f5619]::ty::fold::TypeFolder>::fold_region::region_param_out_of_range
  22:     0x7acb37dfc793 - <rustc_middle[f14eabcfdb3f5619]::ty::subst::SubstFolder as rustc_middle[f14eabcfdb3f5619]::ty::fold::TypeFolder>::fold_region
  23:     0x7acb38ee2ff3 - <&rustc_middle[f14eabcfdb3f5619]::ty::list::List<rustc_middle[f14eabcfdb3f5619]::ty::subst::GenericArg> as rustc_middle[f14eabcfdb3f5619]::ty::fold::TypeFoldable>::try_fold_with::<rustc_middle[f14eabcfdb3f5619]::ty::subst::SubstFolder>
  24:     0x7acb38ee2bdc - <rustc_middle[f14eabcfdb3f5619]::ty::PredicateKind as rustc_middle[f14eabcfdb3f5619]::ty::fold::TypeFoldable>::try_fold_with::<rustc_middle[f14eabcfdb3f5619]::ty::subst::SubstFolder>
  25:     0x7acb38fafa81 - <rustc_middle[f14eabcfdb3f5619]::ty::subst::SubstFolder as rustc_middle[f14eabcfdb3f5619]::ty::fold::FallibleTypeFolder>::try_fold_binder::<rustc_middle[f14eabcfdb3f5619]::ty::PredicateKind>
  26:     0x7acb38faf436 - <rustc_infer[7cebeff41e17d02b]::infer::InferCtxt>::register_hidden_type
  27:     0x7acb38faeae7 - <rustc_infer[7cebeff41e17d02b]::infer::InferCtxt>::handle_opaque_type::{closure#0}
  28:     0x7acb38fae405 - <rustc_infer[7cebeff41e17d02b]::infer::InferCtxt>::handle_opaque_type
  29:     0x7acb38fae039 - <rustc_middle[f14eabcfdb3f5619]::ty::fold::BottomUpFolder<<rustc_infer[7cebeff41e17d02b]::infer::InferCtxt>::replace_opaque_types_with_inference_vars::{closure#3}, <rustc_infer[7cebeff41e17d02b]::infer::InferCtxt>::replace_opaque_types_with_inference_vars::{closure#1}, <rustc_infer[7cebeff41e17d02b]::infer::InferCtxt>::replace_opaque_types_with_inference_vars::{closure#2}> as rustc_middle[f14eabcfdb3f5619]::ty::fold::FallibleTypeFolder>::try_fold_ty
  30:     0x7acb383e16f1 - <rustc_infer[7cebeff41e17d02b]::infer::InferCtxt>::replace_opaque_types_with_inference_vars
  31:     0x7acb37ed5c35 - <rustc_typeck[ef3c384faf947dad]::check::fn_ctxt::FnCtxt>::supplied_sig_of_closure
  32:     0x7acb37ed287e - <rustc_typeck[ef3c384faf947dad]::check::fn_ctxt::FnCtxt>::check_expr_closure
  33:     0x7acb37e52191 - <rustc_typeck[ef3c384faf947dad]::check::fn_ctxt::FnCtxt>::check_expr_with_expectation_and_args
  34:     0x7acb37e49788 - <rustc_typeck[ef3c384faf947dad]::check::fn_ctxt::FnCtxt>::check_argument_types
  35:     0x7acb37e01527 - <rustc_typeck[ef3c384faf947dad]::check::fn_ctxt::FnCtxt>::check_call
  36:     0x7acb37e4f257 - <rustc_typeck[ef3c384faf947dad]::check::fn_ctxt::FnCtxt>::check_expr_with_expectation_and_args
  37:     0x7acb383de62d - rustc_typeck[ef3c384faf947dad]::check::check::check_fn
  38:     0x7acb383d07de - <rustc_infer[7cebeff41e17d02b]::infer::InferCtxtBuilder>::enter::<&rustc_middle[f14eabcfdb3f5619]::ty::context::TypeckResults, <rustc_typeck[ef3c384faf947dad]::check::inherited::InheritedBuilder>::enter<rustc_typeck[ef3c384faf947dad]::check::typeck_with_fallback<rustc_typeck[ef3c384faf947dad]::check::typeck::{closure#0}>::{closure#1}, &rustc_middle[f14eabcfdb3f5619]::ty::context::TypeckResults>::{closure#0}>
  39:     0x7acb383ce0b4 - rustc_typeck[ef3c384faf947dad]::check::typeck
  40:     0x7acb38a747ef - <rustc_query_system[5413e4a7279a8813]::dep_graph::graph::DepGraph<rustc_middle[f14eabcfdb3f5619]::dep_graph::dep_node::DepKind>>::with_task::<rustc_middle[f14eabcfdb3f5619]::ty::context::TyCtxt, rustc_span[b823e81b2ca00566]::def_id::LocalDefId, &rustc_middle[f14eabcfdb3f5619]::ty::context::TypeckResults>
  41:     0x7acb38a6cdea - rustc_query_system[5413e4a7279a8813]::query::plumbing::try_execute_query::<rustc_query_impl[32ca9fca6ee6b15c]::plumbing::QueryCtxt, rustc_query_system[5413e4a7279a8813]::query::caches::DefaultCache<rustc_span[b823e81b2ca00566]::def_id::LocalDefId, &rustc_middle[f14eabcfdb3f5619]::ty::context::TypeckResults>>
  42:     0x7acb392e6b38 - <rustc_query_impl[32ca9fca6ee6b15c]::Queries as rustc_middle[f14eabcfdb3f5619]::ty::query::QueryEngine>::typeck
  43:     0x7acb389ec045 - <rustc_middle[f14eabcfdb3f5619]::ty::context::TyCtxt>::typeck_opt_const_arg
  44:     0x7acb389eaaf5 - rustc_mir_build[72d255824fbbcb84]::build::mir_built
  45:     0x7acb3881bd8c - <rustc_query_system[5413e4a7279a8813]::dep_graph::graph::DepGraph<rustc_middle[f14eabcfdb3f5619]::dep_graph::dep_node::DepKind>>::with_task::<rustc_middle[f14eabcfdb3f5619]::ty::context::TyCtxt, rustc_middle[f14eabcfdb3f5619]::ty::WithOptConstParam<rustc_span[b823e81b2ca00566]::def_id::LocalDefId>, &rustc_data_structures[4f5439bcc61025e2]::steal::Steal<rustc_middle[f14eabcfdb3f5619]::mir::Body>>
  46:     0x7acb3881ac3e - rustc_query_system[5413e4a7279a8813]::query::plumbing::try_execute_query::<rustc_query_impl[32ca9fca6ee6b15c]::plumbing::QueryCtxt, rustc_query_system[5413e4a7279a8813]::query::caches::DefaultCache<rustc_middle[f14eabcfdb3f5619]::ty::WithOptConstParam<rustc_span[b823e81b2ca00566]::def_id::LocalDefId>, &rustc_data_structures[4f5439bcc61025e2]::steal::Steal<rustc_middle[f14eabcfdb3f5619]::mir::Body>>>
  47:     0x7acb392e53c5 - <rustc_query_impl[32ca9fca6ee6b15c]::Queries as rustc_middle[f14eabcfdb3f5619]::ty::query::QueryEngine>::mir_built
  48:     0x7acb38416027 - rustc_mir_transform[1cb8e5ec8b62e36a]::check_unsafety::unsafety_check_result
  49:     0x7acb38415abe - <rustc_mir_transform[1cb8e5ec8b62e36a]::check_unsafety::provide::{closure#0} as core[ff7cb6048b1d9418]::ops::function::FnOnce<(rustc_middle[f14eabcfdb3f5619]::ty::context::TyCtxt, rustc_span[b823e81b2ca00566]::def_id::LocalDefId)>>::call_once
  50:     0x7acb3892229f - <rustc_query_system[5413e4a7279a8813]::dep_graph::graph::DepGraph<rustc_middle[f14eabcfdb3f5619]::dep_graph::dep_node::DepKind>>::with_task::<rustc_middle[f14eabcfdb3f5619]::ty::context::TyCtxt, rustc_span[b823e81b2ca00566]::def_id::LocalDefId, &rustc_middle[f14eabcfdb3f5619]::mir::query::UnsafetyCheckResult>
  51:     0x7acb38920a0a - rustc_query_system[5413e4a7279a8813]::query::plumbing::try_execute_query::<rustc_query_impl[32ca9fca6ee6b15c]::plumbing::QueryCtxt, rustc_query_system[5413e4a7279a8813]::query::caches::DefaultCache<rustc_span[b823e81b2ca00566]::def_id::LocalDefId, &rustc_middle[f14eabcfdb3f5619]::mir::query::UnsafetyCheckResult>>
  52:     0x7acb392e673e - <rustc_query_impl[32ca9fca6ee6b15c]::Queries as rustc_middle[f14eabcfdb3f5619]::ty::query::QueryEngine>::unsafety_check_result
  53:     0x7acb37d58b70 - rustc_mir_transform[1cb8e5ec8b62e36a]::mir_const
  54:     0x7acb3881bd8c - <rustc_query_system[5413e4a7279a8813]::dep_graph::graph::DepGraph<rustc_middle[f14eabcfdb3f5619]::dep_graph::dep_node::DepKind>>::with_task::<rustc_middle[f14eabcfdb3f5619]::ty::context::TyCtxt, rustc_middle[f14eabcfdb3f5619]::ty::WithOptConstParam<rustc_span[b823e81b2ca00566]::def_id::LocalDefId>, &rustc_data_structures[4f5439bcc61025e2]::steal::Steal<rustc_middle[f14eabcfdb3f5619]::mir::Body>>
  55:     0x7acb3881ac3e - rustc_query_system[5413e4a7279a8813]::query::plumbing::try_execute_query::<rustc_query_impl[32ca9fca6ee6b15c]::plumbing::QueryCtxt, rustc_query_system[5413e4a7279a8813]::query::caches::DefaultCache<rustc_middle[f14eabcfdb3f5619]::ty::WithOptConstParam<rustc_span[b823e81b2ca00566]::def_id::LocalDefId>, &rustc_data_structures[4f5439bcc61025e2]::steal::Steal<rustc_middle[f14eabcfdb3f5619]::mir::Body>>>
  56:     0x7acb392e54fc - <rustc_query_impl[32ca9fca6ee6b15c]::Queries as rustc_middle[f14eabcfdb3f5619]::ty::query::QueryEngine>::mir_const
  57:     0x7acb383cb0ca - rustc_mir_transform[1cb8e5ec8b62e36a]::mir_promoted
  58:     0x7acb38da43ac - <rustc_query_system[5413e4a7279a8813]::dep_graph::graph::DepGraph<rustc_middle[f14eabcfdb3f5619]::dep_graph::dep_node::DepKind>>::with_task::<rustc_middle[f14eabcfdb3f5619]::ty::context::TyCtxt, rustc_middle[f14eabcfdb3f5619]::ty::WithOptConstParam<rustc_span[b823e81b2ca00566]::def_id::LocalDefId>, (&rustc_data_structures[4f5439bcc61025e2]::steal::Steal<rustc_middle[f14eabcfdb3f5619]::mir::Body>, &rustc_data_structures[4f5439bcc61025e2]::steal::Steal<rustc_index[c659bba20e2b2e6e]::vec::IndexVec<rustc_middle[f14eabcfdb3f5619]::mir::Promoted, rustc_middle[f14eabcfdb3f5619]::mir::Body>>)>
  59:     0x7acb38da31bd - rustc_query_system[5413e4a7279a8813]::query::plumbing::get_query::<rustc_query_impl[32ca9fca6ee6b15c]::queries::mir_promoted, rustc_query_impl[32ca9fca6ee6b15c]::plumbing::QueryCtxt>
  60:     0x7acb38da2797 - <rustc_query_impl[32ca9fca6ee6b15c]::Queries as rustc_middle[f14eabcfdb3f5619]::ty::query::QueryEngine>::mir_promoted
  61:     0x7acb38d4624f - rustc_borrowck[c43740bb2a2d5909]::mir_borrowck
  62:     0x7acb38d45d6e - <rustc_borrowck[c43740bb2a2d5909]::provide::{closure#0} as core[ff7cb6048b1d9418]::ops::function::FnOnce<(rustc_middle[f14eabcfdb3f5619]::ty::context::TyCtxt, rustc_span[b823e81b2ca00566]::def_id::LocalDefId)>>::call_once
  63:     0x7acb38770f3f - <rustc_query_system[5413e4a7279a8813]::dep_graph::graph::DepGraph<rustc_middle[f14eabcfdb3f5619]::dep_graph::dep_node::DepKind>>::with_task::<rustc_middle[f14eabcfdb3f5619]::ty::context::TyCtxt, rustc_span[b823e81b2ca00566]::def_id::LocalDefId, &rustc_middle[f14eabcfdb3f5619]::mir::query::BorrowCheckResult>
  64:     0x7acb387701f4 - rustc_query_system[5413e4a7279a8813]::query::plumbing::try_execute_query::<rustc_query_impl[32ca9fca6ee6b15c]::plumbing::QueryCtxt, rustc_query_system[5413e4a7279a8813]::query::caches::DefaultCache<rustc_span[b823e81b2ca00566]::def_id::LocalDefId, &rustc_middle[f14eabcfdb3f5619]::mir::query::BorrowCheckResult>>
  65:     0x7acb392e6daa - <rustc_query_impl[32ca9fca6ee6b15c]::Queries as rustc_middle[f14eabcfdb3f5619]::ty::query::QueryEngine>::mir_borrowck
  66:     0x7acb39053c5c - rustc_typeck[ef3c384faf947dad]::collect::type_of::type_of
  67:     0x7acb38828043 - <rustc_query_system[5413e4a7279a8813]::dep_graph::graph::DepGraph<rustc_middle[f14eabcfdb3f5619]::dep_graph::dep_node::DepKind>>::with_task::<rustc_middle[f14eabcfdb3f5619]::ty::context::TyCtxt, rustc_span[b823e81b2ca00566]::def_id::DefId, rustc_middle[f14eabcfdb3f5619]::ty::Ty>
  68:     0x7acb3882604b - rustc_query_system[5413e4a7279a8813]::query::plumbing::get_query::<rustc_query_impl[32ca9fca6ee6b15c]::queries::type_of, rustc_query_impl[32ca9fca6ee6b15c]::plumbing::QueryCtxt>
  69:     0x7acb38b0c935 - rustc_typeck[ef3c384faf947dad]::check::check::check_item_type
  70:     0x7acb38b08e1e - rustc_typeck[ef3c384faf947dad]::check::check::check_mod_item_types
  71:     0x7acb38623b52 - <rustc_query_system[5413e4a7279a8813]::dep_graph::graph::DepGraph<rustc_middle[f14eabcfdb3f5619]::dep_graph::dep_node::DepKind>>::with_task::<rustc_middle[f14eabcfdb3f5619]::ty::context::TyCtxt, rustc_span[b823e81b2ca00566]::def_id::LocalDefId, ()>
  72:     0x7acb38622cde - rustc_query_system[5413e4a7279a8813]::query::plumbing::try_execute_query::<rustc_query_impl[32ca9fca6ee6b15c]::plumbing::QueryCtxt, rustc_query_system[5413e4a7279a8813]::query::caches::DefaultCache<rustc_span[b823e81b2ca00566]::def_id::LocalDefId, ()>>
  73:     0x7acb38e304c3 - rustc_query_system[5413e4a7279a8813]::query::plumbing::get_query::<rustc_query_impl[32ca9fca6ee6b15c]::queries::check_mod_item_types, rustc_query_impl[32ca9fca6ee6b15c]::plumbing::QueryCtxt>
  74:     0x7acb390d424f - <rustc_middle[f14eabcfdb3f5619]::hir::map::Map>::for_each_module::<rustc_typeck[ef3c384faf947dad]::check_crate::{closure#6}::{closure#0}>
  75:     0x7acb38dc7235 - rustc_typeck[ef3c384faf947dad]::check_crate
  76:     0x7acb38dc6877 - rustc_interface[3d3dd0fc21522ad9]::passes::analysis
  77:     0x7acb3917a47c - <rustc_query_system[5413e4a7279a8813]::dep_graph::graph::DepGraph<rustc_middle[f14eabcfdb3f5619]::dep_graph::dep_node::DepKind>>::with_task::<rustc_middle[f14eabcfdb3f5619]::ty::context::TyCtxt, (), core[ff7cb6048b1d9418]::result::Result<(), rustc_errors[7749712bdedc646d]::ErrorGuaranteed>>
  78:     0x7acb39179c3b - rustc_query_system[5413e4a7279a8813]::query::plumbing::try_execute_query::<rustc_query_impl[32ca9fca6ee6b15c]::plumbing::QueryCtxt, rustc_query_system[5413e4a7279a8813]::query::caches::DefaultCache<(), core[ff7cb6048b1d9418]::result::Result<(), rustc_errors[7749712bdedc646d]::ErrorGuaranteed>>>
  79:     0x7acb3917978e - rustc_query_system[5413e4a7279a8813]::query::plumbing::get_query::<rustc_query_impl[32ca9fca6ee6b15c]::queries::analysis, rustc_query_impl[32ca9fca6ee6b15c]::plumbing::QueryCtxt>
  80:     0x7acb38bbfbaa - <rustc_interface[3d3dd0fc21522ad9]::interface::Compiler>::enter::<rustc_driver[ca7fdc4c44e2051e]::run_compiler::{closure#1}::{closure#2}, core[ff7cb6048b1d9418]::result::Result<core[ff7cb6048b1d9418]::option::Option<rustc_interface[3d3dd0fc21522ad9]::queries::Linker>, rustc_errors[7749712bdedc646d]::ErrorGuaranteed>>
  81:     0x7acb38bb35ca - rustc_span[b823e81b2ca00566]::with_source_map::<core[ff7cb6048b1d9418]::result::Result<(), rustc_errors[7749712bdedc646d]::ErrorGuaranteed>, rustc_interface[3d3dd0fc21522ad9]::interface::create_compiler_and_run<core[ff7cb6048b1d9418]::result::Result<(), rustc_errors[7749712bdedc646d]::ErrorGuaranteed>, rustc_driver[ca7fdc4c44e2051e]::run_compiler::{closure#1}>::{closure#1}>
  82:     0x7acb38bb2fa0 - rustc_interface[3d3dd0fc21522ad9]::interface::create_compiler_and_run::<core[ff7cb6048b1d9418]::result::Result<(), rustc_errors[7749712bdedc646d]::ErrorGuaranteed>, rustc_driver[ca7fdc4c44e2051e]::run_compiler::{closure#1}>
  83:     0x7acb38bb1311 - <scoped_tls[1695127579464aca]::ScopedKey<rustc_span[b823e81b2ca00566]::SessionGlobals>>::set::<rustc_interface[3d3dd0fc21522ad9]::interface::run_compiler<core[ff7cb6048b1d9418]::result::Result<(), rustc_errors[7749712bdedc646d]::ErrorGuaranteed>, rustc_driver[ca7fdc4c44e2051e]::run_compiler::{closure#1}>::{closure#0}, core[ff7cb6048b1d9418]::result::Result<(), rustc_errors[7749712bdedc646d]::ErrorGuaranteed>>
  84:     0x7acb38bb0fff - std[42edab32bc6d989e]::sys_common::backtrace::__rust_begin_short_backtrace::<rustc_interface[3d3dd0fc21522ad9]::util::run_in_thread_pool_with_globals<rustc_interface[3d3dd0fc21522ad9]::interface::run_compiler<core[ff7cb6048b1d9418]::result::Result<(), rustc_errors[7749712bdedc646d]::ErrorGuaranteed>, rustc_driver[ca7fdc4c44e2051e]::run_compiler::{closure#1}>::{closure#0}, core[ff7cb6048b1d9418]::result::Result<(), rustc_errors[7749712bdedc646d]::ErrorGuaranteed>>::{closure#0}, core[ff7cb6048b1d9418]::result::Result<(), rustc_errors[7749712bdedc646d]::ErrorGuaranteed>>
  85:     0x7acb3920a7d9 - <<std[42edab32bc6d989e]::thread::Builder>::spawn_unchecked_<rustc_interface[3d3dd0fc21522ad9]::util::run_in_thread_pool_with_globals<rustc_interface[3d3dd0fc21522ad9]::interface::run_compiler<core[ff7cb6048b1d9418]::result::Result<(), rustc_errors[7749712bdedc646d]::ErrorGuaranteed>, rustc_driver[ca7fdc4c44e2051e]::run_compiler::{closure#1}>::{closure#0}, core[ff7cb6048b1d9418]::result::Result<(), rustc_errors[7749712bdedc646d]::ErrorGuaranteed>>::{closure#0}, core[ff7cb6048b1d9418]::result::Result<(), rustc_errors[7749712bdedc646d]::ErrorGuaranteed>>::{closure#1} as core[ff7cb6048b1d9418]::ops::function::FnOnce<()>>::call_once::{shim:vtable#0}
  86:     0x7acb36b79ed3 - <alloc::boxed::Box<F,A> as core::ops::function::FnOnce<Args>>::call_once::hf47b126657473903
                               at /rustc/affe0d3a00e92fa7885e3f5d2c5073fde432d154/library/alloc/src/boxed.rs:1935:9
  87:     0x7acb36b79ed3 - <alloc::boxed::Box<F,A> as core::ops::function::FnOnce<Args>>::call_once::h674e0463c0783734
                               at /rustc/affe0d3a00e92fa7885e3f5d2c5073fde432d154/library/alloc/src/boxed.rs:1935:9
  88:     0x7acb36b79ed3 - std::sys::unix::thread::Thread::new::thread_start::ha7dc26e0bc2fdd91
                               at /rustc/affe0d3a00e92fa7885e3f5d2c5073fde432d154/library/std/src/sys/unix/thread.rs:108:17
  89:     0x7acb36894ac3 - start_thread
                               at ./nptl/./nptl/pthread_create.c:442:8
  90:     0x7acb369268c0 - __GI___clone3
                               at ./misc/../sysdeps/unix/sysv/linux/x86_64/clone3.S:81
  91:                0x0 - <unknown>

note: the compiler unexpectedly panicked. this is a bug.

note: we would appreciate a bug report: https://github.com/rust-lang/rust/issues/new?labels=C-bug%2C+I-ICE%2C+T-compiler&template=ice.md

note: rustc 1.64.0-nightly (affe0d3a0 2022-08-05) running on x86_64-unknown-linux-gnu

note: compiler flags: --crate-type bin -C embed-bitcode=no -C debuginfo=2 -C incremental

note: some of the compiler flags provided by cargo are hidden

query stack during panic:
#0 [typeck] type-checking `named_trait`
#1 [mir_built] building MIR for `named_trait`
#2 [unsafety_check_result] unsafety-checking `named_trait`
#3 [mir_const] processing MIR for `named_trait`
#4 [mir_promoted] processing `named_trait`
#5 [mir_borrowck] borrow-checking `named_trait`
#6 [type_of] computing type of `named_trait::{opaque#0}`
#7 [check_mod_item_types] checking item types in top-level module
#8 [analysis] running analysis passes on this crate
end of query stack
error: could not compile `bug_100187`
------------------------------------------------------------
Return code: 101
