=== START 2026-02-02 13:55:29 ===
Bug ID: 100476
Toolchain: nightly-2022-07-18
Source: /data/zhangtianrong/projects/rustc-cbl/rustcbugs/100476
Run dir: /data/zhangtianrong/projects/rustc-cbl/run/100476
CMD: rustup run nightly-2022-07-18 cargo build RUSTFLAGS=-Copt-level=3
------------------------------------------------------------
   Compiling bug_100476 v0.1.0 (/data/zhangtianrong/projects/rustc-cbl/run/100476)
warning: function cannot return without recursing
  --> src/main.rs:16:9
   |
16 |           fn inner<const N: usize, T: Tr>() {
   |           ^^^^^^^^^^^^^^^^^^^^^^^^^^^^^^^^^ cannot return without recursing
17 |               inner::<N, T::Next>();
   |               --------------------- recursive call site
...
23 | / emit!(
24 | |     m00 m01 m02 m03 m04 m05 m06 m07 m08 m09
25 | |     m10 m11 m12 m13 m14 m15 m16 m17 m18 m19
26 | | );
   | |_- in this macro invocation
   |
   = note: `#[warn(unconditional_recursion)]` on by default
   = help: a `loop` may express intention better if this is on purpose
   = note: this warning originates in the macro `emit` (in Nightly builds, run with -Z macro-backtrace for more info)

warning: `bug_100476` (bin "bug_100476") generated 1 warning
    Finished dev [unoptimized + debuginfo] target(s) in 0.52s
------------------------------------------------------------
Return code: 0
