=== START 2026-02-02 00:22:31 ===
Bug ID: 101951
Toolchain: nightly-2022-08-10
Source: /data/zhangtianrong/projects/rustc-cbl/rustcbugs/101951
Run dir: /data/zhangtianrong/projects/rustc-cbl/run/101951
CMD: rustup run nightly-2022-08-10 cargo build
------------------------------------------------------------
   Compiling bug_101951 v0.1.0 (/data/zhangtianrong/projects/rustc-cbl/run/101951)
error[E0477]: the type `PrettyCondo<'_>` does not fulfill the required lifetime
  --> src/main.rs:41:5
   |
41 |     fn add_building(&mut self, _building: &mut PrettyCondo<'_>) {
   |     ^^^^^^^^^^^^^^^^^^^^^^^^^^^^^^^^^^^^^^^^^^^^^^^^^^^^^^^^^^^
   |
note: type must outlive the anonymous lifetime as defined here
  --> src/main.rs:41:21
   |
41 |     fn add_building(&mut self, _building: &mut PrettyCondo<'_>) {
   |                     ^

For more information about this error, try `rustc --explain E0477`.
error: could not compile `bug_101951` due to previous error
------------------------------------------------------------
Return code: 101
