=== START 2026-01-17 12:55:03 ===
Bug ID: 102333
Toolchain: nightly-2022-09-21
Source: /data/zhangtianrong/projects/rustc-cbl/rustcbugs/102333
Run dir: /data/zhangtianrong/projects/rustc-cbl/run/102333
CMD: rustup run nightly-2022-09-21 cargo build
------------------------------------------------------------
   Compiling bug_102333 v0.1.0 (/data/zhangtianrong/projects/rustc-cbl/run/102333)
warning: Error finalizing incremental compilation session directory `/data/zhangtianrong/projects/rustc-cbl/run/102333/target/debug/incremental/bug_102333-zznvewdqh8ue/s-hexbfjcd3c-1730qq8-working`: No such file or directory (os error 2)

error: internal compiler error: no errors encountered even though `delay_span_bug` issued

error: internal compiler error: Could not find associated const on trait
  |
  = note: delayed at compiler/rustc_typeck/src/collect/type_of.rs:442:27

error: internal compiler error: TyKind::Error constructed but no error reported
  |
  = note: delayed at compiler/rustc_typeck/src/check/coercion.rs:176:49

error: internal compiler error: `InferCtxt` incorrectly tainted by errors
  |
  = note: delayed at compiler/rustc_infer/src/infer/mod.rs:1281:27

error: internal compiler error: TyKind::Error constructed but no error reported
  |
  = note: delayed at compiler/rustc_mir_build/src/build/mod.rs:627:18

error: internal compiler error: mir_const_qualif: MIR had errors
 --> src/main.rs:2:17
  |
2 |     type T: B<U<1i32> = ()>;
  |                 ^^^^
  |
  = note: delayed at compiler/rustc_mir_transform/src/lib.rs:252:18

error: internal compiler error: PromoteTemps: MIR had errors
 --> src/main.rs:2:17
  |
2 |     type T: B<U<1i32> = ()>;
  |                 ^^^^
  |
  = note: delayed at compiler/rustc_const_eval/src/transform/promote_consts.rs:52:22

error: internal compiler error: broken MIR in DefId(0:5 ~ bug_102333[41bd]::A::T::{constant#0}) ("return type"): bad type [type error]
 --> src/main.rs:2:17
  |
2 |     type T: B<U<1i32> = ()>;
  |                 ^^^^
  |
  = note: delayed at compiler/rustc_borrowck/src/type_check/mod.rs:517:13

error: internal compiler error: TyKind::Error constructed but no error reported
  |
  = note: delayed at compiler/rustc_borrowck/src/type_check/mod.rs:785:20

error: internal compiler error: broken MIR in DefId(0:5 ~ bug_102333[41bd]::A::T::{constant#0}) (LocalDecl { mutability: Mut, local_info: None, internal: false, is_block_tail: None, ty: [type error], user_ty: None, source_info: SourceInfo { span: src/main.rs:2:17: 2:21 (#0), scope: scope[0] } }): bad type [type error]
 --> src/main.rs:2:17
  |
2 |     type T: B<U<1i32> = ()>;
  |                 ^^^^
  |
  = note: delayed at compiler/rustc_borrowck/src/type_check/mod.rs:517:13

thread 'rustc' panicked at 'Box<dyn Any>', compiler/rustc_errors/src/lib.rs:1496:13
stack backtrace:
   0:     0x77e965af9d50 - std::backtrace_rs::backtrace::libunwind::trace::h22157d54c25d05ad
                               at /rustc/432abd86f231c908f6df3cdd779e83f35084be90/library/std/src/../../backtrace/src/backtrace/mod.rs:66:5
   1:     0x77e965af9d50 - std::backtrace_rs::backtrace::trace_unsynchronized::hf9a98b3986ed5962
                               at /rustc/432abd86f231c908f6df3cdd779e83f35084be90/library/std/src/../../backtrace/src/backtrace/mod.rs:66:5
   2:     0x77e965af9d50 - std::sys_common::backtrace::_print_fmt::h44f8a801ddb575b4
                               at /rustc/432abd86f231c908f6df3cdd779e83f35084be90/library/std/src/sys_common/backtrace.rs:66:5
   3:     0x77e965af9d50 - <std::sys_common::backtrace::_print::DisplayBacktrace as core::fmt::Display>::fmt::h306abe8d5f5fb26d
                               at /rustc/432abd86f231c908f6df3cdd779e83f35084be90/library/std/src/sys_common/backtrace.rs:45:22
   4:     0x77e965b54aae - core::fmt::write::h5a3c14feb177cc6f
                               at /rustc/432abd86f231c908f6df3cdd779e83f35084be90/library/core/src/fmt/mod.rs:1202:17
   5:     0x77e965aea865 - std::io::Write::write_fmt::h2fac6c752c3fce7e
                               at /rustc/432abd86f231c908f6df3cdd779e83f35084be90/library/std/src/io/mod.rs:1679:15
   6:     0x77e965afca03 - std::sys_common::backtrace::_print::h17490259a7578aec
                               at /rustc/432abd86f231c908f6df3cdd779e83f35084be90/library/std/src/sys_common/backtrace.rs:48:5
   7:     0x77e965afca03 - std::sys_common::backtrace::print::h6dba4ce5923cf00b
                               at /rustc/432abd86f231c908f6df3cdd779e83f35084be90/library/std/src/sys_common/backtrace.rs:35:9
   8:     0x77e965afca03 - std::panicking::default_hook::{{closure}}::h25daedc6802fa9d1
                               at /rustc/432abd86f231c908f6df3cdd779e83f35084be90/library/std/src/panicking.rs:295:22
   9:     0x77e965afc6ef - std::panicking::default_hook::hffec061dc0fa1a5a
                               at /rustc/432abd86f231c908f6df3cdd779e83f35084be90/library/std/src/panicking.rs:314:9
  10:     0x77e96457f951 - <rustc_driver[2817d6214121e090]::DEFAULT_HOOK::{closure#0}::{closure#0} as core[7a17016bf310e64d]::ops::function::FnOnce<(&core[7a17016bf310e64d]::panic::panic_info::PanicInfo,)>>::call_once::{shim:vtable#0}
  11:     0x77e965afd23d - std::panicking::rust_panic_with_hook::h74e697c31d32505c
                               at /rustc/432abd86f231c908f6df3cdd779e83f35084be90/library/std/src/panicking.rs:702:17
  12:     0x77e965698e81 - std[7414053366649774]::panicking::begin_panic::<rustc_errors[aa542ed4628157d3]::ExplicitBug>::{closure#0}
  13:     0x77e965698be6 - std[7414053366649774]::sys_common::backtrace::__rust_end_short_backtrace::<std[7414053366649774]::panicking::begin_panic<rustc_errors[aa542ed4628157d3]::ExplicitBug>::{closure#0}, !>
  14:     0x77e965698886 - std[7414053366649774]::panicking::begin_panic::<rustc_errors[aa542ed4628157d3]::ExplicitBug>
  15:     0x77e965696066 - std[7414053366649774]::panic::panic_any::<rustc_errors[aa542ed4628157d3]::ExplicitBug>
  16:     0x77e9640a2d4b - <rustc_errors[aa542ed4628157d3]::HandlerInner as core[7a17016bf310e64d]::ops::drop::Drop>::drop
  17:     0x77e963356938 - core[7a17016bf310e64d]::ptr::drop_in_place::<rustc_session[920c8e110a6e000f]::parse::ParseSess>
  18:     0x77e9633142e8 - <alloc[e7766d434969df5]::rc::Rc<rustc_session[920c8e110a6e000f]::session::Session> as core[7a17016bf310e64d]::ops::drop::Drop>::drop
  19:     0x77e9633112ad - core[7a17016bf310e64d]::ptr::drop_in_place::<rustc_interface[2d255db050a36d31]::interface::Compiler>
  20:     0x77e96330eb1c - rustc_interface[2d255db050a36d31]::interface::create_compiler_and_run::<core[7a17016bf310e64d]::result::Result<(), rustc_errors[aa542ed4628157d3]::ErrorGuaranteed>, rustc_driver[2817d6214121e090]::run_compiler::{closure#1}>
  21:     0x77e96330d012 - <scoped_tls[f167104904068c68]::ScopedKey<rustc_span[8a07e301efc44469]::SessionGlobals>>::set::<rustc_interface[2d255db050a36d31]::interface::run_compiler<core[7a17016bf310e64d]::result::Result<(), rustc_errors[aa542ed4628157d3]::ErrorGuaranteed>, rustc_driver[2817d6214121e090]::run_compiler::{closure#1}>::{closure#0}, core[7a17016bf310e64d]::result::Result<(), rustc_errors[aa542ed4628157d3]::ErrorGuaranteed>>
  22:     0x77e96330ccff - std[7414053366649774]::sys_common::backtrace::__rust_begin_short_backtrace::<rustc_interface[2d255db050a36d31]::util::run_in_thread_pool_with_globals<rustc_interface[2d255db050a36d31]::interface::run_compiler<core[7a17016bf310e64d]::result::Result<(), rustc_errors[aa542ed4628157d3]::ErrorGuaranteed>, rustc_driver[2817d6214121e090]::run_compiler::{closure#1}>::{closure#0}, core[7a17016bf310e64d]::result::Result<(), rustc_errors[aa542ed4628157d3]::ErrorGuaranteed>>::{closure#0}, core[7a17016bf310e64d]::result::Result<(), rustc_errors[aa542ed4628157d3]::ErrorGuaranteed>>
  23:     0x77e9643e7fe0 - <<std[7414053366649774]::thread::Builder>::spawn_unchecked_<rustc_interface[2d255db050a36d31]::util::run_in_thread_pool_with_globals<rustc_interface[2d255db050a36d31]::interface::run_compiler<core[7a17016bf310e64d]::result::Result<(), rustc_errors[aa542ed4628157d3]::ErrorGuaranteed>, rustc_driver[2817d6214121e090]::run_compiler::{closure#1}>::{closure#0}, core[7a17016bf310e64d]::result::Result<(), rustc_errors[aa542ed4628157d3]::ErrorGuaranteed>>::{closure#0}, core[7a17016bf310e64d]::result::Result<(), rustc_errors[aa542ed4628157d3]::ErrorGuaranteed>>::{closure#1} as core[7a17016bf310e64d]::ops::function::FnOnce<()>>::call_once::{shim:vtable#0}
  24:     0x77e965b07013 - <alloc::boxed::Box<F,A> as core::ops::function::FnOnce<Args>>::call_once::h59c19dbfda82d3be
                               at /rustc/432abd86f231c908f6df3cdd779e83f35084be90/library/alloc/src/boxed.rs:1940:9
  25:     0x77e965b07013 - <alloc::boxed::Box<F,A> as core::ops::function::FnOnce<Args>>::call_once::h5cc1cabf17fe5922
                               at /rustc/432abd86f231c908f6df3cdd779e83f35084be90/library/alloc/src/boxed.rs:1940:9
  26:     0x77e965b07013 - std::sys::unix::thread::Thread::new::thread_start::h8f3eeb92c9304ef6
                               at /rustc/432abd86f231c908f6df3cdd779e83f35084be90/library/std/src/sys/unix/thread.rs:108:17
  27:     0x77e961a94ac3 - start_thread
                               at ./nptl/./nptl/pthread_create.c:442:8
  28:     0x77e961b268c0 - __GI___clone3
                               at ./misc/../sysdeps/unix/sysv/linux/x86_64/clone3.S:81
  29:                0x0 - <unknown>

note: the compiler unexpectedly panicked. this is a bug.

note: we would appreciate a bug report: https://github.com/rust-lang/rust/issues/new?labels=C-bug%2C+I-ICE%2C+T-compiler&template=ice.md

note: rustc 1.66.0-nightly (432abd86f 2022-09-20) running on x86_64-unknown-linux-gnu

note: compiler flags: --crate-type bin -C embed-bitcode=no -C debuginfo=2 -C incremental=[REDACTED]

note: some of the compiler flags provided by cargo are hidden

query stack during panic:
end of query stack
warning: `bug_102333` (bin "bug_102333") generated 1 warning
error: could not compile `bug_102333`; 1 warning emitted
------------------------------------------------------------
Return code: 101
