=== START 2026-01-17 11:05:15 ===
Bug ID: 103599
Toolchain: nightly-2022-10-25
Source: /data/zhangtianrong/projects/rustc-cbl/rustcbugs/103599
Run dir: /data/zhangtianrong/projects/rustc-cbl/run/103599
CMD: rustup run nightly-2022-10-25 cargo build
------------------------------------------------------------
   Compiling bug_103599 v0.1.0 (/data/zhangtianrong/projects/rustc-cbl/run/103599)
warning: function cannot return without recursing
 --> src/main.rs:3:1
  |
3 | fn wrap(x: impl T) -> impl T {
  | ^^^^^^^^^^^^^^^^^^^^^^^^^^^^ cannot return without recursing
4 |     wrap(wrap(x))
  |          ------- recursive call site
  |
  = help: a `loop` may express intention better if this is on purpose
  = note: `#[warn(unconditional_recursion)]` on by default

thread '<unnamed>' panicked at 'assertion failed: !infcx.is_in_snapshot() || self.usable_in_snapshot', compiler/rustc_trait_selection/src/traits/fulfill.rs:177:9
stack backtrace:
   0:     0x756b51625810 - std::backtrace_rs::backtrace::libunwind::trace::haefc0dd0a0a62b67
                               at /rustc/758f19645b8ebce61ea52d1f6672fd057bc8dbee/library/std/src/../../backtrace/src/backtrace/mod.rs:66:5
   1:     0x756b51625810 - std::backtrace_rs::backtrace::trace_unsynchronized::h231f73070a372c1c
                               at /rustc/758f19645b8ebce61ea52d1f6672fd057bc8dbee/library/std/src/../../backtrace/src/backtrace/mod.rs:66:5
   2:     0x756b51625810 - std::sys_common::backtrace::_print_fmt::haa15dcb5c660c296
                               at /rustc/758f19645b8ebce61ea52d1f6672fd057bc8dbee/library/std/src/sys_common/backtrace.rs:65:5
   3:     0x756b51625810 - <std::sys_common::backtrace::_print::DisplayBacktrace as core::fmt::Display>::fmt::hfcfc314fff15b0e4
                               at /rustc/758f19645b8ebce61ea52d1f6672fd057bc8dbee/library/std/src/sys_common/backtrace.rs:44:22
   4:     0x756b516816ce - core::fmt::write::h2e893235039ae031
                               at /rustc/758f19645b8ebce61ea52d1f6672fd057bc8dbee/library/core/src/fmt/mod.rs:1209:17
   5:     0x756b51615985 - std::io::Write::write_fmt::h310687acf0f328ac
                               at /rustc/758f19645b8ebce61ea52d1f6672fd057bc8dbee/library/std/src/io/mod.rs:1682:15
   6:     0x756b516255d5 - std::sys_common::backtrace::_print::h7594904cd4694801
                               at /rustc/758f19645b8ebce61ea52d1f6672fd057bc8dbee/library/std/src/sys_common/backtrace.rs:47:5
   7:     0x756b516255d5 - std::sys_common::backtrace::print::hc63fb4b3dff70d7e
                               at /rustc/758f19645b8ebce61ea52d1f6672fd057bc8dbee/library/std/src/sys_common/backtrace.rs:34:9
   8:     0x756b516283df - std::panicking::default_hook::{{closure}}::h6ab59645549c33df
                               at /rustc/758f19645b8ebce61ea52d1f6672fd057bc8dbee/library/std/src/panicking.rs:267:22
   9:     0x756b5162811a - std::panicking::default_hook::h9d471aa0319ef778
                               at /rustc/758f19645b8ebce61ea52d1f6672fd057bc8dbee/library/std/src/panicking.rs:286:9
  10:     0x756b51628be8 - std::panicking::rust_panic_with_hook::hedb82473dd3f5a0d
                               at /rustc/758f19645b8ebce61ea52d1f6672fd057bc8dbee/library/std/src/panicking.rs:688:13
  11:     0x756b51628941 - std::panicking::begin_panic_handler::{{closure}}::h7e1d229967107c2d
                               at /rustc/758f19645b8ebce61ea52d1f6672fd057bc8dbee/library/std/src/panicking.rs:577:13
  12:     0x756b51625cbc - std::sys_common::backtrace::__rust_end_short_backtrace::he5492151b8b5b3a1
                               at /rustc/758f19645b8ebce61ea52d1f6672fd057bc8dbee/library/std/src/sys_common/backtrace.rs:137:18
  13:     0x756b516286a2 - rust_begin_unwind
                               at /rustc/758f19645b8ebce61ea52d1f6672fd057bc8dbee/library/std/src/panicking.rs:575:5
  14:     0x756b5167e0b3 - core::panicking::panic_fmt::hf762b822ffcd739c
                               at /rustc/758f19645b8ebce61ea52d1f6672fd057bc8dbee/library/core/src/panicking.rs:65:14
  15:     0x756b5167e18d - core::panicking::panic::hb6e4616a1804768e
                               at /rustc/758f19645b8ebce61ea52d1f6672fd057bc8dbee/library/core/src/panicking.rs:115:5
  16:     0x756b4e8be694 - <rustc_trait_selection[80a4b23cb945f296]::traits::fulfill::FulfillmentContext as rustc_infer[e46767901903a3d8]::traits::engine::TraitEngine>::register_predicate_obligation
  17:     0x756b4fb7cae1 - rustc_trait_selection[80a4b23cb945f296]::traits::fully_solve_obligations::<alloc[648b0635dcc328ab]::vec::Vec<rustc_infer[e46767901903a3d8]::traits::Obligation<rustc_middle[35b10629088ad2a7]::ty::Predicate>>>
  18:     0x756b4fb7c565 - rustc_trait_selection[80a4b23cb945f296]::traits::query::type_op::custom::scrape_region_constraints::<rustc_borrowck[57fd8aa5edf7a1be]::type_check::InstantiateOpaqueType, (), <rustc_borrowck[57fd8aa5edf7a1be]::type_check::InstantiateOpaqueType as rustc_trait_selection[80a4b23cb945f296]::traits::query::type_op::TypeOp>::fully_perform::{closure#0}>
  19:     0x756b4fb7b88d - <rustc_borrowck[57fd8aa5edf7a1be]::type_check::TypeChecker>::fully_perform_op::<(), rustc_borrowck[57fd8aa5edf7a1be]::type_check::InstantiateOpaqueType>
  20:     0x756b4fb7a2e3 - <rustc_borrowck[57fd8aa5edf7a1be]::type_check::relate_tys::NllTypeRelatingDelegate as rustc_infer[e46767901903a3d8]::infer::nll_relate::TypeRelatingDelegate>::register_opaque_type
  21:     0x756b4f469bfc - <rustc_infer[e46767901903a3d8]::infer::nll_relate::TypeRelating<rustc_borrowck[57fd8aa5edf7a1be]::type_check::relate_tys::NllTypeRelatingDelegate>>::relate_opaques
  22:     0x756b4ea4fb7d - <rustc_infer[e46767901903a3d8]::infer::nll_relate::TypeRelating<rustc_borrowck[57fd8aa5edf7a1be]::type_check::relate_tys::NllTypeRelatingDelegate> as rustc_middle[35b10629088ad2a7]::ty::relate::TypeRelation>::relate_with_variance::<rustc_middle[35b10629088ad2a7]::ty::subst::GenericArg>
  23:     0x756b4e7f8665 - <core[1359fc6eb4466362]::result::Result<rustc_middle[35b10629088ad2a7]::ty::subst::GenericArg, rustc_middle[35b10629088ad2a7]::ty::error::TypeError> as rustc_type_ir[581b671b7da2d1f4]::InternIteratorElement<rustc_middle[35b10629088ad2a7]::ty::subst::GenericArg, &rustc_middle[35b10629088ad2a7]::ty::list::List<rustc_middle[35b10629088ad2a7]::ty::subst::GenericArg>>>::intern_with::<core[1359fc6eb4466362]::iter::adapters::map::Map<core[1359fc6eb4466362]::iter::adapters::zip::Zip<core[1359fc6eb4466362]::iter::adapters::copied::Copied<core[1359fc6eb4466362]::slice::iter::Iter<rustc_middle[35b10629088ad2a7]::ty::subst::GenericArg>>, core[1359fc6eb4466362]::iter::adapters::copied::Copied<core[1359fc6eb4466362]::slice::iter::Iter<rustc_middle[35b10629088ad2a7]::ty::subst::GenericArg>>>, rustc_middle[35b10629088ad2a7]::ty::relate::relate_substs<rustc_infer[e46767901903a3d8]::infer::nll_relate::TypeRelating<rustc_borrowck[57fd8aa5edf7a1be]::type_check::relate_tys::NllTypeRelatingDelegate>>::{closure#0}>, <rustc_middle[35b10629088ad2a7]::ty::context::TyCtxt>::mk_substs<core[1359fc6eb4466362]::iter::adapters::map::Map<core[1359fc6eb4466362]::iter::adapters::zip::Zip<core[1359fc6eb4466362]::iter::adapters::copied::Copied<core[1359fc6eb4466362]::slice::iter::Iter<rustc_middle[35b10629088ad2a7]::ty::subst::GenericArg>>, core[1359fc6eb4466362]::iter::adapters::copied::Copied<core[1359fc6eb4466362]::slice::iter::Iter<rustc_middle[35b10629088ad2a7]::ty::subst::GenericArg>>>, rustc_middle[35b10629088ad2a7]::ty::relate::relate_substs<rustc_infer[e46767901903a3d8]::infer::nll_relate::TypeRelating<rustc_borrowck[57fd8aa5edf7a1be]::type_check::relate_tys::NllTypeRelatingDelegate>>::{closure#0}>>::{closure#0}>
  24:     0x756b4e7f50fd - rustc_middle[35b10629088ad2a7]::ty::relate::super_relate_tys::<rustc_infer[e46767901903a3d8]::infer::nll_relate::TypeRelating<rustc_borrowck[57fd8aa5edf7a1be]::type_check::relate_tys::NllTypeRelatingDelegate>>
  25:     0x756b4e7f374c - <rustc_infer[e46767901903a3d8]::infer::InferCtxt>::super_combine_tys::<rustc_infer[e46767901903a3d8]::infer::nll_relate::TypeRelating<rustc_borrowck[57fd8aa5edf7a1be]::type_check::relate_tys::NllTypeRelatingDelegate>>
  26:     0x756b4f459dd0 - <rustc_infer[e46767901903a3d8]::infer::InferCtxt>::commit_if_ok::<rustc_middle[35b10629088ad2a7]::ty::Ty, rustc_middle[35b10629088ad2a7]::ty::error::TypeError, <rustc_infer[e46767901903a3d8]::infer::nll_relate::TypeRelating<rustc_borrowck[57fd8aa5edf7a1be]::type_check::relate_tys::NllTypeRelatingDelegate> as rustc_middle[35b10629088ad2a7]::ty::relate::TypeRelation>::tys::{closure#0}>
  27:     0x756b4f439a91 - <rustc_borrowck[57fd8aa5edf7a1be]::type_check::TypeChecker>::typeck_mir
  28:     0x756b4f3b15ad - rustc_borrowck[57fd8aa5edf7a1be]::type_check::type_check
  29:     0x756b4f39c799 - rustc_borrowck[57fd8aa5edf7a1be]::nll::compute_regions
  30:     0x756b4f38130c - rustc_borrowck[57fd8aa5edf7a1be]::do_mir_borrowck
  31:     0x756b4f36cb56 - rustc_borrowck[57fd8aa5edf7a1be]::mir_borrowck
  32:     0x756b4f36c111 - <rustc_borrowck[57fd8aa5edf7a1be]::provide::{closure#0} as core[1359fc6eb4466362]::ops::function::FnOnce<(rustc_middle[35b10629088ad2a7]::ty::context::TyCtxt, rustc_span[4a72619fff0c1ddc]::def_id::LocalDefId)>>::call_once
  33:     0x756b4f608bc3 - <rustc_query_system[b620ddc51e5ea697]::dep_graph::graph::DepGraph<rustc_middle[35b10629088ad2a7]::dep_graph::dep_node::DepKind>>::with_task::<rustc_middle[35b10629088ad2a7]::ty::context::TyCtxt, rustc_span[4a72619fff0c1ddc]::def_id::LocalDefId, &rustc_middle[35b10629088ad2a7]::mir::query::BorrowCheckResult>
  34:     0x756b4f607a63 - rustc_query_system[b620ddc51e5ea697]::query::plumbing::try_execute_query::<rustc_query_impl[5c9b5ec5f9c83566]::plumbing::QueryCtxt, rustc_query_system[b620ddc51e5ea697]::query::caches::DefaultCache<rustc_span[4a72619fff0c1ddc]::def_id::LocalDefId, &rustc_middle[35b10629088ad2a7]::mir::query::BorrowCheckResult>>
  35:     0x756b4febf516 - <rustc_query_impl[5c9b5ec5f9c83566]::Queries as rustc_middle[35b10629088ad2a7]::ty::query::QueryEngine>::mir_borrowck
  36:     0x756b4fd23e49 - rustc_hir_analysis[f40ac2c84397a0b6]::collect::type_of::type_of
  37:     0x756b4edaf923 - <rustc_query_system[b620ddc51e5ea697]::dep_graph::graph::DepGraph<rustc_middle[35b10629088ad2a7]::dep_graph::dep_node::DepKind>>::with_task::<rustc_middle[35b10629088ad2a7]::ty::context::TyCtxt, rustc_span[4a72619fff0c1ddc]::def_id::DefId, rustc_middle[35b10629088ad2a7]::ty::Ty>
  38:     0x756b4edacf70 - rustc_query_system[b620ddc51e5ea697]::query::plumbing::get_query::<rustc_query_impl[5c9b5ec5f9c83566]::queries::type_of, rustc_query_impl[5c9b5ec5f9c83566]::plumbing::QueryCtxt>
  39:     0x756b4f6f7188 - rustc_hir_analysis[f40ac2c84397a0b6]::check::check::check_mod_item_types
  40:     0x756b4ee36243 - <rustc_query_system[b620ddc51e5ea697]::dep_graph::graph::DepGraph<rustc_middle[35b10629088ad2a7]::dep_graph::dep_node::DepKind>>::with_task::<rustc_middle[35b10629088ad2a7]::ty::context::TyCtxt, rustc_span[4a72619fff0c1ddc]::def_id::LocalDefId, ()>
  41:     0x756b4ee345ee - rustc_query_system[b620ddc51e5ea697]::query::plumbing::try_execute_query::<rustc_query_impl[5c9b5ec5f9c83566]::plumbing::QueryCtxt, rustc_query_system[b620ddc51e5ea697]::query::caches::DefaultCache<rustc_span[4a72619fff0c1ddc]::def_id::LocalDefId, ()>>
  42:     0x756b4f93d539 - rustc_query_system[b620ddc51e5ea697]::query::plumbing::get_query::<rustc_query_impl[5c9b5ec5f9c83566]::queries::check_mod_item_types, rustc_query_impl[5c9b5ec5f9c83566]::plumbing::QueryCtxt>
  43:     0x756b4e9fadfc - <rustc_middle[35b10629088ad2a7]::hir::map::Map>::for_each_module::<rustc_hir_analysis[f40ac2c84397a0b6]::check_crate::{closure#6}::{closure#0}>
  44:     0x756b4e9fa8d3 - rustc_hir_analysis[f40ac2c84397a0b6]::check_crate
  45:     0x756b4e9fa52b - rustc_interface[a64a4e4385c65420]::passes::analysis
  46:     0x756b4fcf4eae - <rustc_query_system[b620ddc51e5ea697]::dep_graph::graph::DepGraph<rustc_middle[35b10629088ad2a7]::dep_graph::dep_node::DepKind>>::with_task::<rustc_middle[35b10629088ad2a7]::ty::context::TyCtxt, (), core[1359fc6eb4466362]::result::Result<(), rustc_errors[192e0008dc26bff9]::ErrorGuaranteed>>
  47:     0x756b4fcf4224 - rustc_query_system[b620ddc51e5ea697]::query::plumbing::try_execute_query::<rustc_query_impl[5c9b5ec5f9c83566]::plumbing::QueryCtxt, rustc_query_system[b620ddc51e5ea697]::query::caches::DefaultCache<(), core[1359fc6eb4466362]::result::Result<(), rustc_errors[192e0008dc26bff9]::ErrorGuaranteed>>>
  48:     0x756b4fcf3ca7 - rustc_query_system[b620ddc51e5ea697]::query::plumbing::get_query::<rustc_query_impl[5c9b5ec5f9c83566]::queries::analysis, rustc_query_impl[5c9b5ec5f9c83566]::plumbing::QueryCtxt>
  49:     0x756b4f8253cd - <rustc_interface[a64a4e4385c65420]::passes::QueryContext>::enter::<rustc_driver[d75d50cb7f36eddb]::run_compiler::{closure#1}::{closure#2}::{closure#3}, core[1359fc6eb4466362]::result::Result<(), rustc_errors[192e0008dc26bff9]::ErrorGuaranteed>>
  50:     0x756b4f821a3f - <rustc_interface[a64a4e4385c65420]::interface::Compiler>::enter::<rustc_driver[d75d50cb7f36eddb]::run_compiler::{closure#1}::{closure#2}, core[1359fc6eb4466362]::result::Result<core[1359fc6eb4466362]::option::Option<rustc_interface[a64a4e4385c65420]::queries::Linker>, rustc_errors[192e0008dc26bff9]::ErrorGuaranteed>>
  51:     0x756b4f818c32 - rustc_span[4a72619fff0c1ddc]::with_source_map::<core[1359fc6eb4466362]::result::Result<(), rustc_errors[192e0008dc26bff9]::ErrorGuaranteed>, rustc_interface[a64a4e4385c65420]::interface::run_compiler<core[1359fc6eb4466362]::result::Result<(), rustc_errors[192e0008dc26bff9]::ErrorGuaranteed>, rustc_driver[d75d50cb7f36eddb]::run_compiler::{closure#1}>::{closure#0}::{closure#1}>
  52:     0x756b4f818729 - <scoped_tls[1f85de2fb8312e22]::ScopedKey<rustc_span[4a72619fff0c1ddc]::SessionGlobals>>::set::<rustc_interface[a64a4e4385c65420]::interface::run_compiler<core[1359fc6eb4466362]::result::Result<(), rustc_errors[192e0008dc26bff9]::ErrorGuaranteed>, rustc_driver[d75d50cb7f36eddb]::run_compiler::{closure#1}>::{closure#0}, core[1359fc6eb4466362]::result::Result<(), rustc_errors[192e0008dc26bff9]::ErrorGuaranteed>>
  53:     0x756b4f817d38 - std[aff2bf53d717ad31]::sys_common::backtrace::__rust_begin_short_backtrace::<rustc_interface[a64a4e4385c65420]::util::run_in_thread_pool_with_globals<rustc_interface[a64a4e4385c65420]::interface::run_compiler<core[1359fc6eb4466362]::result::Result<(), rustc_errors[192e0008dc26bff9]::ErrorGuaranteed>, rustc_driver[d75d50cb7f36eddb]::run_compiler::{closure#1}>::{closure#0}, core[1359fc6eb4466362]::result::Result<(), rustc_errors[192e0008dc26bff9]::ErrorGuaranteed>>::{closure#0}::{closure#0}, core[1359fc6eb4466362]::result::Result<(), rustc_errors[192e0008dc26bff9]::ErrorGuaranteed>>
  54:     0x756b4f817a73 - <<std[aff2bf53d717ad31]::thread::Builder>::spawn_unchecked_<rustc_interface[a64a4e4385c65420]::util::run_in_thread_pool_with_globals<rustc_interface[a64a4e4385c65420]::interface::run_compiler<core[1359fc6eb4466362]::result::Result<(), rustc_errors[192e0008dc26bff9]::ErrorGuaranteed>, rustc_driver[d75d50cb7f36eddb]::run_compiler::{closure#1}>::{closure#0}, core[1359fc6eb4466362]::result::Result<(), rustc_errors[192e0008dc26bff9]::ErrorGuaranteed>>::{closure#0}::{closure#0}, core[1359fc6eb4466362]::result::Result<(), rustc_errors[192e0008dc26bff9]::ErrorGuaranteed>>::{closure#1} as core[1359fc6eb4466362]::ops::function::FnOnce<()>>::call_once::{shim:vtable#0}
  55:     0x756b511dcc03 - <alloc::boxed::Box<F,A> as core::ops::function::FnOnce<Args>>::call_once::h27f3134faf8b42b4
                               at /rustc/758f19645b8ebce61ea52d1f6672fd057bc8dbee/library/alloc/src/boxed.rs:1987:9
  56:     0x756b511dcc03 - <alloc::boxed::Box<F,A> as core::ops::function::FnOnce<Args>>::call_once::h46d82bf285dffad3
                               at /rustc/758f19645b8ebce61ea52d1f6672fd057bc8dbee/library/alloc/src/boxed.rs:1987:9
  57:     0x756b511dcc03 - std::sys::unix::thread::Thread::new::thread_start::hdb1ca70a964535d0
                               at /rustc/758f19645b8ebce61ea52d1f6672fd057bc8dbee/library/std/src/sys/unix/thread.rs:108:17
  58:     0x756b4d094ac3 - start_thread
                               at ./nptl/./nptl/pthread_create.c:442:8
  59:     0x756b4d1268c0 - __GI___clone3
                               at ./misc/../sysdeps/unix/sysv/linux/x86_64/clone3.S:81
  60:                0x0 - <unknown>
error: internal compiler error: no errors encountered even though `delay_span_bug` issued

error: internal compiler error: VecMap([(OpaqueTypeKey { def_id: DefId(0:7 ~ bug_103599[bddd]::wrap::{opaque#1}), substs: [impl T] }, OpaqueTypeDecl { hidden_type: OpaqueHiddenType { span: src/main.rs:4:5: 4:18 (#0), ty: impl T }, origin: FnReturn(DefId(0:4 ~ bug_103599[bddd]::wrap)) })])
  |
  = note: delayed at compiler/rustc_infer/src/infer/opaque_types/table.rs:50:26

thread 'rustc' panicked at 'Box<dyn Any>', compiler/rustc_errors/src/lib.rs:1553:13
stack backtrace:
   0:     0x756b511d3390 - std::backtrace_rs::backtrace::libunwind::trace::haefc0dd0a0a62b67
                               at /rustc/758f19645b8ebce61ea52d1f6672fd057bc8dbee/library/std/src/../../backtrace/src/backtrace/mod.rs:66:5
   1:     0x756b511d3390 - std::backtrace_rs::backtrace::trace_unsynchronized::h231f73070a372c1c
                               at /rustc/758f19645b8ebce61ea52d1f6672fd057bc8dbee/library/std/src/../../backtrace/src/backtrace/mod.rs:66:5
   2:     0x756b511d3390 - std::sys_common::backtrace::_print_fmt::haa15dcb5c660c296
                               at /rustc/758f19645b8ebce61ea52d1f6672fd057bc8dbee/library/std/src/sys_common/backtrace.rs:65:5
   3:     0x756b511d3390 - <std::sys_common::backtrace::_print::DisplayBacktrace as core::fmt::Display>::fmt::hfcfc314fff15b0e4
                               at /rustc/758f19645b8ebce61ea52d1f6672fd057bc8dbee/library/std/src/sys_common/backtrace.rs:44:22
   4:     0x756b516816ce - core::fmt::write::h2e893235039ae031
                               at /rustc/758f19645b8ebce61ea52d1f6672fd057bc8dbee/library/core/src/fmt/mod.rs:1209:17
   5:     0x756b511c70e5 - std::io::Write::write_fmt::h310687acf0f328ac
                               at /rustc/758f19645b8ebce61ea52d1f6672fd057bc8dbee/library/std/src/io/mod.rs:1682:15
   6:     0x756b511d3155 - std::sys_common::backtrace::_print::h7594904cd4694801
                               at /rustc/758f19645b8ebce61ea52d1f6672fd057bc8dbee/library/std/src/sys_common/backtrace.rs:47:5
   7:     0x756b511d3155 - std::sys_common::backtrace::print::hc63fb4b3dff70d7e
                               at /rustc/758f19645b8ebce61ea52d1f6672fd057bc8dbee/library/std/src/sys_common/backtrace.rs:34:9
   8:     0x756b511d54af - std::panicking::default_hook::{{closure}}::h6ab59645549c33df
                               at /rustc/758f19645b8ebce61ea52d1f6672fd057bc8dbee/library/std/src/panicking.rs:267:22
   9:     0x756b511d51ea - std::panicking::default_hook::h9d471aa0319ef778
                               at /rustc/758f19645b8ebce61ea52d1f6672fd057bc8dbee/library/std/src/panicking.rs:286:9
  10:     0x756b50497f14 - <rustc_driver[d75d50cb7f36eddb]::DEFAULT_HOOK::{closure#0}::{closure#0} as core[1359fc6eb4466362]::ops::function::FnOnce<(&core[1359fc6eb4466362]::panic::panic_info::PanicInfo,)>>::call_once::{shim:vtable#0}
  11:     0x756b511d5c99 - <alloc::boxed::Box<F,A> as core::ops::function::Fn<Args>>::call::h4001808d80334131
                               at /rustc/758f19645b8ebce61ea52d1f6672fd057bc8dbee/library/alloc/src/boxed.rs:2001:9
  12:     0x756b511d5c99 - std::panicking::rust_panic_with_hook::hedb82473dd3f5a0d
                               at /rustc/758f19645b8ebce61ea52d1f6672fd057bc8dbee/library/std/src/panicking.rs:692:13
  13:     0x756b504c6381 - std[aff2bf53d717ad31]::panicking::begin_panic::<rustc_errors[192e0008dc26bff9]::ExplicitBug>::{closure#0}
  14:     0x756b504c4b16 - std[aff2bf53d717ad31]::sys_common::backtrace::__rust_end_short_backtrace::<std[aff2bf53d717ad31]::panicking::begin_panic<rustc_errors[192e0008dc26bff9]::ExplicitBug>::{closure#0}, !>
  15:     0x756b504be896 - std[aff2bf53d717ad31]::panicking::begin_panic::<rustc_errors[192e0008dc26bff9]::ExplicitBug>
  16:     0x756b504c0f96 - std[aff2bf53d717ad31]::panic::panic_any::<rustc_errors[192e0008dc26bff9]::ExplicitBug>
  17:     0x756b4fa254a1 - <rustc_errors[192e0008dc26bff9]::HandlerInner>::flush_delayed::<alloc[648b0635dcc328ab]::vec::Vec<rustc_errors[192e0008dc26bff9]::diagnostic::Diagnostic>, &str>
  18:     0x756b4fa244e2 - <rustc_errors[192e0008dc26bff9]::HandlerInner as core[1359fc6eb4466362]::ops::drop::Drop>::drop
  19:     0x756b4f82d998 - core[1359fc6eb4466362]::ptr::drop_in_place::<rustc_session[4ded857a98b896bc]::parse::ParseSess>
  20:     0x756b4f819f68 - core[1359fc6eb4466362]::ptr::drop_in_place::<rustc_session[4ded857a98b896bc]::session::Session>
  21:     0x756b4f819c89 - core[1359fc6eb4466362]::ptr::drop_in_place::<rustc_interface[a64a4e4385c65420]::interface::Compiler>
  22:     0x756b4f81909e - rustc_span[4a72619fff0c1ddc]::with_source_map::<core[1359fc6eb4466362]::result::Result<(), rustc_errors[192e0008dc26bff9]::ErrorGuaranteed>, rustc_interface[a64a4e4385c65420]::interface::run_compiler<core[1359fc6eb4466362]::result::Result<(), rustc_errors[192e0008dc26bff9]::ErrorGuaranteed>, rustc_driver[d75d50cb7f36eddb]::run_compiler::{closure#1}>::{closure#0}::{closure#1}>
  23:     0x756b4f818729 - <scoped_tls[1f85de2fb8312e22]::ScopedKey<rustc_span[4a72619fff0c1ddc]::SessionGlobals>>::set::<rustc_interface[a64a4e4385c65420]::interface::run_compiler<core[1359fc6eb4466362]::result::Result<(), rustc_errors[192e0008dc26bff9]::ErrorGuaranteed>, rustc_driver[d75d50cb7f36eddb]::run_compiler::{closure#1}>::{closure#0}, core[1359fc6eb4466362]::result::Result<(), rustc_errors[192e0008dc26bff9]::ErrorGuaranteed>>
  24:     0x756b4f817d38 - std[aff2bf53d717ad31]::sys_common::backtrace::__rust_begin_short_backtrace::<rustc_interface[a64a4e4385c65420]::util::run_in_thread_pool_with_globals<rustc_interface[a64a4e4385c65420]::interface::run_compiler<core[1359fc6eb4466362]::result::Result<(), rustc_errors[192e0008dc26bff9]::ErrorGuaranteed>, rustc_driver[d75d50cb7f36eddb]::run_compiler::{closure#1}>::{closure#0}, core[1359fc6eb4466362]::result::Result<(), rustc_errors[192e0008dc26bff9]::ErrorGuaranteed>>::{closure#0}::{closure#0}, core[1359fc6eb4466362]::result::Result<(), rustc_errors[192e0008dc26bff9]::ErrorGuaranteed>>
  25:     0x756b4f817a73 - <<std[aff2bf53d717ad31]::thread::Builder>::spawn_unchecked_<rustc_interface[a64a4e4385c65420]::util::run_in_thread_pool_with_globals<rustc_interface[a64a4e4385c65420]::interface::run_compiler<core[1359fc6eb4466362]::result::Result<(), rustc_errors[192e0008dc26bff9]::ErrorGuaranteed>, rustc_driver[d75d50cb7f36eddb]::run_compiler::{closure#1}>::{closure#0}, core[1359fc6eb4466362]::result::Result<(), rustc_errors[192e0008dc26bff9]::ErrorGuaranteed>>::{closure#0}::{closure#0}, core[1359fc6eb4466362]::result::Result<(), rustc_errors[192e0008dc26bff9]::ErrorGuaranteed>>::{closure#1} as core[1359fc6eb4466362]::ops::function::FnOnce<()>>::call_once::{shim:vtable#0}
  26:     0x756b511dcc03 - <alloc::boxed::Box<F,A> as core::ops::function::FnOnce<Args>>::call_once::h27f3134faf8b42b4
                               at /rustc/758f19645b8ebce61ea52d1f6672fd057bc8dbee/library/alloc/src/boxed.rs:1987:9
  27:     0x756b511dcc03 - <alloc::boxed::Box<F,A> as core::ops::function::FnOnce<Args>>::call_once::h46d82bf285dffad3
                               at /rustc/758f19645b8ebce61ea52d1f6672fd057bc8dbee/library/alloc/src/boxed.rs:1987:9
  28:     0x756b511dcc03 - std::sys::unix::thread::Thread::new::thread_start::hdb1ca70a964535d0
                               at /rustc/758f19645b8ebce61ea52d1f6672fd057bc8dbee/library/std/src/sys/unix/thread.rs:108:17
  29:     0x756b4d094ac3 - start_thread
                               at ./nptl/./nptl/pthread_create.c:442:8
  30:     0x756b4d1268c0 - __GI___clone3
                               at ./misc/../sysdeps/unix/sysv/linux/x86_64/clone3.S:81
  31:                0x0 - <unknown>

note: the compiler unexpectedly panicked. this is a bug.

note: we would appreciate a bug report: https://github.com/rust-lang/rust/issues/new?labels=C-bug%2C+I-ICE%2C+T-compiler&template=ice.md

note: rustc 1.66.0-nightly (758f19645 2022-10-24) running on x86_64-unknown-linux-gnu

note: compiler flags: --crate-type bin -C embed-bitcode=no -C debuginfo=2 -C incremental=[REDACTED]

note: some of the compiler flags provided by cargo are hidden

query stack during panic:
end of query stack
thread '<unnamed>' panicked at 'panic in a function that cannot unwind', library/core/src/panicking.rs:90:58
stack backtrace:
   0:     0x756b51625810 - std::backtrace_rs::backtrace::libunwind::trace::haefc0dd0a0a62b67
                               at /rustc/758f19645b8ebce61ea52d1f6672fd057bc8dbee/library/std/src/../../backtrace/src/backtrace/mod.rs:66:5
   1:     0x756b51625810 - std::backtrace_rs::backtrace::trace_unsynchronized::h231f73070a372c1c
                               at /rustc/758f19645b8ebce61ea52d1f6672fd057bc8dbee/library/std/src/../../backtrace/src/backtrace/mod.rs:66:5
   2:     0x756b51625810 - std::sys_common::backtrace::_print_fmt::haa15dcb5c660c296
                               at /rustc/758f19645b8ebce61ea52d1f6672fd057bc8dbee/library/std/src/sys_common/backtrace.rs:65:5
   3:     0x756b51625810 - <std::sys_common::backtrace::_print::DisplayBacktrace as core::fmt::Display>::fmt::hfcfc314fff15b0e4
                               at /rustc/758f19645b8ebce61ea52d1f6672fd057bc8dbee/library/std/src/sys_common/backtrace.rs:44:22
   4:     0x756b516816ce - core::fmt::write::h2e893235039ae031
                               at /rustc/758f19645b8ebce61ea52d1f6672fd057bc8dbee/library/core/src/fmt/mod.rs:1209:17
   5:     0x756b51615985 - std::io::Write::write_fmt::h310687acf0f328ac
                               at /rustc/758f19645b8ebce61ea52d1f6672fd057bc8dbee/library/std/src/io/mod.rs:1682:15
   6:     0x756b516255d5 - std::sys_common::backtrace::_print::h7594904cd4694801
                               at /rustc/758f19645b8ebce61ea52d1f6672fd057bc8dbee/library/std/src/sys_common/backtrace.rs:47:5
   7:     0x756b516255d5 - std::sys_common::backtrace::print::hc63fb4b3dff70d7e
                               at /rustc/758f19645b8ebce61ea52d1f6672fd057bc8dbee/library/std/src/sys_common/backtrace.rs:34:9
   8:     0x756b516283df - std::panicking::default_hook::{{closure}}::h6ab59645549c33df
                               at /rustc/758f19645b8ebce61ea52d1f6672fd057bc8dbee/library/std/src/panicking.rs:267:22
   9:     0x756b5162811a - std::panicking::default_hook::h9d471aa0319ef778
                               at /rustc/758f19645b8ebce61ea52d1f6672fd057bc8dbee/library/std/src/panicking.rs:286:9
  10:     0x756b51628be8 - std::panicking::rust_panic_with_hook::hedb82473dd3f5a0d
                               at /rustc/758f19645b8ebce61ea52d1f6672fd057bc8dbee/library/std/src/panicking.rs:688:13
  11:     0x756b51628941 - std::panicking::begin_panic_handler::{{closure}}::h7e1d229967107c2d
                               at /rustc/758f19645b8ebce61ea52d1f6672fd057bc8dbee/library/std/src/panicking.rs:577:13
  12:     0x756b51625cbc - std::sys_common::backtrace::__rust_end_short_backtrace::he5492151b8b5b3a1
                               at /rustc/758f19645b8ebce61ea52d1f6672fd057bc8dbee/library/std/src/sys_common/backtrace.rs:137:18
  13:     0x756b516286a2 - rust_begin_unwind
                               at /rustc/758f19645b8ebce61ea52d1f6672fd057bc8dbee/library/std/src/panicking.rs:575:5
  14:     0x756b5167e133 - core::panicking::panic_str_nounwind::h1aa3ea4046b53d5d
                               at /rustc/758f19645b8ebce61ea52d1f6672fd057bc8dbee/library/core/src/panicking.rs:93:14
  15:     0x756b5167e2a3 - core::panicking::panic_no_unwind::h17e3b00e1ed24825
                               at /rustc/758f19645b8ebce61ea52d1f6672fd057bc8dbee/library/core/src/panicking.rs:164:5
  16:     0x756b4f8190b5 - rustc_span[4a72619fff0c1ddc]::with_source_map::<core[1359fc6eb4466362]::result::Result<(), rustc_errors[192e0008dc26bff9]::ErrorGuaranteed>, rustc_interface[a64a4e4385c65420]::interface::run_compiler<core[1359fc6eb4466362]::result::Result<(), rustc_errors[192e0008dc26bff9]::ErrorGuaranteed>, rustc_driver[d75d50cb7f36eddb]::run_compiler::{closure#1}>::{closure#0}::{closure#1}>
  17:     0x756b4f818729 - <scoped_tls[1f85de2fb8312e22]::ScopedKey<rustc_span[4a72619fff0c1ddc]::SessionGlobals>>::set::<rustc_interface[a64a4e4385c65420]::interface::run_compiler<core[1359fc6eb4466362]::result::Result<(), rustc_errors[192e0008dc26bff9]::ErrorGuaranteed>, rustc_driver[d75d50cb7f36eddb]::run_compiler::{closure#1}>::{closure#0}, core[1359fc6eb4466362]::result::Result<(), rustc_errors[192e0008dc26bff9]::ErrorGuaranteed>>
  18:     0x756b4f817d38 - std[aff2bf53d717ad31]::sys_common::backtrace::__rust_begin_short_backtrace::<rustc_interface[a64a4e4385c65420]::util::run_in_thread_pool_with_globals<rustc_interface[a64a4e4385c65420]::interface::run_compiler<core[1359fc6eb4466362]::result::Result<(), rustc_errors[192e0008dc26bff9]::ErrorGuaranteed>, rustc_driver[d75d50cb7f36eddb]::run_compiler::{closure#1}>::{closure#0}, core[1359fc6eb4466362]::result::Result<(), rustc_errors[192e0008dc26bff9]::ErrorGuaranteed>>::{closure#0}::{closure#0}, core[1359fc6eb4466362]::result::Result<(), rustc_errors[192e0008dc26bff9]::ErrorGuaranteed>>
  19:     0x756b4f817a73 - <<std[aff2bf53d717ad31]::thread::Builder>::spawn_unchecked_<rustc_interface[a64a4e4385c65420]::util::run_in_thread_pool_with_globals<rustc_interface[a64a4e4385c65420]::interface::run_compiler<core[1359fc6eb4466362]::result::Result<(), rustc_errors[192e0008dc26bff9]::ErrorGuaranteed>, rustc_driver[d75d50cb7f36eddb]::run_compiler::{closure#1}>::{closure#0}, core[1359fc6eb4466362]::result::Result<(), rustc_errors[192e0008dc26bff9]::ErrorGuaranteed>>::{closure#0}::{closure#0}, core[1359fc6eb4466362]::result::Result<(), rustc_errors[192e0008dc26bff9]::ErrorGuaranteed>>::{closure#1} as core[1359fc6eb4466362]::ops::function::FnOnce<()>>::call_once::{shim:vtable#0}
  20:     0x756b511dcc03 - <alloc::boxed::Box<F,A> as core::ops::function::FnOnce<Args>>::call_once::h27f3134faf8b42b4
                               at /rustc/758f19645b8ebce61ea52d1f6672fd057bc8dbee/library/alloc/src/boxed.rs:1987:9
  21:     0x756b511dcc03 - <alloc::boxed::Box<F,A> as core::ops::function::FnOnce<Args>>::call_once::h46d82bf285dffad3
                               at /rustc/758f19645b8ebce61ea52d1f6672fd057bc8dbee/library/alloc/src/boxed.rs:1987:9
  22:     0x756b511dcc03 - std::sys::unix::thread::Thread::new::thread_start::hdb1ca70a964535d0
                               at /rustc/758f19645b8ebce61ea52d1f6672fd057bc8dbee/library/std/src/sys/unix/thread.rs:108:17
  23:     0x756b4d094ac3 - start_thread
                               at ./nptl/./nptl/pthread_create.c:442:8
  24:     0x756b4d1268c0 - __GI___clone3
                               at ./misc/../sysdeps/unix/sysv/linux/x86_64/clone3.S:81
  25:                0x0 - <unknown>
thread panicked while panicking. aborting.
warning: `bug_103599` (bin "bug_103599") generated 1 warning
error: could not compile `bug_103599`; 1 warning emitted

Caused by:
  process didn't exit successfully: `rustc --crate-name bug_103599 --edition=2021 src/main.rs --error-format=json --json=diagnostic-rendered-ansi,artifacts,future-incompat --crate-type bin --emit=dep-info,link -C embed-bitcode=no -C debuginfo=2 -C metadata=bfd8896c2bd01bc0 -C extra-filename=-bfd8896c2bd01bc0 --out-dir /data/zhangtianrong/projects/rustc-cbl/run/103599/target/debug/deps -C incremental=/data/zhangtianrong/projects/rustc-cbl/run/103599/target/debug/incremental -L dependency=/data/zhangtianrong/projects/rustc-cbl/run/103599/target/debug/deps` (signal: 6, SIGABRT: process abort signal)
------------------------------------------------------------
Return code: 101
