=== START 2026-01-17 13:05:16 ===
Bug ID: 103771
Toolchain: nightly-2022-10-27
Source: /data/zhangtianrong/projects/rustc-cbl/rustcbugs/103771
Run dir: /data/zhangtianrong/projects/rustc-cbl/run/103771
CMD: rustup run nightly-2022-10-27 cargo build
------------------------------------------------------------
   Compiling bug_103771 v0.1.0 (/data/zhangtianrong/projects/rustc-cbl/run/103771)
thread '<unnamed>' panicked at 'Normalizing Binder(([&'a ()]; c_variadic: false)->(), [Region(BrNamed(DefId(0:7 ~ bug_103771[b213]::main::{closure#0}::{closure#0}::'c), 'c))]) without wrapping in a `Binder`', /rustc/1898c34e923bad763e723c68dd9f23a09f9eb0fc/compiler/rustc_trait_selection/src/traits/project.rs:450:9
stack backtrace:
   0:     0x7e1f8856c850 - std::backtrace_rs::backtrace::libunwind::trace::h335cb7d284210dcd
                               at /rustc/1898c34e923bad763e723c68dd9f23a09f9eb0fc/library/std/src/../../backtrace/src/backtrace/mod.rs:66:5
   1:     0x7e1f8856c850 - std::backtrace_rs::backtrace::trace_unsynchronized::h96bebe31884696aa
                               at /rustc/1898c34e923bad763e723c68dd9f23a09f9eb0fc/library/std/src/../../backtrace/src/backtrace/mod.rs:66:5
   2:     0x7e1f8856c850 - std::sys_common::backtrace::_print_fmt::h3a966776806a5901
                               at /rustc/1898c34e923bad763e723c68dd9f23a09f9eb0fc/library/std/src/sys_common/backtrace.rs:65:5
   3:     0x7e1f8856c850 - <std::sys_common::backtrace::_print::DisplayBacktrace as core::fmt::Display>::fmt::h9873151158634bfb
                               at /rustc/1898c34e923bad763e723c68dd9f23a09f9eb0fc/library/std/src/sys_common/backtrace.rs:44:22
   4:     0x7e1f885c87ae - core::fmt::write::h76f1dd707576780a
                               at /rustc/1898c34e923bad763e723c68dd9f23a09f9eb0fc/library/core/src/fmt/mod.rs:1209:17
   5:     0x7e1f8855c9c5 - std::io::Write::write_fmt::h92487d1ebc53913c
                               at /rustc/1898c34e923bad763e723c68dd9f23a09f9eb0fc/library/std/src/io/mod.rs:1682:15
   6:     0x7e1f8856c615 - std::sys_common::backtrace::_print::hb4e235864fa298b0
                               at /rustc/1898c34e923bad763e723c68dd9f23a09f9eb0fc/library/std/src/sys_common/backtrace.rs:47:5
   7:     0x7e1f8856c615 - std::sys_common::backtrace::print::h653f44b23a413cb5
                               at /rustc/1898c34e923bad763e723c68dd9f23a09f9eb0fc/library/std/src/sys_common/backtrace.rs:34:9
   8:     0x7e1f8856f41f - std::panicking::default_hook::{{closure}}::hc9092a79fd9e0703
                               at /rustc/1898c34e923bad763e723c68dd9f23a09f9eb0fc/library/std/src/panicking.rs:267:22
   9:     0x7e1f8856f15a - std::panicking::default_hook::h2a487c86ebeb8ba4
                               at /rustc/1898c34e923bad763e723c68dd9f23a09f9eb0fc/library/std/src/panicking.rs:286:9
  10:     0x7e1f8856fc28 - std::panicking::rust_panic_with_hook::hb9a0a3528b1a00c5
                               at /rustc/1898c34e923bad763e723c68dd9f23a09f9eb0fc/library/std/src/panicking.rs:688:13
  11:     0x7e1f8856f9c7 - std::panicking::begin_panic_handler::{{closure}}::hf4877288e6878fc4
                               at /rustc/1898c34e923bad763e723c68dd9f23a09f9eb0fc/library/std/src/panicking.rs:579:13
  12:     0x7e1f8856ccfc - std::sys_common::backtrace::__rust_end_short_backtrace::hcf3b4af8134d0fe6
                               at /rustc/1898c34e923bad763e723c68dd9f23a09f9eb0fc/library/std/src/sys_common/backtrace.rs:137:18
  13:     0x7e1f8856f6e2 - rust_begin_unwind
                               at /rustc/1898c34e923bad763e723c68dd9f23a09f9eb0fc/library/std/src/panicking.rs:575:5
  14:     0x7e1f885c5193 - core::panicking::panic_fmt::h9ffddc0d28378a40
                               at /rustc/1898c34e923bad763e723c68dd9f23a09f9eb0fc/library/core/src/panicking.rs:65:14
  15:     0x7e1f8aa1fae5 - <rustc_trait_selection[7f17b2023115ca83]::traits::project::AssocTypeNormalizer>::fold::<rustc_middle[25dd0db25d9b6162]::ty::sty::Binder<rustc_middle[25dd0db25d9b6162]::ty::sty::FnSig>>
  16:     0x7e1f8aa1f5a8 - rustc_trait_selection[7f17b2023115ca83]::traits::project::normalize::<rustc_middle[25dd0db25d9b6162]::ty::sty::Binder<rustc_middle[25dd0db25d9b6162]::ty::sty::FnSig>>
  17:     0x7e1f89ebac19 - <rustc_hir_typeck[9c31bcda00ff1cd6]::inherited::Inherited>::normalize_associated_types_in::<rustc_middle[25dd0db25d9b6162]::ty::sty::Binder<rustc_middle[25dd0db25d9b6162]::ty::sty::FnSig>>
  18:     0x7e1f89eb9e82 - <rustc_hir_typeck[9c31bcda00ff1cd6]::fn_ctxt::FnCtxt>::supplied_sig_of_closure
  19:     0x7e1f89eb5adb - <rustc_hir_typeck[9c31bcda00ff1cd6]::fn_ctxt::FnCtxt>::check_expr_closure
  20:     0x7e1f89e1412a - <rustc_hir_typeck[9c31bcda00ff1cd6]::fn_ctxt::FnCtxt>::check_expr_with_expectation_and_args
  21:     0x7e1f89e575c7 - <rustc_hir_typeck[9c31bcda00ff1cd6]::fn_ctxt::FnCtxt>::check_block_with_expected
  22:     0x7e1f89e103a7 - <rustc_hir_typeck[9c31bcda00ff1cd6]::fn_ctxt::FnCtxt>::check_expr_with_expectation_and_args
  23:     0x7e1f8a7474b6 - <rustc_hir_typeck[9c31bcda00ff1cd6]::fn_ctxt::FnCtxt>::check_return_expr
  24:     0x7e1f8a744d9a - rustc_hir_typeck[9c31bcda00ff1cd6]::check::check_fn
  25:     0x7e1f89eb57b2 - <rustc_hir_typeck[9c31bcda00ff1cd6]::fn_ctxt::FnCtxt>::check_expr_closure
  26:     0x7e1f89e1412a - <rustc_hir_typeck[9c31bcda00ff1cd6]::fn_ctxt::FnCtxt>::check_expr_with_expectation_and_args
  27:     0x7e1f89e57395 - <rustc_hir_typeck[9c31bcda00ff1cd6]::fn_ctxt::FnCtxt>::check_block_with_expected
  28:     0x7e1f89e103a7 - <rustc_hir_typeck[9c31bcda00ff1cd6]::fn_ctxt::FnCtxt>::check_expr_with_expectation_and_args
  29:     0x7e1f8a7474b6 - <rustc_hir_typeck[9c31bcda00ff1cd6]::fn_ctxt::FnCtxt>::check_return_expr
  30:     0x7e1f8a744d9a - rustc_hir_typeck[9c31bcda00ff1cd6]::check::check_fn
  31:     0x7e1f8a731d62 - rustc_hir_typeck[9c31bcda00ff1cd6]::typeck
  32:     0x7e1f89c50373 - <rustc_query_system[2ce74b9538bccb8f]::dep_graph::graph::DepGraph<rustc_middle[25dd0db25d9b6162]::dep_graph::dep_node::DepKind>>::with_task::<rustc_middle[25dd0db25d9b6162]::ty::context::TyCtxt, rustc_span[882156c2b67f5204]::def_id::LocalDefId, &rustc_middle[25dd0db25d9b6162]::ty::context::TypeckResults>
  33:     0x7e1f89c48a01 - rustc_query_system[2ce74b9538bccb8f]::query::plumbing::try_execute_query::<rustc_query_impl[1922eb72fec2b651]::plumbing::QueryCtxt, rustc_query_system[2ce74b9538bccb8f]::query::caches::DefaultCache<rustc_span[882156c2b67f5204]::def_id::LocalDefId, &rustc_middle[25dd0db25d9b6162]::ty::context::TypeckResults>>
  34:     0x7e1f8aef1b18 - rustc_data_structures[a2db8ee2a835d2c8]::sync::par_for_each_in::<&[rustc_span[882156c2b67f5204]::def_id::LocalDefId], <rustc_middle[25dd0db25d9b6162]::hir::map::Map>::par_body_owners<rustc_hir_typeck[9c31bcda00ff1cd6]::typeck_item_bodies::{closure#0}>::{closure#0}>
  35:     0x7e1f8aef17f3 - rustc_hir_typeck[9c31bcda00ff1cd6]::typeck_item_bodies
  36:     0x7e1f8adde009 - <rustc_query_system[2ce74b9538bccb8f]::dep_graph::graph::DepGraph<rustc_middle[25dd0db25d9b6162]::dep_graph::dep_node::DepKind>>::with_task::<rustc_middle[25dd0db25d9b6162]::ty::context::TyCtxt, (), ()>
  37:     0x7e1f8addcfad - rustc_query_system[2ce74b9538bccb8f]::query::plumbing::try_execute_query::<rustc_query_impl[1922eb72fec2b651]::plumbing::QueryCtxt, rustc_query_system[2ce74b9538bccb8f]::query::caches::DefaultCache<(), ()>>
  38:     0x7e1f8addc937 - rustc_query_system[2ce74b9538bccb8f]::query::plumbing::get_query::<rustc_query_impl[1922eb72fec2b651]::queries::typeck_item_bodies, rustc_query_impl[1922eb72fec2b651]::plumbing::QueryCtxt>
  39:     0x7e1f89b56baa - <rustc_session[918d7b2bbd2629cb]::session::Session>::time::<(), rustc_hir_analysis[365bb067b141719f]::check_crate::{closure#7}>
  40:     0x7e1f89b55d5b - rustc_hir_analysis[365bb067b141719f]::check_crate
  41:     0x7e1f89b5598b - rustc_interface[38d8e7298dc9bf29]::passes::analysis
  42:     0x7e1f8af4ae5e - <rustc_query_system[2ce74b9538bccb8f]::dep_graph::graph::DepGraph<rustc_middle[25dd0db25d9b6162]::dep_graph::dep_node::DepKind>>::with_task::<rustc_middle[25dd0db25d9b6162]::ty::context::TyCtxt, (), core[731c476bbe2eb77e]::result::Result<(), rustc_errors[a667d3b760aec769]::ErrorGuaranteed>>
  43:     0x7e1f8af4a1d4 - rustc_query_system[2ce74b9538bccb8f]::query::plumbing::try_execute_query::<rustc_query_impl[1922eb72fec2b651]::plumbing::QueryCtxt, rustc_query_system[2ce74b9538bccb8f]::query::caches::DefaultCache<(), core[731c476bbe2eb77e]::result::Result<(), rustc_errors[a667d3b760aec769]::ErrorGuaranteed>>>
  44:     0x7e1f8af49c57 - rustc_query_system[2ce74b9538bccb8f]::query::plumbing::get_query::<rustc_query_impl[1922eb72fec2b651]::queries::analysis, rustc_query_impl[1922eb72fec2b651]::plumbing::QueryCtxt>
  45:     0x7e1f8aa7b36d - <rustc_interface[38d8e7298dc9bf29]::passes::QueryContext>::enter::<rustc_driver[3a9e58a752c57e0a]::run_compiler::{closure#1}::{closure#2}::{closure#3}, core[731c476bbe2eb77e]::result::Result<(), rustc_errors[a667d3b760aec769]::ErrorGuaranteed>>
  46:     0x7e1f8aa7792f - <rustc_interface[38d8e7298dc9bf29]::interface::Compiler>::enter::<rustc_driver[3a9e58a752c57e0a]::run_compiler::{closure#1}::{closure#2}, core[731c476bbe2eb77e]::result::Result<core[731c476bbe2eb77e]::option::Option<rustc_interface[38d8e7298dc9bf29]::queries::Linker>, rustc_errors[a667d3b760aec769]::ErrorGuaranteed>>
  47:     0x7e1f8aa6f472 - rustc_span[882156c2b67f5204]::with_source_map::<core[731c476bbe2eb77e]::result::Result<(), rustc_errors[a667d3b760aec769]::ErrorGuaranteed>, rustc_interface[38d8e7298dc9bf29]::interface::run_compiler<core[731c476bbe2eb77e]::result::Result<(), rustc_errors[a667d3b760aec769]::ErrorGuaranteed>, rustc_driver[3a9e58a752c57e0a]::run_compiler::{closure#1}>::{closure#0}::{closure#1}>
  48:     0x7e1f8aa6ef69 - <scoped_tls[f319009629b0a1b4]::ScopedKey<rustc_span[882156c2b67f5204]::SessionGlobals>>::set::<rustc_interface[38d8e7298dc9bf29]::interface::run_compiler<core[731c476bbe2eb77e]::result::Result<(), rustc_errors[a667d3b760aec769]::ErrorGuaranteed>, rustc_driver[3a9e58a752c57e0a]::run_compiler::{closure#1}>::{closure#0}, core[731c476bbe2eb77e]::result::Result<(), rustc_errors[a667d3b760aec769]::ErrorGuaranteed>>
  49:     0x7e1f8aa6e578 - std[fe5f4c1edace479]::sys_common::backtrace::__rust_begin_short_backtrace::<rustc_interface[38d8e7298dc9bf29]::util::run_in_thread_pool_with_globals<rustc_interface[38d8e7298dc9bf29]::interface::run_compiler<core[731c476bbe2eb77e]::result::Result<(), rustc_errors[a667d3b760aec769]::ErrorGuaranteed>, rustc_driver[3a9e58a752c57e0a]::run_compiler::{closure#1}>::{closure#0}, core[731c476bbe2eb77e]::result::Result<(), rustc_errors[a667d3b760aec769]::ErrorGuaranteed>>::{closure#0}::{closure#0}, core[731c476bbe2eb77e]::result::Result<(), rustc_errors[a667d3b760aec769]::ErrorGuaranteed>>
  50:     0x7e1f8aa6e29c - <<std[fe5f4c1edace479]::thread::Builder>::spawn_unchecked_<rustc_interface[38d8e7298dc9bf29]::util::run_in_thread_pool_with_globals<rustc_interface[38d8e7298dc9bf29]::interface::run_compiler<core[731c476bbe2eb77e]::result::Result<(), rustc_errors[a667d3b760aec769]::ErrorGuaranteed>, rustc_driver[3a9e58a752c57e0a]::run_compiler::{closure#1}>::{closure#0}, core[731c476bbe2eb77e]::result::Result<(), rustc_errors[a667d3b760aec769]::ErrorGuaranteed>>::{closure#0}::{closure#0}, core[731c476bbe2eb77e]::result::Result<(), rustc_errors[a667d3b760aec769]::ErrorGuaranteed>>::{closure#1} as core[731c476bbe2eb77e]::ops::function::FnOnce<()>>::call_once::{shim:vtable#0}
  51:     0x7e1f8c44e9d3 - <alloc::boxed::Box<F,A> as core::ops::function::FnOnce<Args>>::call_once::h5b00bc9defbef88c
                               at /rustc/1898c34e923bad763e723c68dd9f23a09f9eb0fc/library/alloc/src/boxed.rs:1987:9
  52:     0x7e1f8c44e9d3 - <alloc::boxed::Box<F,A> as core::ops::function::FnOnce<Args>>::call_once::hc3b726dad8143273
                               at /rustc/1898c34e923bad763e723c68dd9f23a09f9eb0fc/library/alloc/src/boxed.rs:1987:9
  53:     0x7e1f8c44e9d3 - std::sys::unix::thread::Thread::new::thread_start::hf9c71b7d57dac377
                               at /rustc/1898c34e923bad763e723c68dd9f23a09f9eb0fc/library/std/src/sys/unix/thread.rs:108:17
  54:     0x7e1f88294ac3 - start_thread
                               at ./nptl/./nptl/pthread_create.c:442:8
  55:     0x7e1f883268c0 - __GI___clone3
                               at ./misc/../sysdeps/unix/sysv/linux/x86_64/clone3.S:81
  56:                0x0 - <unknown>
error: could not compile `bug_103771`
------------------------------------------------------------
Return code: 101
