=== START 2026-01-20 12:59:25 ===
Bug ID: 103790
Toolchain: nightly-2022-10-27
Source: /data/zhangtianrong/projects/rustc-cbl/rustcbugs/103790
Run dir: /data/zhangtianrong/projects/rustc-cbl/run/103790
CMD: rustup run nightly-2022-10-27 cargo build
------------------------------------------------------------
   Compiling bug_103790 v0.1.0 (/data/zhangtianrong/projects/rustc-cbl/run/103790)
error[E0403]: the name `S` is already used for a generic parameter in this item's generic parameters
 --> src/main.rs:4:29
  |
4 | struct S<const S: (), const S: S = {S}>;
  |                -            ^ already used
  |                |
  |                first use of `S`

error[E0107]: missing generics for struct `S`
 --> src/main.rs:4:32
  |
4 | struct S<const S: (), const S: S = {S}>;
  |                                ^ expected at least 1 generic argument
  |
note: struct defined here, with at least 1 generic parameter: `S`
 --> src/main.rs:4:8
  |
4 | struct S<const S: (), const S: S = {S}>;
  |        ^ -----------
help: add missing generic argument
  |
4 | struct S<const S: (), const S: S<S> = {S}>;
  |                                ~~~~

error[E0391]: cycle detected when computing type of `S::S`
 --> src/main.rs:4:32
  |
4 | struct S<const S: (), const S: S = {S}>;
  |                                ^
  |
  = note: ...which immediately requires computing type of `S::S` again
note: cycle used when computing type of `S`
 --> src/main.rs:4:1
  |
4 | struct S<const S: (), const S: S = {S}>;
  | ^^^^^^^^^^^^^^^^^^^^^^^^^^^^^^^^^^^^^^^

error[E0391]: cycle detected when computing type of `S::S`
 --> src/main.rs:4:23
  |
4 | struct S<const S: (), const S: S = {S}>;
  |                       ^^^^^^^^^^^^^^^^
  |
note: ...which requires computing const default for a given parameter `S::S`...
 --> src/main.rs:4:23
  |
4 | struct S<const S: (), const S: S = {S}>;
  |                       ^^^^^^^^^^^^^^^^
note: ...which requires computing type of `S::{constant#0}`...
 --> src/main.rs:4:36
  |
4 | struct S<const S: (), const S: S = {S}>;
  |                                    ^^^
  = note: ...which again requires computing type of `S::S`, completing the cycle
note: cycle used when computing type of `S`
 --> src/main.rs:4:1
  |
4 | struct S<const S: (), const S: S = {S}>;
  | ^^^^^^^^^^^^^^^^^^^^^^^^^^^^^^^^^^^^^^^

error: internal compiler error: compiler/rustc_middle/src/ty/subst.rs:768:9: const parameter `S/#1` (Const { ty: [type error], kind: Param(S/#1) }/1) out of range when substituting substs=[Const { ty: (), kind: Error(DelaySpanBugEmitted { reported: ErrorGuaranteed(()), _priv: () }) }]

thread 'rustc' panicked at 'Box<dyn Any>', /rustc/1898c34e923bad763e723c68dd9f23a09f9eb0fc/compiler/rustc_errors/src/lib.rs:1519:9
stack backtrace:
   0:     0x7e14c8045160 - std::backtrace_rs::backtrace::libunwind::trace::h335cb7d284210dcd
                               at /rustc/1898c34e923bad763e723c68dd9f23a09f9eb0fc/library/std/src/../../backtrace/src/backtrace/mod.rs:66:5
   1:     0x7e14c8045160 - std::backtrace_rs::backtrace::trace_unsynchronized::h96bebe31884696aa
                               at /rustc/1898c34e923bad763e723c68dd9f23a09f9eb0fc/library/std/src/../../backtrace/src/backtrace/mod.rs:66:5
   2:     0x7e14c8045160 - std::sys_common::backtrace::_print_fmt::h3a966776806a5901
                               at /rustc/1898c34e923bad763e723c68dd9f23a09f9eb0fc/library/std/src/sys_common/backtrace.rs:65:5
   3:     0x7e14c8045160 - <std::sys_common::backtrace::_print::DisplayBacktrace as core::fmt::Display>::fmt::h9873151158634bfb
                               at /rustc/1898c34e923bad763e723c68dd9f23a09f9eb0fc/library/std/src/sys_common/backtrace.rs:44:22
   4:     0x7e14c84bd7ae - core::fmt::write::h76f1dd707576780a
                               at /rustc/1898c34e923bad763e723c68dd9f23a09f9eb0fc/library/core/src/fmt/mod.rs:1209:17
   5:     0x7e14c8038e15 - std::io::Write::write_fmt::h92487d1ebc53913c
                               at /rustc/1898c34e923bad763e723c68dd9f23a09f9eb0fc/library/std/src/io/mod.rs:1682:15
   6:     0x7e14c8044f25 - std::sys_common::backtrace::_print::hb4e235864fa298b0
                               at /rustc/1898c34e923bad763e723c68dd9f23a09f9eb0fc/library/std/src/sys_common/backtrace.rs:47:5
   7:     0x7e14c8044f25 - std::sys_common::backtrace::print::h653f44b23a413cb5
                               at /rustc/1898c34e923bad763e723c68dd9f23a09f9eb0fc/library/std/src/sys_common/backtrace.rs:34:9
   8:     0x7e14c804727f - std::panicking::default_hook::{{closure}}::hc9092a79fd9e0703
                               at /rustc/1898c34e923bad763e723c68dd9f23a09f9eb0fc/library/std/src/panicking.rs:267:22
   9:     0x7e14c8046fba - std::panicking::default_hook::h2a487c86ebeb8ba4
                               at /rustc/1898c34e923bad763e723c68dd9f23a09f9eb0fc/library/std/src/panicking.rs:286:9
  10:     0x7e14c7306e64 - <rustc_driver[3a9e58a752c57e0a]::DEFAULT_HOOK::{closure#0}::{closure#0} as core[731c476bbe2eb77e]::ops::function::FnOnce<(&core[731c476bbe2eb77e]::panic::panic_info::PanicInfo,)>>::call_once::{shim:vtable#0}
  11:     0x7e14c8047a69 - <alloc::boxed::Box<F,A> as core::ops::function::Fn<Args>>::call::hcab349cf6232f449
                               at /rustc/1898c34e923bad763e723c68dd9f23a09f9eb0fc/library/alloc/src/boxed.rs:2001:9
  12:     0x7e14c8047a69 - std::panicking::rust_panic_with_hook::hb9a0a3528b1a00c5
                               at /rustc/1898c34e923bad763e723c68dd9f23a09f9eb0fc/library/std/src/panicking.rs:692:13
  13:     0x7e14c779c891 - std[fe5f4c1edace479]::panicking::begin_panic::<rustc_errors[a667d3b760aec769]::ExplicitBug>::{closure#0}
  14:     0x7e14c7799386 - std[fe5f4c1edace479]::sys_common::backtrace::__rust_end_short_backtrace::<std[fe5f4c1edace479]::panicking::begin_panic<rustc_errors[a667d3b760aec769]::ExplicitBug>::{closure#0}, !>
  15:     0x7e14c7797fa6 - std[fe5f4c1edace479]::panicking::begin_panic::<rustc_errors[a667d3b760aec769]::ExplicitBug>
  16:     0x7e14c77301f6 - std[fe5f4c1edace479]::panic::panic_any::<rustc_errors[a667d3b760aec769]::ExplicitBug>
  17:     0x7e14c773010d - <rustc_errors[a667d3b760aec769]::HandlerInner>::bug::<&alloc[a0d4246b74acabb6]::string::String>
  18:     0x7e14c772fb80 - <rustc_errors[a667d3b760aec769]::Handler>::bug::<&alloc[a0d4246b74acabb6]::string::String>
  19:     0x7e14c77e1985 - rustc_middle[25dd0db25d9b6162]::ty::context::tls::with_context_opt::<rustc_middle[25dd0db25d9b6162]::ty::context::tls::with_opt<rustc_middle[25dd0db25d9b6162]::util::bug::opt_span_bug_fmt<rustc_span[882156c2b67f5204]::span_encoding::Span>::{closure#0}, ()>::{closure#0}, ()>
  20:     0x7e14c77e1cc6 - rustc_middle[25dd0db25d9b6162]::util::bug::opt_span_bug_fmt::<rustc_span[882156c2b67f5204]::span_encoding::Span>
  21:     0x7e14c5596a93 - rustc_middle[25dd0db25d9b6162]::util::bug::bug_fmt
  22:     0x7e14c77e11c2 - <rustc_middle[25dd0db25d9b6162]::ty::subst::SubstFolder>::const_param_out_of_range
  23:     0x7e14c538a07d - <rustc_middle[25dd0db25d9b6162]::ty::subst::SubstFolder as rustc_middle[25dd0db25d9b6162]::ty::fold::FallibleTypeFolder>::try_fold_const
  24:     0x7e14c6c1f0f7 - <rustc_middle[25dd0db25d9b6162]::ty::subst::EarlyBinder<rustc_middle[25dd0db25d9b6162]::ty::consts::Const>>::subst
  25:     0x7e14c6092d6d - <<dyn rustc_hir_analysis[365bb067b141719f]::astconv::AstConv>::create_substs_for_ast_path::{closure#0}::SubstsForAstPathCtxt as rustc_hir_analysis[365bb067b141719f]::astconv::CreateSubstsForGenericArgsCtxt>::inferred_kind
  26:     0x7e14c6085768 - <dyn rustc_hir_analysis[365bb067b141719f]::astconv::AstConv>::res_to_ty
  27:     0x7e14c6080049 - <dyn rustc_hir_analysis[365bb067b141719f]::astconv::AstConv>::ast_ty_to_ty_inner::{closure#0}
  28:     0x7e14c6b79cd9 - rustc_hir_analysis[365bb067b141719f]::collect::type_of::type_of
  29:     0x7e14c5ba5da3 - <rustc_query_system[2ce74b9538bccb8f]::dep_graph::graph::DepGraph<rustc_middle[25dd0db25d9b6162]::dep_graph::dep_node::DepKind>>::with_task::<rustc_middle[25dd0db25d9b6162]::ty::context::TyCtxt, rustc_span[882156c2b67f5204]::def_id::DefId, rustc_middle[25dd0db25d9b6162]::ty::Ty>
  30:     0x7e14c5ba33f0 - rustc_query_system[2ce74b9538bccb8f]::query::plumbing::get_query::<rustc_query_impl[1922eb72fec2b651]::queries::type_of, rustc_query_impl[1922eb72fec2b651]::plumbing::QueryCtxt>
  31:     0x7e14c56bf6ef - <rustc_middle[25dd0db25d9b6162]::ty::list::List<rustc_middle[25dd0db25d9b6162]::ty::subst::GenericArg>>::fill_item::<<rustc_middle[25dd0db25d9b6162]::ty::list::List<rustc_middle[25dd0db25d9b6162]::ty::subst::GenericArg>>::identity_for_item::{closure#0}>
  32:     0x7e14c56be8fc - <rustc_middle[25dd0db25d9b6162]::ty::list::List<rustc_middle[25dd0db25d9b6162]::ty::subst::GenericArg>>::identity_for_item
  33:     0x7e14c6b7a56f - rustc_hir_analysis[365bb067b141719f]::collect::type_of::type_of
  34:     0x7e14c5ba5da3 - <rustc_query_system[2ce74b9538bccb8f]::dep_graph::graph::DepGraph<rustc_middle[25dd0db25d9b6162]::dep_graph::dep_node::DepKind>>::with_task::<rustc_middle[25dd0db25d9b6162]::ty::context::TyCtxt, rustc_span[882156c2b67f5204]::def_id::DefId, rustc_middle[25dd0db25d9b6162]::ty::Ty>
  35:     0x7e14c5ba33f0 - rustc_query_system[2ce74b9538bccb8f]::query::plumbing::get_query::<rustc_query_impl[1922eb72fec2b651]::queries::type_of, rustc_query_impl[1922eb72fec2b651]::plumbing::QueryCtxt>
  36:     0x7e14c5b0d62b - <rustc_hir_analysis[365bb067b141719f]::collect::CollectItemTypesVisitor as rustc_hir[12b882f0377fe91d]::intravisit::Visitor>::visit_item
  37:     0x7e14c5b08615 - <rustc_middle[25dd0db25d9b6162]::hir::map::Map>::visit_item_likes_in_module::<rustc_hir_analysis[365bb067b141719f]::collect::CollectItemTypesVisitor>
  38:     0x7e14c5b084cc - rustc_hir_analysis[365bb067b141719f]::collect::collect_mod_item_types
  39:     0x7e14c5bcf7c3 - <rustc_query_system[2ce74b9538bccb8f]::dep_graph::graph::DepGraph<rustc_middle[25dd0db25d9b6162]::dep_graph::dep_node::DepKind>>::with_task::<rustc_middle[25dd0db25d9b6162]::ty::context::TyCtxt, rustc_span[882156c2b67f5204]::def_id::LocalDefId, ()>
  40:     0x7e14c5bcd81e - rustc_query_system[2ce74b9538bccb8f]::query::plumbing::try_execute_query::<rustc_query_impl[1922eb72fec2b651]::plumbing::QueryCtxt, rustc_query_system[2ce74b9538bccb8f]::query::caches::DefaultCache<rustc_span[882156c2b67f5204]::def_id::LocalDefId, ()>>
  41:     0x7e14c678f0a9 - rustc_query_system[2ce74b9538bccb8f]::query::plumbing::get_query::<rustc_query_impl[1922eb72fec2b651]::queries::collect_mod_item_types, rustc_query_impl[1922eb72fec2b651]::plumbing::QueryCtxt>
  42:     0x7e14c5756f1c - <rustc_middle[25dd0db25d9b6162]::hir::map::Map>::for_each_module::<rustc_hir_analysis[365bb067b141719f]::check_crate::{closure#0}::{closure#0}::{closure#0}>
  43:     0x7e14c5755f68 - <rustc_session[918d7b2bbd2629cb]::session::Session>::track_errors::<rustc_hir_analysis[365bb067b141719f]::check_crate::{closure#0}, ()>
  44:     0x7e14c5755c6b - rustc_hir_analysis[365bb067b141719f]::check_crate
  45:     0x7e14c575598b - rustc_interface[38d8e7298dc9bf29]::passes::analysis
  46:     0x7e14c6b4ae5e - <rustc_query_system[2ce74b9538bccb8f]::dep_graph::graph::DepGraph<rustc_middle[25dd0db25d9b6162]::dep_graph::dep_node::DepKind>>::with_task::<rustc_middle[25dd0db25d9b6162]::ty::context::TyCtxt, (), core[731c476bbe2eb77e]::result::Result<(), rustc_errors[a667d3b760aec769]::ErrorGuaranteed>>
  47:     0x7e14c6b4a1d4 - rustc_query_system[2ce74b9538bccb8f]::query::plumbing::try_execute_query::<rustc_query_impl[1922eb72fec2b651]::plumbing::QueryCtxt, rustc_query_system[2ce74b9538bccb8f]::query::caches::DefaultCache<(), core[731c476bbe2eb77e]::result::Result<(), rustc_errors[a667d3b760aec769]::ErrorGuaranteed>>>
  48:     0x7e14c6b49c57 - rustc_query_system[2ce74b9538bccb8f]::query::plumbing::get_query::<rustc_query_impl[1922eb72fec2b651]::queries::analysis, rustc_query_impl[1922eb72fec2b651]::plumbing::QueryCtxt>
  49:     0x7e14c667b36d - <rustc_interface[38d8e7298dc9bf29]::passes::QueryContext>::enter::<rustc_driver[3a9e58a752c57e0a]::run_compiler::{closure#1}::{closure#2}::{closure#3}, core[731c476bbe2eb77e]::result::Result<(), rustc_errors[a667d3b760aec769]::ErrorGuaranteed>>
  50:     0x7e14c667792f - <rustc_interface[38d8e7298dc9bf29]::interface::Compiler>::enter::<rustc_driver[3a9e58a752c57e0a]::run_compiler::{closure#1}::{closure#2}, core[731c476bbe2eb77e]::result::Result<core[731c476bbe2eb77e]::option::Option<rustc_interface[38d8e7298dc9bf29]::queries::Linker>, rustc_errors[a667d3b760aec769]::ErrorGuaranteed>>
  51:     0x7e14c666f472 - rustc_span[882156c2b67f5204]::with_source_map::<core[731c476bbe2eb77e]::result::Result<(), rustc_errors[a667d3b760aec769]::ErrorGuaranteed>, rustc_interface[38d8e7298dc9bf29]::interface::run_compiler<core[731c476bbe2eb77e]::result::Result<(), rustc_errors[a667d3b760aec769]::ErrorGuaranteed>, rustc_driver[3a9e58a752c57e0a]::run_compiler::{closure#1}>::{closure#0}::{closure#1}>
  52:     0x7e14c666ef69 - <scoped_tls[f319009629b0a1b4]::ScopedKey<rustc_span[882156c2b67f5204]::SessionGlobals>>::set::<rustc_interface[38d8e7298dc9bf29]::interface::run_compiler<core[731c476bbe2eb77e]::result::Result<(), rustc_errors[a667d3b760aec769]::ErrorGuaranteed>, rustc_driver[3a9e58a752c57e0a]::run_compiler::{closure#1}>::{closure#0}, core[731c476bbe2eb77e]::result::Result<(), rustc_errors[a667d3b760aec769]::ErrorGuaranteed>>
  53:     0x7e14c666e578 - std[fe5f4c1edace479]::sys_common::backtrace::__rust_begin_short_backtrace::<rustc_interface[38d8e7298dc9bf29]::util::run_in_thread_pool_with_globals<rustc_interface[38d8e7298dc9bf29]::interface::run_compiler<core[731c476bbe2eb77e]::result::Result<(), rustc_errors[a667d3b760aec769]::ErrorGuaranteed>, rustc_driver[3a9e58a752c57e0a]::run_compiler::{closure#1}>::{closure#0}, core[731c476bbe2eb77e]::result::Result<(), rustc_errors[a667d3b760aec769]::ErrorGuaranteed>>::{closure#0}::{closure#0}, core[731c476bbe2eb77e]::result::Result<(), rustc_errors[a667d3b760aec769]::ErrorGuaranteed>>
  54:     0x7e14c666e29c - <<std[fe5f4c1edace479]::thread::Builder>::spawn_unchecked_<rustc_interface[38d8e7298dc9bf29]::util::run_in_thread_pool_with_globals<rustc_interface[38d8e7298dc9bf29]::interface::run_compiler<core[731c476bbe2eb77e]::result::Result<(), rustc_errors[a667d3b760aec769]::ErrorGuaranteed>, rustc_driver[3a9e58a752c57e0a]::run_compiler::{closure#1}>::{closure#0}, core[731c476bbe2eb77e]::result::Result<(), rustc_errors[a667d3b760aec769]::ErrorGuaranteed>>::{closure#0}::{closure#0}, core[731c476bbe2eb77e]::result::Result<(), rustc_errors[a667d3b760aec769]::ErrorGuaranteed>>::{closure#1} as core[731c476bbe2eb77e]::ops::function::FnOnce<()>>::call_once::{shim:vtable#0}
  55:     0x7e14c804e9d3 - <alloc::boxed::Box<F,A> as core::ops::function::FnOnce<Args>>::call_once::h5b00bc9defbef88c
                               at /rustc/1898c34e923bad763e723c68dd9f23a09f9eb0fc/library/alloc/src/boxed.rs:1987:9
  56:     0x7e14c804e9d3 - <alloc::boxed::Box<F,A> as core::ops::function::FnOnce<Args>>::call_once::hc3b726dad8143273
                               at /rustc/1898c34e923bad763e723c68dd9f23a09f9eb0fc/library/alloc/src/boxed.rs:1987:9
  57:     0x7e14c804e9d3 - std::sys::unix::thread::Thread::new::thread_start::hf9c71b7d57dac377
                               at /rustc/1898c34e923bad763e723c68dd9f23a09f9eb0fc/library/std/src/sys/unix/thread.rs:108:17
  58:     0x7e14c3e94ac3 - start_thread
                               at ./nptl/./nptl/pthread_create.c:442:8
  59:     0x7e14c3f268c0 - __GI___clone3
                               at ./misc/../sysdeps/unix/sysv/linux/x86_64/clone3.S:81
  60:                0x0 - <unknown>

note: the compiler unexpectedly panicked. this is a bug.

note: we would appreciate a bug report: https://github.com/rust-lang/rust/issues/new?labels=C-bug%2C+I-ICE%2C+T-compiler&template=ice.md

note: rustc 1.66.0-nightly (1898c34e9 2022-10-26) running on x86_64-unknown-linux-gnu

note: compiler flags: --crate-type bin -C embed-bitcode=no -C debuginfo=2 -C incremental=[REDACTED]

note: some of the compiler flags provided by cargo are hidden

query stack during panic:
#0 [type_of] computing type of `S::S`
#1 [type_of] computing type of `S`
#2 [collect_mod_item_types] collecting item types in top-level module
#3 [analysis] running analysis passes on this crate
end of query stack
Some errors have detailed explanations: E0107, E0391, E0403.
For more information about an error, try `rustc --explain E0107`.
error: could not compile `bug_103790` due to 4 previous errors
------------------------------------------------------------
Return code: 101
