=== START 2026-01-20 12:44:11 ===
Bug ID: 103899
Toolchain: nightly-2022-11-01
Source: /data/zhangtianrong/projects/rustc-cbl/rustcbugs/103899
Run dir: /data/zhangtianrong/projects/rustc-cbl/run/103899
CMD: rustup run nightly-2022-11-01 cargo build
------------------------------------------------------------
   Compiling bug_103899 v0.1.0 (/data/zhangtianrong/projects/rustc-cbl/run/103899)
thread '<unnamed>' panicked at 'called `Result::unwrap()` on an `Err` value: NoSolution', compiler/rustc_borrowck/src/type_check/liveness/trace.rs:574:88
stack backtrace:
   0:     0x7323fc96ca90 - std::backtrace_rs::backtrace::libunwind::trace::he5712a3b730274ef
                               at /rustc/95a3a7277b44bbd2dd3485703d9a05f64652b60e/library/std/src/../../backtrace/src/backtrace/libunwind.rs:93:5
   1:     0x7323fc96ca90 - std::backtrace_rs::backtrace::trace_unsynchronized::hd4189b91290b2c2f
                               at /rustc/95a3a7277b44bbd2dd3485703d9a05f64652b60e/library/std/src/../../backtrace/src/backtrace/mod.rs:66:5
   2:     0x7323fc96ca90 - std::sys_common::backtrace::_print_fmt::ha91bca0221bb9d27
                               at /rustc/95a3a7277b44bbd2dd3485703d9a05f64652b60e/library/std/src/sys_common/backtrace.rs:65:5
   3:     0x7323fc96ca90 - <std::sys_common::backtrace::_print::DisplayBacktrace as core::fmt::Display>::fmt::h3a771605a410cd0e
                               at /rustc/95a3a7277b44bbd2dd3485703d9a05f64652b60e/library/std/src/sys_common/backtrace.rs:44:22
   4:     0x7323fc9c8b3e - core::fmt::write::hf6163bde4ca91df2
                               at /rustc/95a3a7277b44bbd2dd3485703d9a05f64652b60e/library/core/src/fmt/mod.rs:1209:17
   5:     0x7323fc95cd05 - std::io::Write::write_fmt::hc21ca21bde700bca
                               at /rustc/95a3a7277b44bbd2dd3485703d9a05f64652b60e/library/std/src/io/mod.rs:1682:15
   6:     0x7323fc96c855 - std::sys_common::backtrace::_print::h127bd2c75f8a95ae
                               at /rustc/95a3a7277b44bbd2dd3485703d9a05f64652b60e/library/std/src/sys_common/backtrace.rs:47:5
   7:     0x7323fc96c855 - std::sys_common::backtrace::print::h94a89ffb412ed8a5
                               at /rustc/95a3a7277b44bbd2dd3485703d9a05f64652b60e/library/std/src/sys_common/backtrace.rs:34:9
   8:     0x7323fc96f64f - std::panicking::default_hook::{{closure}}::h28198923484faf54
                               at /rustc/95a3a7277b44bbd2dd3485703d9a05f64652b60e/library/std/src/panicking.rs:267:22
   9:     0x7323fc96f38a - std::panicking::default_hook::h0b7011e510eb6c59
                               at /rustc/95a3a7277b44bbd2dd3485703d9a05f64652b60e/library/std/src/panicking.rs:286:9
  10:     0x7323fc96fe58 - std::panicking::rust_panic_with_hook::h37194ee0814373fe
                               at /rustc/95a3a7277b44bbd2dd3485703d9a05f64652b60e/library/std/src/panicking.rs:688:13
  11:     0x7323fc96fbf7 - std::panicking::begin_panic_handler::{{closure}}::hf046abbc79eadaa2
                               at /rustc/95a3a7277b44bbd2dd3485703d9a05f64652b60e/library/std/src/panicking.rs:579:13
  12:     0x7323fc96cf3c - std::sys_common::backtrace::__rust_end_short_backtrace::h29eb3665d762db8e
                               at /rustc/95a3a7277b44bbd2dd3485703d9a05f64652b60e/library/std/src/sys_common/backtrace.rs:137:18
  13:     0x7323fc96f912 - rust_begin_unwind
                               at /rustc/95a3a7277b44bbd2dd3485703d9a05f64652b60e/library/std/src/panicking.rs:575:5
  14:     0x7323fc9c5523 - core::panicking::panic_fmt::h8dcdd3e0ec3bc834
                               at /rustc/95a3a7277b44bbd2dd3485703d9a05f64652b60e/library/core/src/panicking.rs:65:14
  15:     0x7323fc9c5a93 - core::result::unwrap_failed::h98066b9c4871ea20
                               at /rustc/95a3a7277b44bbd2dd3485703d9a05f64652b60e/library/core/src/result.rs:1791:5
  16:     0x7323fea5c8c9 - rustc_borrowck[f37756c69e569153]::type_check::liveness::trace::trace
  17:     0x7323fea37007 - rustc_borrowck[f37756c69e569153]::type_check::liveness::generate
  18:     0x7323fea325a6 - rustc_borrowck[f37756c69e569153]::type_check::type_check
  19:     0x7323fea1f9ca - rustc_borrowck[f37756c69e569153]::nll::compute_regions
  20:     0x7323fea03be3 - rustc_borrowck[f37756c69e569153]::do_mir_borrowck
  21:     0x7323fe9ea4a6 - rustc_borrowck[f37756c69e569153]::mir_borrowck
  22:     0x7323fe9e9a61 - <rustc_borrowck[f37756c69e569153]::provide::{closure#0} as core[c15216710e8126bf]::ops::function::FnOnce<(rustc_middle[cb3edeb39b9116db]::ty::context::TyCtxt, rustc_span[759c9af19899e022]::def_id::LocalDefId)>>::call_once
  23:     0x7323fec49fc3 - <rustc_query_system[bd4d4e825a4ff1]::dep_graph::graph::DepGraph<rustc_middle[cb3edeb39b9116db]::dep_graph::dep_node::DepKind>>::with_task::<rustc_middle[cb3edeb39b9116db]::ty::context::TyCtxt, rustc_span[759c9af19899e022]::def_id::LocalDefId, &rustc_middle[cb3edeb39b9116db]::mir::query::BorrowCheckResult>
  24:     0x7323fec48e73 - rustc_query_system[bd4d4e825a4ff1]::query::plumbing::try_execute_query::<rustc_query_impl[cec5ee9e849d523b]::plumbing::QueryCtxt, rustc_query_system[bd4d4e825a4ff1]::query::caches::DefaultCache<rustc_span[759c9af19899e022]::def_id::LocalDefId, &rustc_middle[cb3edeb39b9116db]::mir::query::BorrowCheckResult>>
  25:     0x7323fdf26432 - rustc_data_structures[a564991ddbfe0881]::sync::par_for_each_in::<&[rustc_span[759c9af19899e022]::def_id::LocalDefId], <rustc_middle[cb3edeb39b9116db]::hir::map::Map>::par_body_owners<rustc_interface[7177e6a96b985e65]::passes::analysis::{closure#2}::{closure#0}>::{closure#0}>
  26:     0x7323fdf24f0f - <rustc_session[596383e2cdca8ba]::session::Session>::time::<(), rustc_interface[7177e6a96b985e65]::passes::analysis::{closure#2}>
  27:     0x7323fdf22e77 - rustc_interface[7177e6a96b985e65]::passes::analysis
  28:     0x7323ff332fbe - <rustc_query_system[bd4d4e825a4ff1]::dep_graph::graph::DepGraph<rustc_middle[cb3edeb39b9116db]::dep_graph::dep_node::DepKind>>::with_task::<rustc_middle[cb3edeb39b9116db]::ty::context::TyCtxt, (), core[c15216710e8126bf]::result::Result<(), rustc_errors[583989a7de593713]::ErrorGuaranteed>>
  29:     0x7323ff332334 - rustc_query_system[bd4d4e825a4ff1]::query::plumbing::try_execute_query::<rustc_query_impl[cec5ee9e849d523b]::plumbing::QueryCtxt, rustc_query_system[bd4d4e825a4ff1]::query::caches::DefaultCache<(), core[c15216710e8126bf]::result::Result<(), rustc_errors[583989a7de593713]::ErrorGuaranteed>>>
  30:     0x7323ff331db7 - rustc_query_system[bd4d4e825a4ff1]::query::plumbing::get_query::<rustc_query_impl[cec5ee9e849d523b]::queries::analysis, rustc_query_impl[cec5ee9e849d523b]::plumbing::QueryCtxt>
  31:     0x7323fee66aad - <rustc_interface[7177e6a96b985e65]::passes::QueryContext>::enter::<rustc_driver[e7f0e9cf4ae1516a]::run_compiler::{closure#1}::{closure#2}::{closure#3}, core[c15216710e8126bf]::result::Result<(), rustc_errors[583989a7de593713]::ErrorGuaranteed>>
  32:     0x7323fee62f5f - <rustc_interface[7177e6a96b985e65]::interface::Compiler>::enter::<rustc_driver[e7f0e9cf4ae1516a]::run_compiler::{closure#1}::{closure#2}, core[c15216710e8126bf]::result::Result<core[c15216710e8126bf]::option::Option<rustc_interface[7177e6a96b985e65]::queries::Linker>, rustc_errors[583989a7de593713]::ErrorGuaranteed>>
  33:     0x7323fee5aaa2 - rustc_span[759c9af19899e022]::with_source_map::<core[c15216710e8126bf]::result::Result<(), rustc_errors[583989a7de593713]::ErrorGuaranteed>, rustc_interface[7177e6a96b985e65]::interface::run_compiler<core[c15216710e8126bf]::result::Result<(), rustc_errors[583989a7de593713]::ErrorGuaranteed>, rustc_driver[e7f0e9cf4ae1516a]::run_compiler::{closure#1}>::{closure#0}::{closure#1}>
  34:     0x7323fee5a599 - <scoped_tls[2f8df5c9156f8bed]::ScopedKey<rustc_span[759c9af19899e022]::SessionGlobals>>::set::<rustc_interface[7177e6a96b985e65]::interface::run_compiler<core[c15216710e8126bf]::result::Result<(), rustc_errors[583989a7de593713]::ErrorGuaranteed>, rustc_driver[e7f0e9cf4ae1516a]::run_compiler::{closure#1}>::{closure#0}, core[c15216710e8126bf]::result::Result<(), rustc_errors[583989a7de593713]::ErrorGuaranteed>>
  35:     0x7323fee59ba8 - std[98d00e57e6b5d0e8]::sys_common::backtrace::__rust_begin_short_backtrace::<rustc_interface[7177e6a96b985e65]::util::run_in_thread_pool_with_globals<rustc_interface[7177e6a96b985e65]::interface::run_compiler<core[c15216710e8126bf]::result::Result<(), rustc_errors[583989a7de593713]::ErrorGuaranteed>, rustc_driver[e7f0e9cf4ae1516a]::run_compiler::{closure#1}>::{closure#0}, core[c15216710e8126bf]::result::Result<(), rustc_errors[583989a7de593713]::ErrorGuaranteed>>::{closure#0}::{closure#0}, core[c15216710e8126bf]::result::Result<(), rustc_errors[583989a7de593713]::ErrorGuaranteed>>
  36:     0x7323fee598cc - <<std[98d00e57e6b5d0e8]::thread::Builder>::spawn_unchecked_<rustc_interface[7177e6a96b985e65]::util::run_in_thread_pool_with_globals<rustc_interface[7177e6a96b985e65]::interface::run_compiler<core[c15216710e8126bf]::result::Result<(), rustc_errors[583989a7de593713]::ErrorGuaranteed>, rustc_driver[e7f0e9cf4ae1516a]::run_compiler::{closure#1}>::{closure#0}, core[c15216710e8126bf]::result::Result<(), rustc_errors[583989a7de593713]::ErrorGuaranteed>>::{closure#0}::{closure#0}, core[c15216710e8126bf]::result::Result<(), rustc_errors[583989a7de593713]::ErrorGuaranteed>>::{closure#1} as core[c15216710e8126bf]::ops::function::FnOnce<()>>::call_once::{shim:vtable#0}
  37:     0x73240080c053 - <alloc::boxed::Box<F,A> as core::ops::function::FnOnce<Args>>::call_once::hbdd652342be44383
                               at /rustc/95a3a7277b44bbd2dd3485703d9a05f64652b60e/library/alloc/src/boxed.rs:1987:9
  38:     0x73240080c053 - <alloc::boxed::Box<F,A> as core::ops::function::FnOnce<Args>>::call_once::hea29d184fefe698d
                               at /rustc/95a3a7277b44bbd2dd3485703d9a05f64652b60e/library/alloc/src/boxed.rs:1987:9
  39:     0x73240080c053 - std::sys::unix::thread::Thread::new::thread_start::hbaa814e1c113008e
                               at /rustc/95a3a7277b44bbd2dd3485703d9a05f64652b60e/library/std/src/sys/unix/thread.rs:108:17
  40:     0x7323fc694ac3 - start_thread
                               at ./nptl/./nptl/pthread_create.c:442:8
  41:     0x7323fc7268c0 - __GI___clone3
                               at ./misc/../sysdeps/unix/sysv/linux/x86_64/clone3.S:81
  42:                0x0 - <unknown>
error: could not compile `bug_103899`
------------------------------------------------------------
Return code: 101
