=== START 2026-02-01 19:15:37 ===
Bug ID: 104025
Toolchain: nightly-2022-11-05
Source: /data/zhangtianrong/projects/rustc-cbl/rustcbugs/104025
Run dir: /data/zhangtianrong/projects/rustc-cbl/run/104025
CMD: rustup run nightly-2022-11-05 cargo build
------------------------------------------------------------
   Compiling bug_104025 v0.1.0 (/data/zhangtianrong/projects/rustc-cbl/run/104025)
error[E0644]: closure/generator type that references itself
  --> src/main.rs:12:19
   |
12 |     closure_typer(move || {});
   |                   ^^^^^^^^^^ cyclic type of infinite size
   |
   = note: closures cannot capture themselves or take themselves as argument;
           this error may be the result of a recent compiler bug-fix,
           see issue #46062 <https://github.com/rust-lang/rust/issues/46062>
           for more information

For more information about this error, try `rustc --explain E0644`.
error: could not compile `bug_104025` due to previous error
------------------------------------------------------------
Return code: 101
