=== START 2026-01-20 09:33:26 ===
Bug ID: 104312
Toolchain: nightly-2021-04-26
Source: /data/zhangtianrong/projects/rustc-cbl/rustcbugs/104312
Run dir: /data/zhangtianrong/projects/rustc-cbl/run/104312
CMD: rustup run nightly-2021-04-26 cargo build
------------------------------------------------------------
   Compiling bug_104312 v0.1.0 (/data/zhangtianrong/projects/rustc-cbl/run/104312)
error[E0403]: the name `M` is already used for a generic parameter in this item's generic parameters
 --> src/main.rs:1:30
  |
1 | trait Foo<const M: u8, const M: u8 = M> {}
  |                 -            ^ already used
  |                 |
  |                 first use of `M`

error[E0658]: default values for const generic parameters are experimental
 --> src/main.rs:1:36
  |
1 | trait Foo<const M: u8, const M: u8 = M> {}
  |                                    ^^^
  |
  = note: see issue #44580 <https://github.com/rust-lang/rust/issues/44580> for more information
  = help: add `#![feature(const_generics_defaults)]` to the crate attributes to enable

error: internal compiler error: compiler/rustc_middle/src/ty/subst.rs:577:17: const parameter `M/#2` (Const { ty: u8, val: Param(M/#2) }/2) out of range when substituting substs=[(), Const { ty: u8, val: Value(Scalar(0x02)) }]
 --> src/main.rs:2:6
  |
2 | impl Foo<2> for () {}
  |      ^^^^^^

thread 'rustc' panicked at 'Box<Any>', /rustc/3709ae324c9daabbdabe048faa6fbedbeccf27ec/library/std/src/panic.rs:59:5
stack backtrace:
   0:     0x73ed9be94480 - std::backtrace_rs::backtrace::libunwind::trace::hdcf4f90f85129e83
                               at /rustc/3709ae324c9daabbdabe048faa6fbedbeccf27ec/library/std/src/../../backtrace/src/backtrace/libunwind.rs:90:5
   1:     0x73ed9be94480 - std::backtrace_rs::backtrace::trace_unsynchronized::h2669e30cb82f6732
                               at /rustc/3709ae324c9daabbdabe048faa6fbedbeccf27ec/library/std/src/../../backtrace/src/backtrace/mod.rs:66:5
   2:     0x73ed9be94480 - std::sys_common::backtrace::_print_fmt::hfbda19e17f6db318
                               at /rustc/3709ae324c9daabbdabe048faa6fbedbeccf27ec/library/std/src/sys_common/backtrace.rs:67:5
   3:     0x73ed9be94480 - <std::sys_common::backtrace::_print::DisplayBacktrace as core::fmt::Display>::fmt::h1a8751bf59281272
                               at /rustc/3709ae324c9daabbdabe048faa6fbedbeccf27ec/library/std/src/sys_common/backtrace.rs:46:22
   4:     0x73ed9bf0585f - core::fmt::write::h7aa6cd0067dca82a
                               at /rustc/3709ae324c9daabbdabe048faa6fbedbeccf27ec/library/core/src/fmt/mod.rs:1094:17
   5:     0x73ed9be88d85 - std::io::Write::write_fmt::hd7dd3a1df9b6befb
                               at /rustc/3709ae324c9daabbdabe048faa6fbedbeccf27ec/library/std/src/io/mod.rs:1584:15
   6:     0x73ed9be981db - std::sys_common::backtrace::_print::h551e9ec8a9fa8106
                               at /rustc/3709ae324c9daabbdabe048faa6fbedbeccf27ec/library/std/src/sys_common/backtrace.rs:49:5
   7:     0x73ed9be981db - std::sys_common::backtrace::print::ha4b1c5e95fa040b3
                               at /rustc/3709ae324c9daabbdabe048faa6fbedbeccf27ec/library/std/src/sys_common/backtrace.rs:36:9
   8:     0x73ed9be981db - std::panicking::default_hook::{{closure}}::h0b34c9ab7fb9f857
                               at /rustc/3709ae324c9daabbdabe048faa6fbedbeccf27ec/library/std/src/panicking.rs:208:50
   9:     0x73ed9be97cbd - std::panicking::default_hook::h3067e8318decd17a
                               at /rustc/3709ae324c9daabbdabe048faa6fbedbeccf27ec/library/std/src/panicking.rs:225:9
  10:     0x73ed9c6dd27d - rustc_driver::report_ice::h8bc35a5e54cf0d4e
  11:     0x73ed9be988f0 - std::panicking::rust_panic_with_hook::h81b8facc50f34daa
                               at /rustc/3709ae324c9daabbdabe048faa6fbedbeccf27ec/library/std/src/panicking.rs:595:17
  12:     0x73ed9d55417e - std::panicking::begin_panic::{{closure}}::h5c594c3099e906c8
  13:     0x73ed9d554049 - std::sys_common::backtrace::__rust_end_short_backtrace::hae4f25c1b1035fe9
  14:     0x73ed9d554102 - std::panicking::begin_panic::h92d7b0ad00699b67
  15:     0x73ed9d50a900 - std::panic::panic_any::ha0317063da1a69d5
  16:     0x73ed9d509105 - rustc_errors::HandlerInner::span_bug::h0f7edc911d3f672a
  17:     0x73ed9d509f53 - rustc_errors::Handler::span_bug::hd8fbc15438e76ca6
  18:     0x73ed9d5e8aed - rustc_middle::ty::context::tls::with_opt::h67d71acacbb2f7b2
  19:     0x73ed9d5edc30 - rustc_middle::util::bug::opt_span_bug_fmt::h2533ea0dc35d801c
  20:     0x73ed9d5edbfc - rustc_middle::util::bug::span_bug_fmt::h9a8ba851d9100fb1
  21:     0x73ed9e17ec11 - <rustc_middle::ty::subst::SubstFolder as rustc_middle::ty::fold::TypeFolder>::fold_const::h7f9fc16f7eea7eb7
  22:     0x73ed9ca6abad - <T as rustc_middle::ty::subst::Subst>::subst_spanned::h438e33b9c168f783
  23:     0x73ed9e44be39 - <<dyn rustc_typeck::astconv::AstConv>::create_substs_for_ast_path::SubstsForAstPathCtxt as rustc_typeck::astconv::CreateSubstsForGenericArgsCtxt>::inferred_kind::h5d53ab4b67cd13e7
  24:     0x73ed9d90ee6d - <dyn rustc_typeck::astconv::AstConv>::create_substs_for_ast_path::h08c2b05b0a62f0b3
  25:     0x73ed9d911c6b - <dyn rustc_typeck::astconv::AstConv>::create_substs_for_ast_trait_ref::h1e5ad7bdba4b04ab
  26:     0x73ed9e441753 - <dyn rustc_typeck::astconv::AstConv>::ast_path_to_mono_trait_ref::h9d357061761ff741
  27:     0x73ed9e4416cb - <dyn rustc_typeck::astconv::AstConv>::instantiate_mono_trait_ref::h4c4b0b8ed704fd47
  28:     0x73ed9e4cddb7 - rustc_typeck::collect::impl_trait_ref::hb39d389e2134abc6
  29:     0x73ed9e6bd327 - rustc_middle::dep_graph::<impl rustc_query_system::dep_graph::DepKind for rustc_middle::dep_graph::dep_node::DepKind>::with_deps::h26337fed974a9aaa
  30:     0x73ed9db06f56 - rustc_query_system::dep_graph::graph::DepGraph<K>::with_task_impl::h1ec5ffbeec6e7b1a
  31:     0x73ed9dae8a70 - rustc_data_structures::stack::ensure_sufficient_stack::h264b8d3ca8ccd958
  32:     0x73ed9daafcfc - rustc_query_system::query::plumbing::force_query_with_job::h857f536b264e3eaf
  33:     0x73ed9daa63a2 - rustc_query_system::query::plumbing::get_query_impl::hf3246824ccb736af
  34:     0x73ed9db1886a - <rustc_query_impl::Queries as rustc_middle::ty::query::QueryEngine>::impl_trait_ref::h720fd32462abaa43
  35:     0x73ed9d9a1d5d - rustc_typeck::collect::convert_item::h10c5b450af7a80fd
  36:     0x73ed9d99ec58 - <rustc_typeck::collect::CollectItemTypesVisitor as rustc_hir::intravisit::Visitor>::visit_item::h3895e2826e553300
  37:     0x73ed9d984c8d - rustc_middle::hir::map::Map::visit_item_likes_in_module::h0faf72206fe7a31c
  38:     0x73ed9e4c7772 - rustc_typeck::collect::collect_mod_item_types::hcddad546d83a1f6e
  39:     0x73ed9e6bcd5c - rustc_middle::dep_graph::<impl rustc_query_system::dep_graph::DepKind for rustc_middle::dep_graph::dep_node::DepKind>::with_deps::h211b6d3b7f5bae76
  40:     0x73ed9db102ce - rustc_query_system::dep_graph::graph::DepGraph<K>::with_task_impl::hc4b2fd7b87bf8ded
  41:     0x73ed9daaee7e - rustc_query_system::query::plumbing::force_query_with_job::h6a46056dcab7224b
  42:     0x73ed9da7ed24 - rustc_query_system::query::plumbing::get_query_impl::h372a567531ca4c6f
  43:     0x73ed9e6af9ed - <rustc_query_impl::Queries as rustc_middle::ty::query::QueryEngine>::collect_mod_item_types::hb7af488dd49f8544
  44:     0x73ed9e4321ee - rustc_session::session::Session::track_errors::h018d1b5153e624e5
  45:     0x73ed9e46859d - rustc_typeck::check_crate::h94f0ca08944dc8ff
  46:     0x73ed9e1ffc3d - rustc_interface::passes::analysis::hd5ac31040f53a69b
  47:     0x73ed9cdc8b1a - rustc_middle::dep_graph::<impl rustc_query_system::dep_graph::DepKind for rustc_middle::dep_graph::dep_node::DepKind>::with_deps::hf60de661605b5623
  48:     0x73ed9e691818 - rustc_query_system::dep_graph::graph::DepGraph<K>::with_task_impl::h2df1aabf2d2671a7
  49:     0x73ed9e608857 - rustc_data_structures::stack::ensure_sufficient_stack::h219e3f3ae77528e1
  50:     0x73ed9e5aa6d1 - rustc_query_system::query::plumbing::force_query_with_job::h091c05ae70f452e6
  51:     0x73ed9e575d73 - rustc_query_system::query::plumbing::get_query_impl::h6dda0d4814804c64
  52:     0x73ed9e6add3f - <rustc_query_impl::Queries as rustc_middle::ty::query::QueryEngine>::analysis::h1f41c15d7c7a398d
  53:     0x73ed9e1e033a - rustc_interface::passes::QueryContext::enter::h45323040f32afcbe
  54:     0x73ed9e1c5295 - rustc_interface::queries::<impl rustc_interface::interface::Compiler>::enter::h724400ac5ffcdd64
  55:     0x73ed9e1c4224 - rustc_span::with_source_map::h07c07459e999f3c9
  56:     0x73ed9e1c6261 - rustc_interface::interface::create_compiler_and_run::h83442de2b4cadf7a
  57:     0x73ed9e1df888 - scoped_tls::ScopedKey<T>::set::hb23c9cb7764fa643
  58:     0x73ed9e1dfda3 - std::sys_common::backtrace::__rust_begin_short_backtrace::h81398fdbb964f101
  59:     0x73ed9e1e35c5 - core::ops::function::FnOnce::call_once{{vtable.shim}}::hc030ad45e4e8f0df
  60:     0x73ed9bea7397 - <alloc::boxed::Box<F,A> as core::ops::function::FnOnce<Args>>::call_once::h3aa31cb6360b59d9
                               at /rustc/3709ae324c9daabbdabe048faa6fbedbeccf27ec/library/alloc/src/boxed.rs:1546:9
  61:     0x73ed9bea7397 - <alloc::boxed::Box<F,A> as core::ops::function::FnOnce<Args>>::call_once::h7719d3c7c5841461
                               at /rustc/3709ae324c9daabbdabe048faa6fbedbeccf27ec/library/alloc/src/boxed.rs:1546:9
  62:     0x73ed9bea7397 - std::sys::unix::thread::Thread::new::thread_start::hfbe13ead469fd0bc
                               at /rustc/3709ae324c9daabbdabe048faa6fbedbeccf27ec/library/std/src/sys/unix/thread.rs:71:17
  63:     0x73ed9ba94ac3 - <unknown>
  64:     0x73ed9bb268c0 - <unknown>
  65:                0x0 - <unknown>

note: the compiler unexpectedly panicked. this is a bug.

note: we would appreciate a bug report: https://github.com/rust-lang/rust/issues/new?labels=C-bug%2C+I-ICE%2C+T-compiler&template=ice.md

note: rustc 1.53.0-nightly (3709ae324 2021-04-25) running on x86_64-unknown-linux-gnu

note: compiler flags: -C embed-bitcode=no -C debuginfo=2 -C incremental --crate-type bin

note: some of the compiler flags provided by cargo are hidden

query stack during panic:
#0 [impl_trait_ref] computing trait implemented by `<impl at src/main.rs:2:1: 2:22>`
#1 [collect_mod_item_types] collecting item types in top-level module
#2 [analysis] running analysis passes on this crate
end of query stack
error: aborting due to 3 previous errors

Some errors have detailed explanations: E0403, E0658.
For more information about an error, try `rustc --explain E0403`.
error: could not compile `bug_104312`

To learn more, run the command again with --verbose.
------------------------------------------------------------
Return code: 101
