=== START 2026-02-01 18:40:47 ===
Bug ID: 104763
Toolchain: nightly-2022-11-22
Source: /data/zhangtianrong/projects/rustc-cbl/rustcbugs/104763
Run dir: /data/zhangtianrong/projects/rustc-cbl/run/104763
CMD: rustup run nightly-2022-11-22 cargo build
------------------------------------------------------------
   Compiling bug_104763 v0.1.0 (/data/zhangtianrong/projects/rustc-cbl/run/104763)
warning: function `test` is never used
 --> src/main.rs:9:4
  |
9 | fn test<T>() {
  |    ^^^^
  |
  = note: `#[warn(dead_code)]` on by default

warning: path statement with no effect
  --> src/main.rs:10:5
   |
10 |     <&'static T>::TRAIT;
   |     ^^^^^^^^^^^^^^^^^^^^
   |
   = note: `#[warn(path_statements)]` on by default

warning: `bug_104763` (bin "bug_104763") generated 2 warnings
    Finished dev [unoptimized + debuginfo] target(s) in 0.51s
------------------------------------------------------------
Return code: 0
