=== START 2026-01-18 18:02:32 ===
Bug ID: 104736
Toolchain: nightly-2023-08-03
Source: /data/zhangtianrong/projects/rustc-cbl/rustcbugs/104736
Run dir: /data/zhangtianrong/projects/rustc-cbl/run/104736
CMD: rustup run nightly-2023-08-03 cargo build RUSTFLAGS='-Zvalidate-mir -Zmir-opt-level=3 -Zprint-mono-items=eager'
------------------------------------------------------------
   Compiling bug_104736 v0.1.0 (/data/zhangtianrong/projects/rustc-cbl/run/104736)
warning: function `no_unwind` is never used
  --> src/main.rs:12:4
   |
12 | fn no_unwind() {}
   |    ^^^^^^^^^
   |
   = note: `#[warn(dead_code)]` on by default

warning: function `weird_temporary` is never used
  --> src/main.rs:14:4
   |
14 | fn weird_temporary(a: A, b: B, nothing: ((), (), ()), x: bool) -> ((), (), ()) {
   |    ^^^^^^^^^^^^^^^

MONO_ITEM fn <() as std::process::Termination>::report @@ 2gst2ylmks395s5w[External]
MONO_ITEM fn <A as std::ops::Drop>::drop @@ 4obdbv52yxu5g7cg[Internal]
MONO_ITEM fn <B as std::ops::Drop>::drop @@ 4obdbv52yxu5g7cg[Internal]
MONO_ITEM fn <[closure@std::rt::lang_start<()>::{closure#0}] as std::ops::FnOnce<()>>::call_once - shim @@ 4obdbv52yxu5g7cg[Internal]
MONO_ITEM fn <[closure@std::rt::lang_start<()>::{closure#0}] as std::ops::FnOnce<()>>::call_once - shim(vtable) @@ 4obdbv52yxu5g7cg[External]
MONO_ITEM fn <fn() as std::ops::FnOnce<()>>::call_once - shim(fn()) @@ 4obdbv52yxu5g7cg[External]
MONO_ITEM fn main @@ 52woactztfpxqrx6[Internal]
MONO_ITEM fn no_unwind @@
MONO_ITEM fn std::ptr::drop_in_place::<A> - shim(Some(A)) @@ 4obdbv52yxu5g7cg[External]
MONO_ITEM fn std::ptr::drop_in_place::<B> - shim(Some(B)) @@ 4obdbv52yxu5g7cg[External]
MONO_ITEM fn std::ptr::drop_in_place::<[closure@std::rt::lang_start<()>::{closure#0}]> - shim(None) @@ 4obdbv52yxu5g7cg[External]
MONO_ITEM fn std::rt::lang_start::<()> @@ 4v1js5l7z64lxulr[External]
MONO_ITEM fn std::rt::lang_start::<()>::{closure#0} @@ 4v1js5l7z64lxulr[External]
MONO_ITEM fn std::sys_common::backtrace::__rust_begin_short_backtrace::<fn(), ()> @@ 4zlweh3mf46uftam[External]
MONO_ITEM fn weird_temporary @@ 52woactztfpxqrx6[Internal]
warning: error finalizing incremental compilation session directory `/data/zhangtianrong/projects/rustc-cbl/run/104736/target/debug/incremental/bug_104736-2bbto2rx4jm9z/s-heynljhtp9-s9uwnk-working`: No such file or directory (os error 2)

error: internal compiler error: no errors encountered even though `delay_span_bug` issued

error: internal compiler error: broken MIR in Item(DefId(0:12 ~ bug_104736[9835]::weird_temporary)) (after pass Inline) at bb11[0]:
                                use of local _10, which has no storage here
  --> src/main.rs:29:1
   |
29 | }
   | ^
   |
note: delayed at compiler/rustc_const_eval/src/transform/validate.rs:274:22
         0: <rustc_errors::HandlerInner>::emit_diagnostic
         1: <rustc_errors::Handler>::delay_span_bug::<rustc_span::span_encoding::Span, alloc::string::String>
         2: <rustc_const_eval::transform::validate::CfgChecker>::fail::<alloc::string::String>
         3: <rustc_const_eval::transform::validate::CfgChecker as rustc_middle::mir::visit::Visitor>::visit_terminator
         4: <rustc_const_eval::transform::validate::Validator as rustc_middle::mir::MirPass>::run_pass
         5: rustc_mir_transform::pass_manager::validate_body
         6: rustc_mir_transform::pass_manager::run_passes
         7: rustc_mir_transform::optimized_mir
         8: rustc_query_impl::plumbing::__rust_begin_short_backtrace::<rustc_query_impl::query_impl::optimized_mir::dynamic_query::{closure#2}::{closure#0}, rustc_middle::query::erase::Erased<[u8; 8]>>
         9: <rustc_query_impl::query_impl::optimized_mir::dynamic_query::{closure#2} as core::ops::function::FnOnce<(rustc_middle::ty::context::TyCtxt, rustc_span::def_id::DefId)>>::call_once
        10: rustc_query_system::query::plumbing::try_execute_query::<rustc_query_impl::DynamicConfig<rustc_query_system::query::caches::DefaultCache<rustc_span::def_id::DefId, rustc_middle::query::erase::Erased<[u8; 8]>>, false, false, false>, rustc_query_impl::plumbing::QueryCtxt, true>
        11: rustc_query_impl::query_impl::optimized_mir::get_query_incr::__rust_end_short_backtrace
        12: <rustc_middle::ty::context::TyCtxt>::instance_mir
        13: rustc_monomorphize::collector::collect_used_items
        14: rustc_monomorphize::collector::collect_items_rec
        15: rustc_data_structures::sync::par_for_each_in::<alloc::vec::Vec<rustc_middle::mir::mono::MonoItem>, rustc_monomorphize::collector::collect_crate_mono_items::{closure#1}::{closure#0}>
        16: <rustc_session::session::Session>::time::<(), rustc_monomorphize::collector::collect_crate_mono_items::{closure#1}>
        17: rustc_monomorphize::collector::collect_crate_mono_items
        18: rustc_monomorphize::partitioning::collect_and_partition_mono_items
        19: rustc_query_impl::plumbing::__rust_begin_short_backtrace::<rustc_query_impl::query_impl::collect_and_partition_mono_items::dynamic_query::{closure#2}::{closure#0}, rustc_middle::query::erase::Erased<[u8; 24]>>
        20: <rustc_query_impl::query_impl::collect_and_partition_mono_items::dynamic_query::{closure#2} as core::ops::function::FnOnce<(rustc_middle::ty::context::TyCtxt, ())>>::call_once
        21: rustc_query_system::query::plumbing::try_execute_query::<rustc_query_impl::DynamicConfig<rustc_query_system::query::caches::SingleCache<rustc_middle::query::erase::Erased<[u8; 24]>>, false, false, false>, rustc_query_impl::plumbing::QueryCtxt, true>
        22: rustc_query_impl::query_impl::collect_and_partition_mono_items::get_query_incr::__rust_end_short_backtrace
        23: rustc_codegen_ssa::base::codegen_crate::<rustc_codegen_llvm::LlvmCodegenBackend>
        24: <rustc_codegen_llvm::LlvmCodegenBackend as rustc_codegen_ssa::traits::backend::CodegenBackend>::codegen_crate
        25: <rustc_session::session::Session>::time::<alloc::boxed::Box<dyn core::any::Any>, rustc_interface::passes::start_codegen::{closure#0}>
        26: rustc_interface::passes::start_codegen
        27: <rustc_middle::ty::context::GlobalCtxt>::enter::<<rustc_interface::queries::Queries>::ongoing_codegen::{closure#0}, core::result::Result<alloc::boxed::Box<dyn core::any::Any>, rustc_span::ErrorGuaranteed>>
        28: <rustc_interface::interface::Compiler>::enter::<rustc_driver_impl::run_compiler::{closure#1}::{closure#2}, core::result::Result<core::option::Option<rustc_interface::queries::Linker>, rustc_span::ErrorGuaranteed>>
        29: std::sys_common::backtrace::__rust_begin_short_backtrace::<rustc_interface::util::run_in_thread_pool_with_globals<rustc_interface::interface::run_compiler<core::result::Result<(), rustc_span::ErrorGuaranteed>, rustc_driver_impl::run_compiler::{closure#1}>::{closure#0}, core::result::Result<(), rustc_span::ErrorGuaranteed>>::{closure#0}::{closure#0}, core::result::Result<(), rustc_span::ErrorGuaranteed>>
        30: <<std::thread::Builder>::spawn_unchecked_<rustc_interface::util::run_in_thread_pool_with_globals<rustc_interface::interface::run_compiler<core::result::Result<(), rustc_span::ErrorGuaranteed>, rustc_driver_impl::run_compiler::{closure#1}>::{closure#0}, core::result::Result<(), rustc_span::ErrorGuaranteed>>::{closure#0}::{closure#0}, core::result::Result<(), rustc_span::ErrorGuaranteed>>::{closure#1} as core::ops::function::FnOnce<()>>::call_once::{shim:vtable#0}
        31: <alloc::boxed::Box<F,A> as core::ops::function::FnOnce<Args>>::call_once
                   at /rustc/8131b9774ebcb6c162fcac71545a13543ec369e7/library/alloc/src/boxed.rs:2007:9
        32: <alloc::boxed::Box<F,A> as core::ops::function::FnOnce<Args>>::call_once
                   at /rustc/8131b9774ebcb6c162fcac71545a13543ec369e7/library/alloc/src/boxed.rs:2007:9
        33: std::sys::unix::thread::Thread::new::thread_start
                   at /rustc/8131b9774ebcb6c162fcac71545a13543ec369e7/library/std/src/sys/unix/thread.rs:108:17
        34: start_thread
                   at ./nptl/pthread_create.c:442:8
        35: __GI___clone3
                   at ./misc/../sysdeps/unix/sysv/linux/x86_64/clone3.S:81
  --> src/main.rs:29:1
   |
29 | }
   | ^

error: internal compiler error: broken MIR in Item(DefId(0:12 ~ bug_104736[9835]::weird_temporary)) (before pass RemoveStorageMarkers) at bb11[0]:
                                use of local _10, which has no storage here
  --> src/main.rs:29:1
   |
29 | }
   | ^
   |
note: delayed at compiler/rustc_const_eval/src/transform/validate.rs:274:22
         0: <rustc_errors::HandlerInner>::emit_diagnostic
         1: <rustc_errors::Handler>::delay_span_bug::<rustc_span::span_encoding::Span, alloc::string::String>
         2: <rustc_const_eval::transform::validate::CfgChecker>::fail::<alloc::string::String>
         3: <rustc_const_eval::transform::validate::CfgChecker as rustc_middle::mir::visit::Visitor>::visit_terminator
         4: <rustc_const_eval::transform::validate::Validator as rustc_middle::mir::MirPass>::run_pass
         5: rustc_mir_transform::pass_manager::validate_body
         6: rustc_mir_transform::pass_manager::run_passes
         7: rustc_mir_transform::optimized_mir
         8: rustc_query_impl::plumbing::__rust_begin_short_backtrace::<rustc_query_impl::query_impl::optimized_mir::dynamic_query::{closure#2}::{closure#0}, rustc_middle::query::erase::Erased<[u8; 8]>>
         9: <rustc_query_impl::query_impl::optimized_mir::dynamic_query::{closure#2} as core::ops::function::FnOnce<(rustc_middle::ty::context::TyCtxt, rustc_span::def_id::DefId)>>::call_once
        10: rustc_query_system::query::plumbing::try_execute_query::<rustc_query_impl::DynamicConfig<rustc_query_system::query::caches::DefaultCache<rustc_span::def_id::DefId, rustc_middle::query::erase::Erased<[u8; 8]>>, false, false, false>, rustc_query_impl::plumbing::QueryCtxt, true>
        11: rustc_query_impl::query_impl::optimized_mir::get_query_incr::__rust_end_short_backtrace
        12: <rustc_middle::ty::context::TyCtxt>::instance_mir
        13: rustc_monomorphize::collector::collect_used_items
        14: rustc_monomorphize::collector::collect_items_rec
        15: rustc_data_structures::sync::par_for_each_in::<alloc::vec::Vec<rustc_middle::mir::mono::MonoItem>, rustc_monomorphize::collector::collect_crate_mono_items::{closure#1}::{closure#0}>
        16: <rustc_session::session::Session>::time::<(), rustc_monomorphize::collector::collect_crate_mono_items::{closure#1}>
        17: rustc_monomorphize::collector::collect_crate_mono_items
        18: rustc_monomorphize::partitioning::collect_and_partition_mono_items
        19: rustc_query_impl::plumbing::__rust_begin_short_backtrace::<rustc_query_impl::query_impl::collect_and_partition_mono_items::dynamic_query::{closure#2}::{closure#0}, rustc_middle::query::erase::Erased<[u8; 24]>>
        20: <rustc_query_impl::query_impl::collect_and_partition_mono_items::dynamic_query::{closure#2} as core::ops::function::FnOnce<(rustc_middle::ty::context::TyCtxt, ())>>::call_once
        21: rustc_query_system::query::plumbing::try_execute_query::<rustc_query_impl::DynamicConfig<rustc_query_system::query::caches::SingleCache<rustc_middle::query::erase::Erased<[u8; 24]>>, false, false, false>, rustc_query_impl::plumbing::QueryCtxt, true>
        22: rustc_query_impl::query_impl::collect_and_partition_mono_items::get_query_incr::__rust_end_short_backtrace
        23: rustc_codegen_ssa::base::codegen_crate::<rustc_codegen_llvm::LlvmCodegenBackend>
        24: <rustc_codegen_llvm::LlvmCodegenBackend as rustc_codegen_ssa::traits::backend::CodegenBackend>::codegen_crate
        25: <rustc_session::session::Session>::time::<alloc::boxed::Box<dyn core::any::Any>, rustc_interface::passes::start_codegen::{closure#0}>
        26: rustc_interface::passes::start_codegen
        27: <rustc_middle::ty::context::GlobalCtxt>::enter::<<rustc_interface::queries::Queries>::ongoing_codegen::{closure#0}, core::result::Result<alloc::boxed::Box<dyn core::any::Any>, rustc_span::ErrorGuaranteed>>
        28: <rustc_interface::interface::Compiler>::enter::<rustc_driver_impl::run_compiler::{closure#1}::{closure#2}, core::result::Result<core::option::Option<rustc_interface::queries::Linker>, rustc_span::ErrorGuaranteed>>
        29: std::sys_common::backtrace::__rust_begin_short_backtrace::<rustc_interface::util::run_in_thread_pool_with_globals<rustc_interface::interface::run_compiler<core::result::Result<(), rustc_span::ErrorGuaranteed>, rustc_driver_impl::run_compiler::{closure#1}>::{closure#0}, core::result::Result<(), rustc_span::ErrorGuaranteed>>::{closure#0}::{closure#0}, core::result::Result<(), rustc_span::ErrorGuaranteed>>
        30: <<std::thread::Builder>::spawn_unchecked_<rustc_interface::util::run_in_thread_pool_with_globals<rustc_interface::interface::run_compiler<core::result::Result<(), rustc_span::ErrorGuaranteed>, rustc_driver_impl::run_compiler::{closure#1}>::{closure#0}, core::result::Result<(), rustc_span::ErrorGuaranteed>>::{closure#0}::{closure#0}, core::result::Result<(), rustc_span::ErrorGuaranteed>>::{closure#1} as core::ops::function::FnOnce<()>>::call_once::{shim:vtable#0}
        31: <alloc::boxed::Box<F,A> as core::ops::function::FnOnce<Args>>::call_once
                   at /rustc/8131b9774ebcb6c162fcac71545a13543ec369e7/library/alloc/src/boxed.rs:2007:9
        32: <alloc::boxed::Box<F,A> as core::ops::function::FnOnce<Args>>::call_once
                   at /rustc/8131b9774ebcb6c162fcac71545a13543ec369e7/library/alloc/src/boxed.rs:2007:9
        33: std::sys::unix::thread::Thread::new::thread_start
                   at /rustc/8131b9774ebcb6c162fcac71545a13543ec369e7/library/std/src/sys/unix/thread.rs:108:17
        34: start_thread
                   at ./nptl/pthread_create.c:442:8
        35: __GI___clone3
                   at ./misc/../sysdeps/unix/sysv/linux/x86_64/clone3.S:81
  --> src/main.rs:29:1
   |
29 | }
   | ^

note: we would appreciate a bug report: https://github.com/rust-lang/rust/issues/new?labels=C-bug%2C+I-ICE%2C+T-compiler&template=ice.md

note: please attach the file at `/data/zhangtianrong/projects/rustc-cbl/run/104736/rustc-ice-2026-01-18T10:02:32.170145405Z-4019827.txt` to your bug report

note: compiler flags: --crate-type bin -C embed-bitcode=no -C debuginfo=2 -C incremental=[REDACTED] -Z validate-mir -Z mir-opt-level=3 -Z print-mono-items=eager

note: some of the compiler flags provided by cargo are hidden

query stack during panic:
end of query stack
warning: `bug_104736` (bin "bug_104736") generated 3 warnings
error: could not compile `bug_104736` (bin "bug_104736"); 3 warnings emitted
------------------------------------------------------------
Return code: 101
