=== START 2026-01-18 17:54:58 ===
Bug ID: 104843
Toolchain: nightly-2022-10-20
Source: /data/zhangtianrong/projects/rustc-cbl/rustcbugs/104843
Run dir: /data/zhangtianrong/projects/rustc-cbl/run/104843
CMD: rustup run nightly-2022-10-20 cargo build --release
------------------------------------------------------------
   Compiling bug_104843 v0.1.0 (/data/zhangtianrong/projects/rustc-cbl/run/104843)
error: internal compiler error: no errors encountered even though `delay_span_bug` issued

error: internal compiler error: broken MIR in Item(WithOptConstParam { did: DefId(0:9 ~ bug_104843[7498]::main), const_param_did: None }) (after pass PhaseChange-Runtime(Optimized)) at bb3[0]:
                                use of local _1, which has no storage here
  --> src/main.rs:21:1
   |
21 | }
   | ^
   |
   = note: delayed at compiler/rustc_const_eval/src/transform/validate.rs:128:36

error: internal compiler error: broken MIR in Item(WithOptConstParam { did: DefId(0:9 ~ bug_104843[7498]::main), const_param_did: None }) (after pass PhaseChange-Runtime(Optimized)) at bb4[0]:
                                use of local _1, which has no storage here
  --> src/main.rs:21:1
   |
21 | }
   | ^
   |
   = note: delayed at compiler/rustc_const_eval/src/transform/validate.rs:128:36

thread 'rustc' panicked at 'Box<dyn Any>', compiler/rustc_errors/src/lib.rs:1550:13
stack backtrace:
   0:     0x70fe53b6c6e0 - std::backtrace_rs::backtrace::libunwind::trace::h2119464896b45b57
                               at /rustc/4b8f4319954ff2642690b9e5cbe4af352d095bf6/library/std/src/../../backtrace/src/backtrace/mod.rs:66:5
   1:     0x70fe53b6c6e0 - std::backtrace_rs::backtrace::trace_unsynchronized::h99b1d9b13310118f
                               at /rustc/4b8f4319954ff2642690b9e5cbe4af352d095bf6/library/std/src/../../backtrace/src/backtrace/mod.rs:66:5
   2:     0x70fe53b6c6e0 - std::sys_common::backtrace::_print_fmt::hbe6d08ff752ef116
                               at /rustc/4b8f4319954ff2642690b9e5cbe4af352d095bf6/library/std/src/sys_common/backtrace.rs:65:5
   3:     0x70fe53b6c6e0 - <std::sys_common::backtrace::_print::DisplayBacktrace as core::fmt::Display>::fmt::h6dd4a5ce328f2e15
                               at /rustc/4b8f4319954ff2642690b9e5cbe4af352d095bf6/library/std/src/sys_common/backtrace.rs:44:22
   4:     0x70fe53bc85fe - core::fmt::write::h4593006cca976c9b
                               at /rustc/4b8f4319954ff2642690b9e5cbe4af352d095bf6/library/core/src/fmt/mod.rs:1209:17
   5:     0x70fe53b5c855 - std::io::Write::write_fmt::h75d064e88170c1b4
                               at /rustc/4b8f4319954ff2642690b9e5cbe4af352d095bf6/library/std/src/io/mod.rs:1682:15
   6:     0x70fe53b6c4a5 - std::sys_common::backtrace::_print::hfe138f63dad5fb4c
                               at /rustc/4b8f4319954ff2642690b9e5cbe4af352d095bf6/library/std/src/sys_common/backtrace.rs:47:5
   7:     0x70fe53b6c4a5 - std::sys_common::backtrace::print::he836ff7168a1f810
                               at /rustc/4b8f4319954ff2642690b9e5cbe4af352d095bf6/library/std/src/sys_common/backtrace.rs:34:9
   8:     0x70fe53b6f2af - std::panicking::default_hook::{{closure}}::h4a0ff709ff17404d
                               at /rustc/4b8f4319954ff2642690b9e5cbe4af352d095bf6/library/std/src/panicking.rs:267:22
   9:     0x70fe53b6efea - std::panicking::default_hook::h45465b3e5f51d8d9
                               at /rustc/4b8f4319954ff2642690b9e5cbe4af352d095bf6/library/std/src/panicking.rs:286:9
  10:     0x70fe564a1811 - <rustc_driver[2feadf6a045f69f8]::DEFAULT_HOOK::{closure#0}::{closure#0} as core[b141a5f448cbfdbc]::ops::function::FnOnce<(&core[b141a5f448cbfdbc]::panic::panic_info::PanicInfo,)>>::call_once::{shim:vtable#0}
  11:     0x70fe53b6fad9 - <alloc::boxed::Box<F,A> as core::ops::function::Fn<Args>>::call::h2f9ca2b8279bca39
                               at /rustc/4b8f4319954ff2642690b9e5cbe4af352d095bf6/library/alloc/src/boxed.rs:2001:9
  12:     0x70fe53b6fad9 - std::panicking::rust_panic_with_hook::he67ffd9c867b0e23
                               at /rustc/4b8f4319954ff2642690b9e5cbe4af352d095bf6/library/std/src/panicking.rs:692:13
  13:     0x70fe575cf7e1 - std[5adef4932411bbc2]::panicking::begin_panic::<rustc_errors[3c325fb77ff98e3b]::ExplicitBug>::{closure#0}
  14:     0x70fe575cdf56 - std[5adef4932411bbc2]::sys_common::backtrace::__rust_end_short_backtrace::<std[5adef4932411bbc2]::panicking::begin_panic<rustc_errors[3c325fb77ff98e3b]::ExplicitBug>::{closure#0}, !>
  15:     0x70fe575c7b66 - std[5adef4932411bbc2]::panicking::begin_panic::<rustc_errors[3c325fb77ff98e3b]::ExplicitBug>
  16:     0x70fe575ca1d6 - std[5adef4932411bbc2]::panic::panic_any::<rustc_errors[3c325fb77ff98e3b]::ExplicitBug>
  17:     0x70fe55fa2311 - <rustc_errors[3c325fb77ff98e3b]::HandlerInner>::flush_delayed::<alloc[7894da9ceb74614d]::vec::Vec<rustc_errors[3c325fb77ff98e3b]::diagnostic::Diagnostic>, &str>
  18:     0x70fe55fa1712 - <rustc_errors[3c325fb77ff98e3b]::HandlerInner as core[b141a5f448cbfdbc]::ops::drop::Drop>::drop
  19:     0x70fe551ef0b8 - core[b141a5f448cbfdbc]::ptr::drop_in_place::<rustc_session[407507c50234e03]::parse::ParseSess>
  20:     0x70fe551dbfe8 - core[b141a5f448cbfdbc]::ptr::drop_in_place::<rustc_session[407507c50234e03]::session::Session>
  21:     0x70fe551dbd09 - core[b141a5f448cbfdbc]::ptr::drop_in_place::<rustc_interface[a32f49e72690e02b]::interface::Compiler>
  22:     0x70fe551db097 - rustc_span[f76be64242de1050]::with_source_map::<core[b141a5f448cbfdbc]::result::Result<(), rustc_errors[3c325fb77ff98e3b]::ErrorGuaranteed>, rustc_interface[a32f49e72690e02b]::interface::run_compiler<core[b141a5f448cbfdbc]::result::Result<(), rustc_errors[3c325fb77ff98e3b]::ErrorGuaranteed>, rustc_driver[2feadf6a045f69f8]::run_compiler::{closure#1}>::{closure#0}::{closure#1}>
  23:     0x70fe551da8a2 - <scoped_tls[98436e20d4fee4d6]::ScopedKey<rustc_span[f76be64242de1050]::SessionGlobals>>::set::<rustc_interface[a32f49e72690e02b]::interface::run_compiler<core[b141a5f448cbfdbc]::result::Result<(), rustc_errors[3c325fb77ff98e3b]::ErrorGuaranteed>, rustc_driver[2feadf6a045f69f8]::run_compiler::{closure#1}>::{closure#0}, core[b141a5f448cbfdbc]::result::Result<(), rustc_errors[3c325fb77ff98e3b]::ErrorGuaranteed>>
  24:     0x70fe551d8fcf - std[5adef4932411bbc2]::sys_common::backtrace::__rust_begin_short_backtrace::<rustc_interface[a32f49e72690e02b]::util::run_in_thread_pool_with_globals<rustc_interface[a32f49e72690e02b]::interface::run_compiler<core[b141a5f448cbfdbc]::result::Result<(), rustc_errors[3c325fb77ff98e3b]::ErrorGuaranteed>, rustc_driver[2feadf6a045f69f8]::run_compiler::{closure#1}>::{closure#0}, core[b141a5f448cbfdbc]::result::Result<(), rustc_errors[3c325fb77ff98e3b]::ErrorGuaranteed>>::{closure#0}::{closure#0}, core[b141a5f448cbfdbc]::result::Result<(), rustc_errors[3c325fb77ff98e3b]::ErrorGuaranteed>>
  25:     0x70fe551d8e3f - <<std[5adef4932411bbc2]::thread::Builder>::spawn_unchecked_<rustc_interface[a32f49e72690e02b]::util::run_in_thread_pool_with_globals<rustc_interface[a32f49e72690e02b]::interface::run_compiler<core[b141a5f448cbfdbc]::result::Result<(), rustc_errors[3c325fb77ff98e3b]::ErrorGuaranteed>, rustc_driver[2feadf6a045f69f8]::run_compiler::{closure#1}>::{closure#0}, core[b141a5f448cbfdbc]::result::Result<(), rustc_errors[3c325fb77ff98e3b]::ErrorGuaranteed>>::{closure#0}::{closure#0}, core[b141a5f448cbfdbc]::result::Result<(), rustc_errors[3c325fb77ff98e3b]::ErrorGuaranteed>>::{closure#1} as core[b141a5f448cbfdbc]::ops::function::FnOnce<()>>::call_once::{shim:vtable#0}
  26:     0x70fe53b795f3 - <alloc::boxed::Box<F,A> as core::ops::function::FnOnce<Args>>::call_once::hecb24e4d2d235ab4
                               at /rustc/4b8f4319954ff2642690b9e5cbe4af352d095bf6/library/alloc/src/boxed.rs:1987:9
  27:     0x70fe53b795f3 - <alloc::boxed::Box<F,A> as core::ops::function::FnOnce<Args>>::call_once::h05e0c493dc58e461
                               at /rustc/4b8f4319954ff2642690b9e5cbe4af352d095bf6/library/alloc/src/boxed.rs:1987:9
  28:     0x70fe53b795f3 - std::sys::unix::thread::Thread::new::thread_start::h6913f7fb82d0a425
                               at /rustc/4b8f4319954ff2642690b9e5cbe4af352d095bf6/library/std/src/sys/unix/thread.rs:108:17
  29:     0x70fe53894ac3 - start_thread
                               at ./nptl/./nptl/pthread_create.c:442:8
  30:     0x70fe539268c0 - __GI___clone3
                               at ./misc/../sysdeps/unix/sysv/linux/x86_64/clone3.S:81
  31:                0x0 - <unknown>

note: the compiler unexpectedly panicked. this is a bug.

note: we would appreciate a bug report: https://github.com/rust-lang/rust/issues/new?labels=C-bug%2C+I-ICE%2C+T-compiler&template=ice.md

note: rustc 1.66.0-nightly (4b8f43199 2022-10-19) running on x86_64-unknown-linux-gnu

note: compiler flags: --crate-type bin -C opt-level=3 -C embed-bitcode=no

note: some of the compiler flags provided by cargo are hidden

query stack during panic:
end of query stack
error: could not compile `bug_104843`
------------------------------------------------------------
Return code: 101
