=== START 2026-02-02 19:26:43 ===
Bug ID: 105037
Toolchain: nightly-2022-11-27
Source: /data/zhangtianrong/projects/rustc-cbl/rustcbugs/105037
Run dir: /data/zhangtianrong/projects/rustc-cbl/run/105037
CMD: rustup run nightly-2022-11-27 cargo build
------------------------------------------------------------
   Compiling bug_105037 v0.1.0 (/data/zhangtianrong/projects/rustc-cbl/run/105037)
warning: the feature `generic_const_exprs` is incomplete and may not be safe to use and/or cause compiler crashes
 --> src/main.rs:1:12
  |
1 | #![feature(generic_const_exprs)]
  |            ^^^^^^^^^^^^^^^^^^^
  |
  = note: see issue #76560 <https://github.com/rust-lang/rust/issues/76560> for more information
  = note: `#[warn(incomplete_features)]` on by default

error[E0308]: mismatched types
  --> src/main.rs:28:19
   |
28 |     process_table(Table1::<D>);
   |     ------------- ^^^^^^^^^^^ expected struct `Table2`, found struct `Table1`
   |     |
   |     arguments to this function are incorrect
   |
   = note: expected struct `Table2<D>`
              found struct `Table1<D>`
note: function defined here
  --> src/main.rs:17:4
   |
17 | fn process_table<T: Table<D>, const D: usize>(table: T)
   |    ^^^^^^^^^^^^^                              --------

For more information about this error, try `rustc --explain E0308`.
warning: `bug_105037` (bin "bug_105037") generated 1 warning
error: could not compile `bug_105037` due to previous error; 1 warning emitted
------------------------------------------------------------
Return code: 101
