=== START 2026-01-20 09:27:20 ===
Bug ID: 105205
Toolchain: nightly-2022-12-02
Source: /data/zhangtianrong/projects/rustc-cbl/rustcbugs/105205
Run dir: /data/zhangtianrong/projects/rustc-cbl/run/105205
CMD: rustup run nightly-2022-12-02 cargo build
------------------------------------------------------------
   Compiling bug_105205 v0.1.0 (/data/zhangtianrong/projects/rustc-cbl/run/105205)
error[E0425]: cannot find value `N` in this scope
  --> src/main.rs:26:29
   |
22 | fn substs3<const L: usize>() -> Substs1<{ (L - 1) * 2 }>
   |                  - similarly named const parameter `L` defined here
...
26 |     substs2::<{ Substs1([0; N + 1]) }>()
   |                             ^
   |
help: a const parameter with a similar name exists
   |
26 |     substs2::<{ Substs1([0; L + 1]) }>()
   |                             ~
help: you might be missing a type parameter
   |
22 | fn substs3<const L: usize, N>() -> Substs1<{ (L - 1) * 2 }>
   |                          +++

error: internal compiler error: compiler/rustc_trait_selection/src/traits/wf.rs:481:29: checking wfness of `ConstKind::Expr` is unsupported

thread 'rustc' panicked at 'Box<dyn Any>', /rustc/c090c6880c0183ba248bde4a16e29ba29ac4fbba/compiler/rustc_errors/src/lib.rs:1575:9
stack backtrace:
   0:     0x77d1bc682d4a - std::backtrace_rs::backtrace::libunwind::trace::hec1c9a33ec35a782
                               at /rustc/c090c6880c0183ba248bde4a16e29ba29ac4fbba/library/std/src/../../backtrace/src/backtrace/libunwind.rs:93:5
   1:     0x77d1bc682d4a - std::backtrace_rs::backtrace::trace_unsynchronized::hef44794102f9589c
                               at /rustc/c090c6880c0183ba248bde4a16e29ba29ac4fbba/library/std/src/../../backtrace/src/backtrace/mod.rs:66:5
   2:     0x77d1bc682d4a - std::sys_common::backtrace::_print_fmt::h3d085ebafa3ff4d4
                               at /rustc/c090c6880c0183ba248bde4a16e29ba29ac4fbba/library/std/src/sys_common/backtrace.rs:65:5
   3:     0x77d1bc682d4a - <std::sys_common::backtrace::_print::DisplayBacktrace as core::fmt::Display>::fmt::h1dc483ce0b0acc38
                               at /rustc/c090c6880c0183ba248bde4a16e29ba29ac4fbba/library/std/src/sys_common/backtrace.rs:44:22
   4:     0x77d1b85c920e - core::fmt::write::hdde74b1f9f025400
                               at /rustc/c090c6880c0183ba248bde4a16e29ba29ac4fbba/library/core/src/fmt/mod.rs:1208:17
   5:     0x77d1bc6770b5 - std::io::Write::write_fmt::h93bb2bce537087eb
                               at /rustc/c090c6880c0183ba248bde4a16e29ba29ac4fbba/library/std/src/io/mod.rs:1682:15
   6:     0x77d1bc682b15 - std::sys_common::backtrace::_print::hffbee7406e6f5871
                               at /rustc/c090c6880c0183ba248bde4a16e29ba29ac4fbba/library/std/src/sys_common/backtrace.rs:47:5
   7:     0x77d1bc682b15 - std::sys_common::backtrace::print::ha3e39199dd4aff7e
                               at /rustc/c090c6880c0183ba248bde4a16e29ba29ac4fbba/library/std/src/sys_common/backtrace.rs:34:9
   8:     0x77d1bc684e9f - std::panicking::default_hook::{{closure}}::h9d3052b99dbdb269
                               at /rustc/c090c6880c0183ba248bde4a16e29ba29ac4fbba/library/std/src/panicking.rs:267:22
   9:     0x77d1bc684bdb - std::panicking::default_hook::hf85cde60e828679e
                               at /rustc/c090c6880c0183ba248bde4a16e29ba29ac4fbba/library/std/src/panicking.rs:286:9
  10:     0x77d1bb8c9464 - rustc_driver[daadfd6292eb5d9f]::DEFAULT_HOOK::{closure#0}::{closure#0}
  11:     0x77d1bc68569d - <alloc::boxed::Box<F,A> as core::ops::function::Fn<Args>>::call::hb0bccadcbcd03f3a
                               at /rustc/c090c6880c0183ba248bde4a16e29ba29ac4fbba/library/alloc/src/boxed.rs:2032:9
  12:     0x77d1bc68569d - std::panicking::rust_panic_with_hook::h7bb6b938bd4ce622
                               at /rustc/c090c6880c0183ba248bde4a16e29ba29ac4fbba/library/std/src/panicking.rs:692:13
  13:     0x77d1bbd1eb51 - std[819d5ca3b5620c33]::panicking::begin_panic::<rustc_errors[7f7a26e842223f7b]::ExplicitBug>::{closure#0}
  14:     0x77d1bbd1dbb6 - std[819d5ca3b5620c33]::sys_common::backtrace::__rust_end_short_backtrace::<std[819d5ca3b5620c33]::panicking::begin_panic<rustc_errors[7f7a26e842223f7b]::ExplicitBug>::{closure#0}, !>
  15:     0x77d1bbd7a786 - std[819d5ca3b5620c33]::panicking::begin_panic::<rustc_errors[7f7a26e842223f7b]::ExplicitBug>
  16:     0x77d1bbd1d2c6 - std[819d5ca3b5620c33]::panic::panic_any::<rustc_errors[7f7a26e842223f7b]::ExplicitBug>
  17:     0x77d1bbd1b6f6 - <rustc_errors[7f7a26e842223f7b]::HandlerInner>::bug::<&alloc[22a8e43ef760e53a]::string::String>
  18:     0x77d1bbd1b350 - <rustc_errors[7f7a26e842223f7b]::Handler>::bug::<&alloc[22a8e43ef760e53a]::string::String>
  19:     0x77d1bbde428e - rustc_middle[46c205e3f9247fc2]::ty::context::tls::with_context_opt::<rustc_middle[46c205e3f9247fc2]::ty::context::tls::with_opt<rustc_middle[46c205e3f9247fc2]::util::bug::opt_span_bug_fmt<rustc_span[e9db05e073d6ae0e]::span_encoding::Span>::{closure#0}, ()>::{closure#0}, ()>
  20:     0x77d1bbde6756 - rustc_middle[46c205e3f9247fc2]::util::bug::opt_span_bug_fmt::<rustc_span[e9db05e073d6ae0e]::span_encoding::Span>
  21:     0x77d1ba007cb3 - rustc_middle[46c205e3f9247fc2]::util::bug::bug_fmt
  22:     0x77d1b9f22fc6 - <rustc_trait_selection[397ae88777b610b2]::traits::wf::WfPredicates>::compute
  23:     0x77d1b9fcfd64 - <rustc_trait_selection[397ae88777b610b2]::traits::fulfill::FulfillProcessor as rustc_data_structures[59f892ce3f414ea5]::obligation_forest::ObligationProcessor>::process_obligation
  24:     0x77d1b9fcd13e - <rustc_data_structures[59f892ce3f414ea5]::obligation_forest::ObligationForest<rustc_trait_selection[397ae88777b610b2]::traits::fulfill::PendingPredicateObligation>>::process_obligations::<rustc_trait_selection[397ae88777b610b2]::traits::fulfill::FulfillProcessor>
  25:     0x77d1b9fccbf8 - <rustc_trait_selection[397ae88777b610b2]::traits::fulfill::FulfillmentContext as rustc_infer[48332fa5fa6a99f1]::traits::engine::TraitEngine>::select_where_possible
  26:     0x77d1b9b760f8 - <rustc_hir_typeck[174db6a2c1a7ccb9]::fn_ctxt::FnCtxt>::check_call
  27:     0x77d1b9aeb079 - <rustc_hir_typeck[174db6a2c1a7ccb9]::fn_ctxt::FnCtxt>::check_expr_with_expectation_and_args
  28:     0x77d1b9b3d361 - <rustc_hir_typeck[174db6a2c1a7ccb9]::fn_ctxt::FnCtxt>::check_block_with_expected
  29:     0x77d1b9aeb47d - <rustc_hir_typeck[174db6a2c1a7ccb9]::fn_ctxt::FnCtxt>::check_expr_with_expectation_and_args
  30:     0x77d1b9ae7dd0 - <rustc_hir_typeck[174db6a2c1a7ccb9]::fn_ctxt::FnCtxt>::check_expr_coercable_to_type
  31:     0x77d1bad4e56c - <rustc_hir_typeck[174db6a2c1a7ccb9]::inherited::InheritedBuilder>::enter::<rustc_hir_typeck[174db6a2c1a7ccb9]::typeck_with_fallback<rustc_hir_typeck[174db6a2c1a7ccb9]::typeck_const_arg::{closure#0}>::{closure#0}::{closure#1}, &rustc_middle[46c205e3f9247fc2]::ty::context::TypeckResults>
  32:     0x77d1bad4d335 - rustc_hir_typeck[174db6a2c1a7ccb9]::typeck_const_arg
  33:     0x77d1baeee183 - <rustc_query_system[81284d9f3abc9bae]::dep_graph::graph::DepGraph<rustc_middle[46c205e3f9247fc2]::dep_graph::dep_node::DepKind>>::with_task::<rustc_middle[46c205e3f9247fc2]::ty::context::TyCtxt, (rustc_span[e9db05e073d6ae0e]::def_id::LocalDefId, rustc_span[e9db05e073d6ae0e]::def_id::DefId), &rustc_middle[46c205e3f9247fc2]::ty::context::TypeckResults>
  34:     0x77d1baeecf50 - rustc_query_system[81284d9f3abc9bae]::query::plumbing::try_execute_query::<rustc_query_impl[8e5827c450177fda]::plumbing::QueryCtxt, rustc_query_system[81284d9f3abc9bae]::query::caches::DefaultCache<(rustc_span[e9db05e073d6ae0e]::def_id::LocalDefId, rustc_span[e9db05e073d6ae0e]::def_id::DefId), &rustc_middle[46c205e3f9247fc2]::ty::context::TypeckResults>>
  35:     0x77d1baabb92a - rustc_query_system[81284d9f3abc9bae]::query::plumbing::get_query::<rustc_query_impl[8e5827c450177fda]::queries::typeck_const_arg, rustc_query_impl[8e5827c450177fda]::plumbing::QueryCtxt>
  36:     0x77d1baabb877 - <rustc_query_impl[8e5827c450177fda]::Queries as rustc_middle[46c205e3f9247fc2]::ty::query::QueryEngine>::typeck_const_arg
  37:     0x77d1ba407bfc - rustc_mir_build[cc372544a685ce91]::thir::cx::thir_body
  38:     0x77d1ba58457f - <rustc_query_system[81284d9f3abc9bae]::dep_graph::graph::DepGraph<rustc_middle[46c205e3f9247fc2]::dep_graph::dep_node::DepKind>>::with_task::<rustc_middle[46c205e3f9247fc2]::ty::context::TyCtxt, rustc_middle[46c205e3f9247fc2]::ty::WithOptConstParam<rustc_span[e9db05e073d6ae0e]::def_id::LocalDefId>, core[e5d1a7e8c6989fb6]::result::Result<(&rustc_data_structures[59f892ce3f414ea5]::steal::Steal<rustc_middle[46c205e3f9247fc2]::thir::Thir>, rustc_middle[46c205e3f9247fc2]::thir::ExprId), rustc_errors[7f7a26e842223f7b]::ErrorGuaranteed>>
  39:     0x77d1ba57ba1d - rustc_query_system[81284d9f3abc9bae]::query::plumbing::try_execute_query::<rustc_query_impl[8e5827c450177fda]::plumbing::QueryCtxt, rustc_query_system[81284d9f3abc9bae]::query::caches::DefaultCache<rustc_middle[46c205e3f9247fc2]::ty::WithOptConstParam<rustc_span[e9db05e073d6ae0e]::def_id::LocalDefId>, core[e5d1a7e8c6989fb6]::result::Result<(&rustc_data_structures[59f892ce3f414ea5]::steal::Steal<rustc_middle[46c205e3f9247fc2]::thir::Thir>, rustc_middle[46c205e3f9247fc2]::thir::ExprId), rustc_errors[7f7a26e842223f7b]::ErrorGuaranteed>>>
  40:     0x77d1bb283d0a - <rustc_query_impl[8e5827c450177fda]::Queries as rustc_middle[46c205e3f9247fc2]::ty::query::QueryEngine>::thir_body
  41:     0x77d1bac49e8c - rustc_ty_utils[9d02e7b311ea1653]::consts::thir_abstract_const
  42:     0x77d1bac49d4d - <rustc_ty_utils[9d02e7b311ea1653]::consts::provide::{closure#1} as core[e5d1a7e8c6989fb6]::ops::function::FnOnce<(rustc_middle[46c205e3f9247fc2]::ty::context::TyCtxt, (rustc_span[e9db05e073d6ae0e]::def_id::LocalDefId, rustc_span[e9db05e073d6ae0e]::def_id::DefId))>>::call_once
  43:     0x77d1bad64bd1 - <rustc_query_system[81284d9f3abc9bae]::dep_graph::graph::DepGraph<rustc_middle[46c205e3f9247fc2]::dep_graph::dep_node::DepKind>>::with_task::<rustc_middle[46c205e3f9247fc2]::ty::context::TyCtxt, (rustc_span[e9db05e073d6ae0e]::def_id::LocalDefId, rustc_span[e9db05e073d6ae0e]::def_id::DefId), core[e5d1a7e8c6989fb6]::result::Result<core[e5d1a7e8c6989fb6]::option::Option<rustc_middle[46c205e3f9247fc2]::ty::consts::Const>, rustc_errors[7f7a26e842223f7b]::ErrorGuaranteed>>
  44:     0x77d1bad63aa5 - rustc_query_system[81284d9f3abc9bae]::query::plumbing::try_execute_query::<rustc_query_impl[8e5827c450177fda]::plumbing::QueryCtxt, rustc_query_system[81284d9f3abc9bae]::query::caches::DefaultCache<(rustc_span[e9db05e073d6ae0e]::def_id::LocalDefId, rustc_span[e9db05e073d6ae0e]::def_id::DefId), core[e5d1a7e8c6989fb6]::result::Result<core[e5d1a7e8c6989fb6]::option::Option<rustc_middle[46c205e3f9247fc2]::ty::consts::Const>, rustc_errors[7f7a26e842223f7b]::ErrorGuaranteed>>>
  45:     0x77d1bad6304e - rustc_query_system[81284d9f3abc9bae]::query::plumbing::get_query::<rustc_query_impl[8e5827c450177fda]::queries::thir_abstract_const_of_const_arg, rustc_query_impl[8e5827c450177fda]::plumbing::QueryCtxt>
  46:     0x77d1bad62f87 - <rustc_query_impl[8e5827c450177fda]::Queries as rustc_middle[46c205e3f9247fc2]::ty::query::QueryEngine>::thir_abstract_const_of_const_arg
  47:     0x77d1b991ebfc - <rustc_middle[46c205e3f9247fc2]::ty::context::TyCtxt>::bound_abstract_const
  48:     0x77d1b991e5f8 - <<rustc_middle[46c205e3f9247fc2]::ty::context::TyCtxt>::expand_abstract_consts::Expander as rustc_middle[46c205e3f9247fc2]::ty::fold::TypeFolder>::fold_const
  49:     0x77d1b991e77c - <<rustc_middle[46c205e3f9247fc2]::ty::context::TyCtxt>::expand_abstract_consts::Expander as rustc_middle[46c205e3f9247fc2]::ty::fold::TypeFolder>::fold_const
  50:     0x77d1b9fda115 - <rustc_trait_selection[397ae88777b610b2]::traits::fulfill::FulfillProcessor as rustc_data_structures[59f892ce3f414ea5]::obligation_forest::ObligationProcessor>::process_obligation
  51:     0x77d1b9fcd13e - <rustc_data_structures[59f892ce3f414ea5]::obligation_forest::ObligationForest<rustc_trait_selection[397ae88777b610b2]::traits::fulfill::PendingPredicateObligation>>::process_obligations::<rustc_trait_selection[397ae88777b610b2]::traits::fulfill::FulfillProcessor>
  52:     0x77d1b9b12995 - <rustc_infer[48332fa5fa6a99f1]::infer::InferCtxt>::fudge_inference_if_ok::<core[e5d1a7e8c6989fb6]::option::Option<alloc[22a8e43ef760e53a]::vec::Vec<rustc_middle[46c205e3f9247fc2]::ty::Ty>>, rustc_middle[46c205e3f9247fc2]::ty::error::TypeError, <rustc_hir_typeck[174db6a2c1a7ccb9]::fn_ctxt::FnCtxt>::expected_inputs_for_expected_output::{closure#0}>
  53:     0x77d1b9b9111b - <rustc_hir_typeck[174db6a2c1a7ccb9]::fn_ctxt::FnCtxt>::check_call
  54:     0x77d1b9aeb079 - <rustc_hir_typeck[174db6a2c1a7ccb9]::fn_ctxt::FnCtxt>::check_expr_with_expectation_and_args
  55:     0x77d1b9b3d361 - <rustc_hir_typeck[174db6a2c1a7ccb9]::fn_ctxt::FnCtxt>::check_block_with_expected
  56:     0x77d1b9aeb47d - <rustc_hir_typeck[174db6a2c1a7ccb9]::fn_ctxt::FnCtxt>::check_expr_with_expectation_and_args
  57:     0x77d1b9ad3973 - <rustc_hir_typeck[174db6a2c1a7ccb9]::fn_ctxt::FnCtxt>::check_return_expr
  58:     0x77d1b9acaa0f - rustc_hir_typeck[174db6a2c1a7ccb9]::check::check_fn
  59:     0x77d1b9ab59de - <rustc_hir_typeck[174db6a2c1a7ccb9]::inherited::InheritedBuilder>::enter::<rustc_hir_typeck[174db6a2c1a7ccb9]::typeck_with_fallback<rustc_hir_typeck[174db6a2c1a7ccb9]::typeck::{closure#0}>::{closure#0}::{closure#1}, &rustc_middle[46c205e3f9247fc2]::ty::context::TypeckResults>
  60:     0x77d1b9aa9296 - rustc_hir_typeck[174db6a2c1a7ccb9]::typeck
  61:     0x77d1b9ab2adc - <rustc_query_system[81284d9f3abc9bae]::dep_graph::graph::DepGraph<rustc_middle[46c205e3f9247fc2]::dep_graph::dep_node::DepKind>>::with_task::<rustc_middle[46c205e3f9247fc2]::ty::context::TyCtxt, rustc_span[e9db05e073d6ae0e]::def_id::LocalDefId, &rustc_middle[46c205e3f9247fc2]::ty::context::TypeckResults>
  62:     0x77d1b9aa797a - rustc_query_system[81284d9f3abc9bae]::query::plumbing::try_execute_query::<rustc_query_impl[8e5827c450177fda]::plumbing::QueryCtxt, rustc_query_system[81284d9f3abc9bae]::query::caches::VecCache<rustc_span[e9db05e073d6ae0e]::def_id::LocalDefId, &rustc_middle[46c205e3f9247fc2]::ty::context::TypeckResults>>
  63:     0x77d1bb020405 - rustc_data_structures[59f892ce3f414ea5]::sync::par_for_each_in::<&[rustc_span[e9db05e073d6ae0e]::def_id::LocalDefId], <rustc_middle[46c205e3f9247fc2]::hir::map::Map>::par_body_owners<rustc_hir_typeck[174db6a2c1a7ccb9]::typeck_item_bodies::{closure#0}>::{closure#0}>
  64:     0x77d1bb020143 - rustc_hir_typeck[174db6a2c1a7ccb9]::typeck_item_bodies
  65:     0x77d1baf30f0e - <rustc_query_system[81284d9f3abc9bae]::dep_graph::graph::DepGraph<rustc_middle[46c205e3f9247fc2]::dep_graph::dep_node::DepKind>>::with_task::<rustc_middle[46c205e3f9247fc2]::ty::context::TyCtxt, (), ()>
  66:     0x77d1baf2fc80 - rustc_query_system[81284d9f3abc9bae]::query::plumbing::try_execute_query::<rustc_query_impl[8e5827c450177fda]::plumbing::QueryCtxt, rustc_query_system[81284d9f3abc9bae]::query::caches::DefaultCache<(), ()>>
  67:     0x77d1baf2f600 - rustc_query_system[81284d9f3abc9bae]::query::plumbing::get_query::<rustc_query_impl[8e5827c450177fda]::queries::typeck_item_bodies, rustc_query_impl[8e5827c450177fda]::plumbing::QueryCtxt>
  68:     0x77d1b9c687f2 - <rustc_session[72ee2d53e3941d51]::session::Session>::time::<(), rustc_hir_analysis[652805ad071a7fc]::check_crate::{closure#7}>
  69:     0x77d1b9c675cc - rustc_hir_analysis[652805ad071a7fc]::check_crate
  70:     0x77d1b9c671eb - rustc_interface[163ae487477d9c3c]::passes::analysis
  71:     0x77d1baff60ef - <rustc_query_system[81284d9f3abc9bae]::dep_graph::graph::DepGraph<rustc_middle[46c205e3f9247fc2]::dep_graph::dep_node::DepKind>>::with_task::<rustc_middle[46c205e3f9247fc2]::ty::context::TyCtxt, (), core[e5d1a7e8c6989fb6]::result::Result<(), rustc_errors[7f7a26e842223f7b]::ErrorGuaranteed>>
  72:     0x77d1baff4d97 - rustc_query_system[81284d9f3abc9bae]::query::plumbing::try_execute_query::<rustc_query_impl[8e5827c450177fda]::plumbing::QueryCtxt, rustc_query_system[81284d9f3abc9bae]::query::caches::DefaultCache<(), core[e5d1a7e8c6989fb6]::result::Result<(), rustc_errors[7f7a26e842223f7b]::ErrorGuaranteed>>>
  73:     0x77d1baff47f0 - rustc_query_system[81284d9f3abc9bae]::query::plumbing::get_query::<rustc_query_impl[8e5827c450177fda]::queries::analysis, rustc_query_impl[8e5827c450177fda]::plumbing::QueryCtxt>
  74:     0x77d1baafa47b - <rustc_interface[163ae487477d9c3c]::passes::QueryContext>::enter::<rustc_driver[daadfd6292eb5d9f]::run_compiler::{closure#1}::{closure#2}::{closure#2}, core[e5d1a7e8c6989fb6]::result::Result<(), rustc_errors[7f7a26e842223f7b]::ErrorGuaranteed>>
  75:     0x77d1baaf2a0e - <rustc_interface[163ae487477d9c3c]::interface::Compiler>::enter::<rustc_driver[daadfd6292eb5d9f]::run_compiler::{closure#1}::{closure#2}, core[e5d1a7e8c6989fb6]::result::Result<core[e5d1a7e8c6989fb6]::option::Option<rustc_interface[163ae487477d9c3c]::queries::Linker>, rustc_errors[7f7a26e842223f7b]::ErrorGuaranteed>>
  76:     0x77d1baaeda28 - rustc_span[e9db05e073d6ae0e]::with_source_map::<core[e5d1a7e8c6989fb6]::result::Result<(), rustc_errors[7f7a26e842223f7b]::ErrorGuaranteed>, rustc_interface[163ae487477d9c3c]::interface::run_compiler<core[e5d1a7e8c6989fb6]::result::Result<(), rustc_errors[7f7a26e842223f7b]::ErrorGuaranteed>, rustc_driver[daadfd6292eb5d9f]::run_compiler::{closure#1}>::{closure#0}::{closure#0}>
  77:     0x77d1baaed515 - <scoped_tls[e75e6c3262949904]::ScopedKey<rustc_span[e9db05e073d6ae0e]::SessionGlobals>>::set::<rustc_interface[163ae487477d9c3c]::interface::run_compiler<core[e5d1a7e8c6989fb6]::result::Result<(), rustc_errors[7f7a26e842223f7b]::ErrorGuaranteed>, rustc_driver[daadfd6292eb5d9f]::run_compiler::{closure#1}>::{closure#0}, core[e5d1a7e8c6989fb6]::result::Result<(), rustc_errors[7f7a26e842223f7b]::ErrorGuaranteed>>
  78:     0x77d1baaecb02 - std[819d5ca3b5620c33]::sys_common::backtrace::__rust_begin_short_backtrace::<rustc_interface[163ae487477d9c3c]::util::run_in_thread_pool_with_globals<rustc_interface[163ae487477d9c3c]::interface::run_compiler<core[e5d1a7e8c6989fb6]::result::Result<(), rustc_errors[7f7a26e842223f7b]::ErrorGuaranteed>, rustc_driver[daadfd6292eb5d9f]::run_compiler::{closure#1}>::{closure#0}, core[e5d1a7e8c6989fb6]::result::Result<(), rustc_errors[7f7a26e842223f7b]::ErrorGuaranteed>>::{closure#0}::{closure#0}, core[e5d1a7e8c6989fb6]::result::Result<(), rustc_errors[7f7a26e842223f7b]::ErrorGuaranteed>>
  79:     0x77d1baaec818 - <<std[819d5ca3b5620c33]::thread::Builder>::spawn_unchecked_<rustc_interface[163ae487477d9c3c]::util::run_in_thread_pool_with_globals<rustc_interface[163ae487477d9c3c]::interface::run_compiler<core[e5d1a7e8c6989fb6]::result::Result<(), rustc_errors[7f7a26e842223f7b]::ErrorGuaranteed>, rustc_driver[daadfd6292eb5d9f]::run_compiler::{closure#1}>::{closure#0}, core[e5d1a7e8c6989fb6]::result::Result<(), rustc_errors[7f7a26e842223f7b]::ErrorGuaranteed>>::{closure#0}::{closure#0}, core[e5d1a7e8c6989fb6]::result::Result<(), rustc_errors[7f7a26e842223f7b]::ErrorGuaranteed>>::{closure#1} as core[e5d1a7e8c6989fb6]::ops::function::FnOnce<()>>::call_once::{shim:vtable#0}
  80:     0x77d1bc68c8d3 - <alloc::boxed::Box<F,A> as core::ops::function::FnOnce<Args>>::call_once::hd0b2a5e0dbe3c403
                               at /rustc/c090c6880c0183ba248bde4a16e29ba29ac4fbba/library/alloc/src/boxed.rs:2000:9
  81:     0x77d1bc68c8d3 - <alloc::boxed::Box<F,A> as core::ops::function::FnOnce<Args>>::call_once::h082e01feb1661ff6
                               at /rustc/c090c6880c0183ba248bde4a16e29ba29ac4fbba/library/alloc/src/boxed.rs:2000:9
  82:     0x77d1bc68c8d3 - std::sys::unix::thread::Thread::new::thread_start::hf94610e63e426d69
                               at /rustc/c090c6880c0183ba248bde4a16e29ba29ac4fbba/library/std/src/sys/unix/thread.rs:108:17
  83:     0x77d1b8294ac3 - start_thread
                               at ./nptl/./nptl/pthread_create.c:442:8
  84:     0x77d1b83268c0 - __GI___clone3
                               at ./misc/../sysdeps/unix/sysv/linux/x86_64/clone3.S:81
  85:                0x0 - <unknown>

note: the compiler unexpectedly panicked. this is a bug.

note: we would appreciate a bug report: https://github.com/rust-lang/rust/issues/new?labels=C-bug%2C+I-ICE%2C+T-compiler&template=ice.md

note: rustc 1.67.0-nightly (c090c6880 2022-12-01) running on x86_64-unknown-linux-gnu

note: compiler flags: --crate-type bin -C embed-bitcode=no -C debuginfo=2 -C incremental=[REDACTED]

note: some of the compiler flags provided by cargo are hidden

query stack during panic:
#0 [typeck_const_arg] type-checking the const argument `substs3::{constant#2}`
#1 [thir_body] building THIR for `substs3::{constant#2}`
#2 [thir_abstract_const_of_const_arg] building an abstract representation for the const argument `substs3::{constant#2}`
#3 [typeck] type-checking `substs3`
#4 [typeck_item_bodies] type-checking all item bodies
#5 [analysis] running analysis passes on this crate
end of query stack
For more information about this error, try `rustc --explain E0425`.
error: could not compile `bug_105205` due to previous error
------------------------------------------------------------
Return code: 101
