=== START 2026-01-24 17:28:07 ===
Bug ID: 105498
Toolchain: nightly-2022-12-09
Source: /data/zhangtianrong/projects/rustc-cbl/rustcbugs/105498
Run dir: /data/zhangtianrong/projects/rustc-cbl/run/105498
CMD: rustup run nightly-2022-12-09 cargo build
------------------------------------------------------------
   Compiling bug_105498 v0.1.0 (/data/zhangtianrong/projects/rustc-cbl/run/105498)
error: unconstrained opaque type
 --> src/main.rs:6:22
  |
6 |     type MyStr<'x> = impl Sized + super::Cap<'x>;
  |                      ^^^^^^^^^^^^^^^^^^^^^^^^^^^
  |
  = note: `MyStr` must be used in combination with a concrete type within the same module

error: concrete type differs from previous defining opaque type use
  --> src/main.rs:17:27
   |
17 |         || -> MyStr<'s> { "" }; // inferred ty: &'static str
   |                           ^^ expected `&'x str`, got `&'static str`
   |
note: previous use here
  --> src/main.rs:16:16
   |
16 |         let _: MyStr<'s> = "";  // inferred ty: &'s str
   |                ^^^^^^^^^

error[E0700]: hidden type for `case3::MyStr<'s>` captures lifetime that does not appear in bounds
  --> src/main.rs:25:31
   |
24 |     fn case3<'s>() {
   |              -- hidden type `&'s str` captures the lifetime `'s` as defined here
25 |         |s: &'s str| { let _: MyStr<'s> = s; };
   |                               ^^^^^^^^^

For more information about this error, try `rustc --explain E0700`.
error: could not compile `bug_105498` due to 3 previous errors
------------------------------------------------------------
Return code: 101
