=== START 2026-01-24 17:42:38 ===
Bug ID: 105401
Toolchain: nightly-2022-12-05
Source: /data/zhangtianrong/projects/rustc-cbl/rustcbugs/105401
Run dir: /data/zhangtianrong/projects/rustc-cbl/run/105401
CMD: rustup run nightly-2022-12-05 cargo build
------------------------------------------------------------
   Compiling bug_105401 v0.1.0 (/data/zhangtianrong/projects/rustc-cbl/run/105401)
error[E0644]: closure/generator type that references itself
  --> src/main.rs:50:15
   |
50 |       call(ctx, for<'a, 'b> |c: &'a mut &'b mut usize| -> Ret<'a, 'b> {
   |  _______________^
51 | |         inner += 1;
52 | |         async move { let _c = c; Ok(1usize) }
53 | |     });
   | |_____^ cyclic type of infinite size
   |
   = note: closures cannot capture themselves or take themselves as argument;
           this error may be the result of a recent compiler bug-fix,
           see issue #46062 <https://github.com/rust-lang/rust/issues/46062>
           for more information

For more information about this error, try `rustc --explain E0644`.
error: could not compile `bug_105401` due to previous error
------------------------------------------------------------
Return code: 101
