=== START 2026-01-20 09:15:27 ===
Bug ID: 105608
Toolchain: nightly-2022-12-11
Source: /data/zhangtianrong/projects/rustc-cbl/rustcbugs/105608
Run dir: /data/zhangtianrong/projects/rustc-cbl/run/105608
CMD: rustup run nightly-2022-12-11 cargo build
------------------------------------------------------------
   Compiling bug_105608 v0.1.0 (/data/zhangtianrong/projects/rustc-cbl/run/105608)
error: internal compiler error: no errors encountered even though `delay_span_bug` issued

error: internal compiler error: Missing value for constant, but no error reported?
  --> src/main.rs:13:33
   |
13 |     Combination::<0>.and::<_>().and::<_>();
   |                                 ^^^
   |
   = note: delayed at compiler/rustc_trait_selection/src/traits/const_evaluatable.rs:77:71

error: internal compiler error: `report_selection_error` did not emit an error
  --> src/main.rs:13:33
   |
13 |     Combination::<0>.and::<_>().and::<_>();
   |                                 ^^^
   |
   = note: delayed at compiler/rustc_trait_selection/src/traits/error_reporting/mod.rs:591:22

error: internal compiler error: `ErrorGuaranteed` without an error
  --> src/main.rs:13:33
   |
13 |     Combination::<0>.and::<_>().and::<_>();
   |                                 ^^^
   |
   = note: delayed at compiler/rustc_trait_selection/src/traits/error_reporting/mod.rs:1366:31

error: internal compiler error: expected fullfillment errors
  |
  = note: delayed at compiler/rustc_trait_selection/src/traits/error_reporting/mod.rs:460:23

error: internal compiler error: TyKind::Error constructed but no error reported
  |
  = note: delayed at /rustc/c6fcdb690609769a240fc8ab0de0ce68d5ea7dba/compiler/rustc_middle/src/ty/relate.rs:425:59

error: internal compiler error: TyKind::Error constructed but no error reported
  |
  = note: delayed at compiler/rustc_mir_build/src/build/mod.rs:637:18

error: internal compiler error: broken MIR in DefId(0:11 ~ bug_105608[6600]::trigger_the_ice) ("return type"): bad type [type error]
  --> src/main.rs:12:1
   |
12 | pub fn trigger_the_ice() {
   | ^^^^^^^^^^^^^^^^^^^^^^^^
   |
   = note: delayed at compiler/rustc_borrowck/src/type_check/mod.rs:520:13

error: internal compiler error: TyKind::Error constructed but no error reported
  |
  = note: delayed at compiler/rustc_borrowck/src/type_check/mod.rs:768:20

error: internal compiler error: broken MIR in DefId(0:11 ~ bug_105608[6600]::trigger_the_ice) (LocalDecl { mutability: Mut, local_info: None, internal: false, is_block_tail: None, ty: [type error], user_ty: None, source_info: SourceInfo { span: src/main.rs:12:1: 12:25 (#0), scope: scope[0] } }): bad type [type error]
  --> src/main.rs:12:1
   |
12 | pub fn trigger_the_ice() {
   | ^^^^^^^^^^^^^^^^^^^^^^^^
   |
   = note: delayed at compiler/rustc_borrowck/src/type_check/mod.rs:520:13

thread 'rustc' panicked at 'Box<dyn Any>', compiler/rustc_errors/src/lib.rs:1610:13
stack backtrace:
   0:     0x751381bd061a - std::backtrace_rs::backtrace::libunwind::trace::hc84915c67f6fb1e5
                               at /rustc/c6fcdb690609769a240fc8ab0de0ce68d5ea7dba/library/std/src/../../backtrace/src/backtrace/libunwind.rs:93:5
   1:     0x751381bd061a - std::backtrace_rs::backtrace::trace_unsynchronized::h74fef551999c3a2f
                               at /rustc/c6fcdb690609769a240fc8ab0de0ce68d5ea7dba/library/std/src/../../backtrace/src/backtrace/mod.rs:66:5
   2:     0x751381bd061a - std::sys_common::backtrace::_print_fmt::h8acfd19c1a6f1d1d
                               at /rustc/c6fcdb690609769a240fc8ab0de0ce68d5ea7dba/library/std/src/sys_common/backtrace.rs:65:5
   3:     0x751381bd061a - <std::sys_common::backtrace::_print::DisplayBacktrace as core::fmt::Display>::fmt::h9271b09f3576b7e0
                               at /rustc/c6fcdb690609769a240fc8ab0de0ce68d5ea7dba/library/std/src/sys_common/backtrace.rs:44:22
   4:     0x75137dbc92ee - core::fmt::write::h27d0bbb767cff1d5
                               at /rustc/c6fcdb690609769a240fc8ab0de0ce68d5ea7dba/library/core/src/fmt/mod.rs:1208:17
   5:     0x751381bc4885 - std::io::Write::write_fmt::hc409ea2bb818fbea
                               at /rustc/c6fcdb690609769a240fc8ab0de0ce68d5ea7dba/library/std/src/io/mod.rs:1682:15
   6:     0x751381bd03e5 - std::sys_common::backtrace::_print::hfa031a98cf1e4011
                               at /rustc/c6fcdb690609769a240fc8ab0de0ce68d5ea7dba/library/std/src/sys_common/backtrace.rs:47:5
   7:     0x751381bd03e5 - std::sys_common::backtrace::print::he69ac0980f15620d
                               at /rustc/c6fcdb690609769a240fc8ab0de0ce68d5ea7dba/library/std/src/sys_common/backtrace.rs:34:9
   8:     0x751381bd276f - std::panicking::default_hook::{{closure}}::h014cf704a69dce2b
                               at /rustc/c6fcdb690609769a240fc8ab0de0ce68d5ea7dba/library/std/src/panicking.rs:267:22
   9:     0x751381bd24ab - std::panicking::default_hook::h380e71f8d8d49df7
                               at /rustc/c6fcdb690609769a240fc8ab0de0ce68d5ea7dba/library/std/src/panicking.rs:286:9
  10:     0x751380e1db41 - rustc_driver[94a2f0241de75afa]::DEFAULT_HOOK::{closure#0}::{closure#0}
  11:     0x751381bd2f6d - <alloc::boxed::Box<F,A> as core::ops::function::Fn<Args>>::call::hcfa7e50330911a79
                               at /rustc/c6fcdb690609769a240fc8ab0de0ce68d5ea7dba/library/alloc/src/boxed.rs:2032:9
  12:     0x751381bd2f6d - std::panicking::rust_panic_with_hook::h483f1ef90c766581
                               at /rustc/c6fcdb690609769a240fc8ab0de0ce68d5ea7dba/library/std/src/panicking.rs:692:13
  13:     0x751380e56931 - std[acd1f573e90225f]::panicking::begin_panic::<rustc_errors[56887b15c7ec6fbf]::ExplicitBug>::{closure#0}
  14:     0x751380e55206 - std[acd1f573e90225f]::sys_common::backtrace::__rust_end_short_backtrace::<std[acd1f573e90225f]::panicking::begin_panic<rustc_errors[56887b15c7ec6fbf]::ExplicitBug>::{closure#0}, !>
  15:     0x751380e342b6 - std[acd1f573e90225f]::panicking::begin_panic::<rustc_errors[56887b15c7ec6fbf]::ExplicitBug>
  16:     0x751380e52c66 - std[acd1f573e90225f]::panic::panic_any::<rustc_errors[56887b15c7ec6fbf]::ExplicitBug>
  17:     0x75138033d386 - <rustc_errors[56887b15c7ec6fbf]::HandlerInner>::flush_delayed::<alloc[58cfa59ca61fafa9]::vec::Vec<rustc_errors[56887b15c7ec6fbf]::diagnostic::Diagnostic>, &str>
  18:     0x75138008477c - <rustc_interface[aec886e93b1add3f]::passes::QueryContext>::enter::<<rustc_interface[aec886e93b1add3f]::queries::Queries>::ongoing_codegen::{closure#0}::{closure#0}, core[6d94cc961ac87456]::result::Result<alloc[58cfa59ca61fafa9]::boxed::Box<dyn core[6d94cc961ac87456]::any::Any>, rustc_errors[56887b15c7ec6fbf]::ErrorGuaranteed>>
  19:     0x751380081a46 - <rustc_interface[aec886e93b1add3f]::queries::Queries>::ongoing_codegen
  20:     0x751380080f67 - <rustc_interface[aec886e93b1add3f]::interface::Compiler>::enter::<rustc_driver[94a2f0241de75afa]::run_compiler::{closure#1}::{closure#2}, core[6d94cc961ac87456]::result::Result<core[6d94cc961ac87456]::option::Option<rustc_interface[aec886e93b1add3f]::queries::Linker>, rustc_errors[56887b15c7ec6fbf]::ErrorGuaranteed>>
  21:     0x75138007bf88 - rustc_span[ae2df7aa7c6c667b]::with_source_map::<core[6d94cc961ac87456]::result::Result<(), rustc_errors[56887b15c7ec6fbf]::ErrorGuaranteed>, rustc_interface[aec886e93b1add3f]::interface::run_compiler<core[6d94cc961ac87456]::result::Result<(), rustc_errors[56887b15c7ec6fbf]::ErrorGuaranteed>, rustc_driver[94a2f0241de75afa]::run_compiler::{closure#1}>::{closure#0}::{closure#0}>
  22:     0x75138007ba75 - <scoped_tls[db87656d258d017b]::ScopedKey<rustc_span[ae2df7aa7c6c667b]::SessionGlobals>>::set::<rustc_interface[aec886e93b1add3f]::interface::run_compiler<core[6d94cc961ac87456]::result::Result<(), rustc_errors[56887b15c7ec6fbf]::ErrorGuaranteed>, rustc_driver[94a2f0241de75afa]::run_compiler::{closure#1}>::{closure#0}, core[6d94cc961ac87456]::result::Result<(), rustc_errors[56887b15c7ec6fbf]::ErrorGuaranteed>>
  23:     0x75138007b062 - std[acd1f573e90225f]::sys_common::backtrace::__rust_begin_short_backtrace::<rustc_interface[aec886e93b1add3f]::util::run_in_thread_pool_with_globals<rustc_interface[aec886e93b1add3f]::interface::run_compiler<core[6d94cc961ac87456]::result::Result<(), rustc_errors[56887b15c7ec6fbf]::ErrorGuaranteed>, rustc_driver[94a2f0241de75afa]::run_compiler::{closure#1}>::{closure#0}, core[6d94cc961ac87456]::result::Result<(), rustc_errors[56887b15c7ec6fbf]::ErrorGuaranteed>>::{closure#0}::{closure#0}, core[6d94cc961ac87456]::result::Result<(), rustc_errors[56887b15c7ec6fbf]::ErrorGuaranteed>>
  24:     0x7513806ec49e - <<std[acd1f573e90225f]::thread::Builder>::spawn_unchecked_<rustc_interface[aec886e93b1add3f]::util::run_in_thread_pool_with_globals<rustc_interface[aec886e93b1add3f]::interface::run_compiler<core[6d94cc961ac87456]::result::Result<(), rustc_errors[56887b15c7ec6fbf]::ErrorGuaranteed>, rustc_driver[94a2f0241de75afa]::run_compiler::{closure#1}>::{closure#0}, core[6d94cc961ac87456]::result::Result<(), rustc_errors[56887b15c7ec6fbf]::ErrorGuaranteed>>::{closure#0}::{closure#0}, core[6d94cc961ac87456]::result::Result<(), rustc_errors[56887b15c7ec6fbf]::ErrorGuaranteed>>::{closure#1} as core[6d94cc961ac87456]::ops::function::FnOnce<()>>::call_once::{shim:vtable#0}
  25:     0x751381bda2d3 - <alloc::boxed::Box<F,A> as core::ops::function::FnOnce<Args>>::call_once::he955d3e33f115328
                               at /rustc/c6fcdb690609769a240fc8ab0de0ce68d5ea7dba/library/alloc/src/boxed.rs:2000:9
  26:     0x751381bda2d3 - <alloc::boxed::Box<F,A> as core::ops::function::FnOnce<Args>>::call_once::h32515d9eaa012a19
                               at /rustc/c6fcdb690609769a240fc8ab0de0ce68d5ea7dba/library/alloc/src/boxed.rs:2000:9
  27:     0x751381bda2d3 - std::sys::unix::thread::Thread::new::thread_start::h5af9cdd9a5a58d64
                               at /rustc/c6fcdb690609769a240fc8ab0de0ce68d5ea7dba/library/std/src/sys/unix/thread.rs:108:17
  28:     0x75137d894ac3 - start_thread
                               at ./nptl/./nptl/pthread_create.c:442:8
  29:     0x75137d9268c0 - __GI___clone3
                               at ./misc/../sysdeps/unix/sysv/linux/x86_64/clone3.S:81
  30:                0x0 - <unknown>

note: the compiler unexpectedly panicked. this is a bug.

note: we would appreciate a bug report: https://github.com/rust-lang/rust/issues/new?labels=C-bug%2C+I-ICE%2C+T-compiler&template=ice.md

note: rustc 1.68.0-nightly (c6fcdb690 2022-12-10) running on x86_64-unknown-linux-gnu

note: compiler flags: --crate-type bin -C embed-bitcode=no -C debuginfo=2 -C incremental=[REDACTED]

note: some of the compiler flags provided by cargo are hidden

query stack during panic:
end of query stack
error: could not compile `bug_105608`
------------------------------------------------------------
Return code: 101
