=== START 2026-01-24 17:23:31 ===
Bug ID: 105782
Toolchain: nightly-2022-12-15
Source: /data/zhangtianrong/projects/rustc-cbl/rustcbugs/105782
Run dir: /data/zhangtianrong/projects/rustc-cbl/run/105782
CMD: rustup run nightly-2022-12-15 cargo build
------------------------------------------------------------
   Compiling bug_105782 v0.1.0 (/data/zhangtianrong/projects/rustc-cbl/run/105782)
warning: the feature `specialization` is incomplete and may not be safe to use and/or cause compiler crashes
 --> src/main.rs:1:12
  |
1 | #![feature(specialization)]
  |            ^^^^^^^^^^^^^^
  |
  = note: see issue #31844 <https://github.com/rust-lang/rust/issues/31844> for more information
  = help: consider using `min_specialization` instead, which is more stable and complete
  = note: `#[warn(incomplete_features)]` on by default

warning: `bug_105782` (bin "bug_105782") generated 1 warning
    Finished dev [unoptimized + debuginfo] target(s) in 0.50s
------------------------------------------------------------
Return code: 0
