=== START 2026-01-20 09:06:58 ===
Bug ID: 106240
Toolchain: nightly-2022-12-28
Source: /data/zhangtianrong/projects/rustc-cbl/rustcbugs/106240
Run dir: /data/zhangtianrong/projects/rustc-cbl/run/106240
CMD: rustup run nightly-2022-12-28 cargo build
------------------------------------------------------------
   Compiling bug_106240 v0.1.0 (/data/zhangtianrong/projects/rustc-cbl/run/106240)
error: internal compiler error: /rustc/92c1937a90e5b6f20fa6e87016d6869da363972e/compiler/rustc_middle/src/ty/relate.rs:638:13: var types encountered in super_relate_consts: Const { ty: usize, kind: Infer(Var(_#0c)) } Const { ty: usize, kind: Param(N/#1) }

note: the compiler unexpectedly panicked. this is a bug.

note: we would appreciate a bug report: https://github.com/rust-lang/rust/issues/new?labels=C-bug%2C+I-ICE%2C+T-compiler&template=ice.md

note: rustc 1.68.0-nightly (92c1937a9 2022-12-27) running on x86_64-unknown-linux-gnu

note: compiler flags: --crate-type bin -C embed-bitcode=no -C debuginfo=2 -C incremental=[REDACTED]

note: some of the compiler flags provided by cargo are hidden

query stack during panic:
#0 [typeck] type-checking `<impl at src/main.rs:7:1: 7:34>::trigger`
#1 [typeck_item_bodies] type-checking all item bodies
#2 [analysis] running analysis passes on this crate
end of query stack
error: could not compile `bug_106240`
------------------------------------------------------------
Return code: 101
