=== START 2026-02-02 19:25:32 ===
Bug ID: 106419
Toolchain: nightly-2023-01-02
Source: /data/zhangtianrong/projects/rustc-cbl/rustcbugs/106419
Run dir: /data/zhangtianrong/projects/rustc-cbl/run/106419
CMD: rustup run nightly-2023-01-02 cargo build
------------------------------------------------------------
   Compiling bug_106419 v0.1.0 (/data/zhangtianrong/projects/rustc-cbl/run/106419)
warning: the feature `generic_const_exprs` is incomplete and may not be safe to use and/or cause compiler crashes
 --> src/main.rs:1:12
  |
1 | #![feature(generic_const_exprs)]
  |            ^^^^^^^^^^^^^^^^^^^
  |
  = note: see issue #76560 <https://github.com/rust-lang/rust/issues/76560> for more information
  = note: `#[warn(incomplete_features)]` on by default

error[E0308]: mismatched types
 --> src/main.rs:3:10
  |
3 | #[derive(Clone)]
  |          ^^^^^
  |          |
  |          expected `A`, found `B`
  |          expected `Bar<A, B>` because of return type
  |
  = note: expected struct `Bar<A, _>`
             found struct `Bar<B, _>`
  = note: this error originates in the derive macro `Clone` (in Nightly builds, run with -Z macro-backtrace for more info)

For more information about this error, try `rustc --explain E0308`.
warning: `bug_106419` (bin "bug_106419") generated 1 warning
error: could not compile `bug_106419` due to previous error; 1 warning emitted
------------------------------------------------------------
Return code: 101
