=== START 2026-02-01 23:33:56 ===
Bug ID: 106567
Toolchain: nightly-2023-01-07
Source: /data/zhangtianrong/projects/rustc-cbl/rustcbugs/106567
Run dir: /data/zhangtianrong/projects/rustc-cbl/run/106567
CMD: rustup run nightly-2023-01-07 cargo build
------------------------------------------------------------
   Compiling bug_106567 v0.1.0 (/data/zhangtianrong/projects/rustc-cbl/run/106567)
error[E0623]: lifetime mismatch
 --> src/main.rs:3:1
  |
3 | fn test<'a, 'b>(_: <&'a &'b () as Identity>::Ty) {}
  | ^^^^^^^^^^^^^^^^^^^^----------^^^^^^^^^^^^^^^^^^^^^
  | |                       |
  | |                       these two types are declared with different lifetimes...
  | ...but data->  flows->  here

For more information about this error, try `rustc --explain E0623`.
error: could not compile `bug_106567` due to previous error
------------------------------------------------------------
Return code: 101
