=== START 2026-01-19 22:38:04 ===
Bug ID: 107898
Toolchain: nightly-2023-02-09
Source: /data/zhangtianrong/projects/rustc-cbl/rustcbugs/107898
Run dir: /data/zhangtianrong/projects/rustc-cbl/run/107898
CMD: rustup run nightly-2023-02-09 cargo build
------------------------------------------------------------
   Compiling bug_107898 v0.1.0 (/data/zhangtianrong/projects/rustc-cbl/run/107898)
warning: the feature `generic_const_exprs` is incomplete and may not be safe to use and/or cause compiler crashes
 --> src/main.rs:1:12
  |
1 | #![feature(generic_const_exprs)]
  |            ^^^^^^^^^^^^^^^^^^^
  |
  = note: see issue #76560 <https://github.com/rust-lang/rust/issues/76560> for more information
  = note: `#[warn(incomplete_features)]` on by default

error: internal compiler error: no errors encountered even though `delay_span_bug` issued

error: internal compiler error: cannot relate constants (Const { ty: fn() -> usize {std::mem::size_of::<_>}, kind: Value(Branch([])) }, Const { ty: fn() -> usize {std::mem::size_of::<T>}, kind: Value(Branch([])) }) of different types: fn() -> usize {std::mem::size_of::<_>} != fn() -> usize {std::mem::size_of::<T>}
  |
  = note: delayed at    0: <rustc_errors::HandlerInner>::emit_diagnostic
             1: <rustc_errors::Handler>::delay_span_bug::<rustc_span::span_encoding::Span, &alloc::string::String>
             2: rustc_middle::ty::relate::super_relate_consts::<rustc_infer::infer::equate::Equate>
             3: <rustc_infer::infer::InferCtxt>::super_combine_consts::<rustc_infer::infer::equate::Equate>
             4: rustc_middle::ty::relate::super_relate_consts::<rustc_infer::infer::equate::Equate>
             5: <rustc_infer::infer::InferCtxt>::super_combine_consts::<rustc_infer::infer::equate::Equate>
             6: <rustc_infer::infer::InferCtxt>::commit_if_ok::<rustc_infer::infer::InferOk<()>, rustc_middle::ty::error::TypeError, <rustc_infer::infer::at::Trace>::eq<rustc_middle::ty::consts::Const>::{closure#0}>
             7: <rustc_infer::infer::at::At>::eq::<rustc_middle::ty::consts::Const>
             8: <rustc_trait_selection::traits::select::SelectionContext>::evaluate_predicate_recursively
             9: <rustc_trait_selection::traits::select::SelectionContext>::assemble_candidates
            10: <rustc_trait_selection::traits::select::SelectionContext>::candidate_from_obligation_no_cache
            11: <rustc_query_system::dep_graph::graph::DepGraph<rustc_middle::dep_graph::dep_node::DepKind>>::with_anon_task::<rustc_middle::ty::context::TyCtxt, <rustc_trait_selection::traits::select::SelectionContext>::in_task<<rustc_trait_selection::traits::select::SelectionContext>::candidate_from_obligation::{closure#0}::{closure#0}, core::result::Result<core::option::Option<rustc_middle::traits::select::SelectionCandidate>, rustc_middle::traits::SelectionError>>::{closure#0}, core::result::Result<core::option::Option<rustc_middle::traits::select::SelectionCandidate>, rustc_middle::traits::SelectionError>>
            12: <rustc_trait_selection::traits::select::SelectionContext>::evaluate_stack
            13: <rustc_trait_selection::traits::select::SelectionContext>::evaluate_predicates_recursively::<alloc::vec::into_iter::IntoIter<rustc_infer::traits::Obligation<rustc_middle::ty::Predicate>>>
            14: <rustc_trait_selection::traits::select::SelectionContext>::evaluate_stack
            15: <rustc_trait_selection::traits::select::SelectionContext>::evaluate_predicate_recursively
            16: rustc_traits::evaluate_obligation::evaluate_obligation
            17: rustc_query_system::query::plumbing::get_query::<rustc_query_impl::queries::evaluate_obligation, rustc_query_impl::plumbing::QueryCtxt, rustc_middle::dep_graph::dep_node::DepKind>
            18: <rustc_infer::infer::InferCtxt as rustc_trait_selection::traits::query::evaluate_obligation::InferCtxtExt>::predicate_may_hold
            19: <rustc_infer::infer::InferCtxt>::probe::<rustc_hir_typeck::method::probe::ProbeResult, <rustc_hir_typeck::method::probe::ProbeContext>::consider_probe::{closure#0}>
            20: <rustc_hir_typeck::method::probe::ProbeContext>::pick_all_method
            21: <rustc_infer::infer::InferCtxt>::probe::<core::result::Result<rustc_hir_typeck::method::probe::Pick, rustc_hir_typeck::method::MethodError>, <rustc_hir_typeck::fn_ctxt::FnCtxt>::probe_op<<rustc_hir_typeck::fn_ctxt::FnCtxt>::probe_for_name::{closure#0}, rustc_hir_typeck::method::probe::Pick>::{closure#4}>
            22: <rustc_hir_typeck::fn_ctxt::FnCtxt>::lookup_method
            23: <rustc_hir_typeck::fn_ctxt::FnCtxt>::check_expr_with_expectation_and_args
            24: <rustc_hir_typeck::fn_ctxt::FnCtxt>::check_block_with_expected
            25: <rustc_hir_typeck::fn_ctxt::FnCtxt>::check_expr_with_expectation_and_args
            26: <rustc_hir_typeck::fn_ctxt::FnCtxt>::check_return_expr
            27: rustc_hir_typeck::check::check_fn
            28: rustc_hir_typeck::typeck
            29: <rustc_query_system::dep_graph::graph::DepGraph<rustc_middle::dep_graph::dep_node::DepKind>>::with_task::<rustc_middle::ty::context::TyCtxt, rustc_span::def_id::LocalDefId, &rustc_middle::ty::typeck_results::TypeckResults>
            30: rustc_query_system::query::plumbing::try_execute_query::<rustc_query_impl::queries::typeck, rustc_query_impl::plumbing::QueryCtxt>
            31: rustc_data_structures::sync::par_for_each_in::<&[rustc_span::def_id::LocalDefId], <rustc_middle::hir::map::Map>::par_body_owners<rustc_hir_typeck::typeck_item_bodies::{closure#0}>::{closure#0}>
            32: rustc_hir_typeck::typeck_item_bodies
            33: <rustc_query_system::dep_graph::graph::DepGraph<rustc_middle::dep_graph::dep_node::DepKind>>::with_task::<rustc_middle::ty::context::TyCtxt, (), ()>
            34: rustc_query_system::query::plumbing::try_execute_query::<rustc_query_impl::queries::typeck_item_bodies, rustc_query_impl::plumbing::QueryCtxt>
            35: <rustc_query_impl::Queries as rustc_middle::ty::query::QueryEngine>::typeck_item_bodies
            36: <rustc_session::session::Session>::time::<(), rustc_hir_analysis::check_crate::{closure#7}>
            37: rustc_hir_analysis::check_crate
            38: rustc_interface::passes::analysis
            39: <rustc_query_system::dep_graph::graph::DepGraph<rustc_middle::dep_graph::dep_node::DepKind>>::with_task::<rustc_middle::ty::context::TyCtxt, (), core::result::Result<(), rustc_errors::ErrorGuaranteed>>
            40: rustc_query_system::query::plumbing::try_execute_query::<rustc_query_impl::queries::analysis, rustc_query_impl::plumbing::QueryCtxt>
            41: <rustc_query_impl::Queries as rustc_middle::ty::query::QueryEngine>::analysis
            42: <rustc_interface::passes::QueryContext>::enter::<rustc_driver_impl::run_compiler::{closure#1}::{closure#2}::{closure#3}, core::result::Result<(), rustc_errors::ErrorGuaranteed>>
            43: <rustc_interface::interface::Compiler>::enter::<rustc_driver_impl::run_compiler::{closure#1}::{closure#2}, core::result::Result<core::option::Option<rustc_interface::queries::Linker>, rustc_errors::ErrorGuaranteed>>
            44: rustc_span::with_source_map::<core::result::Result<(), rustc_errors::ErrorGuaranteed>, rustc_interface::interface::run_compiler<core::result::Result<(), rustc_errors::ErrorGuaranteed>, rustc_driver_impl::run_compiler::{closure#1}>::{closure#0}::{closure#0}>
            45: <scoped_tls::ScopedKey<rustc_span::SessionGlobals>>::set::<rustc_interface::interface::run_compiler<core::result::Result<(), rustc_errors::ErrorGuaranteed>, rustc_driver_impl::run_compiler::{closure#1}>::{closure#0}, core::result::Result<(), rustc_errors::ErrorGuaranteed>>
            46: std::sys_common::backtrace::__rust_begin_short_backtrace::<rustc_interface::util::run_in_thread_pool_with_globals<rustc_interface::interface::run_compiler<core::result::Result<(), rustc_errors::ErrorGuaranteed>, rustc_driver_impl::run_compiler::{closure#1}>::{closure#0}, core::result::Result<(), rustc_errors::ErrorGuaranteed>>::{closure#0}::{closure#0}, core::result::Result<(), rustc_errors::ErrorGuaranteed>>
            47: <<std::thread::Builder>::spawn_unchecked_<rustc_interface::util::run_in_thread_pool_with_globals<rustc_interface::interface::run_compiler<core::result::Result<(), rustc_errors::ErrorGuaranteed>, rustc_driver_impl::run_compiler::{closure#1}>::{closure#0}, core::result::Result<(), rustc_errors::ErrorGuaranteed>>::{closure#0}::{closure#0}, core::result::Result<(), rustc_errors::ErrorGuaranteed>>::{closure#1} as core::ops::function::FnOnce<()>>::call_once::{shim:vtable#0}
            48: <alloc::boxed::Box<F,A> as core::ops::function::FnOnce<Args>>::call_once
                       at /rustc/ef934d9b632b8ac00276558824664c104b92b5f0/library/alloc/src/boxed.rs:1988:9
            49: <alloc::boxed::Box<F,A> as core::ops::function::FnOnce<Args>>::call_once
                       at /rustc/ef934d9b632b8ac00276558824664c104b92b5f0/library/alloc/src/boxed.rs:1988:9
            50: std::sys::unix::thread::Thread::new::thread_start
                       at /rustc/ef934d9b632b8ac00276558824664c104b92b5f0/library/std/src/sys/unix/thread.rs:108:17
            51: start_thread
                       at ./nptl/./nptl/pthread_create.c:442:8
            52: __GI___clone3
                       at ./misc/../sysdeps/unix/sysv/linux/x86_64/clone3.S:81
          

error: internal compiler error: cannot relate constants (Const { ty: fn() -> usize {std::mem::size_of::<_>}, kind: Value(Branch([])) }, Const { ty: fn() -> usize {std::mem::size_of::<T>}, kind: Value(Branch([])) }) of different types: fn() -> usize {std::mem::size_of::<_>} != fn() -> usize {std::mem::size_of::<T>}
  |
  = note: delayed at    0: <rustc_errors::HandlerInner>::emit_diagnostic
             1: <rustc_errors::Handler>::delay_span_bug::<rustc_span::span_encoding::Span, &alloc::string::String>
             2: rustc_middle::ty::relate::super_relate_consts::<rustc_infer::infer::equate::Equate>
             3: <rustc_infer::infer::InferCtxt>::super_combine_consts::<rustc_infer::infer::equate::Equate>
             4: rustc_middle::ty::relate::super_relate_consts::<rustc_infer::infer::equate::Equate>
             5: <rustc_infer::infer::InferCtxt>::super_combine_consts::<rustc_infer::infer::equate::Equate>
             6: <rustc_infer::infer::InferCtxt>::commit_if_ok::<rustc_infer::infer::InferOk<()>, rustc_middle::ty::error::TypeError, <rustc_infer::infer::at::Trace>::eq<rustc_middle::ty::consts::Const>::{closure#0}>
             7: <rustc_infer::infer::at::At>::eq::<rustc_middle::ty::consts::Const>
             8: <rustc_trait_selection::traits::select::SelectionContext>::evaluate_predicates_recursively::<alloc::vec::into_iter::IntoIter<rustc_infer::traits::Obligation<rustc_middle::ty::Predicate>>>
             9: <rustc_infer::infer::InferCtxt>::probe::<core::result::Result<rustc_middle::traits::select::EvaluationResult, rustc_middle::traits::select::OverflowError>, <rustc_trait_selection::traits::select::SelectionContext>::evaluation_probe<<rustc_trait_selection::traits::select::SelectionContext>::evaluate_candidate::{closure#0}::{closure#0}>::{closure#0}>
            10: <alloc::vec::Vec<rustc_trait_selection::traits::select::EvaluatedCandidate> as alloc::vec::spec_from_iter::SpecFromIter<rustc_trait_selection::traits::select::EvaluatedCandidate, core::iter::adapters::GenericShunt<core::iter::adapters::flatten::FlatMap<core::iter::adapters::map::Map<alloc::vec::into_iter::IntoIter<rustc_middle::traits::select::SelectionCandidate>, <rustc_trait_selection::traits::select::SelectionContext>::candidate_from_obligation_no_cache::{closure#0}>, core::option::Option<core::result::Result<rustc_trait_selection::traits::select::EvaluatedCandidate, rustc_middle::traits::SelectionError>>, <core::result::Result<core::option::Option<rustc_trait_selection::traits::select::EvaluatedCandidate>, rustc_middle::traits::SelectionError>>::transpose>, core::result::Result<core::convert::Infallible, rustc_middle::traits::SelectionError>>>>::from_iter
            11: <rustc_trait_selection::traits::select::SelectionContext>::candidate_from_obligation_no_cache
            12: <rustc_query_system::dep_graph::graph::DepGraph<rustc_middle::dep_graph::dep_node::DepKind>>::with_anon_task::<rustc_middle::ty::context::TyCtxt, <rustc_trait_selection::traits::select::SelectionContext>::in_task<<rustc_trait_selection::traits::select::SelectionContext>::candidate_from_obligation::{closure#0}::{closure#0}, core::result::Result<core::option::Option<rustc_middle::traits::select::SelectionCandidate>, rustc_middle::traits::SelectionError>>::{closure#0}, core::result::Result<core::option::Option<rustc_middle::traits::select::SelectionCandidate>, rustc_middle::traits::SelectionError>>
            13: <rustc_trait_selection::traits::select::SelectionContext>::evaluate_stack
            14: <rustc_trait_selection::traits::select::SelectionContext>::evaluate_predicates_recursively::<alloc::vec::into_iter::IntoIter<rustc_infer::traits::Obligation<rustc_middle::ty::Predicate>>>
            15: <rustc_trait_selection::traits::select::SelectionContext>::evaluate_stack
            16: <rustc_trait_selection::traits::select::SelectionContext>::evaluate_predicate_recursively
            17: rustc_traits::evaluate_obligation::evaluate_obligation
            18: rustc_query_system::query::plumbing::get_query::<rustc_query_impl::queries::evaluate_obligation, rustc_query_impl::plumbing::QueryCtxt, rustc_middle::dep_graph::dep_node::DepKind>
            19: <rustc_infer::infer::InferCtxt as rustc_trait_selection::traits::query::evaluate_obligation::InferCtxtExt>::predicate_may_hold
            20: <rustc_infer::infer::InferCtxt>::probe::<rustc_hir_typeck::method::probe::ProbeResult, <rustc_hir_typeck::method::probe::ProbeContext>::consider_probe::{closure#0}>
            21: <rustc_hir_typeck::method::probe::ProbeContext>::pick_all_method
            22: <rustc_infer::infer::InferCtxt>::probe::<core::result::Result<rustc_hir_typeck::method::probe::Pick, rustc_hir_typeck::method::MethodError>, <rustc_hir_typeck::fn_ctxt::FnCtxt>::probe_op<<rustc_hir_typeck::fn_ctxt::FnCtxt>::probe_for_name::{closure#0}, rustc_hir_typeck::method::probe::Pick>::{closure#4}>
            23: <rustc_hir_typeck::fn_ctxt::FnCtxt>::lookup_method
            24: <rustc_hir_typeck::fn_ctxt::FnCtxt>::check_expr_with_expectation_and_args
            25: <rustc_hir_typeck::fn_ctxt::FnCtxt>::check_block_with_expected
            26: <rustc_hir_typeck::fn_ctxt::FnCtxt>::check_expr_with_expectation_and_args
            27: <rustc_hir_typeck::fn_ctxt::FnCtxt>::check_return_expr
            28: rustc_hir_typeck::check::check_fn
            29: rustc_hir_typeck::typeck
            30: <rustc_query_system::dep_graph::graph::DepGraph<rustc_middle::dep_graph::dep_node::DepKind>>::with_task::<rustc_middle::ty::context::TyCtxt, rustc_span::def_id::LocalDefId, &rustc_middle::ty::typeck_results::TypeckResults>
            31: rustc_query_system::query::plumbing::try_execute_query::<rustc_query_impl::queries::typeck, rustc_query_impl::plumbing::QueryCtxt>
            32: rustc_data_structures::sync::par_for_each_in::<&[rustc_span::def_id::LocalDefId], <rustc_middle::hir::map::Map>::par_body_owners<rustc_hir_typeck::typeck_item_bodies::{closure#0}>::{closure#0}>
            33: rustc_hir_typeck::typeck_item_bodies
            34: <rustc_query_system::dep_graph::graph::DepGraph<rustc_middle::dep_graph::dep_node::DepKind>>::with_task::<rustc_middle::ty::context::TyCtxt, (), ()>
            35: rustc_query_system::query::plumbing::try_execute_query::<rustc_query_impl::queries::typeck_item_bodies, rustc_query_impl::plumbing::QueryCtxt>
            36: <rustc_query_impl::Queries as rustc_middle::ty::query::QueryEngine>::typeck_item_bodies
            37: <rustc_session::session::Session>::time::<(), rustc_hir_analysis::check_crate::{closure#7}>
            38: rustc_hir_analysis::check_crate
            39: rustc_interface::passes::analysis
            40: <rustc_query_system::dep_graph::graph::DepGraph<rustc_middle::dep_graph::dep_node::DepKind>>::with_task::<rustc_middle::ty::context::TyCtxt, (), core::result::Result<(), rustc_errors::ErrorGuaranteed>>
            41: rustc_query_system::query::plumbing::try_execute_query::<rustc_query_impl::queries::analysis, rustc_query_impl::plumbing::QueryCtxt>
            42: <rustc_query_impl::Queries as rustc_middle::ty::query::QueryEngine>::analysis
            43: <rustc_interface::passes::QueryContext>::enter::<rustc_driver_impl::run_compiler::{closure#1}::{closure#2}::{closure#3}, core::result::Result<(), rustc_errors::ErrorGuaranteed>>
            44: <rustc_interface::interface::Compiler>::enter::<rustc_driver_impl::run_compiler::{closure#1}::{closure#2}, core::result::Result<core::option::Option<rustc_interface::queries::Linker>, rustc_errors::ErrorGuaranteed>>
            45: rustc_span::with_source_map::<core::result::Result<(), rustc_errors::ErrorGuaranteed>, rustc_interface::interface::run_compiler<core::result::Result<(), rustc_errors::ErrorGuaranteed>, rustc_driver_impl::run_compiler::{closure#1}>::{closure#0}::{closure#0}>
            46: <scoped_tls::ScopedKey<rustc_span::SessionGlobals>>::set::<rustc_interface::interface::run_compiler<core::result::Result<(), rustc_errors::ErrorGuaranteed>, rustc_driver_impl::run_compiler::{closure#1}>::{closure#0}, core::result::Result<(), rustc_errors::ErrorGuaranteed>>
            47: std::sys_common::backtrace::__rust_begin_short_backtrace::<rustc_interface::util::run_in_thread_pool_with_globals<rustc_interface::interface::run_compiler<core::result::Result<(), rustc_errors::ErrorGuaranteed>, rustc_driver_impl::run_compiler::{closure#1}>::{closure#0}, core::result::Result<(), rustc_errors::ErrorGuaranteed>>::{closure#0}::{closure#0}, core::result::Result<(), rustc_errors::ErrorGuaranteed>>
            48: <<std::thread::Builder>::spawn_unchecked_<rustc_interface::util::run_in_thread_pool_with_globals<rustc_interface::interface::run_compiler<core::result::Result<(), rustc_errors::ErrorGuaranteed>, rustc_driver_impl::run_compiler::{closure#1}>::{closure#0}, core::result::Result<(), rustc_errors::ErrorGuaranteed>>::{closure#0}::{closure#0}, core::result::Result<(), rustc_errors::ErrorGuaranteed>>::{closure#1} as core::ops::function::FnOnce<()>>::call_once::{shim:vtable#0}
            49: <alloc::boxed::Box<F,A> as core::ops::function::FnOnce<Args>>::call_once
                       at /rustc/ef934d9b632b8ac00276558824664c104b92b5f0/library/alloc/src/boxed.rs:1988:9
            50: <alloc::boxed::Box<F,A> as core::ops::function::FnOnce<Args>>::call_once
                       at /rustc/ef934d9b632b8ac00276558824664c104b92b5f0/library/alloc/src/boxed.rs:1988:9
            51: std::sys::unix::thread::Thread::new::thread_start
                       at /rustc/ef934d9b632b8ac00276558824664c104b92b5f0/library/std/src/sys/unix/thread.rs:108:17
            52: start_thread
                       at ./nptl/./nptl/pthread_create.c:442:8
            53: __GI___clone3
                       at ./misc/../sysdeps/unix/sysv/linux/x86_64/clone3.S:81
          

error: internal compiler error: cannot relate constants (Const { ty: fn() -> usize {std::mem::size_of::<T>}, kind: Value(Branch([])) }, Const { ty: fn() -> usize {std::mem::size_of::<_>}, kind: Value(Branch([])) }) of different types: fn() -> usize {std::mem::size_of::<T>} != fn() -> usize {std::mem::size_of::<_>}
  |
  = note: delayed at    0: <rustc_errors::HandlerInner>::emit_diagnostic
             1: <rustc_errors::Handler>::delay_span_bug::<rustc_span::span_encoding::Span, &alloc::string::String>
             2: rustc_middle::ty::relate::super_relate_consts::<rustc_infer::infer::equate::Equate>
             3: <rustc_infer::infer::InferCtxt>::super_combine_consts::<rustc_infer::infer::equate::Equate>
             4: rustc_middle::ty::relate::super_relate_consts::<rustc_infer::infer::equate::Equate>
             5: <rustc_infer::infer::InferCtxt>::super_combine_consts::<rustc_infer::infer::equate::Equate>
             6: <rustc_infer::infer::InferCtxt>::commit_if_ok::<rustc_infer::infer::InferOk<()>, rustc_middle::ty::error::TypeError, <rustc_infer::infer::at::Trace>::eq<rustc_middle::ty::consts::Const>::{closure#0}>
             7: <rustc_infer::infer::at::At>::eq::<rustc_middle::ty::consts::Const>
             8: <rustc_trait_selection::traits::engine::ObligationCtxt>::eq::<rustc_middle::ty::consts::Const>
             9: <rustc_infer::infer::InferCtxt>::probe::<bool, <rustc_trait_selection::traits::const_evaluatable::satisfied_from_param_env::Visitor as rustc_middle::ty::visit::TypeVisitor>::visit_const::{closure#0}>
            10: <rustc_trait_selection::traits::const_evaluatable::satisfied_from_param_env::Visitor as rustc_middle::ty::visit::TypeVisitor>::visit_const
            11: rustc_trait_selection::traits::const_evaluatable::satisfied_from_param_env
            12: rustc_trait_selection::traits::const_evaluatable::is_const_evaluatable
            13: <rustc_trait_selection::traits::select::SelectionContext>::evaluate_predicates_recursively::<alloc::vec::into_iter::IntoIter<rustc_infer::traits::Obligation<rustc_middle::ty::Predicate>>>
            14: <rustc_trait_selection::traits::select::SelectionContext>::evaluate_stack
            15: <rustc_trait_selection::traits::select::SelectionContext>::evaluate_predicate_recursively
            16: rustc_traits::evaluate_obligation::evaluate_obligation
            17: rustc_query_system::query::plumbing::get_query::<rustc_query_impl::queries::evaluate_obligation, rustc_query_impl::plumbing::QueryCtxt, rustc_middle::dep_graph::dep_node::DepKind>
            18: <rustc_infer::infer::InferCtxt as rustc_trait_selection::traits::query::evaluate_obligation::InferCtxtExt>::predicate_may_hold
            19: <rustc_infer::infer::InferCtxt>::probe::<rustc_hir_typeck::method::probe::ProbeResult, <rustc_hir_typeck::method::probe::ProbeContext>::consider_probe::{closure#0}>
            20: <rustc_hir_typeck::method::probe::ProbeContext>::pick_all_method
            21: <rustc_infer::infer::InferCtxt>::probe::<core::result::Result<rustc_hir_typeck::method::probe::Pick, rustc_hir_typeck::method::MethodError>, <rustc_hir_typeck::fn_ctxt::FnCtxt>::probe_op<<rustc_hir_typeck::fn_ctxt::FnCtxt>::probe_for_name::{closure#0}, rustc_hir_typeck::method::probe::Pick>::{closure#4}>
            22: <rustc_hir_typeck::fn_ctxt::FnCtxt>::lookup_method
            23: <rustc_hir_typeck::fn_ctxt::FnCtxt>::check_expr_with_expectation_and_args
            24: <rustc_hir_typeck::fn_ctxt::FnCtxt>::check_block_with_expected
            25: <rustc_hir_typeck::fn_ctxt::FnCtxt>::check_expr_with_expectation_and_args
            26: <rustc_hir_typeck::fn_ctxt::FnCtxt>::check_return_expr
            27: rustc_hir_typeck::check::check_fn
            28: rustc_hir_typeck::typeck
            29: <rustc_query_system::dep_graph::graph::DepGraph<rustc_middle::dep_graph::dep_node::DepKind>>::with_task::<rustc_middle::ty::context::TyCtxt, rustc_span::def_id::LocalDefId, &rustc_middle::ty::typeck_results::TypeckResults>
            30: rustc_query_system::query::plumbing::try_execute_query::<rustc_query_impl::queries::typeck, rustc_query_impl::plumbing::QueryCtxt>
            31: rustc_data_structures::sync::par_for_each_in::<&[rustc_span::def_id::LocalDefId], <rustc_middle::hir::map::Map>::par_body_owners<rustc_hir_typeck::typeck_item_bodies::{closure#0}>::{closure#0}>
            32: rustc_hir_typeck::typeck_item_bodies
            33: <rustc_query_system::dep_graph::graph::DepGraph<rustc_middle::dep_graph::dep_node::DepKind>>::with_task::<rustc_middle::ty::context::TyCtxt, (), ()>
            34: rustc_query_system::query::plumbing::try_execute_query::<rustc_query_impl::queries::typeck_item_bodies, rustc_query_impl::plumbing::QueryCtxt>
            35: <rustc_query_impl::Queries as rustc_middle::ty::query::QueryEngine>::typeck_item_bodies
            36: <rustc_session::session::Session>::time::<(), rustc_hir_analysis::check_crate::{closure#7}>
            37: rustc_hir_analysis::check_crate
            38: rustc_interface::passes::analysis
            39: <rustc_query_system::dep_graph::graph::DepGraph<rustc_middle::dep_graph::dep_node::DepKind>>::with_task::<rustc_middle::ty::context::TyCtxt, (), core::result::Result<(), rustc_errors::ErrorGuaranteed>>
            40: rustc_query_system::query::plumbing::try_execute_query::<rustc_query_impl::queries::analysis, rustc_query_impl::plumbing::QueryCtxt>
            41: <rustc_query_impl::Queries as rustc_middle::ty::query::QueryEngine>::analysis
            42: <rustc_interface::passes::QueryContext>::enter::<rustc_driver_impl::run_compiler::{closure#1}::{closure#2}::{closure#3}, core::result::Result<(), rustc_errors::ErrorGuaranteed>>
            43: <rustc_interface::interface::Compiler>::enter::<rustc_driver_impl::run_compiler::{closure#1}::{closure#2}, core::result::Result<core::option::Option<rustc_interface::queries::Linker>, rustc_errors::ErrorGuaranteed>>
            44: rustc_span::with_source_map::<core::result::Result<(), rustc_errors::ErrorGuaranteed>, rustc_interface::interface::run_compiler<core::result::Result<(), rustc_errors::ErrorGuaranteed>, rustc_driver_impl::run_compiler::{closure#1}>::{closure#0}::{closure#0}>
            45: <scoped_tls::ScopedKey<rustc_span::SessionGlobals>>::set::<rustc_interface::interface::run_compiler<core::result::Result<(), rustc_errors::ErrorGuaranteed>, rustc_driver_impl::run_compiler::{closure#1}>::{closure#0}, core::result::Result<(), rustc_errors::ErrorGuaranteed>>
            46: std::sys_common::backtrace::__rust_begin_short_backtrace::<rustc_interface::util::run_in_thread_pool_with_globals<rustc_interface::interface::run_compiler<core::result::Result<(), rustc_errors::ErrorGuaranteed>, rustc_driver_impl::run_compiler::{closure#1}>::{closure#0}, core::result::Result<(), rustc_errors::ErrorGuaranteed>>::{closure#0}::{closure#0}, core::result::Result<(), rustc_errors::ErrorGuaranteed>>
            47: <<std::thread::Builder>::spawn_unchecked_<rustc_interface::util::run_in_thread_pool_with_globals<rustc_interface::interface::run_compiler<core::result::Result<(), rustc_errors::ErrorGuaranteed>, rustc_driver_impl::run_compiler::{closure#1}>::{closure#0}, core::result::Result<(), rustc_errors::ErrorGuaranteed>>::{closure#0}::{closure#0}, core::result::Result<(), rustc_errors::ErrorGuaranteed>>::{closure#1} as core::ops::function::FnOnce<()>>::call_once::{shim:vtable#0}
            48: <alloc::boxed::Box<F,A> as core::ops::function::FnOnce<Args>>::call_once
                       at /rustc/ef934d9b632b8ac00276558824664c104b92b5f0/library/alloc/src/boxed.rs:1988:9
            49: <alloc::boxed::Box<F,A> as core::ops::function::FnOnce<Args>>::call_once
                       at /rustc/ef934d9b632b8ac00276558824664c104b92b5f0/library/alloc/src/boxed.rs:1988:9
            50: std::sys::unix::thread::Thread::new::thread_start
                       at /rustc/ef934d9b632b8ac00276558824664c104b92b5f0/library/std/src/sys/unix/thread.rs:108:17
            51: start_thread
                       at ./nptl/./nptl/pthread_create.c:442:8
            52: __GI___clone3
                       at ./misc/../sysdeps/unix/sysv/linux/x86_64/clone3.S:81
          

error: internal compiler error: cannot relate constants (Const { ty: fn() -> usize {std::mem::size_of::<T>}, kind: Value(Branch([])) }, Const { ty: fn() -> usize {std::mem::size_of::<_>}, kind: Value(Branch([])) }) of different types: fn() -> usize {std::mem::size_of::<T>} != fn() -> usize {std::mem::size_of::<_>}
  |
  = note: delayed at    0: <rustc_errors::HandlerInner>::emit_diagnostic
             1: <rustc_errors::Handler>::delay_span_bug::<rustc_span::span_encoding::Span, &alloc::string::String>
             2: rustc_middle::ty::relate::super_relate_consts::<rustc_infer::infer::equate::Equate>
             3: <rustc_infer::infer::InferCtxt>::super_combine_consts::<rustc_infer::infer::equate::Equate>
             4: rustc_middle::ty::relate::super_relate_consts::<rustc_infer::infer::equate::Equate>
             5: <rustc_infer::infer::InferCtxt>::super_combine_consts::<rustc_infer::infer::equate::Equate>
             6: <rustc_infer::infer::InferCtxt>::commit_if_ok::<rustc_infer::infer::InferOk<()>, rustc_middle::ty::error::TypeError, <rustc_infer::infer::at::Trace>::eq<rustc_middle::ty::consts::Const>::{closure#0}>
             7: <rustc_infer::infer::at::At>::eq::<rustc_middle::ty::consts::Const>
             8: <rustc_trait_selection::traits::engine::ObligationCtxt>::eq::<rustc_middle::ty::consts::Const>
             9: rustc_trait_selection::traits::const_evaluatable::satisfied_from_param_env
            10: rustc_trait_selection::traits::const_evaluatable::is_const_evaluatable
            11: <rustc_trait_selection::traits::select::SelectionContext>::evaluate_predicates_recursively::<alloc::vec::into_iter::IntoIter<rustc_infer::traits::Obligation<rustc_middle::ty::Predicate>>>
            12: <rustc_trait_selection::traits::select::SelectionContext>::evaluate_stack
            13: <rustc_trait_selection::traits::select::SelectionContext>::evaluate_predicate_recursively
            14: rustc_traits::evaluate_obligation::evaluate_obligation
            15: rustc_query_system::query::plumbing::get_query::<rustc_query_impl::queries::evaluate_obligation, rustc_query_impl::plumbing::QueryCtxt, rustc_middle::dep_graph::dep_node::DepKind>
            16: <rustc_infer::infer::InferCtxt as rustc_trait_selection::traits::query::evaluate_obligation::InferCtxtExt>::predicate_may_hold
            17: <rustc_infer::infer::InferCtxt>::probe::<rustc_hir_typeck::method::probe::ProbeResult, <rustc_hir_typeck::method::probe::ProbeContext>::consider_probe::{closure#0}>
            18: <rustc_hir_typeck::method::probe::ProbeContext>::pick_all_method
            19: <rustc_infer::infer::InferCtxt>::probe::<core::result::Result<rustc_hir_typeck::method::probe::Pick, rustc_hir_typeck::method::MethodError>, <rustc_hir_typeck::fn_ctxt::FnCtxt>::probe_op<<rustc_hir_typeck::fn_ctxt::FnCtxt>::probe_for_name::{closure#0}, rustc_hir_typeck::method::probe::Pick>::{closure#4}>
            20: <rustc_hir_typeck::fn_ctxt::FnCtxt>::lookup_method
            21: <rustc_hir_typeck::fn_ctxt::FnCtxt>::check_expr_with_expectation_and_args
            22: <rustc_hir_typeck::fn_ctxt::FnCtxt>::check_block_with_expected
            23: <rustc_hir_typeck::fn_ctxt::FnCtxt>::check_expr_with_expectation_and_args
            24: <rustc_hir_typeck::fn_ctxt::FnCtxt>::check_return_expr
            25: rustc_hir_typeck::check::check_fn
            26: rustc_hir_typeck::typeck
            27: <rustc_query_system::dep_graph::graph::DepGraph<rustc_middle::dep_graph::dep_node::DepKind>>::with_task::<rustc_middle::ty::context::TyCtxt, rustc_span::def_id::LocalDefId, &rustc_middle::ty::typeck_results::TypeckResults>
            28: rustc_query_system::query::plumbing::try_execute_query::<rustc_query_impl::queries::typeck, rustc_query_impl::plumbing::QueryCtxt>
            29: rustc_data_structures::sync::par_for_each_in::<&[rustc_span::def_id::LocalDefId], <rustc_middle::hir::map::Map>::par_body_owners<rustc_hir_typeck::typeck_item_bodies::{closure#0}>::{closure#0}>
            30: rustc_hir_typeck::typeck_item_bodies
            31: <rustc_query_system::dep_graph::graph::DepGraph<rustc_middle::dep_graph::dep_node::DepKind>>::with_task::<rustc_middle::ty::context::TyCtxt, (), ()>
            32: rustc_query_system::query::plumbing::try_execute_query::<rustc_query_impl::queries::typeck_item_bodies, rustc_query_impl::plumbing::QueryCtxt>
            33: <rustc_query_impl::Queries as rustc_middle::ty::query::QueryEngine>::typeck_item_bodies
            34: <rustc_session::session::Session>::time::<(), rustc_hir_analysis::check_crate::{closure#7}>
            35: rustc_hir_analysis::check_crate
            36: rustc_interface::passes::analysis
            37: <rustc_query_system::dep_graph::graph::DepGraph<rustc_middle::dep_graph::dep_node::DepKind>>::with_task::<rustc_middle::ty::context::TyCtxt, (), core::result::Result<(), rustc_errors::ErrorGuaranteed>>
            38: rustc_query_system::query::plumbing::try_execute_query::<rustc_query_impl::queries::analysis, rustc_query_impl::plumbing::QueryCtxt>
            39: <rustc_query_impl::Queries as rustc_middle::ty::query::QueryEngine>::analysis
            40: <rustc_interface::passes::QueryContext>::enter::<rustc_driver_impl::run_compiler::{closure#1}::{closure#2}::{closure#3}, core::result::Result<(), rustc_errors::ErrorGuaranteed>>
            41: <rustc_interface::interface::Compiler>::enter::<rustc_driver_impl::run_compiler::{closure#1}::{closure#2}, core::result::Result<core::option::Option<rustc_interface::queries::Linker>, rustc_errors::ErrorGuaranteed>>
            42: rustc_span::with_source_map::<core::result::Result<(), rustc_errors::ErrorGuaranteed>, rustc_interface::interface::run_compiler<core::result::Result<(), rustc_errors::ErrorGuaranteed>, rustc_driver_impl::run_compiler::{closure#1}>::{closure#0}::{closure#0}>
            43: <scoped_tls::ScopedKey<rustc_span::SessionGlobals>>::set::<rustc_interface::interface::run_compiler<core::result::Result<(), rustc_errors::ErrorGuaranteed>, rustc_driver_impl::run_compiler::{closure#1}>::{closure#0}, core::result::Result<(), rustc_errors::ErrorGuaranteed>>
            44: std::sys_common::backtrace::__rust_begin_short_backtrace::<rustc_interface::util::run_in_thread_pool_with_globals<rustc_interface::interface::run_compiler<core::result::Result<(), rustc_errors::ErrorGuaranteed>, rustc_driver_impl::run_compiler::{closure#1}>::{closure#0}, core::result::Result<(), rustc_errors::ErrorGuaranteed>>::{closure#0}::{closure#0}, core::result::Result<(), rustc_errors::ErrorGuaranteed>>
            45: <<std::thread::Builder>::spawn_unchecked_<rustc_interface::util::run_in_thread_pool_with_globals<rustc_interface::interface::run_compiler<core::result::Result<(), rustc_errors::ErrorGuaranteed>, rustc_driver_impl::run_compiler::{closure#1}>::{closure#0}, core::result::Result<(), rustc_errors::ErrorGuaranteed>>::{closure#0}::{closure#0}, core::result::Result<(), rustc_errors::ErrorGuaranteed>>::{closure#1} as core::ops::function::FnOnce<()>>::call_once::{shim:vtable#0}
            46: <alloc::boxed::Box<F,A> as core::ops::function::FnOnce<Args>>::call_once
                       at /rustc/ef934d9b632b8ac00276558824664c104b92b5f0/library/alloc/src/boxed.rs:1988:9
            47: <alloc::boxed::Box<F,A> as core::ops::function::FnOnce<Args>>::call_once
                       at /rustc/ef934d9b632b8ac00276558824664c104b92b5f0/library/alloc/src/boxed.rs:1988:9
            48: std::sys::unix::thread::Thread::new::thread_start
                       at /rustc/ef934d9b632b8ac00276558824664c104b92b5f0/library/std/src/sys/unix/thread.rs:108:17
            49: start_thread
                       at ./nptl/./nptl/pthread_create.c:442:8
            50: __GI___clone3
                       at ./misc/../sysdeps/unix/sysv/linux/x86_64/clone3.S:81
          

error: internal compiler error: cannot relate constants (Const { ty: fn() -> usize {std::mem::size_of::<T>}, kind: Value(Branch([])) }, Const { ty: fn() -> usize {std::mem::size_of::<_>}, kind: Value(Branch([])) }) of different types: fn() -> usize {std::mem::size_of::<T>} != fn() -> usize {std::mem::size_of::<_>}
  |
  = note: delayed at    0: <rustc_errors::HandlerInner>::emit_diagnostic
             1: <rustc_errors::Handler>::delay_span_bug::<rustc_span::span_encoding::Span, &alloc::string::String>
             2: rustc_middle::ty::relate::super_relate_consts::<rustc_infer::infer::equate::Equate>
             3: <rustc_infer::infer::InferCtxt>::super_combine_consts::<rustc_infer::infer::equate::Equate>
             4: rustc_middle::ty::relate::super_relate_consts::<rustc_infer::infer::equate::Equate>
             5: <rustc_infer::infer::InferCtxt>::super_combine_consts::<rustc_infer::infer::equate::Equate>
             6: <rustc_infer::infer::InferCtxt>::commit_if_ok::<rustc_infer::infer::InferOk<()>, rustc_middle::ty::error::TypeError, <rustc_infer::infer::at::Trace>::eq<rustc_middle::ty::consts::Const>::{closure#0}>
             7: <rustc_infer::infer::at::At>::eq::<rustc_middle::ty::consts::Const>
             8: <rustc_trait_selection::traits::engine::ObligationCtxt>::eq::<rustc_middle::ty::consts::Const>
             9: <rustc_infer::infer::InferCtxt>::probe::<bool, <rustc_trait_selection::traits::const_evaluatable::satisfied_from_param_env::Visitor as rustc_middle::ty::visit::TypeVisitor>::visit_const::{closure#0}>
            10: <rustc_trait_selection::traits::const_evaluatable::satisfied_from_param_env::Visitor as rustc_middle::ty::visit::TypeVisitor>::visit_const
            11: rustc_trait_selection::traits::const_evaluatable::satisfied_from_param_env
            12: rustc_trait_selection::traits::const_evaluatable::is_const_evaluatable
            13: <rustc_trait_selection::traits::fulfill::FulfillProcessor as rustc_data_structures::obligation_forest::ObligationProcessor>::process_obligation
            14: <rustc_data_structures::obligation_forest::ObligationForest<rustc_trait_selection::traits::fulfill::PendingPredicateObligation>>::process_obligations::<rustc_trait_selection::traits::fulfill::FulfillProcessor>
            15: <rustc_hir_typeck::fn_ctxt::FnCtxt>::check_argument_types
            16: <rustc_hir_typeck::fn_ctxt::FnCtxt>::check_expr_with_expectation_and_args
            17: <rustc_hir_typeck::fn_ctxt::FnCtxt>::check_block_with_expected
            18: <rustc_hir_typeck::fn_ctxt::FnCtxt>::check_expr_with_expectation_and_args
            19: <rustc_hir_typeck::fn_ctxt::FnCtxt>::check_return_expr
            20: rustc_hir_typeck::check::check_fn
            21: rustc_hir_typeck::typeck
            22: <rustc_query_system::dep_graph::graph::DepGraph<rustc_middle::dep_graph::dep_node::DepKind>>::with_task::<rustc_middle::ty::context::TyCtxt, rustc_span::def_id::LocalDefId, &rustc_middle::ty::typeck_results::TypeckResults>
            23: rustc_query_system::query::plumbing::try_execute_query::<rustc_query_impl::queries::typeck, rustc_query_impl::plumbing::QueryCtxt>
            24: rustc_data_structures::sync::par_for_each_in::<&[rustc_span::def_id::LocalDefId], <rustc_middle::hir::map::Map>::par_body_owners<rustc_hir_typeck::typeck_item_bodies::{closure#0}>::{closure#0}>
            25: rustc_hir_typeck::typeck_item_bodies
            26: <rustc_query_system::dep_graph::graph::DepGraph<rustc_middle::dep_graph::dep_node::DepKind>>::with_task::<rustc_middle::ty::context::TyCtxt, (), ()>
            27: rustc_query_system::query::plumbing::try_execute_query::<rustc_query_impl::queries::typeck_item_bodies, rustc_query_impl::plumbing::QueryCtxt>
            28: <rustc_query_impl::Queries as rustc_middle::ty::query::QueryEngine>::typeck_item_bodies
            29: <rustc_session::session::Session>::time::<(), rustc_hir_analysis::check_crate::{closure#7}>
            30: rustc_hir_analysis::check_crate
            31: rustc_interface::passes::analysis
            32: <rustc_query_system::dep_graph::graph::DepGraph<rustc_middle::dep_graph::dep_node::DepKind>>::with_task::<rustc_middle::ty::context::TyCtxt, (), core::result::Result<(), rustc_errors::ErrorGuaranteed>>
            33: rustc_query_system::query::plumbing::try_execute_query::<rustc_query_impl::queries::analysis, rustc_query_impl::plumbing::QueryCtxt>
            34: <rustc_query_impl::Queries as rustc_middle::ty::query::QueryEngine>::analysis
            35: <rustc_interface::passes::QueryContext>::enter::<rustc_driver_impl::run_compiler::{closure#1}::{closure#2}::{closure#3}, core::result::Result<(), rustc_errors::ErrorGuaranteed>>
            36: <rustc_interface::interface::Compiler>::enter::<rustc_driver_impl::run_compiler::{closure#1}::{closure#2}, core::result::Result<core::option::Option<rustc_interface::queries::Linker>, rustc_errors::ErrorGuaranteed>>
            37: rustc_span::with_source_map::<core::result::Result<(), rustc_errors::ErrorGuaranteed>, rustc_interface::interface::run_compiler<core::result::Result<(), rustc_errors::ErrorGuaranteed>, rustc_driver_impl::run_compiler::{closure#1}>::{closure#0}::{closure#0}>
            38: <scoped_tls::ScopedKey<rustc_span::SessionGlobals>>::set::<rustc_interface::interface::run_compiler<core::result::Result<(), rustc_errors::ErrorGuaranteed>, rustc_driver_impl::run_compiler::{closure#1}>::{closure#0}, core::result::Result<(), rustc_errors::ErrorGuaranteed>>
            39: std::sys_common::backtrace::__rust_begin_short_backtrace::<rustc_interface::util::run_in_thread_pool_with_globals<rustc_interface::interface::run_compiler<core::result::Result<(), rustc_errors::ErrorGuaranteed>, rustc_driver_impl::run_compiler::{closure#1}>::{closure#0}, core::result::Result<(), rustc_errors::ErrorGuaranteed>>::{closure#0}::{closure#0}, core::result::Result<(), rustc_errors::ErrorGuaranteed>>
            40: <<std::thread::Builder>::spawn_unchecked_<rustc_interface::util::run_in_thread_pool_with_globals<rustc_interface::interface::run_compiler<core::result::Result<(), rustc_errors::ErrorGuaranteed>, rustc_driver_impl::run_compiler::{closure#1}>::{closure#0}, core::result::Result<(), rustc_errors::ErrorGuaranteed>>::{closure#0}::{closure#0}, core::result::Result<(), rustc_errors::ErrorGuaranteed>>::{closure#1} as core::ops::function::FnOnce<()>>::call_once::{shim:vtable#0}
            41: <alloc::boxed::Box<F,A> as core::ops::function::FnOnce<Args>>::call_once
                       at /rustc/ef934d9b632b8ac00276558824664c104b92b5f0/library/alloc/src/boxed.rs:1988:9
            42: <alloc::boxed::Box<F,A> as core::ops::function::FnOnce<Args>>::call_once
                       at /rustc/ef934d9b632b8ac00276558824664c104b92b5f0/library/alloc/src/boxed.rs:1988:9
            43: std::sys::unix::thread::Thread::new::thread_start
                       at /rustc/ef934d9b632b8ac00276558824664c104b92b5f0/library/std/src/sys/unix/thread.rs:108:17
            44: start_thread
                       at ./nptl/./nptl/pthread_create.c:442:8
            45: __GI___clone3
                       at ./misc/../sysdeps/unix/sysv/linux/x86_64/clone3.S:81
          

error: internal compiler error: cannot relate constants (Const { ty: fn() -> usize {std::mem::size_of::<T>}, kind: Value(Branch([])) }, Const { ty: fn() -> usize {std::mem::size_of::<_>}, kind: Value(Branch([])) }) of different types: fn() -> usize {std::mem::size_of::<T>} != fn() -> usize {std::mem::size_of::<_>}
  |
  = note: delayed at    0: <rustc_errors::HandlerInner>::emit_diagnostic
             1: <rustc_errors::Handler>::delay_span_bug::<rustc_span::span_encoding::Span, &alloc::string::String>
             2: rustc_middle::ty::relate::super_relate_consts::<rustc_infer::infer::equate::Equate>
             3: <rustc_infer::infer::InferCtxt>::super_combine_consts::<rustc_infer::infer::equate::Equate>
             4: rustc_middle::ty::relate::super_relate_consts::<rustc_infer::infer::equate::Equate>
             5: <rustc_infer::infer::InferCtxt>::super_combine_consts::<rustc_infer::infer::equate::Equate>
             6: <rustc_infer::infer::InferCtxt>::commit_if_ok::<rustc_infer::infer::InferOk<()>, rustc_middle::ty::error::TypeError, <rustc_infer::infer::at::Trace>::eq<rustc_middle::ty::consts::Const>::{closure#0}>
             7: <rustc_infer::infer::at::At>::eq::<rustc_middle::ty::consts::Const>
             8: <rustc_trait_selection::traits::engine::ObligationCtxt>::eq::<rustc_middle::ty::consts::Const>
             9: rustc_trait_selection::traits::const_evaluatable::satisfied_from_param_env
            10: rustc_trait_selection::traits::const_evaluatable::is_const_evaluatable
            11: <rustc_trait_selection::traits::fulfill::FulfillProcessor as rustc_data_structures::obligation_forest::ObligationProcessor>::process_obligation
            12: <rustc_data_structures::obligation_forest::ObligationForest<rustc_trait_selection::traits::fulfill::PendingPredicateObligation>>::process_obligations::<rustc_trait_selection::traits::fulfill::FulfillProcessor>
            13: <rustc_hir_typeck::fn_ctxt::FnCtxt>::check_argument_types
            14: <rustc_hir_typeck::fn_ctxt::FnCtxt>::check_expr_with_expectation_and_args
            15: <rustc_hir_typeck::fn_ctxt::FnCtxt>::check_block_with_expected
            16: <rustc_hir_typeck::fn_ctxt::FnCtxt>::check_expr_with_expectation_and_args
            17: <rustc_hir_typeck::fn_ctxt::FnCtxt>::check_return_expr
            18: rustc_hir_typeck::check::check_fn
            19: rustc_hir_typeck::typeck
            20: <rustc_query_system::dep_graph::graph::DepGraph<rustc_middle::dep_graph::dep_node::DepKind>>::with_task::<rustc_middle::ty::context::TyCtxt, rustc_span::def_id::LocalDefId, &rustc_middle::ty::typeck_results::TypeckResults>
            21: rustc_query_system::query::plumbing::try_execute_query::<rustc_query_impl::queries::typeck, rustc_query_impl::plumbing::QueryCtxt>
            22: rustc_data_structures::sync::par_for_each_in::<&[rustc_span::def_id::LocalDefId], <rustc_middle::hir::map::Map>::par_body_owners<rustc_hir_typeck::typeck_item_bodies::{closure#0}>::{closure#0}>
            23: rustc_hir_typeck::typeck_item_bodies
            24: <rustc_query_system::dep_graph::graph::DepGraph<rustc_middle::dep_graph::dep_node::DepKind>>::with_task::<rustc_middle::ty::context::TyCtxt, (), ()>
            25: rustc_query_system::query::plumbing::try_execute_query::<rustc_query_impl::queries::typeck_item_bodies, rustc_query_impl::plumbing::QueryCtxt>
            26: <rustc_query_impl::Queries as rustc_middle::ty::query::QueryEngine>::typeck_item_bodies
            27: <rustc_session::session::Session>::time::<(), rustc_hir_analysis::check_crate::{closure#7}>
            28: rustc_hir_analysis::check_crate
            29: rustc_interface::passes::analysis
            30: <rustc_query_system::dep_graph::graph::DepGraph<rustc_middle::dep_graph::dep_node::DepKind>>::with_task::<rustc_middle::ty::context::TyCtxt, (), core::result::Result<(), rustc_errors::ErrorGuaranteed>>
            31: rustc_query_system::query::plumbing::try_execute_query::<rustc_query_impl::queries::analysis, rustc_query_impl::plumbing::QueryCtxt>
            32: <rustc_query_impl::Queries as rustc_middle::ty::query::QueryEngine>::analysis
            33: <rustc_interface::passes::QueryContext>::enter::<rustc_driver_impl::run_compiler::{closure#1}::{closure#2}::{closure#3}, core::result::Result<(), rustc_errors::ErrorGuaranteed>>
            34: <rustc_interface::interface::Compiler>::enter::<rustc_driver_impl::run_compiler::{closure#1}::{closure#2}, core::result::Result<core::option::Option<rustc_interface::queries::Linker>, rustc_errors::ErrorGuaranteed>>
            35: rustc_span::with_source_map::<core::result::Result<(), rustc_errors::ErrorGuaranteed>, rustc_interface::interface::run_compiler<core::result::Result<(), rustc_errors::ErrorGuaranteed>, rustc_driver_impl::run_compiler::{closure#1}>::{closure#0}::{closure#0}>
            36: <scoped_tls::ScopedKey<rustc_span::SessionGlobals>>::set::<rustc_interface::interface::run_compiler<core::result::Result<(), rustc_errors::ErrorGuaranteed>, rustc_driver_impl::run_compiler::{closure#1}>::{closure#0}, core::result::Result<(), rustc_errors::ErrorGuaranteed>>
            37: std::sys_common::backtrace::__rust_begin_short_backtrace::<rustc_interface::util::run_in_thread_pool_with_globals<rustc_interface::interface::run_compiler<core::result::Result<(), rustc_errors::ErrorGuaranteed>, rustc_driver_impl::run_compiler::{closure#1}>::{closure#0}, core::result::Result<(), rustc_errors::ErrorGuaranteed>>::{closure#0}::{closure#0}, core::result::Result<(), rustc_errors::ErrorGuaranteed>>
            38: <<std::thread::Builder>::spawn_unchecked_<rustc_interface::util::run_in_thread_pool_with_globals<rustc_interface::interface::run_compiler<core::result::Result<(), rustc_errors::ErrorGuaranteed>, rustc_driver_impl::run_compiler::{closure#1}>::{closure#0}, core::result::Result<(), rustc_errors::ErrorGuaranteed>>::{closure#0}::{closure#0}, core::result::Result<(), rustc_errors::ErrorGuaranteed>>::{closure#1} as core::ops::function::FnOnce<()>>::call_once::{shim:vtable#0}
            39: <alloc::boxed::Box<F,A> as core::ops::function::FnOnce<Args>>::call_once
                       at /rustc/ef934d9b632b8ac00276558824664c104b92b5f0/library/alloc/src/boxed.rs:1988:9
            40: <alloc::boxed::Box<F,A> as core::ops::function::FnOnce<Args>>::call_once
                       at /rustc/ef934d9b632b8ac00276558824664c104b92b5f0/library/alloc/src/boxed.rs:1988:9
            41: std::sys::unix::thread::Thread::new::thread_start
                       at /rustc/ef934d9b632b8ac00276558824664c104b92b5f0/library/std/src/sys/unix/thread.rs:108:17
            42: start_thread
                       at ./nptl/./nptl/pthread_create.c:442:8
            43: __GI___clone3
                       at ./misc/../sysdeps/unix/sysv/linux/x86_64/clone3.S:81
          

note: we would appreciate a bug report: https://github.com/rust-lang/rust/issues/new?labels=C-bug%2C+I-ICE%2C+T-compiler&template=ice.md

note: rustc 1.69.0-nightly (ef934d9b6 2023-02-08) running on x86_64-unknown-linux-gnu

note: compiler flags: --crate-type bin -C embed-bitcode=no -C debuginfo=2 -C incremental=[REDACTED]

note: some of the compiler flags provided by cargo are hidden

query stack during panic:
end of query stack
warning: `bug_107898` (bin "bug_107898") generated 1 warning
error: could not compile `bug_107898`; 1 warning emitted
------------------------------------------------------------
Return code: 101
