=== START 2026-02-01 22:02:19 ===
Bug ID: 107883
Toolchain: nightly-2023-02-09
Source: /data/zhangtianrong/projects/rustc-cbl/rustcbugs/107883
Run dir: /data/zhangtianrong/projects/rustc-cbl/run/107883
CMD: rustup run nightly-2023-02-09 cargo build
------------------------------------------------------------
   Compiling bug_107883 v0.1.0 (/data/zhangtianrong/projects/rustc-cbl/run/107883)
error: concrete type differs from previous defining opaque type use
 --> src/main.rs:8:10
  |
8 |     |_x| 15
  |          ^^ expected `impl Debug`, got `i32`
  |
note: previous use here
 --> src/main.rs:8:5
  |
8 |     |_x| 15
  |     ^^^^^^^

error[E0720]: cannot resolve opaque type
 --> src/main.rs:7:28
  |
7 | fn f<T>() -> impl Fn(T) -> impl Debug {
  |                            ^^^^^^^^^^ cannot resolve opaque type

error: concrete type differs from previous defining opaque type use
  --> src/main.rs:21:10
   |
21 |     |_x| 15
   |          ^^ expected `impl Debug`, got `i32`
   |
note: previous use here
  --> src/main.rs:21:5
   |
21 |     |_x| 15
   |     ^^^^^^^

error[E0720]: cannot resolve opaque type
  --> src/main.rs:20:37
   |
20 | fn h<T>() -> impl Fn<(T,), Output = impl Debug> {
   |                                     ^^^^^^^^^^ cannot resolve opaque type

For more information about this error, try `rustc --explain E0720`.
error: could not compile `bug_107883` due to 4 previous errors
------------------------------------------------------------
Return code: 101
