=== START 2026-01-19 22:35:11 ===
Bug ID: 108271
Toolchain: nightly-2023-02-19
Source: /data/zhangtianrong/projects/rustc-cbl/rustcbugs/108271
Run dir: /data/zhangtianrong/projects/rustc-cbl/run/108271
CMD: rustup run nightly-2023-02-19 cargo build
------------------------------------------------------------
   Compiling bug_108271 v0.1.0 (/data/zhangtianrong/projects/rustc-cbl/run/108271)
error[E0658]: associated const equality is incomplete
 --> src/main.rs:5:35
  |
5 | fn main<T, B: TraitWAssocConst<T, A = { 1 }>>() {}
  |                                   ^^^^^^^^^
  |
  = note: see issue #92827 <https://github.com/rust-lang/rust/issues/92827> for more information
  = help: add `#![feature(associated_const_equality)]` to the crate attributes to enable

thread 'rustc' panicked at 'const parameter types cannot be generic', compiler/rustc_middle/src/ty/consts.rs:79:14
stack backtrace:
   0:     0x7fe91916aa7a - std::backtrace_rs::backtrace::libunwind::trace::h9ab7cd28287cf18f
                               at /rustc/4507fdaaa27ea2fb59a41df2ce7d1f290da53dae/library/std/src/../../backtrace/src/backtrace/libunwind.rs:93:5
   1:     0x7fe91916aa7a - std::backtrace_rs::backtrace::trace_unsynchronized::h3e7e6ca06d1d63cf
                               at /rustc/4507fdaaa27ea2fb59a41df2ce7d1f290da53dae/library/std/src/../../backtrace/src/backtrace/mod.rs:66:5
   2:     0x7fe91916aa7a - std::sys_common::backtrace::_print_fmt::h5b6184fd459f0c71
                               at /rustc/4507fdaaa27ea2fb59a41df2ce7d1f290da53dae/library/std/src/sys_common/backtrace.rs:65:5
   3:     0x7fe91916aa7a - <std::sys_common::backtrace::_print::DisplayBacktrace as core::fmt::Display>::fmt::h8ed5468732b78071
                               at /rustc/4507fdaaa27ea2fb59a41df2ce7d1f290da53dae/library/std/src/sys_common/backtrace.rs:44:22
   4:     0x7fe9191ca9fe - core::fmt::write::h89c1e855e81d7a96
                               at /rustc/4507fdaaa27ea2fb59a41df2ce7d1f290da53dae/library/core/src/fmt/mod.rs:1232:17
   5:     0x7fe91915af25 - std::io::Write::write_fmt::ha23ba71db044374b
                               at /rustc/4507fdaaa27ea2fb59a41df2ce7d1f290da53dae/library/std/src/io/mod.rs:1684:15
   6:     0x7fe91916a845 - std::sys_common::backtrace::_print::h194cdf55c322d5fe
                               at /rustc/4507fdaaa27ea2fb59a41df2ce7d1f290da53dae/library/std/src/sys_common/backtrace.rs:47:5
   7:     0x7fe91916a845 - std::sys_common::backtrace::print::h4549e75783bab124
                               at /rustc/4507fdaaa27ea2fb59a41df2ce7d1f290da53dae/library/std/src/sys_common/backtrace.rs:34:9
   8:     0x7fe91916d5bf - std::panicking::default_hook::{{closure}}::h04a46ea9ff60bf2c
                               at /rustc/4507fdaaa27ea2fb59a41df2ce7d1f290da53dae/library/std/src/panicking.rs:267:22
   9:     0x7fe91916d2fb - std::panicking::default_hook::h6f3c116d48f73fba
                               at /rustc/4507fdaaa27ea2fb59a41df2ce7d1f290da53dae/library/std/src/panicking.rs:286:9
  10:     0x7fe91c43c5f5 - <rustc_driver_impl[48a98004e06292cf]::DEFAULT_HOOK::{closure#0}::{closure#0} as core[69c2f5c35675f1ee]::ops::function::FnOnce<(&core[69c2f5c35675f1ee]::panic::panic_info::PanicInfo,)>>::call_once::{shim:vtable#0}
  11:     0x7fe91916ddfd - <alloc::boxed::Box<F,A> as core::ops::function::Fn<Args>>::call::h779d28c2deb011a8
                               at /rustc/4507fdaaa27ea2fb59a41df2ce7d1f290da53dae/library/alloc/src/boxed.rs:2002:9
  12:     0x7fe91916ddfd - std::panicking::rust_panic_with_hook::h5a936503487f19f5
                               at /rustc/4507fdaaa27ea2fb59a41df2ce7d1f290da53dae/library/std/src/panicking.rs:692:13
  13:     0x7fe91916db79 - std::panicking::begin_panic_handler::{{closure}}::hf8db4efce7a7f23f
                               at /rustc/4507fdaaa27ea2fb59a41df2ce7d1f290da53dae/library/std/src/panicking.rs:579:13
  14:     0x7fe91916aee6 - std::sys_common::backtrace::__rust_end_short_backtrace::h668cb6dbbf3929c2
                               at /rustc/4507fdaaa27ea2fb59a41df2ce7d1f290da53dae/library/std/src/sys_common/backtrace.rs:137:18
  15:     0x7fe91916d882 - rust_begin_unwind
                               at /rustc/4507fdaaa27ea2fb59a41df2ce7d1f290da53dae/library/std/src/panicking.rs:575:5
  16:     0x7fe9191c73a3 - core::panicking::panic_fmt::h6a86232234ce2127
                               at /rustc/4507fdaaa27ea2fb59a41df2ce7d1f290da53dae/library/core/src/panicking.rs:64:14
  17:     0x7fe9191c7511 - core::panicking::panic_display::h37afa093fa4d76ea
                               at /rustc/4507fdaaa27ea2fb59a41df2ce7d1f290da53dae/library/core/src/panicking.rs:147:5
  18:     0x7fe9191c74bb - core::panicking::panic_str::he2f729466f8303c4
                               at /rustc/4507fdaaa27ea2fb59a41df2ce7d1f290da53dae/library/core/src/panicking.rs:131:5
  19:     0x7fe9191c7126 - core::option::expect_failed::hc07db22650c2c2bd
                               at /rustc/4507fdaaa27ea2fb59a41df2ce7d1f290da53dae/library/core/src/option.rs:1926:5
  20:     0x7fe91b50ef7a - <rustc_middle[2a277d44e6a99f4f]::ty::consts::Const>::from_opt_const_arg_anon_const
  21:     0x7fe91b6b936b - <core[69c2f5c35675f1ee]::iter::adapters::map::Map<core[69c2f5c35675f1ee]::slice::iter::Iter<rustc_hir[1e8fd85835ba83b0]::hir::TypeBinding>, <dyn rustc_hir_analysis[949699aba34bbd6e]::astconv::AstConv>::create_assoc_bindings_for_generic_args::{closure#0}> as core[69c2f5c35675f1ee]::iter::traits::iterator::Iterator>::fold::<(), core[69c2f5c35675f1ee]::iter::traits::iterator::Iterator::for_each::call<rustc_hir_analysis[949699aba34bbd6e]::astconv::ConvertedBinding, <alloc[d821da156a43ed98]::vec::Vec<rustc_hir_analysis[949699aba34bbd6e]::astconv::ConvertedBinding>>::extend_trusted<core[69c2f5c35675f1ee]::iter::adapters::map::Map<core[69c2f5c35675f1ee]::slice::iter::Iter<rustc_hir[1e8fd85835ba83b0]::hir::TypeBinding>, <dyn rustc_hir_analysis[949699aba34bbd6e]::astconv::AstConv>::create_assoc_bindings_for_generic_args::{closure#0}>>::{closure#0}>::{closure#0}>
  22:     0x7fe91b6b4f07 - <dyn rustc_hir_analysis[949699aba34bbd6e]::astconv::AstConv>::instantiate_poly_trait_ref_inner
  23:     0x7fe91b6b38ec - <dyn rustc_hir_analysis[949699aba34bbd6e]::astconv::AstConv>::instantiate_poly_trait_ref
  24:     0x7fe91a7eb4e0 - rustc_hir_analysis[949699aba34bbd6e]::collect::predicates_of::gather_explicit_predicates_of
  25:     0x7fe91a7e99a9 - rustc_hir_analysis[949699aba34bbd6e]::collect::predicates_of::explicit_predicates_of
  26:     0x7fe91af420a3 - <rustc_query_system[46560f6823c6ac3e]::dep_graph::graph::DepGraph<rustc_middle[2a277d44e6a99f4f]::dep_graph::dep_node::DepKind>>::with_task::<rustc_query_impl[34788ad4354c9a05]::plumbing::QueryCtxt, rustc_span[97beb3ced854c2e2]::def_id::DefId, rustc_middle[2a277d44e6a99f4f]::ty::generics::GenericPredicates>
  27:     0x7fe91af3cb1b - rustc_query_system[46560f6823c6ac3e]::query::plumbing::get_query::<rustc_query_impl[34788ad4354c9a05]::queries::explicit_predicates_of, rustc_query_impl[34788ad4354c9a05]::plumbing::QueryCtxt, rustc_middle[2a277d44e6a99f4f]::dep_graph::dep_node::DepKind>
  28:     0x7fe91af3751f - rustc_hir_analysis[949699aba34bbd6e]::collect::predicates_defined_on
  29:     0x7fe91af42063 - <rustc_query_system[46560f6823c6ac3e]::dep_graph::graph::DepGraph<rustc_middle[2a277d44e6a99f4f]::dep_graph::dep_node::DepKind>>::with_task::<rustc_query_impl[34788ad4354c9a05]::plumbing::QueryCtxt, rustc_span[97beb3ced854c2e2]::def_id::DefId, rustc_middle[2a277d44e6a99f4f]::ty::generics::GenericPredicates>
  30:     0x7fe91aeb75e3 - rustc_hir_analysis[949699aba34bbd6e]::collect::predicates_of::predicates_of
  31:     0x7fe91af43378 - <rustc_query_system[46560f6823c6ac3e]::dep_graph::graph::DepGraph<rustc_middle[2a277d44e6a99f4f]::dep_graph::dep_node::DepKind>>::with_task::<rustc_query_impl[34788ad4354c9a05]::plumbing::QueryCtxt, rustc_span[97beb3ced854c2e2]::def_id::DefId, rustc_middle[2a277d44e6a99f4f]::ty::generics::GenericPredicates>
  32:     0x7fe91aeb44a8 - rustc_query_system[46560f6823c6ac3e]::query::plumbing::get_query::<rustc_query_impl[34788ad4354c9a05]::queries::predicates_of, rustc_query_impl[34788ad4354c9a05]::plumbing::QueryCtxt, rustc_middle[2a277d44e6a99f4f]::dep_graph::dep_node::DepKind>
  33:     0x7fe91aeb3a23 - <rustc_query_impl[34788ad4354c9a05]::Queries as rustc_middle[2a277d44e6a99f4f]::ty::query::QueryEngine>::predicates_of
  34:     0x7fe91aaed5c0 - <rustc_hir_analysis[949699aba34bbd6e]::collect::CollectItemTypesVisitor as rustc_hir[1e8fd85835ba83b0]::intravisit::Visitor>::visit_item
  35:     0x7fe91aaec385 - <rustc_middle[2a277d44e6a99f4f]::hir::map::Map>::visit_item_likes_in_module::<rustc_hir_analysis[949699aba34bbd6e]::collect::CollectItemTypesVisitor>
  36:     0x7fe91aaec29c - rustc_hir_analysis[949699aba34bbd6e]::collect::collect_mod_item_types
  37:     0x7fe91ad40433 - <rustc_query_system[46560f6823c6ac3e]::dep_graph::graph::DepGraph<rustc_middle[2a277d44e6a99f4f]::dep_graph::dep_node::DepKind>>::with_task::<rustc_query_impl[34788ad4354c9a05]::plumbing::QueryCtxt, rustc_span[97beb3ced854c2e2]::def_id::LocalDefId, ()>
  38:     0x7fe91ba262db - rustc_query_system[46560f6823c6ac3e]::query::plumbing::try_execute_query::<rustc_query_impl[34788ad4354c9a05]::queries::collect_mod_item_types, rustc_query_impl[34788ad4354c9a05]::plumbing::QueryCtxt>
  39:     0x7fe91be3544d - <rustc_query_impl[34788ad4354c9a05]::Queries as rustc_middle[2a277d44e6a99f4f]::ty::query::QueryEngine>::collect_mod_item_types
  40:     0x7fe91bb45a6f - <rustc_middle[2a277d44e6a99f4f]::hir::map::Map>::for_each_module::<rustc_hir_analysis[949699aba34bbd6e]::check_crate::{closure#0}::{closure#0}::{closure#0}>
  41:     0x7fe91a9074cc - rustc_hir_analysis[949699aba34bbd6e]::check_crate
  42:     0x7fe91a8febc2 - rustc_interface[3e6023fe39c52850]::passes::analysis
  43:     0x7fe91bc599d1 - <rustc_query_system[46560f6823c6ac3e]::dep_graph::graph::DepGraph<rustc_middle[2a277d44e6a99f4f]::dep_graph::dep_node::DepKind>>::with_task::<rustc_query_impl[34788ad4354c9a05]::plumbing::QueryCtxt, (), core[69c2f5c35675f1ee]::result::Result<(), rustc_errors[abf5e0320c3520e7]::ErrorGuaranteed>>
  44:     0x7fe91bc59042 - rustc_query_system[46560f6823c6ac3e]::query::plumbing::try_execute_query::<rustc_query_impl[34788ad4354c9a05]::queries::analysis, rustc_query_impl[34788ad4354c9a05]::plumbing::QueryCtxt>
  45:     0x7fe91be2ed8a - <rustc_query_impl[34788ad4354c9a05]::Queries as rustc_middle[2a277d44e6a99f4f]::ty::query::QueryEngine>::analysis
  46:     0x7fe91b6c79f6 - <rustc_middle[2a277d44e6a99f4f]::ty::context::GlobalCtxt>::enter::<rustc_driver_impl[48a98004e06292cf]::run_compiler::{closure#1}::{closure#2}::{closure#3}, core[69c2f5c35675f1ee]::result::Result<(), rustc_errors[abf5e0320c3520e7]::ErrorGuaranteed>>
  47:     0x7fe91b6c68e6 - <rustc_interface[3e6023fe39c52850]::interface::Compiler>::enter::<rustc_driver_impl[48a98004e06292cf]::run_compiler::{closure#1}::{closure#2}, core[69c2f5c35675f1ee]::result::Result<core[69c2f5c35675f1ee]::option::Option<rustc_interface[3e6023fe39c52850]::queries::Linker>, rustc_errors[abf5e0320c3520e7]::ErrorGuaranteed>>
  48:     0x7fe91b6c49c4 - rustc_span[97beb3ced854c2e2]::with_source_map::<core[69c2f5c35675f1ee]::result::Result<(), rustc_errors[abf5e0320c3520e7]::ErrorGuaranteed>, rustc_interface[3e6023fe39c52850]::interface::run_compiler<core[69c2f5c35675f1ee]::result::Result<(), rustc_errors[abf5e0320c3520e7]::ErrorGuaranteed>, rustc_driver_impl[48a98004e06292cf]::run_compiler::{closure#1}>::{closure#0}::{closure#0}>
  49:     0x7fe91b6c3f2d - std[d6315e0f51da5517]::sys_common::backtrace::__rust_begin_short_backtrace::<rustc_interface[3e6023fe39c52850]::util::run_in_thread_pool_with_globals<rustc_interface[3e6023fe39c52850]::interface::run_compiler<core[69c2f5c35675f1ee]::result::Result<(), rustc_errors[abf5e0320c3520e7]::ErrorGuaranteed>, rustc_driver_impl[48a98004e06292cf]::run_compiler::{closure#1}>::{closure#0}, core[69c2f5c35675f1ee]::result::Result<(), rustc_errors[abf5e0320c3520e7]::ErrorGuaranteed>>::{closure#0}::{closure#0}, core[69c2f5c35675f1ee]::result::Result<(), rustc_errors[abf5e0320c3520e7]::ErrorGuaranteed>>
  50:     0x7fe91b6c397c - <<std[d6315e0f51da5517]::thread::Builder>::spawn_unchecked_<rustc_interface[3e6023fe39c52850]::util::run_in_thread_pool_with_globals<rustc_interface[3e6023fe39c52850]::interface::run_compiler<core[69c2f5c35675f1ee]::result::Result<(), rustc_errors[abf5e0320c3520e7]::ErrorGuaranteed>, rustc_driver_impl[48a98004e06292cf]::run_compiler::{closure#1}>::{closure#0}, core[69c2f5c35675f1ee]::result::Result<(), rustc_errors[abf5e0320c3520e7]::ErrorGuaranteed>>::{closure#0}::{closure#0}, core[69c2f5c35675f1ee]::result::Result<(), rustc_errors[abf5e0320c3520e7]::ErrorGuaranteed>>::{closure#1} as core[69c2f5c35675f1ee]::ops::function::FnOnce<()>>::call_once::{shim:vtable#0}
  51:     0x7fe919177c83 - <alloc::boxed::Box<F,A> as core::ops::function::FnOnce<Args>>::call_once::heeffe32503a99aa5
                               at /rustc/4507fdaaa27ea2fb59a41df2ce7d1f290da53dae/library/alloc/src/boxed.rs:1988:9
  52:     0x7fe919177c83 - <alloc::boxed::Box<F,A> as core::ops::function::FnOnce<Args>>::call_once::h5085270dbf970bb4
                               at /rustc/4507fdaaa27ea2fb59a41df2ce7d1f290da53dae/library/alloc/src/boxed.rs:1988:9
  53:     0x7fe919177c83 - std::sys::unix::thread::Thread::new::thread_start::h76c3abd575e0d195
                               at /rustc/4507fdaaa27ea2fb59a41df2ce7d1f290da53dae/library/std/src/sys/unix/thread.rs:108:17
  54:     0x7fe918e94ac3 - start_thread
                               at ./nptl/./nptl/pthread_create.c:442:8
  55:     0x7fe918f268c0 - __GI___clone3
                               at ./misc/../sysdeps/unix/sysv/linux/x86_64/clone3.S:81
  56:                0x0 - <unknown>

error: the compiler unexpectedly panicked. this is a bug.

note: we would appreciate a bug report: https://github.com/rust-lang/rust/issues/new?labels=C-bug%2C+I-ICE%2C+T-compiler&template=ice.md

note: rustc 1.69.0-nightly (4507fdaaa 2023-02-18) running on x86_64-unknown-linux-gnu

note: compiler flags: --crate-type bin -C embed-bitcode=no -C debuginfo=2 -C incremental=[REDACTED]

note: some of the compiler flags provided by cargo are hidden

query stack during panic:
#0 [explicit_predicates_of] computing explicit predicates of `main`
#1 [predicates_defined_on] computing predicates of `main`
#2 [predicates_of] computing predicates of `main`
#3 [collect_mod_item_types] collecting item types in top-level module
#4 [analysis] running analysis passes on this crate
end of query stack
For more information about this error, try `rustc --explain E0658`.
error: could not compile `bug_108271` due to previous error
------------------------------------------------------------
Return code: 101
