=== START 2026-01-19 22:33:42 ===
Bug ID: 108329
Toolchain: nightly-2023-02-20
Source: /data/zhangtianrong/projects/rustc-cbl/rustcbugs/108329
Run dir: /data/zhangtianrong/projects/rustc-cbl/run/108329
CMD: rustup run nightly-2023-02-20 cargo build
------------------------------------------------------------
   Compiling bug_108329 v0.1.0 (/data/zhangtianrong/projects/rustc-cbl/run/108329)
warning: the feature `generic_const_exprs` is incomplete and may not be safe to use and/or cause compiler crashes
 --> src/main.rs:8:12
  |
8 | #![feature(generic_const_exprs)]
  |            ^^^^^^^^^^^^^^^^^^^
  |
  = note: see issue #76560 <https://github.com/rust-lang/rust/issues/76560> for more information
  = note: `#[warn(incomplete_features)]` on by default

thread 'rustc' panicked at 'index out of bounds: the len is 30 but the index is 31', /cargo/registry/src/index.crates.io-6f17d22bba15001f/ena-0.14.0/src/snapshot_vec.rs:199:10
stack backtrace:
   0:     0x7c36728d9a7a - std::backtrace_rs::backtrace::libunwind::trace::h9489b6bb69d0b539
                               at /rustc/7aa413d59206fd511137728df3d9e0fd377429bd/library/std/src/../../backtrace/src/backtrace/libunwind.rs:93:5
   1:     0x7c36728d9a7a - std::backtrace_rs::backtrace::trace_unsynchronized::h074cc8d03fa8d3dc
                               at /rustc/7aa413d59206fd511137728df3d9e0fd377429bd/library/std/src/../../backtrace/src/backtrace/mod.rs:66:5
   2:     0x7c36728d9a7a - std::sys_common::backtrace::_print_fmt::h855b454124c5eb62
                               at /rustc/7aa413d59206fd511137728df3d9e0fd377429bd/library/std/src/sys_common/backtrace.rs:65:5
   3:     0x7c36728d9a7a - <std::sys_common::backtrace::_print::DisplayBacktrace as core::fmt::Display>::fmt::hb1cc20dbe9783028
                               at /rustc/7aa413d59206fd511137728df3d9e0fd377429bd/library/std/src/sys_common/backtrace.rs:44:22
   4:     0x7c36729399fe - core::fmt::write::h2ce679bf0de92319
                               at /rustc/7aa413d59206fd511137728df3d9e0fd377429bd/library/core/src/fmt/mod.rs:1232:17
   5:     0x7c36728c9f25 - std::io::Write::write_fmt::hf0d271cfceb9d3c2
                               at /rustc/7aa413d59206fd511137728df3d9e0fd377429bd/library/std/src/io/mod.rs:1684:15
   6:     0x7c36728d9845 - std::sys_common::backtrace::_print::ha1c1c6cae6faf548
                               at /rustc/7aa413d59206fd511137728df3d9e0fd377429bd/library/std/src/sys_common/backtrace.rs:47:5
   7:     0x7c36728d9845 - std::sys_common::backtrace::print::h4c052fa11a0cef4b
                               at /rustc/7aa413d59206fd511137728df3d9e0fd377429bd/library/std/src/sys_common/backtrace.rs:34:9
   8:     0x7c36728dc5bf - std::panicking::default_hook::{{closure}}::h844c6ede57d48540
                               at /rustc/7aa413d59206fd511137728df3d9e0fd377429bd/library/std/src/panicking.rs:267:22
   9:     0x7c36728dc2fb - std::panicking::default_hook::h854c8cb7dd25b7a5
                               at /rustc/7aa413d59206fd511137728df3d9e0fd377429bd/library/std/src/panicking.rs:286:9
  10:     0x7c36716392b5 - <rustc_driver_impl[6e32b0e3e4ecc577]::DEFAULT_HOOK::{closure#0}::{closure#0} as core[7c7d3fa1b0e0eb0]::ops::function::FnOnce<(&core[7c7d3fa1b0e0eb0]::panic::panic_info::PanicInfo,)>>::call_once::{shim:vtable#0}
  11:     0x7c36728dcdfd - <alloc::boxed::Box<F,A> as core::ops::function::Fn<Args>>::call::h99a819f48eb65709
                               at /rustc/7aa413d59206fd511137728df3d9e0fd377429bd/library/alloc/src/boxed.rs:2002:9
  12:     0x7c36728dcdfd - std::panicking::rust_panic_with_hook::hfdf377d5e3bd50c0
                               at /rustc/7aa413d59206fd511137728df3d9e0fd377429bd/library/std/src/panicking.rs:692:13
  13:     0x7c36728dcb79 - std::panicking::begin_panic_handler::{{closure}}::h202f06f8586acb9b
                               at /rustc/7aa413d59206fd511137728df3d9e0fd377429bd/library/std/src/panicking.rs:579:13
  14:     0x7c36728d9ee6 - std::sys_common::backtrace::__rust_end_short_backtrace::he788777797a37096
                               at /rustc/7aa413d59206fd511137728df3d9e0fd377429bd/library/std/src/sys_common/backtrace.rs:137:18
  15:     0x7c36728dc882 - rust_begin_unwind
                               at /rustc/7aa413d59206fd511137728df3d9e0fd377429bd/library/std/src/panicking.rs:575:5
  16:     0x7c36729363a3 - core::panicking::panic_fmt::h704f91c520cedbb5
                               at /rustc/7aa413d59206fd511137728df3d9e0fd377429bd/library/core/src/panicking.rs:64:14
  17:     0x7c3672936592 - core::panicking::panic_bounds_check::h2bdf3f03f4f04815
                               at /rustc/7aa413d59206fd511137728df3d9e0fd377429bd/library/core/src/panicking.rs:159:5
  18:     0x7c366f63bbee - <ena[21792a3f2318e5b4]::unify::UnificationTable<ena[21792a3f2318e5b4]::unify::backing_vec::InPlace<rustc_infer[93fbc08cd4a12a92]::infer::type_variable::TyVidEqKey, &mut alloc[f648dfb059bacbe8]::vec::Vec<ena[21792a3f2318e5b4]::unify::VarValue<rustc_infer[93fbc08cd4a12a92]::infer::type_variable::TyVidEqKey>>, &mut rustc_infer[93fbc08cd4a12a92]::infer::undo_log::InferCtxtUndoLogs>>>::uninlined_get_root_key
  19:     0x7c366f70149b - <rustc_infer[93fbc08cd4a12a92]::infer::combine::Generalizer as rustc_middle[f89b3bfcac62aa00]::ty::relate::TypeRelation>::tys
  20:     0x7c366f6f9b24 - rustc_middle[f89b3bfcac62aa00]::ty::relate::super_relate_tys::<rustc_infer[93fbc08cd4a12a92]::infer::combine::Generalizer>
  21:     0x7c366f7012dd - <rustc_infer[93fbc08cd4a12a92]::infer::combine::Generalizer as rustc_middle[f89b3bfcac62aa00]::ty::relate::TypeRelation>::tys
  22:     0x7c366f67f117 - <rustc_infer[93fbc08cd4a12a92]::infer::equate::Equate as rustc_middle[f89b3bfcac62aa00]::ty::relate::TypeRelation>::tys
  23:     0x7c3670480a94 - <rustc_infer[93fbc08cd4a12a92]::infer::at::At>::eq::<rustc_middle[f89b3bfcac62aa00]::ty::Ty>
  24:     0x7c367184682c - <rustc_infer[93fbc08cd4a12a92]::infer::InferCtxt>::can_eq::<rustc_middle[f89b3bfcac62aa00]::ty::Ty>
  25:     0x7c36717ed8c9 - <rustc_hir_typeck[14eb6594e693be7f]::fn_ctxt::FnCtxt>::point_at_expr_source_of_inferred_type
  26:     0x7c36718005f7 - <rustc_hir_typeck[14eb6594e693be7f]::fn_ctxt::FnCtxt>::report_arg_errors
  27:     0x7c366fc50d73 - <rustc_hir_typeck[14eb6594e693be7f]::fn_ctxt::FnCtxt>::check_argument_types
  28:     0x7c366fa4104e - <rustc_hir_typeck[14eb6594e693be7f]::fn_ctxt::FnCtxt>::check_expr_with_expectation_and_args
  29:     0x7c366fa6c345 - <rustc_hir_typeck[14eb6594e693be7f]::fn_ctxt::FnCtxt>::check_block_with_expected
  30:     0x7c366fa3f8dd - <rustc_hir_typeck[14eb6594e693be7f]::fn_ctxt::FnCtxt>::check_expr_with_expectation_and_args
  31:     0x7c367047a65b - <rustc_hir_typeck[14eb6594e693be7f]::fn_ctxt::FnCtxt>::check_return_expr
  32:     0x7c3670472a04 - rustc_hir_typeck[14eb6594e693be7f]::check::check_fn
  33:     0x7c367045b4ba - rustc_hir_typeck[14eb6594e693be7f]::typeck
  34:     0x7c3670377123 - <rustc_query_system[61b579b99652e722]::dep_graph::graph::DepGraph<rustc_middle[f89b3bfcac62aa00]::dep_graph::dep_node::DepKind>>::with_task::<rustc_query_impl[ae5df09473318626]::plumbing::QueryCtxt, rustc_span[cd9543e8608582e7]::def_id::LocalDefId, &rustc_middle[f89b3bfcac62aa00]::ty::typeck_results::TypeckResults>
  35:     0x7c367036d867 - rustc_query_system[61b579b99652e722]::query::plumbing::try_execute_query::<rustc_query_impl[ae5df09473318626]::queries::typeck, rustc_query_impl[ae5df09473318626]::plumbing::QueryCtxt>
  36:     0x7c3670de4c4b - rustc_data_structures[3f3ad1e59c028cf1]::sync::par_for_each_in::<&[rustc_span[cd9543e8608582e7]::def_id::LocalDefId], <rustc_middle[f89b3bfcac62aa00]::hir::map::Map>::par_body_owners<rustc_hir_typeck[14eb6594e693be7f]::typeck_item_bodies::{closure#0}>::{closure#0}>
  37:     0x7c3670de4a8f - rustc_hir_typeck[14eb6594e693be7f]::typeck_item_bodies
  38:     0x7c3670e27976 - <rustc_query_system[61b579b99652e722]::dep_graph::graph::DepGraph<rustc_middle[f89b3bfcac62aa00]::dep_graph::dep_node::DepKind>>::with_task::<rustc_query_impl[ae5df09473318626]::plumbing::QueryCtxt, (), ()>
  39:     0x7c3670c6063d - rustc_query_system[61b579b99652e722]::query::plumbing::try_execute_query::<rustc_query_impl[ae5df09473318626]::queries::typeck_item_bodies, rustc_query_impl[ae5df09473318626]::plumbing::QueryCtxt>
  40:     0x7c3671031c0b - <rustc_query_impl[ae5df09473318626]::Queries as rustc_middle[f89b3bfcac62aa00]::ty::query::QueryEngine>::typeck_item_bodies
  41:     0x7c366fb2a613 - <rustc_session[94944b2b2b6abb1d]::session::Session>::time::<(), rustc_hir_analysis[f4a7f86752221ece]::check_crate::{closure#7}>
  42:     0x7c366fb27add - rustc_hir_analysis[f4a7f86752221ece]::check_crate
  43:     0x7c366fb1f062 - rustc_interface[c6f24677e94f9079]::passes::analysis
  44:     0x7c3670e537b1 - <rustc_query_system[61b579b99652e722]::dep_graph::graph::DepGraph<rustc_middle[f89b3bfcac62aa00]::dep_graph::dep_node::DepKind>>::with_task::<rustc_query_impl[ae5df09473318626]::plumbing::QueryCtxt, (), core[7c7d3fa1b0e0eb0]::result::Result<(), rustc_errors[6988015e967c596d]::ErrorGuaranteed>>
  45:     0x7c3670e52e22 - rustc_query_system[61b579b99652e722]::query::plumbing::try_execute_query::<rustc_query_impl[ae5df09473318626]::queries::analysis, rustc_query_impl[ae5df09473318626]::plumbing::QueryCtxt>
  46:     0x7c367102b4ba - <rustc_query_impl[ae5df09473318626]::Queries as rustc_middle[f89b3bfcac62aa00]::ty::query::QueryEngine>::analysis
  47:     0x7c36708c07d6 - <rustc_middle[f89b3bfcac62aa00]::ty::context::GlobalCtxt>::enter::<rustc_driver_impl[6e32b0e3e4ecc577]::run_compiler::{closure#1}::{closure#2}::{closure#3}, core[7c7d3fa1b0e0eb0]::result::Result<(), rustc_errors[6988015e967c596d]::ErrorGuaranteed>>
  48:     0x7c36708bf6c6 - <rustc_interface[c6f24677e94f9079]::interface::Compiler>::enter::<rustc_driver_impl[6e32b0e3e4ecc577]::run_compiler::{closure#1}::{closure#2}, core[7c7d3fa1b0e0eb0]::result::Result<core[7c7d3fa1b0e0eb0]::option::Option<rustc_interface[c6f24677e94f9079]::queries::Linker>, rustc_errors[6988015e967c596d]::ErrorGuaranteed>>
  49:     0x7c36708bd7a4 - rustc_span[cd9543e8608582e7]::with_source_map::<core[7c7d3fa1b0e0eb0]::result::Result<(), rustc_errors[6988015e967c596d]::ErrorGuaranteed>, rustc_interface[c6f24677e94f9079]::interface::run_compiler<core[7c7d3fa1b0e0eb0]::result::Result<(), rustc_errors[6988015e967c596d]::ErrorGuaranteed>, rustc_driver_impl[6e32b0e3e4ecc577]::run_compiler::{closure#1}>::{closure#0}::{closure#0}>
  50:     0x7c36708bcd0d - std[52c1871eff67b331]::sys_common::backtrace::__rust_begin_short_backtrace::<rustc_interface[c6f24677e94f9079]::util::run_in_thread_pool_with_globals<rustc_interface[c6f24677e94f9079]::interface::run_compiler<core[7c7d3fa1b0e0eb0]::result::Result<(), rustc_errors[6988015e967c596d]::ErrorGuaranteed>, rustc_driver_impl[6e32b0e3e4ecc577]::run_compiler::{closure#1}>::{closure#0}, core[7c7d3fa1b0e0eb0]::result::Result<(), rustc_errors[6988015e967c596d]::ErrorGuaranteed>>::{closure#0}::{closure#0}, core[7c7d3fa1b0e0eb0]::result::Result<(), rustc_errors[6988015e967c596d]::ErrorGuaranteed>>
  51:     0x7c36708bc75c - <<std[52c1871eff67b331]::thread::Builder>::spawn_unchecked_<rustc_interface[c6f24677e94f9079]::util::run_in_thread_pool_with_globals<rustc_interface[c6f24677e94f9079]::interface::run_compiler<core[7c7d3fa1b0e0eb0]::result::Result<(), rustc_errors[6988015e967c596d]::ErrorGuaranteed>, rustc_driver_impl[6e32b0e3e4ecc577]::run_compiler::{closure#1}>::{closure#0}, core[7c7d3fa1b0e0eb0]::result::Result<(), rustc_errors[6988015e967c596d]::ErrorGuaranteed>>::{closure#0}::{closure#0}, core[7c7d3fa1b0e0eb0]::result::Result<(), rustc_errors[6988015e967c596d]::ErrorGuaranteed>>::{closure#1} as core[7c7d3fa1b0e0eb0]::ops::function::FnOnce<()>>::call_once::{shim:vtable#0}
  52:     0x7c36728e6c83 - <alloc::boxed::Box<F,A> as core::ops::function::FnOnce<Args>>::call_once::hd495064039f63337
                               at /rustc/7aa413d59206fd511137728df3d9e0fd377429bd/library/alloc/src/boxed.rs:1988:9
  53:     0x7c36728e6c83 - <alloc::boxed::Box<F,A> as core::ops::function::FnOnce<Args>>::call_once::h5810b8a5e2a1ff63
                               at /rustc/7aa413d59206fd511137728df3d9e0fd377429bd/library/alloc/src/boxed.rs:1988:9
  54:     0x7c36728e6c83 - std::sys::unix::thread::Thread::new::thread_start::hda99a0382c8f8399
                               at /rustc/7aa413d59206fd511137728df3d9e0fd377429bd/library/std/src/sys/unix/thread.rs:108:17
  55:     0x7c366e094ac3 - start_thread
                               at ./nptl/./nptl/pthread_create.c:442:8
  56:     0x7c366e1268c0 - __GI___clone3
                               at ./misc/../sysdeps/unix/sysv/linux/x86_64/clone3.S:81
  57:                0x0 - <unknown>

error: the compiler unexpectedly panicked. this is a bug.

note: we would appreciate a bug report: https://github.com/rust-lang/rust/issues/new?labels=C-bug%2C+I-ICE%2C+T-compiler&template=ice.md

note: rustc 1.69.0-nightly (7aa413d59 2023-02-19) running on x86_64-unknown-linux-gnu

note: compiler flags: --crate-type bin -C embed-bitcode=no -C debuginfo=2 -C incremental=[REDACTED]

note: some of the compiler flags provided by cargo are hidden

query stack during panic:
#0 [typeck] type-checking `<impl at src/main.rs:87:1: 87:49>::take`
#1 [typeck_item_bodies] type-checking all item bodies
#2 [analysis] running analysis passes on this crate
end of query stack
error: internal compiler error: no errors encountered even though `delay_span_bug` issued

error: internal compiler error: no errors reported for args
  --> src/main.rs:97:7
   |
97 |         buf.copy_from_slice(self.buffer[..]);
   |             ^^^^^^^^^^^^^^^
   |
   = note: delayed at    0: <rustc_errors::HandlerInner>::emit_diagnostic
              1: <rustc_errors::Handler>::delay_span_bug::<rustc_span::span_encoding::Span, &str>
              2: <rustc_hir_typeck::fn_ctxt::FnCtxt>::report_arg_errors
              3: <rustc_hir_typeck::fn_ctxt::FnCtxt>::check_argument_types
              4: <rustc_hir_typeck::fn_ctxt::FnCtxt>::check_expr_with_expectation_and_args
              5: <rustc_hir_typeck::fn_ctxt::FnCtxt>::check_block_with_expected
              6: <rustc_hir_typeck::fn_ctxt::FnCtxt>::check_expr_with_expectation_and_args
              7: <rustc_hir_typeck::fn_ctxt::FnCtxt>::check_return_expr
              8: rustc_hir_typeck::check::check_fn
              9: rustc_hir_typeck::typeck
             10: <rustc_query_system::dep_graph::graph::DepGraph<rustc_middle::dep_graph::dep_node::DepKind>>::with_task::<rustc_query_impl::plumbing::QueryCtxt, rustc_span::def_id::LocalDefId, &rustc_middle::ty::typeck_results::TypeckResults>
             11: rustc_query_system::query::plumbing::try_execute_query::<rustc_query_impl::queries::typeck, rustc_query_impl::plumbing::QueryCtxt>
             12: rustc_data_structures::sync::par_for_each_in::<&[rustc_span::def_id::LocalDefId], <rustc_middle::hir::map::Map>::par_body_owners<rustc_hir_typeck::typeck_item_bodies::{closure#0}>::{closure#0}>
             13: rustc_hir_typeck::typeck_item_bodies
             14: <rustc_query_system::dep_graph::graph::DepGraph<rustc_middle::dep_graph::dep_node::DepKind>>::with_task::<rustc_query_impl::plumbing::QueryCtxt, (), ()>
             15: rustc_query_system::query::plumbing::try_execute_query::<rustc_query_impl::queries::typeck_item_bodies, rustc_query_impl::plumbing::QueryCtxt>
             16: <rustc_query_impl::Queries as rustc_middle::ty::query::QueryEngine>::typeck_item_bodies
             17: <rustc_session::session::Session>::time::<(), rustc_hir_analysis::check_crate::{closure#7}>
             18: rustc_hir_analysis::check_crate
             19: rustc_interface::passes::analysis
             20: <rustc_query_system::dep_graph::graph::DepGraph<rustc_middle::dep_graph::dep_node::DepKind>>::with_task::<rustc_query_impl::plumbing::QueryCtxt, (), core::result::Result<(), rustc_errors::ErrorGuaranteed>>
             21: rustc_query_system::query::plumbing::try_execute_query::<rustc_query_impl::queries::analysis, rustc_query_impl::plumbing::QueryCtxt>
             22: <rustc_query_impl::Queries as rustc_middle::ty::query::QueryEngine>::analysis
             23: <rustc_middle::ty::context::GlobalCtxt>::enter::<rustc_driver_impl::run_compiler::{closure#1}::{closure#2}::{closure#3}, core::result::Result<(), rustc_errors::ErrorGuaranteed>>
             24: <rustc_interface::interface::Compiler>::enter::<rustc_driver_impl::run_compiler::{closure#1}::{closure#2}, core::result::Result<core::option::Option<rustc_interface::queries::Linker>, rustc_errors::ErrorGuaranteed>>
             25: rustc_span::with_source_map::<core::result::Result<(), rustc_errors::ErrorGuaranteed>, rustc_interface::interface::run_compiler<core::result::Result<(), rustc_errors::ErrorGuaranteed>, rustc_driver_impl::run_compiler::{closure#1}>::{closure#0}::{closure#0}>
             26: std::sys_common::backtrace::__rust_begin_short_backtrace::<rustc_interface::util::run_in_thread_pool_with_globals<rustc_interface::interface::run_compiler<core::result::Result<(), rustc_errors::ErrorGuaranteed>, rustc_driver_impl::run_compiler::{closure#1}>::{closure#0}, core::result::Result<(), rustc_errors::ErrorGuaranteed>>::{closure#0}::{closure#0}, core::result::Result<(), rustc_errors::ErrorGuaranteed>>
             27: <<std::thread::Builder>::spawn_unchecked_<rustc_interface::util::run_in_thread_pool_with_globals<rustc_interface::interface::run_compiler<core::result::Result<(), rustc_errors::ErrorGuaranteed>, rustc_driver_impl::run_compiler::{closure#1}>::{closure#0}, core::result::Result<(), rustc_errors::ErrorGuaranteed>>::{closure#0}::{closure#0}, core::result::Result<(), rustc_errors::ErrorGuaranteed>>::{closure#1} as core::ops::function::FnOnce<()>>::call_once::{shim:vtable#0}
             28: <alloc::boxed::Box<F,A> as core::ops::function::FnOnce<Args>>::call_once
                        at /rustc/7aa413d59206fd511137728df3d9e0fd377429bd/library/alloc/src/boxed.rs:1988:9
             29: <alloc::boxed::Box<F,A> as core::ops::function::FnOnce<Args>>::call_once
                        at /rustc/7aa413d59206fd511137728df3d9e0fd377429bd/library/alloc/src/boxed.rs:1988:9
             30: std::sys::unix::thread::Thread::new::thread_start
                        at /rustc/7aa413d59206fd511137728df3d9e0fd377429bd/library/std/src/sys/unix/thread.rs:108:17
             31: start_thread
                        at ./nptl/./nptl/pthread_create.c:442:8
             32: __GI___clone3
                        at ./misc/../sysdeps/unix/sysv/linux/x86_64/clone3.S:81
           

note: we would appreciate a bug report: https://github.com/rust-lang/rust/issues/new?labels=C-bug%2C+I-ICE%2C+T-compiler&template=ice.md

note: rustc 1.69.0-nightly (7aa413d59 2023-02-19) running on x86_64-unknown-linux-gnu

note: compiler flags: --crate-type bin -C embed-bitcode=no -C debuginfo=2 -C incremental=[REDACTED]

note: some of the compiler flags provided by cargo are hidden

query stack during panic:
end of query stack
thread panicked while panicking. aborting.
warning: `bug_108329` (bin "bug_108329") generated 1 warning
error: could not compile `bug_108329`; 1 warning emitted

Caused by:
  process didn't exit successfully: `rustc --crate-name bug_108329 --edition=2021 src/main.rs --error-format=json --json=diagnostic-rendered-ansi,artifacts,future-incompat --crate-type bin --emit=dep-info,link -C embed-bitcode=no -C debuginfo=2 -C metadata=ae298a2ee355011f -C extra-filename=-ae298a2ee355011f --out-dir /data/zhangtianrong/projects/rustc-cbl/run/108329/target/debug/deps -C incremental=/data/zhangtianrong/projects/rustc-cbl/run/108329/target/debug/incremental -L dependency=/data/zhangtianrong/projects/rustc-cbl/run/108329/target/debug/deps` (signal: 6, SIGABRT: process abort signal)
------------------------------------------------------------
Return code: 101
