=== START 2026-02-01 23:20:46 ===
Bug ID: 108591
Toolchain: nightly-2023-04-30
Source: /data/zhangtianrong/projects/rustc-cbl/rustcbugs/108591
Run dir: /data/zhangtianrong/projects/rustc-cbl/run/108591
CMD: rustup run nightly-2023-04-30 cargo build
------------------------------------------------------------
   Compiling bug_108591 v0.1.0 (/data/zhangtianrong/projects/rustc-cbl/run/108591)
warning: struct `MyTy` is never constructed
 --> src/main.rs:1:8
  |
1 | struct MyTy<'a>(Vec<u8>, &'a ());
  |        ^^^^
  |
  = note: `#[warn(dead_code)]` on by default

warning: methods `one` and `two` are never used
 --> src/main.rs:4:8
  |
3 | impl MyTy<'_> {
  | ------------- methods in this implementation
4 |     fn one(&mut self) -> &mut impl Sized {
  |        ^^^
...
7 |     fn two(&mut self) -> &mut (impl Sized + 'static) {
  |        ^^^

warning: `bug_108591` (bin "bug_108591") generated 2 warnings
    Finished dev [unoptimized + debuginfo] target(s) in 0.44s
------------------------------------------------------------
Return code: 0
