=== START 2026-02-01 23:19:50 ===
Bug ID: 108592
Toolchain: nightly-2023-05-02
Source: /data/zhangtianrong/projects/rustc-cbl/rustcbugs/108592
Run dir: /data/zhangtianrong/projects/rustc-cbl/run/108592
CMD: rustup run nightly-2023-05-02 cargo build
------------------------------------------------------------
   Compiling bug_108592 v0.1.0 (/data/zhangtianrong/projects/rustc-cbl/run/108592)
warning: function `opaque` is never used
 --> src/main.rs:1:4
  |
1 | fn opaque<'a: 'a>() -> impl Sized {}
  |    ^^^^^^
  |
  = note: `#[warn(dead_code)]` on by default

warning: function `assert_static` is never used
 --> src/main.rs:2:4
  |
2 | fn assert_static<T: 'static>(_: T) {}
  |    ^^^^^^^^^^^^^

warning: function `test` is never used
 --> src/main.rs:4:4
  |
4 | fn test() {
  |    ^^^^

warning: `bug_108592` (bin "bug_108592") generated 3 warnings
    Finished dev [unoptimized + debuginfo] target(s) in 1.54s
------------------------------------------------------------
Return code: 0
