=== START 2026-01-24 17:04:25 ===
Bug ID: 108639
Toolchain: nightly-2023-05-01
Source: /data/zhangtianrong/projects/rustc-cbl/rustcbugs/108639
Run dir: /data/zhangtianrong/projects/rustc-cbl/run/108639
CMD: rustup run nightly-2023-05-01 cargo build
------------------------------------------------------------
   Compiling bug_108639 v0.1.0 (/data/zhangtianrong/projects/rustc-cbl/run/108639)
warning: function `assert_static` is never used
 --> src/main.rs:5:4
  |
5 | fn assert_static<T: 'static>(_: T) {}
  |    ^^^^^^^^^^^^^
  |
  = note: `#[warn(dead_code)]` on by default

warning: function `relate` is never used
 --> src/main.rs:6:4
  |
6 | fn relate<T>(_: T, _: T) {}
  |    ^^^^^^

warning: function `test_args` is never used
 --> src/main.rs:8:4
  |
8 | fn test_args<I: Trait>() {
  |    ^^^^^^^^^

warning: `bug_108639` (bin "bug_108639") generated 3 warnings
    Finished dev [unoptimized + debuginfo] target(s) in 0.43s
------------------------------------------------------------
Return code: 0
