=== START 2026-01-24 17:09:49 ===
Bug ID: 108635
Toolchain: nightly-2023-05-02
Source: /data/zhangtianrong/projects/rustc-cbl/rustcbugs/108635
Run dir: /data/zhangtianrong/projects/rustc-cbl/run/108635
CMD: rustup run nightly-2023-05-02 cargo build
------------------------------------------------------------
   Compiling bug_108635 v0.1.0 (/data/zhangtianrong/projects/rustc-cbl/run/108635)
warning: function `assert_static` is never used
 --> src/main.rs:5:4
  |
5 | fn assert_static<T: 'static>(_: T) {}
  |    ^^^^^^^^^^^^^
  |
  = note: `#[warn(dead_code)]` on by default

warning: function `test_args` is never used
 --> src/main.rs:7:4
  |
7 | fn test_args<I: Trait>() {
  |    ^^^^^^^^^

warning: function `test_upvars` is never used
  --> src/main.rs:14:4
   |
14 | fn test_upvars<I: Trait>() {
   |    ^^^^^^^^^^^

warning: `bug_108635` (bin "bug_108635") generated 3 warnings
    Finished dev [unoptimized + debuginfo] target(s) in 0.43s
------------------------------------------------------------
Return code: 0
