=== START 2026-01-18 20:28:22 ===
Bug ID: 108952
Toolchain: nightly-2023-03-08
Source: /data/zhangtianrong/projects/rustc-cbl/rustcbugs/108952
Run dir: /data/zhangtianrong/projects/rustc-cbl/run/108952
CMD: rustup run nightly-2023-03-08 cargo build
------------------------------------------------------------
   Compiling bug_108952 v0.1.0 (/data/zhangtianrong/projects/rustc-cbl/run/108952)
error[E0106]: missing lifetime specifier
 --> src/main.rs:6:25
  |
6 | struct UwU<'b, const T: LifetimeGeneric>(&'b ());
  |                         ^^^^^^^^^^^^^^^ expected named lifetime parameter
  |
help: consider using the `'b` lifetime
  |
6 | struct UwU<'b, const T: LifetimeGeneric<'b>>(&'b ());
  |                                        ++++

thread 'rustc' panicked at 'const parameter types cannot be generic', compiler/rustc_middle/src/ty/context.rs:2028:26
stack backtrace:
   0:     0x7c141516653a - std::backtrace_rs::backtrace::libunwind::trace::h99fccf99691a6bb3
                               at /rustc/e3dfeeaa45f117281b19773d67f3f253de65cee1/library/std/src/../../backtrace/src/backtrace/libunwind.rs:93:5
   1:     0x7c141516653a - std::backtrace_rs::backtrace::trace_unsynchronized::h93b3cb3a751cb8e3
                               at /rustc/e3dfeeaa45f117281b19773d67f3f253de65cee1/library/std/src/../../backtrace/src/backtrace/mod.rs:66:5
   2:     0x7c141516653a - std::sys_common::backtrace::_print_fmt::h0b7efe57d3d11558
                               at /rustc/e3dfeeaa45f117281b19773d67f3f253de65cee1/library/std/src/sys_common/backtrace.rs:65:5
   3:     0x7c141516653a - <std::sys_common::backtrace::_print::DisplayBacktrace as core::fmt::Display>::fmt::h9a6c119969443e45
                               at /rustc/e3dfeeaa45f117281b19773d67f3f253de65cee1/library/std/src/sys_common/backtrace.rs:44:22
   4:     0x7c14151c9cee - core::fmt::write::hf179d02c948d7c76
                               at /rustc/e3dfeeaa45f117281b19773d67f3f253de65cee1/library/core/src/fmt/mod.rs:1232:17
   5:     0x7c14151594e5 - std::io::Write::write_fmt::h8b3353090969067e
                               at /rustc/e3dfeeaa45f117281b19773d67f3f253de65cee1/library/std/src/io/mod.rs:1684:15
   6:     0x7c1415166305 - std::sys_common::backtrace::_print::h75f6ce78ed623991
                               at /rustc/e3dfeeaa45f117281b19773d67f3f253de65cee1/library/std/src/sys_common/backtrace.rs:47:5
   7:     0x7c1415166305 - std::sys_common::backtrace::print::h9e2d866096a7ea12
                               at /rustc/e3dfeeaa45f117281b19773d67f3f253de65cee1/library/std/src/sys_common/backtrace.rs:34:9
   8:     0x7c141516907f - std::panicking::default_hook::{{closure}}::hbe89788c0c82bd8e
                               at /rustc/e3dfeeaa45f117281b19773d67f3f253de65cee1/library/std/src/panicking.rs:271:22
   9:     0x7c1415168dbb - std::panicking::default_hook::he490789e927c2426
                               at /rustc/e3dfeeaa45f117281b19773d67f3f253de65cee1/library/std/src/panicking.rs:290:9
  10:     0x7c141840cd55 - <rustc_driver_impl[952883548cb1ced9]::DEFAULT_HOOK::{closure#0}::{closure#0} as core[a0b3d17902f782bb]::ops::function::FnOnce<(&core[a0b3d17902f782bb]::panic::panic_info::PanicInfo,)>>::call_once::{shim:vtable#0}
  11:     0x7c14151698bd - <alloc::boxed::Box<F,A> as core::ops::function::Fn<Args>>::call::h8546c03d1d1119ab
                               at /rustc/e3dfeeaa45f117281b19773d67f3f253de65cee1/library/alloc/src/boxed.rs:2001:9
  12:     0x7c14151698bd - std::panicking::rust_panic_with_hook::h87f506b053bf3eca
                               at /rustc/e3dfeeaa45f117281b19773d67f3f253de65cee1/library/std/src/panicking.rs:696:13
  13:     0x7c1415169639 - std::panicking::begin_panic_handler::{{closure}}::h66660972652d42b8
                               at /rustc/e3dfeeaa45f117281b19773d67f3f253de65cee1/library/std/src/panicking.rs:583:13
  14:     0x7c14151669a6 - std::sys_common::backtrace::__rust_end_short_backtrace::h818075c77a6ed19d
                               at /rustc/e3dfeeaa45f117281b19773d67f3f253de65cee1/library/std/src/sys_common/backtrace.rs:150:18
  15:     0x7c1415169342 - rust_begin_unwind
                               at /rustc/e3dfeeaa45f117281b19773d67f3f253de65cee1/library/std/src/panicking.rs:579:5
  16:     0x7c14151c6043 - core::panicking::panic_fmt::h18f86bfec5de5b34
                               at /rustc/e3dfeeaa45f117281b19773d67f3f253de65cee1/library/core/src/panicking.rs:64:14
  17:     0x7c14151c61b1 - core::panicking::panic_display::hd15b9c13ab5a70f7
                               at /rustc/e3dfeeaa45f117281b19773d67f3f253de65cee1/library/core/src/panicking.rs:147:5
  18:     0x7c14151c615b - core::panicking::panic_str::h6ea2ce7724e8d93c
                               at /rustc/e3dfeeaa45f117281b19773d67f3f253de65cee1/library/core/src/panicking.rs:131:5
  19:     0x7c14151c5dc6 - core::option::expect_failed::hf1acff168126f258
                               at /rustc/e3dfeeaa45f117281b19773d67f3f253de65cee1/library/core/src/option.rs:2045:5
  20:     0x7c1416a88a64 - <rustc_middle[5aa2da8a771e1d90]::ty::list::List<rustc_middle[5aa2da8a771e1d90]::ty::subst::GenericArg>>::fill_item::<<rustc_middle[5aa2da8a771e1d90]::ty::list::List<rustc_middle[5aa2da8a771e1d90]::ty::subst::GenericArg>>::identity_for_item::{closure#0}>
  21:     0x7c1416a87592 - <rustc_middle[5aa2da8a771e1d90]::ty::list::List<rustc_middle[5aa2da8a771e1d90]::ty::subst::GenericArg>>::identity_for_item
  22:     0x7c141793a921 - rustc_hir_analysis[aa49c5250f752b66]::collect::type_of::type_of
  23:     0x7c1416df9cbd - rustc_query_system[9e9f2c3f01a03c81]::query::plumbing::try_execute_query::<rustc_query_impl[d32b8aef71afb526]::queries::type_of, rustc_query_impl[d32b8aef71afb526]::plumbing::QueryCtxt>
  24:     0x7c1416df828c - <rustc_query_impl[d32b8aef71afb526]::Queries as rustc_middle[5aa2da8a771e1d90]::ty::query::QueryEngine>::type_of
  25:     0x7c1416cec996 - <rustc_hir_analysis[aa49c5250f752b66]::collect::CollectItemTypesVisitor as rustc_hir[8169d42ab0d9aa55]::intravisit::Visitor>::visit_item
  26:     0x7c1416ceb026 - <rustc_middle[5aa2da8a771e1d90]::hir::map::Map>::visit_item_likes_in_module::<rustc_hir_analysis[aa49c5250f752b66]::collect::CollectItemTypesVisitor>
  27:     0x7c1416ceaf3c - rustc_hir_analysis[aa49c5250f752b66]::collect::collect_mod_item_types
  28:     0x7c1417a66662 - rustc_query_system[9e9f2c3f01a03c81]::query::plumbing::try_execute_query::<rustc_query_impl[d32b8aef71afb526]::queries::collect_mod_item_types, rustc_query_impl[d32b8aef71afb526]::plumbing::QueryCtxt>
  29:     0x7c1417a65f3a - <rustc_query_impl[d32b8aef71afb526]::Queries as rustc_middle[5aa2da8a771e1d90]::ty::query::QueryEngine>::collect_mod_item_types
  30:     0x7c141690a5bf - <rustc_middle[5aa2da8a771e1d90]::hir::map::Map>::for_each_module::<rustc_hir_analysis[aa49c5250f752b66]::check_crate::{closure#0}::{closure#0}::{closure#0}>
  31:     0x7c141690a1a8 - <rustc_session[33c4d3f3776b63bd]::session::Session>::track_errors::<rustc_hir_analysis[aa49c5250f752b66]::check_crate::{closure#0}, ()>
  32:     0x7c14169076e2 - rustc_hir_analysis[aa49c5250f752b66]::check_crate
  33:     0x7c14168fd8d2 - rustc_interface[e3aba2127b0494db]::passes::analysis
  34:     0x7c1417c3da18 - rustc_query_system[9e9f2c3f01a03c81]::query::plumbing::try_execute_query::<rustc_query_impl[d32b8aef71afb526]::queries::analysis, rustc_query_impl[d32b8aef71afb526]::plumbing::QueryCtxt>
  35:     0x7c1417c3d4ef - <rustc_query_impl[d32b8aef71afb526]::Queries as rustc_middle[5aa2da8a771e1d90]::ty::query::QueryEngine>::analysis
  36:     0x7c1417a70376 - <rustc_middle[5aa2da8a771e1d90]::ty::context::GlobalCtxt>::enter::<rustc_driver_impl[952883548cb1ced9]::run_compiler::{closure#1}::{closure#2}::{closure#4}, core[a0b3d17902f782bb]::result::Result<(), rustc_span[e956ba7f69ab1d45]::ErrorGuaranteed>>
  37:     0x7c141763e078 - rustc_span[e956ba7f69ab1d45]::with_source_map::<core[a0b3d17902f782bb]::result::Result<(), rustc_span[e956ba7f69ab1d45]::ErrorGuaranteed>, rustc_interface[e3aba2127b0494db]::interface::run_compiler<core[a0b3d17902f782bb]::result::Result<(), rustc_span[e956ba7f69ab1d45]::ErrorGuaranteed>, rustc_driver_impl[952883548cb1ced9]::run_compiler::{closure#1}>::{closure#0}::{closure#0}>
  38:     0x7c14176355dc - std[9d1c70ccaf982ee9]::sys_common::backtrace::__rust_begin_short_backtrace::<rustc_interface[e3aba2127b0494db]::util::run_in_thread_pool_with_globals<rustc_interface[e3aba2127b0494db]::interface::run_compiler<core[a0b3d17902f782bb]::result::Result<(), rustc_span[e956ba7f69ab1d45]::ErrorGuaranteed>, rustc_driver_impl[952883548cb1ced9]::run_compiler::{closure#1}>::{closure#0}, core[a0b3d17902f782bb]::result::Result<(), rustc_span[e956ba7f69ab1d45]::ErrorGuaranteed>>::{closure#0}::{closure#0}, core[a0b3d17902f782bb]::result::Result<(), rustc_span[e956ba7f69ab1d45]::ErrorGuaranteed>>
  39:     0x7c141763500a - <<std[9d1c70ccaf982ee9]::thread::Builder>::spawn_unchecked_<rustc_interface[e3aba2127b0494db]::util::run_in_thread_pool_with_globals<rustc_interface[e3aba2127b0494db]::interface::run_compiler<core[a0b3d17902f782bb]::result::Result<(), rustc_span[e956ba7f69ab1d45]::ErrorGuaranteed>, rustc_driver_impl[952883548cb1ced9]::run_compiler::{closure#1}>::{closure#0}, core[a0b3d17902f782bb]::result::Result<(), rustc_span[e956ba7f69ab1d45]::ErrorGuaranteed>>::{closure#0}::{closure#0}, core[a0b3d17902f782bb]::result::Result<(), rustc_span[e956ba7f69ab1d45]::ErrorGuaranteed>>::{closure#1} as core[a0b3d17902f782bb]::ops::function::FnOnce<()>>::call_once::{shim:vtable#0}
  40:     0x7c14151737b3 - <alloc::boxed::Box<F,A> as core::ops::function::FnOnce<Args>>::call_once::h3b366c175f2a0494
                               at /rustc/e3dfeeaa45f117281b19773d67f3f253de65cee1/library/alloc/src/boxed.rs:1987:9
  41:     0x7c14151737b3 - <alloc::boxed::Box<F,A> as core::ops::function::FnOnce<Args>>::call_once::h5c0f517377ca0967
                               at /rustc/e3dfeeaa45f117281b19773d67f3f253de65cee1/library/alloc/src/boxed.rs:1987:9
  42:     0x7c14151737b3 - std::sys::unix::thread::Thread::new::thread_start::h0a583d539ee85c1c
                               at /rustc/e3dfeeaa45f117281b19773d67f3f253de65cee1/library/std/src/sys/unix/thread.rs:108:17
  43:     0x7c1414e94ac3 - start_thread
                               at ./nptl/./nptl/pthread_create.c:442:8
  44:     0x7c1414f268c0 - __GI___clone3
                               at ./misc/../sysdeps/unix/sysv/linux/x86_64/clone3.S:81
  45:                0x0 - <unknown>

error: the compiler unexpectedly panicked. this is a bug.

note: we would appreciate a bug report: https://github.com/rust-lang/rust/issues/new?labels=C-bug%2C+I-ICE%2C+T-compiler&template=ice.md

note: rustc 1.70.0-nightly (e3dfeeaa4 2023-03-07) running on x86_64-unknown-linux-gnu

note: compiler flags: --crate-type bin -C embed-bitcode=no -C debuginfo=2 -C incremental=[REDACTED]

note: some of the compiler flags provided by cargo are hidden

query stack during panic:
#0 [type_of] computing type of `UwU`
#1 [collect_mod_item_types] collecting item types in top-level module
#2 [analysis] running analysis passes on this crate
end of query stack
For more information about this error, try `rustc --explain E0106`.
error: could not compile `bug_108952` due to previous error
------------------------------------------------------------
Return code: 101
