=== START 2026-01-18 20:21:48 ===
Bug ID: 109296
Toolchain: nightly-2023-03-17
Source: /data/zhangtianrong/projects/rustc-cbl/rustcbugs/109296
Run dir: /data/zhangtianrong/projects/rustc-cbl/run/109296
CMD: rustup run nightly-2023-03-17 cargo build
------------------------------------------------------------
   Compiling bug_109296 v0.1.0 (/data/zhangtianrong/projects/rustc-cbl/run/109296)
thread 'rustc' panicked at 'const variables should not be hashed: Var(_#0c)', compiler/rustc_middle/src/ty/consts/kind.rs:145:35
stack backtrace:
   0:     0x7abfade4550a - std::backtrace_rs::backtrace::libunwind::trace::h245cf0f2a6c541d3
                               at /rustc/511364e7874dba9649a264100407e4bffe7b5425/library/std/src/../../backtrace/src/backtrace/libunwind.rs:93:5
   1:     0x7abfade4550a - std::backtrace_rs::backtrace::trace_unsynchronized::hb9c09f0c27ccd9c2
                               at /rustc/511364e7874dba9649a264100407e4bffe7b5425/library/std/src/../../backtrace/src/backtrace/mod.rs:66:5
   2:     0x7abfade4550a - std::sys_common::backtrace::_print_fmt::h80542a6be873a587
                               at /rustc/511364e7874dba9649a264100407e4bffe7b5425/library/std/src/sys_common/backtrace.rs:65:5
   3:     0x7abfade4550a - <std::sys_common::backtrace::_print::DisplayBacktrace as core::fmt::Display>::fmt::h173aa0e4922bf51c
                               at /rustc/511364e7874dba9649a264100407e4bffe7b5425/library/std/src/sys_common/backtrace.rs:44:22
   4:     0x7abfadea8b3e - core::fmt::write::ha8661072c4235e29
                               at /rustc/511364e7874dba9649a264100407e4bffe7b5425/library/core/src/fmt/mod.rs:1254:17
   5:     0x7abfade38375 - std::io::Write::write_fmt::hf0bf0ac3e42e8a7e
                               at /rustc/511364e7874dba9649a264100407e4bffe7b5425/library/std/src/io/mod.rs:1684:15
   6:     0x7abfade452d5 - std::sys_common::backtrace::_print::h4af6a629a9994a8b
                               at /rustc/511364e7874dba9649a264100407e4bffe7b5425/library/std/src/sys_common/backtrace.rs:47:5
   7:     0x7abfade452d5 - std::sys_common::backtrace::print::hdccd3478dffb762f
                               at /rustc/511364e7874dba9649a264100407e4bffe7b5425/library/std/src/sys_common/backtrace.rs:34:9
   8:     0x7abfade4804f - std::panicking::default_hook::{{closure}}::heabec2697510ca4b
                               at /rustc/511364e7874dba9649a264100407e4bffe7b5425/library/std/src/panicking.rs:271:22
   9:     0x7abfade47d8b - std::panicking::default_hook::hf7d16e5638b7d15e
                               at /rustc/511364e7874dba9649a264100407e4bffe7b5425/library/std/src/panicking.rs:290:9
  10:     0x7abfacc001c5 - rustc_driver_impl[1234c7df5b953713]::DEFAULT_HOOK::{closure#0}::{closure#0}
  11:     0x7abfade4888d - <alloc::boxed::Box<F,A> as core::ops::function::Fn<Args>>::call::hfc618573a7a4ac85
                               at /rustc/511364e7874dba9649a264100407e4bffe7b5425/library/alloc/src/boxed.rs:2002:9
  12:     0x7abfade4888d - std::panicking::rust_panic_with_hook::hcbf73c2ba2c5f60a
                               at /rustc/511364e7874dba9649a264100407e4bffe7b5425/library/std/src/panicking.rs:696:13
  13:     0x7abfade48609 - std::panicking::begin_panic_handler::{{closure}}::he424cdf7600c73e4
                               at /rustc/511364e7874dba9649a264100407e4bffe7b5425/library/std/src/panicking.rs:583:13
  14:     0x7abfade45976 - std::sys_common::backtrace::__rust_end_short_backtrace::h01d440e7fb8ff4fd
                               at /rustc/511364e7874dba9649a264100407e4bffe7b5425/library/std/src/sys_common/backtrace.rs:150:18
  15:     0x7abfade48312 - rust_begin_unwind
                               at /rustc/511364e7874dba9649a264100407e4bffe7b5425/library/std/src/panicking.rs:579:5
  16:     0x7abfadea4e93 - core::panicking::panic_fmt::hee232a790f09e557
                               at /rustc/511364e7874dba9649a264100407e4bffe7b5425/library/core/src/panicking.rs:64:14
  17:     0x7abfac44e394 - <rustc_middle[fef03dd4a87f24e7]::ty::consts::kind::InferConst as rustc_data_structures[cc64793c10175c17]::stable_hasher::HashStable<rustc_query_system[e4d6cb21d96a044c]::ich::hcx::StableHashingContext>>::hash_stable
  18:     0x7abfaaef5ef1 - <&rustc_middle[fef03dd4a87f24e7]::ty::list::List<rustc_middle[fef03dd4a87f24e7]::ty::subst::GenericArg> as rustc_data_structures[cc64793c10175c17]::stable_hasher::HashStable<rustc_query_system[e4d6cb21d96a044c]::ich::hcx::StableHashingContext>>::hash_stable
  19:     0x7abfab365dfc - rustc_query_system[e4d6cb21d96a044c]::dep_graph::graph::hash_result::<core[f4906066c81ab25f]::result::Result<&rustc_middle[fef03dd4a87f24e7]::traits::ImplSource<()>, rustc_middle[fef03dd4a87f24e7]::traits::CodegenObligationError>>
  20:     0x7abfab364557 - rustc_query_system[e4d6cb21d96a044c]::query::plumbing::try_execute_query::<rustc_query_impl[8d521fe1c118fabd]::queries::codegen_select_candidate, rustc_query_impl[8d521fe1c118fabd]::plumbing::QueryCtxt>
  21:     0x7abfab35c3ca - rustc_ty_utils[aa9493f94d8228cb]::instance::inner_resolve_instance
  22:     0x7abfab403fe0 - <rustc_middle[fef03dd4a87f24e7]::dep_graph::dep_node::DepKind as rustc_query_system[e4d6cb21d96a044c]::dep_graph::DepKind>::with_deps::<<rustc_query_system[e4d6cb21d96a044c]::dep_graph::graph::DepGraphData<rustc_middle[fef03dd4a87f24e7]::dep_graph::dep_node::DepKind>>::with_task<(rustc_query_impl[8d521fe1c118fabd]::plumbing::QueryCtxt, rustc_query_impl[8d521fe1c118fabd]::queries::resolve_instance), rustc_middle[fef03dd4a87f24e7]::ty::ParamEnvAnd<(rustc_span[a41f956c2bae68ea]::def_id::DefId, &rustc_middle[fef03dd4a87f24e7]::ty::list::List<rustc_middle[fef03dd4a87f24e7]::ty::subst::GenericArg>)>, core[f4906066c81ab25f]::result::Result<core[f4906066c81ab25f]::option::Option<rustc_middle[fef03dd4a87f24e7]::ty::instance::Instance>, rustc_span[a41f956c2bae68ea]::ErrorGuaranteed>>::{closure#0}, core[f4906066c81ab25f]::result::Result<core[f4906066c81ab25f]::option::Option<rustc_middle[fef03dd4a87f24e7]::ty::instance::Instance>, rustc_span[a41f956c2bae68ea]::ErrorGuaranteed>>
  23:     0x7abfab401f2a - rustc_query_system[e4d6cb21d96a044c]::query::plumbing::try_execute_query::<rustc_query_impl[8d521fe1c118fabd]::queries::resolve_instance, rustc_query_impl[8d521fe1c118fabd]::plumbing::QueryCtxt>
  24:     0x7abfaae8a8f0 - <rustc_middle[fef03dd4a87f24e7]::ty::instance::Instance>::resolve_opt_const_arg
  25:     0x7abfab4da941 - <rustc_const_eval[dcfd2d67490bb213]::interpret::eval_context::InterpCx<rustc_const_eval[dcfd2d67490bb213]::const_eval::machine::CompileTimeInterpreter>>::eval_mir_constant
  26:     0x7abfaaeca5cf - <rustc_const_eval[dcfd2d67490bb213]::interpret::eval_context::InterpCx<rustc_const_eval[dcfd2d67490bb213]::const_eval::machine::CompileTimeInterpreter>>::push_stack_frame
  27:     0x7abfaadee89d - rustc_const_eval[dcfd2d67490bb213]::const_eval::eval_queries::eval_to_allocation_raw_provider
  28:     0x7abfabf45d48 - rustc_query_system[e4d6cb21d96a044c]::query::plumbing::try_execute_query::<rustc_query_impl[8d521fe1c118fabd]::queries::eval_to_allocation_raw, rustc_query_impl[8d521fe1c118fabd]::plumbing::QueryCtxt>
  29:     0x7abfabf45420 - <rustc_query_impl[8d521fe1c118fabd]::Queries as rustc_middle[fef03dd4a87f24e7]::ty::query::QueryEngine>::eval_to_allocation_raw
  30:     0x7abfaadee9b2 - rustc_const_eval[dcfd2d67490bb213]::const_eval::eval_queries::eval_to_allocation_raw_provider
  31:     0x7abfabf45d48 - rustc_query_system[e4d6cb21d96a044c]::query::plumbing::try_execute_query::<rustc_query_impl[8d521fe1c118fabd]::queries::eval_to_allocation_raw, rustc_query_impl[8d521fe1c118fabd]::plumbing::QueryCtxt>
  32:     0x7abfabf45420 - <rustc_query_impl[8d521fe1c118fabd]::Queries as rustc_middle[fef03dd4a87f24e7]::ty::query::QueryEngine>::eval_to_allocation_raw
  33:     0x7abfac2b45b5 - rustc_const_eval[dcfd2d67490bb213]::const_eval::eval_to_valtree
  34:     0x7abfac2b43e0 - <rustc_const_eval[dcfd2d67490bb213]::provide::{closure#0} as core[f4906066c81ab25f]::ops::function::FnOnce<(rustc_middle[fef03dd4a87f24e7]::ty::context::TyCtxt, rustc_middle[fef03dd4a87f24e7]::ty::ParamEnvAnd<rustc_middle[fef03dd4a87f24e7]::mir::interpret::GlobalId>)>>::call_once
  35:     0x7abfac2861db - rustc_query_system[e4d6cb21d96a044c]::query::plumbing::try_execute_query::<rustc_query_impl[8d521fe1c118fabd]::queries::eval_to_valtree, rustc_query_impl[8d521fe1c118fabd]::plumbing::QueryCtxt>
  36:     0x7abfac285880 - <rustc_query_impl[8d521fe1c118fabd]::Queries as rustc_middle[fef03dd4a87f24e7]::ty::query::QueryEngine>::eval_to_valtree
  37:     0x7abfab1c8362 - <rustc_middle[fef03dd4a87f24e7]::ty::context::TyCtxt>::const_eval_global_id_for_typeck
  38:     0x7abfab1c7e54 - <rustc_middle[fef03dd4a87f24e7]::ty::context::TyCtxt>::const_eval_resolve_for_typeck
  39:     0x7abfab1c5265 - <rustc_middle[fef03dd4a87f24e7]::ty::consts::Const>::eval
  40:     0x7abfab1a8940 - <rustc_trait_selection[a3328b05df13ead2]::traits::project::AssocTypeNormalizer as rustc_type_ir[cb799bcc600395f]::fold::TypeFolder<rustc_middle[fef03dd4a87f24e7]::ty::context::TyCtxt>>::fold_const
  41:     0x7abfab1a6a57 - <rustc_trait_selection[a3328b05df13ead2]::traits::project::AssocTypeNormalizer as rustc_type_ir[cb799bcc600395f]::fold::TypeFolder<rustc_middle[fef03dd4a87f24e7]::ty::context::TyCtxt>>::fold_ty
  42:     0x7abfab39c70e - <rustc_trait_selection[a3328b05df13ead2]::traits::engine::ObligationCtxt>::normalize::<rustc_middle[fef03dd4a87f24e7]::ty::Ty>
  43:     0x7abfab39b8e7 - <&mut rustc_hir_analysis[f9cb05146d6e270d]::check::wfcheck::check_fn_or_method::{closure#1} as core[f4906066c81ab25f]::ops::function::FnOnce<((usize, rustc_middle[fef03dd4a87f24e7]::ty::Ty),)>>::call_once
  44:     0x7abfab39b70c - <rustc_middle[fef03dd4a87f24e7]::ty::Ty as rustc_type_ir[cb799bcc600395f]::CollectAndApply<rustc_middle[fef03dd4a87f24e7]::ty::Ty, &rustc_middle[fef03dd4a87f24e7]::ty::list::List<rustc_middle[fef03dd4a87f24e7]::ty::Ty>>>::collect_and_apply::<core[f4906066c81ab25f]::iter::adapters::map::Map<core[f4906066c81ab25f]::iter::adapters::enumerate::Enumerate<core[f4906066c81ab25f]::iter::adapters::copied::Copied<core[f4906066c81ab25f]::slice::iter::Iter<rustc_middle[fef03dd4a87f24e7]::ty::Ty>>>, rustc_hir_analysis[f9cb05146d6e270d]::check::wfcheck::check_fn_or_method::{closure#1}>, <rustc_middle[fef03dd4a87f24e7]::ty::context::TyCtxt>::mk_type_list_from_iter<core[f4906066c81ab25f]::iter::adapters::map::Map<core[f4906066c81ab25f]::iter::adapters::enumerate::Enumerate<core[f4906066c81ab25f]::iter::adapters::copied::Copied<core[f4906066c81ab25f]::slice::iter::Iter<rustc_middle[fef03dd4a87f24e7]::ty::Ty>>>, rustc_hir_analysis[f9cb05146d6e270d]::check::wfcheck::check_fn_or_method::{closure#1}>, rustc_middle[fef03dd4a87f24e7]::ty::Ty>::{closure#0}>
  45:     0x7abfabb5550f - rustc_hir_analysis[f9cb05146d6e270d]::check::wfcheck::check_fn_or_method
  46:     0x7abfabb4c115 - rustc_hir_analysis[f9cb05146d6e270d]::check::wfcheck::check_item_fn
  47:     0x7abfabb48bdd - rustc_hir_analysis[f9cb05146d6e270d]::check::wfcheck::check_well_formed
  48:     0x7abfab3105f3 - rustc_query_system[e4d6cb21d96a044c]::query::plumbing::try_execute_query::<rustc_query_impl[8d521fe1c118fabd]::queries::check_well_formed, rustc_query_impl[8d521fe1c118fabd]::plumbing::QueryCtxt>
  49:     0x7abfabf43fc2 - rustc_data_structures[cc64793c10175c17]::sync::par_for_each_in::<&[rustc_hir[73843cfc1da40d3a]::hir::ImplItemId], <rustc_middle[fef03dd4a87f24e7]::hir::ModuleItems>::par_impl_items<rustc_hir_analysis[f9cb05146d6e270d]::check::wfcheck::check_mod_type_wf::{closure#1}>::{closure#0}>
  50:     0x7abfabf43a90 - rustc_hir_analysis[f9cb05146d6e270d]::check::wfcheck::check_mod_type_wf
  51:     0x7abfac245c0a - rustc_query_system[e4d6cb21d96a044c]::query::plumbing::try_execute_query::<rustc_query_impl[8d521fe1c118fabd]::queries::check_mod_type_wf, rustc_query_impl[8d521fe1c118fabd]::plumbing::QueryCtxt>
  52:     0x7abfac245573 - <rustc_query_impl[8d521fe1c118fabd]::Queries as rustc_middle[fef03dd4a87f24e7]::ty::query::QueryEngine>::check_mod_type_wf
  53:     0x7abfaaf644b8 - rustc_data_structures[cc64793c10175c17]::sync::par_for_each_in::<&[rustc_hir[73843cfc1da40d3a]::hir_id::OwnerId], <rustc_middle[fef03dd4a87f24e7]::hir::map::Map>::par_for_each_module<rustc_hir_analysis[f9cb05146d6e270d]::check_crate::{closure#5}::{closure#0}::{closure#0}>::{closure#0}>
  54:     0x7abfaaf64340 - <rustc_session[b62839d35778be9]::session::Session>::track_errors::<rustc_hir_analysis[f9cb05146d6e270d]::check_crate::{closure#5}, ()>
  55:     0x7abfaaf614d0 - rustc_hir_analysis[f9cb05146d6e270d]::check_crate
  56:     0x7abfaaf58362 - rustc_interface[fc89f7f2ae9d232a]::passes::analysis
  57:     0x7abfac41a0ad - rustc_query_system[e4d6cb21d96a044c]::query::plumbing::try_execute_query::<rustc_query_impl[8d521fe1c118fabd]::queries::analysis, rustc_query_impl[8d521fe1c118fabd]::plumbing::QueryCtxt>
  58:     0x7abfac419b80 - <rustc_query_impl[8d521fe1c118fabd]::Queries as rustc_middle[fef03dd4a87f24e7]::ty::query::QueryEngine>::analysis
  59:     0x7abfac271e09 - <rustc_middle[fef03dd4a87f24e7]::ty::context::GlobalCtxt>::enter::<rustc_driver_impl[1234c7df5b953713]::run_compiler::{closure#1}::{closure#2}::{closure#4}, core[f4906066c81ab25f]::result::Result<(), rustc_span[a41f956c2bae68ea]::ErrorGuaranteed>>
  60:     0x7abfabe09e6d - <rustc_interface[fc89f7f2ae9d232a]::interface::Compiler>::enter::<rustc_driver_impl[1234c7df5b953713]::run_compiler::{closure#1}::{closure#2}, core[f4906066c81ab25f]::result::Result<core[f4906066c81ab25f]::option::Option<rustc_interface[fc89f7f2ae9d232a]::queries::Linker>, rustc_span[a41f956c2bae68ea]::ErrorGuaranteed>>
  61:     0x7abfabe07f56 - rustc_span[a41f956c2bae68ea]::with_source_map::<core[f4906066c81ab25f]::result::Result<(), rustc_span[a41f956c2bae68ea]::ErrorGuaranteed>, rustc_interface[fc89f7f2ae9d232a]::interface::run_compiler<core[f4906066c81ab25f]::result::Result<(), rustc_span[a41f956c2bae68ea]::ErrorGuaranteed>, rustc_driver_impl[1234c7df5b953713]::run_compiler::{closure#1}>::{closure#0}::{closure#0}>
  62:     0x7abfabe074e9 - std[8d8990c2ba4fc99a]::sys_common::backtrace::__rust_begin_short_backtrace::<rustc_interface[fc89f7f2ae9d232a]::util::run_in_thread_pool_with_globals<rustc_interface[fc89f7f2ae9d232a]::interface::run_compiler<core[f4906066c81ab25f]::result::Result<(), rustc_span[a41f956c2bae68ea]::ErrorGuaranteed>, rustc_driver_impl[1234c7df5b953713]::run_compiler::{closure#1}>::{closure#0}, core[f4906066c81ab25f]::result::Result<(), rustc_span[a41f956c2bae68ea]::ErrorGuaranteed>>::{closure#0}::{closure#0}, core[f4906066c81ab25f]::result::Result<(), rustc_span[a41f956c2bae68ea]::ErrorGuaranteed>>
  63:     0x7abfac4efe8a - <<std[8d8990c2ba4fc99a]::thread::Builder>::spawn_unchecked_<rustc_interface[fc89f7f2ae9d232a]::util::run_in_thread_pool_with_globals<rustc_interface[fc89f7f2ae9d232a]::interface::run_compiler<core[f4906066c81ab25f]::result::Result<(), rustc_span[a41f956c2bae68ea]::ErrorGuaranteed>, rustc_driver_impl[1234c7df5b953713]::run_compiler::{closure#1}>::{closure#0}, core[f4906066c81ab25f]::result::Result<(), rustc_span[a41f956c2bae68ea]::ErrorGuaranteed>>::{closure#0}::{closure#0}, core[f4906066c81ab25f]::result::Result<(), rustc_span[a41f956c2bae68ea]::ErrorGuaranteed>>::{closure#1} as core[f4906066c81ab25f]::ops::function::FnOnce<()>>::call_once::{shim:vtable#0}
  64:     0x7abfade52783 - <alloc::boxed::Box<F,A> as core::ops::function::FnOnce<Args>>::call_once::h255d5b0757ca4703
                               at /rustc/511364e7874dba9649a264100407e4bffe7b5425/library/alloc/src/boxed.rs:1988:9
  65:     0x7abfade52783 - <alloc::boxed::Box<F,A> as core::ops::function::FnOnce<Args>>::call_once::h93c5eec9856fe0a3
                               at /rustc/511364e7874dba9649a264100407e4bffe7b5425/library/alloc/src/boxed.rs:1988:9
  66:     0x7abfade52783 - std::sys::unix::thread::Thread::new::thread_start::h28a60d678ab940df
                               at /rustc/511364e7874dba9649a264100407e4bffe7b5425/library/std/src/sys/unix/thread.rs:108:17
  67:     0x7abfa9694ac3 - start_thread
                               at ./nptl/./nptl/pthread_create.c:442:8
  68:     0x7abfa97268c0 - __GI___clone3
                               at ./misc/../sysdeps/unix/sysv/linux/x86_64/clone3.S:81
  69:                0x0 - <unknown>

error: the compiler unexpectedly panicked. this is a bug.

note: we would appreciate a bug report: https://github.com/rust-lang/rust/issues/new?labels=C-bug%2C+I-ICE%2C+T-compiler&template=ice.md

note: rustc 1.70.0-nightly (511364e78 2023-03-16) running on x86_64-unknown-linux-gnu

note: compiler flags: --crate-type bin -C embed-bitcode=no -C debuginfo=2 -C incremental=[REDACTED]

note: some of the compiler flags provided by cargo are hidden

query stack during panic:
#0 [codegen_select_candidate] computing candidate for `<[u8; 13] as Q>`
#1 [resolve_instance] resolving instance `<[u8; 13] as Q>::ASSOC`
#2 [eval_to_allocation_raw] const-evaluating + checking `q_user::{constant#0}`
#3 [eval_to_allocation_raw] const-evaluating + checking `q_user::{constant#0}`
#4 [eval_to_valtree] evaluating type-level constant
#5 [check_well_formed] checking that `q_user` is well-formed
#6 [check_mod_type_wf] checking that types are well-formed in top-level module
#7 [analysis] running analysis passes on this crate
end of query stack
error: internal compiler error: no errors encountered even though `delay_span_bug` issued

error: internal compiler error: cannot relate consts of different types (a=Const { ty: usize, kind: Value(Leaf(0x000000000000000d)) }, b=Const { ty: u64, kind: Infer(Var(_#0c)) })
  |
  = note: delayed at    0: <rustc_errors::HandlerInner>::emit_diagnostic
             1: <rustc_errors::Handler>::delay_span_bug::<rustc_span::span_encoding::Span, &alloc::string::String>
             2: <rustc_infer::infer::InferCtxt>::super_combine_consts::<rustc_infer::infer::equate::Equate>
             3: rustc_middle::ty::relate::super_relate_tys::<rustc_infer::infer::equate::Equate>
             4: <rustc_infer::infer::equate::Equate as rustc_middle::ty::relate::TypeRelation>::tys
             5: <rustc_trait_selection::traits::select::SelectionContext>::match_impl
             6: <rustc_middle::ty::context::TyCtxt>::for_each_relevant_impl::<<rustc_trait_selection::traits::select::SelectionContext>::assemble_candidates_from_impls::{closure#0}>
             7: <rustc_trait_selection::traits::select::SelectionContext>::assemble_candidates
             8: <rustc_trait_selection::traits::select::SelectionContext>::candidate_from_obligation_no_cache
             9: <rustc_query_system::dep_graph::graph::DepGraph<rustc_middle::dep_graph::dep_node::DepKind>>::with_anon_task::<rustc_middle::ty::context::TyCtxt, <rustc_trait_selection::traits::select::SelectionContext>::in_task<<rustc_trait_selection::traits::select::SelectionContext>::candidate_from_obligation::{closure#0}::{closure#0}, core::result::Result<core::option::Option<rustc_middle::traits::select::SelectionCandidate>, rustc_middle::traits::SelectionError>>::{closure#0}, core::result::Result<core::option::Option<rustc_middle::traits::select::SelectionCandidate>, rustc_middle::traits::SelectionError>>
            10: <rustc_trait_selection::traits::select::SelectionContext>::evaluate_stack
            11: <rustc_middle::dep_graph::dep_node::DepKind as rustc_query_system::dep_graph::DepKind>::with_deps::<<rustc_trait_selection::traits::select::SelectionContext>::in_task<<rustc_trait_selection::traits::select::SelectionContext>::evaluate_trait_predicate_recursively::{closure#0}::{closure#2}, core::result::Result<rustc_middle::traits::select::EvaluationResult, rustc_middle::traits::select::OverflowError>>::{closure#0}, core::result::Result<rustc_middle::traits::select::EvaluationResult, rustc_middle::traits::select::OverflowError>>
            12: <rustc_trait_selection::traits::select::SelectionContext>::evaluate_predicate_recursively
            13: rustc_traits::evaluate_obligation::evaluate_obligation
            14: rustc_query_system::query::plumbing::try_execute_query::<rustc_query_impl::queries::evaluate_obligation, rustc_query_impl::plumbing::QueryCtxt>
            15: <rustc_trait_selection::traits::fulfill::FulfillProcessor as rustc_data_structures::obligation_forest::ObligationProcessor>::process_obligation
            16: <rustc_data_structures::obligation_forest::ObligationForest<rustc_trait_selection::traits::fulfill::PendingPredicateObligation>>::process_obligations::<rustc_trait_selection::traits::fulfill::FulfillProcessor>
            17: <rustc_hir_typeck::fn_ctxt::FnCtxt>::type_inference_fallback
            18: rustc_hir_typeck::typeck
            19: rustc_query_system::query::plumbing::try_execute_query::<rustc_query_impl::queries::typeck, rustc_query_impl::plumbing::QueryCtxt>
            20: <rustc_query_impl::Queries as rustc_middle::ty::query::QueryEngine>::typeck
            21: rustc_mir_build::thir::cx::thir_body
            22: rustc_query_system::query::plumbing::try_execute_query::<rustc_query_impl::queries::thir_body, rustc_query_impl::plumbing::QueryCtxt>
            23: rustc_mir_build::build::mir_built
            24: rustc_query_system::query::plumbing::try_execute_query::<rustc_query_impl::queries::mir_built, rustc_query_impl::plumbing::QueryCtxt>
            25: rustc_mir_transform::check_unsafety::unsafety_check_result
            26: <rustc_mir_transform::check_unsafety::provide::{closure#0} as core::ops::function::FnOnce<(rustc_middle::ty::context::TyCtxt, rustc_span::def_id::LocalDefId)>>::call_once
            27: rustc_query_system::query::plumbing::try_execute_query::<rustc_query_impl::queries::unsafety_check_result, rustc_query_impl::plumbing::QueryCtxt>
            28: rustc_mir_transform::mir_const
            29: rustc_query_system::query::plumbing::try_execute_query::<rustc_query_impl::queries::mir_const, rustc_query_impl::plumbing::QueryCtxt>
            30: <rustc_query_impl::Queries as rustc_middle::ty::query::QueryEngine>::mir_const
            31: <rustc_mir_transform::provide::{closure#0} as core::ops::function::FnOnce<(rustc_middle::ty::context::TyCtxt, rustc_span::def_id::DefId)>>::call_once
            32: rustc_query_system::query::plumbing::try_execute_query::<rustc_query_impl::queries::mir_const_qualif, rustc_query_impl::plumbing::QueryCtxt>
            33: rustc_mir_transform::mir_promoted
            34: rustc_query_system::query::plumbing::try_execute_query::<rustc_query_impl::queries::mir_promoted, rustc_query_impl::plumbing::QueryCtxt>
            35: rustc_borrowck::mir_borrowck
            36: <rustc_borrowck::provide::{closure#0} as core::ops::function::FnOnce<(rustc_middle::ty::context::TyCtxt, rustc_span::def_id::LocalDefId)>>::call_once
            37: rustc_query_system::query::plumbing::try_execute_query::<rustc_query_impl::queries::mir_borrowck, rustc_query_impl::plumbing::QueryCtxt>
            38: <rustc_query_impl::Queries as rustc_middle::ty::query::QueryEngine>::mir_borrowck
            39: rustc_mir_transform::mir_drops_elaborated_and_const_checked
            40: rustc_query_system::query::plumbing::try_execute_query::<rustc_query_impl::queries::mir_drops_elaborated_and_const_checked, rustc_query_impl::plumbing::QueryCtxt>
            41: <rustc_query_impl::Queries as rustc_middle::ty::query::QueryEngine>::mir_drops_elaborated_and_const_checked
            42: rustc_mir_transform::inner_mir_for_ctfe
            43: rustc_mir_transform::mir_for_ctfe
            44: rustc_query_system::query::plumbing::try_execute_query::<rustc_query_impl::queries::mir_for_ctfe, rustc_query_impl::plumbing::QueryCtxt>
            45: <rustc_query_impl::Queries as rustc_middle::ty::query::QueryEngine>::mir_for_ctfe
            46: <rustc_const_eval::interpret::eval_context::InterpCx<rustc_const_eval::const_eval::machine::CompileTimeInterpreter>>::load_mir
            47: rustc_const_eval::const_eval::eval_queries::eval_to_allocation_raw_provider
            48: rustc_query_system::query::plumbing::try_execute_query::<rustc_query_impl::queries::eval_to_allocation_raw, rustc_query_impl::plumbing::QueryCtxt>
            49: <rustc_query_impl::Queries as rustc_middle::ty::query::QueryEngine>::eval_to_allocation_raw
            50: rustc_const_eval::const_eval::eval_queries::eval_to_allocation_raw_provider
            51: rustc_query_system::query::plumbing::try_execute_query::<rustc_query_impl::queries::eval_to_allocation_raw, rustc_query_impl::plumbing::QueryCtxt>
            52: <rustc_query_impl::Queries as rustc_middle::ty::query::QueryEngine>::eval_to_allocation_raw
            53: rustc_const_eval::const_eval::eval_to_valtree
            54: <rustc_const_eval::provide::{closure#0} as core::ops::function::FnOnce<(rustc_middle::ty::context::TyCtxt, rustc_middle::ty::ParamEnvAnd<rustc_middle::mir::interpret::GlobalId>)>>::call_once
            55: rustc_query_system::query::plumbing::try_execute_query::<rustc_query_impl::queries::eval_to_valtree, rustc_query_impl::plumbing::QueryCtxt>
            56: <rustc_query_impl::Queries as rustc_middle::ty::query::QueryEngine>::eval_to_valtree
            57: <rustc_middle::ty::context::TyCtxt>::const_eval_global_id_for_typeck
            58: <rustc_middle::ty::context::TyCtxt>::const_eval_resolve_for_typeck
            59: <rustc_middle::ty::consts::Const>::eval
            60: <rustc_trait_selection::traits::project::AssocTypeNormalizer as rustc_type_ir::fold::TypeFolder<rustc_middle::ty::context::TyCtxt>>::fold_const
            61: <rustc_trait_selection::traits::project::AssocTypeNormalizer as rustc_type_ir::fold::TypeFolder<rustc_middle::ty::context::TyCtxt>>::fold_ty
            62: <rustc_trait_selection::traits::engine::ObligationCtxt>::normalize::<rustc_middle::ty::Ty>
            63: <&mut rustc_hir_analysis::check::wfcheck::check_fn_or_method::{closure#1} as core::ops::function::FnOnce<((usize, rustc_middle::ty::Ty),)>>::call_once
            64: <rustc_middle::ty::Ty as rustc_type_ir::CollectAndApply<rustc_middle::ty::Ty, &rustc_middle::ty::list::List<rustc_middle::ty::Ty>>>::collect_and_apply::<core::iter::adapters::map::Map<core::iter::adapters::enumerate::Enumerate<core::iter::adapters::copied::Copied<core::slice::iter::Iter<rustc_middle::ty::Ty>>>, rustc_hir_analysis::check::wfcheck::check_fn_or_method::{closure#1}>, <rustc_middle::ty::context::TyCtxt>::mk_type_list_from_iter<core::iter::adapters::map::Map<core::iter::adapters::enumerate::Enumerate<core::iter::adapters::copied::Copied<core::slice::iter::Iter<rustc_middle::ty::Ty>>>, rustc_hir_analysis::check::wfcheck::check_fn_or_method::{closure#1}>, rustc_middle::ty::Ty>::{closure#0}>
            65: rustc_hir_analysis::check::wfcheck::check_fn_or_method
            66: rustc_hir_analysis::check::wfcheck::check_item_fn
            67: rustc_hir_analysis::check::wfcheck::check_well_formed
            68: rustc_query_system::query::plumbing::try_execute_query::<rustc_query_impl::queries::check_well_formed, rustc_query_impl::plumbing::QueryCtxt>
            69: rustc_data_structures::sync::par_for_each_in::<&[rustc_hir::hir::ImplItemId], <rustc_middle::hir::ModuleItems>::par_impl_items<rustc_hir_analysis::check::wfcheck::check_mod_type_wf::{closure#1}>::{closure#0}>
            70: rustc_hir_analysis::check::wfcheck::check_mod_type_wf
            71: rustc_query_system::query::plumbing::try_execute_query::<rustc_query_impl::queries::check_mod_type_wf, rustc_query_impl::plumbing::QueryCtxt>
            72: <rustc_query_impl::Queries as rustc_middle::ty::query::QueryEngine>::check_mod_type_wf
            73: rustc_data_structures::sync::par_for_each_in::<&[rustc_hir::hir_id::OwnerId], <rustc_middle::hir::map::Map>::par_for_each_module<rustc_hir_analysis::check_crate::{closure#5}::{closure#0}::{closure#0}>::{closure#0}>
            74: <rustc_session::session::Session>::track_errors::<rustc_hir_analysis::check_crate::{closure#5}, ()>
            75: rustc_hir_analysis::check_crate
            76: rustc_interface::passes::analysis
            77: rustc_query_system::query::plumbing::try_execute_query::<rustc_query_impl::queries::analysis, rustc_query_impl::plumbing::QueryCtxt>
            78: <rustc_query_impl::Queries as rustc_middle::ty::query::QueryEngine>::analysis
            79: <rustc_middle::ty::context::GlobalCtxt>::enter::<rustc_driver_impl::run_compiler::{closure#1}::{closure#2}::{closure#4}, core::result::Result<(), rustc_span::ErrorGuaranteed>>
            80: <rustc_interface::interface::Compiler>::enter::<rustc_driver_impl::run_compiler::{closure#1}::{closure#2}, core::result::Result<core::option::Option<rustc_interface::queries::Linker>, rustc_span::ErrorGuaranteed>>
            81: rustc_span::with_source_map::<core::result::Result<(), rustc_span::ErrorGuaranteed>, rustc_interface::interface::run_compiler<core::result::Result<(), rustc_span::ErrorGuaranteed>, rustc_driver_impl::run_compiler::{closure#1}>::{closure#0}::{closure#0}>
            82: std::sys_common::backtrace::__rust_begin_short_backtrace::<rustc_interface::util::run_in_thread_pool_with_globals<rustc_interface::interface::run_compiler<core::result::Result<(), rustc_span::ErrorGuaranteed>, rustc_driver_impl::run_compiler::{closure#1}>::{closure#0}, core::result::Result<(), rustc_span::ErrorGuaranteed>>::{closure#0}::{closure#0}, core::result::Result<(), rustc_span::ErrorGuaranteed>>
            83: <<std::thread::Builder>::spawn_unchecked_<rustc_interface::util::run_in_thread_pool_with_globals<rustc_interface::interface::run_compiler<core::result::Result<(), rustc_span::ErrorGuaranteed>, rustc_driver_impl::run_compiler::{closure#1}>::{closure#0}, core::result::Result<(), rustc_span::ErrorGuaranteed>>::{closure#0}::{closure#0}, core::result::Result<(), rustc_span::ErrorGuaranteed>>::{closure#1} as core::ops::function::FnOnce<()>>::call_once::{shim:vtable#0}
            84: <alloc::boxed::Box<F,A> as core::ops::function::FnOnce<Args>>::call_once
                       at /rustc/511364e7874dba9649a264100407e4bffe7b5425/library/alloc/src/boxed.rs:1988:9
            85: <alloc::boxed::Box<F,A> as core::ops::function::FnOnce<Args>>::call_once
                       at /rustc/511364e7874dba9649a264100407e4bffe7b5425/library/alloc/src/boxed.rs:1988:9
            86: std::sys::unix::thread::Thread::new::thread_start
                       at /rustc/511364e7874dba9649a264100407e4bffe7b5425/library/std/src/sys/unix/thread.rs:108:17
            87: start_thread
                       at ./nptl/./nptl/pthread_create.c:442:8
            88: __GI___clone3
                       at ./misc/../sysdeps/unix/sysv/linux/x86_64/clone3.S:81
          

error: internal compiler error: cannot relate consts of different types (a=Const { ty: usize, kind: Value(Leaf(0x000000000000000d)) }, b=Const { ty: u64, kind: Infer(Var(_#0c)) })
  |
  = note: delayed at    0: <rustc_errors::HandlerInner>::emit_diagnostic
             1: <rustc_errors::Handler>::delay_span_bug::<rustc_span::span_encoding::Span, &alloc::string::String>
             2: <rustc_infer::infer::InferCtxt>::super_combine_consts::<rustc_infer::infer::equate::Equate>
             3: rustc_middle::ty::relate::super_relate_tys::<rustc_infer::infer::equate::Equate>
             4: <rustc_infer::infer::equate::Equate as rustc_middle::ty::relate::TypeRelation>::tys
             5: <rustc_trait_selection::traits::select::SelectionContext>::confirm_candidate
             6: <rustc_trait_selection::traits::select::SelectionContext>::evaluate_stack
             7: <rustc_middle::dep_graph::dep_node::DepKind as rustc_query_system::dep_graph::DepKind>::with_deps::<<rustc_trait_selection::traits::select::SelectionContext>::in_task<<rustc_trait_selection::traits::select::SelectionContext>::evaluate_trait_predicate_recursively::{closure#0}::{closure#2}, core::result::Result<rustc_middle::traits::select::EvaluationResult, rustc_middle::traits::select::OverflowError>>::{closure#0}, core::result::Result<rustc_middle::traits::select::EvaluationResult, rustc_middle::traits::select::OverflowError>>
             8: <rustc_trait_selection::traits::select::SelectionContext>::evaluate_predicate_recursively
             9: rustc_traits::evaluate_obligation::evaluate_obligation
            10: rustc_query_system::query::plumbing::try_execute_query::<rustc_query_impl::queries::evaluate_obligation, rustc_query_impl::plumbing::QueryCtxt>
            11: <rustc_trait_selection::traits::fulfill::FulfillProcessor as rustc_data_structures::obligation_forest::ObligationProcessor>::process_obligation
            12: <rustc_data_structures::obligation_forest::ObligationForest<rustc_trait_selection::traits::fulfill::PendingPredicateObligation>>::process_obligations::<rustc_trait_selection::traits::fulfill::FulfillProcessor>
            13: <rustc_hir_typeck::fn_ctxt::FnCtxt>::type_inference_fallback
            14: rustc_hir_typeck::typeck
            15: rustc_query_system::query::plumbing::try_execute_query::<rustc_query_impl::queries::typeck, rustc_query_impl::plumbing::QueryCtxt>
            16: <rustc_query_impl::Queries as rustc_middle::ty::query::QueryEngine>::typeck
            17: rustc_mir_build::thir::cx::thir_body
            18: rustc_query_system::query::plumbing::try_execute_query::<rustc_query_impl::queries::thir_body, rustc_query_impl::plumbing::QueryCtxt>
            19: rustc_mir_build::build::mir_built
            20: rustc_query_system::query::plumbing::try_execute_query::<rustc_query_impl::queries::mir_built, rustc_query_impl::plumbing::QueryCtxt>
            21: rustc_mir_transform::check_unsafety::unsafety_check_result
            22: <rustc_mir_transform::check_unsafety::provide::{closure#0} as core::ops::function::FnOnce<(rustc_middle::ty::context::TyCtxt, rustc_span::def_id::LocalDefId)>>::call_once
            23: rustc_query_system::query::plumbing::try_execute_query::<rustc_query_impl::queries::unsafety_check_result, rustc_query_impl::plumbing::QueryCtxt>
            24: rustc_mir_transform::mir_const
            25: rustc_query_system::query::plumbing::try_execute_query::<rustc_query_impl::queries::mir_const, rustc_query_impl::plumbing::QueryCtxt>
            26: <rustc_query_impl::Queries as rustc_middle::ty::query::QueryEngine>::mir_const
            27: <rustc_mir_transform::provide::{closure#0} as core::ops::function::FnOnce<(rustc_middle::ty::context::TyCtxt, rustc_span::def_id::DefId)>>::call_once
            28: rustc_query_system::query::plumbing::try_execute_query::<rustc_query_impl::queries::mir_const_qualif, rustc_query_impl::plumbing::QueryCtxt>
            29: rustc_mir_transform::mir_promoted
            30: rustc_query_system::query::plumbing::try_execute_query::<rustc_query_impl::queries::mir_promoted, rustc_query_impl::plumbing::QueryCtxt>
            31: rustc_borrowck::mir_borrowck
            32: <rustc_borrowck::provide::{closure#0} as core::ops::function::FnOnce<(rustc_middle::ty::context::TyCtxt, rustc_span::def_id::LocalDefId)>>::call_once
            33: rustc_query_system::query::plumbing::try_execute_query::<rustc_query_impl::queries::mir_borrowck, rustc_query_impl::plumbing::QueryCtxt>
            34: <rustc_query_impl::Queries as rustc_middle::ty::query::QueryEngine>::mir_borrowck
            35: rustc_mir_transform::mir_drops_elaborated_and_const_checked
            36: rustc_query_system::query::plumbing::try_execute_query::<rustc_query_impl::queries::mir_drops_elaborated_and_const_checked, rustc_query_impl::plumbing::QueryCtxt>
            37: <rustc_query_impl::Queries as rustc_middle::ty::query::QueryEngine>::mir_drops_elaborated_and_const_checked
            38: rustc_mir_transform::inner_mir_for_ctfe
            39: rustc_mir_transform::mir_for_ctfe
            40: rustc_query_system::query::plumbing::try_execute_query::<rustc_query_impl::queries::mir_for_ctfe, rustc_query_impl::plumbing::QueryCtxt>
            41: <rustc_query_impl::Queries as rustc_middle::ty::query::QueryEngine>::mir_for_ctfe
            42: <rustc_const_eval::interpret::eval_context::InterpCx<rustc_const_eval::const_eval::machine::CompileTimeInterpreter>>::load_mir
            43: rustc_const_eval::const_eval::eval_queries::eval_to_allocation_raw_provider
            44: rustc_query_system::query::plumbing::try_execute_query::<rustc_query_impl::queries::eval_to_allocation_raw, rustc_query_impl::plumbing::QueryCtxt>
            45: <rustc_query_impl::Queries as rustc_middle::ty::query::QueryEngine>::eval_to_allocation_raw
            46: rustc_const_eval::const_eval::eval_queries::eval_to_allocation_raw_provider
            47: rustc_query_system::query::plumbing::try_execute_query::<rustc_query_impl::queries::eval_to_allocation_raw, rustc_query_impl::plumbing::QueryCtxt>
            48: <rustc_query_impl::Queries as rustc_middle::ty::query::QueryEngine>::eval_to_allocation_raw
            49: rustc_const_eval::const_eval::eval_to_valtree
            50: <rustc_const_eval::provide::{closure#0} as core::ops::function::FnOnce<(rustc_middle::ty::context::TyCtxt, rustc_middle::ty::ParamEnvAnd<rustc_middle::mir::interpret::GlobalId>)>>::call_once
            51: rustc_query_system::query::plumbing::try_execute_query::<rustc_query_impl::queries::eval_to_valtree, rustc_query_impl::plumbing::QueryCtxt>
            52: <rustc_query_impl::Queries as rustc_middle::ty::query::QueryEngine>::eval_to_valtree
            53: <rustc_middle::ty::context::TyCtxt>::const_eval_global_id_for_typeck
            54: <rustc_middle::ty::context::TyCtxt>::const_eval_resolve_for_typeck
            55: <rustc_middle::ty::consts::Const>::eval
            56: <rustc_trait_selection::traits::project::AssocTypeNormalizer as rustc_type_ir::fold::TypeFolder<rustc_middle::ty::context::TyCtxt>>::fold_const
            57: <rustc_trait_selection::traits::project::AssocTypeNormalizer as rustc_type_ir::fold::TypeFolder<rustc_middle::ty::context::TyCtxt>>::fold_ty
            58: <rustc_trait_selection::traits::engine::ObligationCtxt>::normalize::<rustc_middle::ty::Ty>
            59: <&mut rustc_hir_analysis::check::wfcheck::check_fn_or_method::{closure#1} as core::ops::function::FnOnce<((usize, rustc_middle::ty::Ty),)>>::call_once
            60: <rustc_middle::ty::Ty as rustc_type_ir::CollectAndApply<rustc_middle::ty::Ty, &rustc_middle::ty::list::List<rustc_middle::ty::Ty>>>::collect_and_apply::<core::iter::adapters::map::Map<core::iter::adapters::enumerate::Enumerate<core::iter::adapters::copied::Copied<core::slice::iter::Iter<rustc_middle::ty::Ty>>>, rustc_hir_analysis::check::wfcheck::check_fn_or_method::{closure#1}>, <rustc_middle::ty::context::TyCtxt>::mk_type_list_from_iter<core::iter::adapters::map::Map<core::iter::adapters::enumerate::Enumerate<core::iter::adapters::copied::Copied<core::slice::iter::Iter<rustc_middle::ty::Ty>>>, rustc_hir_analysis::check::wfcheck::check_fn_or_method::{closure#1}>, rustc_middle::ty::Ty>::{closure#0}>
            61: rustc_hir_analysis::check::wfcheck::check_fn_or_method
            62: rustc_hir_analysis::check::wfcheck::check_item_fn
            63: rustc_hir_analysis::check::wfcheck::check_well_formed
            64: rustc_query_system::query::plumbing::try_execute_query::<rustc_query_impl::queries::check_well_formed, rustc_query_impl::plumbing::QueryCtxt>
            65: rustc_data_structures::sync::par_for_each_in::<&[rustc_hir::hir::ImplItemId], <rustc_middle::hir::ModuleItems>::par_impl_items<rustc_hir_analysis::check::wfcheck::check_mod_type_wf::{closure#1}>::{closure#0}>
            66: rustc_hir_analysis::check::wfcheck::check_mod_type_wf
            67: rustc_query_system::query::plumbing::try_execute_query::<rustc_query_impl::queries::check_mod_type_wf, rustc_query_impl::plumbing::QueryCtxt>
            68: <rustc_query_impl::Queries as rustc_middle::ty::query::QueryEngine>::check_mod_type_wf
            69: rustc_data_structures::sync::par_for_each_in::<&[rustc_hir::hir_id::OwnerId], <rustc_middle::hir::map::Map>::par_for_each_module<rustc_hir_analysis::check_crate::{closure#5}::{closure#0}::{closure#0}>::{closure#0}>
            70: <rustc_session::session::Session>::track_errors::<rustc_hir_analysis::check_crate::{closure#5}, ()>
            71: rustc_hir_analysis::check_crate
            72: rustc_interface::passes::analysis
            73: rustc_query_system::query::plumbing::try_execute_query::<rustc_query_impl::queries::analysis, rustc_query_impl::plumbing::QueryCtxt>
            74: <rustc_query_impl::Queries as rustc_middle::ty::query::QueryEngine>::analysis
            75: <rustc_middle::ty::context::GlobalCtxt>::enter::<rustc_driver_impl::run_compiler::{closure#1}::{closure#2}::{closure#4}, core::result::Result<(), rustc_span::ErrorGuaranteed>>
            76: <rustc_interface::interface::Compiler>::enter::<rustc_driver_impl::run_compiler::{closure#1}::{closure#2}, core::result::Result<core::option::Option<rustc_interface::queries::Linker>, rustc_span::ErrorGuaranteed>>
            77: rustc_span::with_source_map::<core::result::Result<(), rustc_span::ErrorGuaranteed>, rustc_interface::interface::run_compiler<core::result::Result<(), rustc_span::ErrorGuaranteed>, rustc_driver_impl::run_compiler::{closure#1}>::{closure#0}::{closure#0}>
            78: std::sys_common::backtrace::__rust_begin_short_backtrace::<rustc_interface::util::run_in_thread_pool_with_globals<rustc_interface::interface::run_compiler<core::result::Result<(), rustc_span::ErrorGuaranteed>, rustc_driver_impl::run_compiler::{closure#1}>::{closure#0}, core::result::Result<(), rustc_span::ErrorGuaranteed>>::{closure#0}::{closure#0}, core::result::Result<(), rustc_span::ErrorGuaranteed>>
            79: <<std::thread::Builder>::spawn_unchecked_<rustc_interface::util::run_in_thread_pool_with_globals<rustc_interface::interface::run_compiler<core::result::Result<(), rustc_span::ErrorGuaranteed>, rustc_driver_impl::run_compiler::{closure#1}>::{closure#0}, core::result::Result<(), rustc_span::ErrorGuaranteed>>::{closure#0}::{closure#0}, core::result::Result<(), rustc_span::ErrorGuaranteed>>::{closure#1} as core::ops::function::FnOnce<()>>::call_once::{shim:vtable#0}
            80: <alloc::boxed::Box<F,A> as core::ops::function::FnOnce<Args>>::call_once
                       at /rustc/511364e7874dba9649a264100407e4bffe7b5425/library/alloc/src/boxed.rs:1988:9
            81: <alloc::boxed::Box<F,A> as core::ops::function::FnOnce<Args>>::call_once
                       at /rustc/511364e7874dba9649a264100407e4bffe7b5425/library/alloc/src/boxed.rs:1988:9
            82: std::sys::unix::thread::Thread::new::thread_start
                       at /rustc/511364e7874dba9649a264100407e4bffe7b5425/library/std/src/sys/unix/thread.rs:108:17
            83: start_thread
                       at ./nptl/./nptl/pthread_create.c:442:8
            84: __GI___clone3
                       at ./misc/../sysdeps/unix/sysv/linux/x86_64/clone3.S:81
          

error: internal compiler error: cannot relate consts of different types (a=Const { ty: usize, kind: Value(Leaf(0x000000000000000d)) }, b=Const { ty: u64, kind: Infer(Var(_#0c)) })
  |
  = note: delayed at    0: <rustc_errors::HandlerInner>::emit_diagnostic
             1: <rustc_errors::Handler>::delay_span_bug::<rustc_span::span_encoding::Span, &alloc::string::String>
             2: <rustc_infer::infer::InferCtxt>::super_combine_consts::<rustc_infer::infer::equate::Equate>
             3: rustc_middle::ty::relate::super_relate_tys::<rustc_infer::infer::equate::Equate>
             4: <rustc_infer::infer::equate::Equate as rustc_middle::ty::relate::TypeRelation>::tys
             5: <rustc_trait_selection::traits::select::SelectionContext>::confirm_candidate
             6: <rustc_trait_selection::traits::select::SelectionContext>::select
             7: rustc_traits::codegen::codegen_select_candidate
             8: rustc_query_system::query::plumbing::try_execute_query::<rustc_query_impl::queries::codegen_select_candidate, rustc_query_impl::plumbing::QueryCtxt>
             9: rustc_ty_utils::instance::inner_resolve_instance
            10: <rustc_middle::dep_graph::dep_node::DepKind as rustc_query_system::dep_graph::DepKind>::with_deps::<<rustc_query_system::dep_graph::graph::DepGraphData<rustc_middle::dep_graph::dep_node::DepKind>>::with_task<(rustc_query_impl::plumbing::QueryCtxt, rustc_query_impl::queries::resolve_instance), rustc_middle::ty::ParamEnvAnd<(rustc_span::def_id::DefId, &rustc_middle::ty::list::List<rustc_middle::ty::subst::GenericArg>)>, core::result::Result<core::option::Option<rustc_middle::ty::instance::Instance>, rustc_span::ErrorGuaranteed>>::{closure#0}, core::result::Result<core::option::Option<rustc_middle::ty::instance::Instance>, rustc_span::ErrorGuaranteed>>
            11: rustc_query_system::query::plumbing::try_execute_query::<rustc_query_impl::queries::resolve_instance, rustc_query_impl::plumbing::QueryCtxt>
            12: <rustc_middle::ty::instance::Instance>::resolve_opt_const_arg
            13: <rustc_const_eval::interpret::eval_context::InterpCx<rustc_const_eval::const_eval::machine::CompileTimeInterpreter>>::eval_mir_constant
            14: <rustc_const_eval::interpret::eval_context::InterpCx<rustc_const_eval::const_eval::machine::CompileTimeInterpreter>>::push_stack_frame
            15: rustc_const_eval::const_eval::eval_queries::eval_to_allocation_raw_provider
            16: rustc_query_system::query::plumbing::try_execute_query::<rustc_query_impl::queries::eval_to_allocation_raw, rustc_query_impl::plumbing::QueryCtxt>
            17: <rustc_query_impl::Queries as rustc_middle::ty::query::QueryEngine>::eval_to_allocation_raw
            18: rustc_const_eval::const_eval::eval_queries::eval_to_allocation_raw_provider
            19: rustc_query_system::query::plumbing::try_execute_query::<rustc_query_impl::queries::eval_to_allocation_raw, rustc_query_impl::plumbing::QueryCtxt>
            20: <rustc_query_impl::Queries as rustc_middle::ty::query::QueryEngine>::eval_to_allocation_raw
            21: rustc_const_eval::const_eval::eval_to_valtree
            22: <rustc_const_eval::provide::{closure#0} as core::ops::function::FnOnce<(rustc_middle::ty::context::TyCtxt, rustc_middle::ty::ParamEnvAnd<rustc_middle::mir::interpret::GlobalId>)>>::call_once
            23: rustc_query_system::query::plumbing::try_execute_query::<rustc_query_impl::queries::eval_to_valtree, rustc_query_impl::plumbing::QueryCtxt>
            24: <rustc_query_impl::Queries as rustc_middle::ty::query::QueryEngine>::eval_to_valtree
            25: <rustc_middle::ty::context::TyCtxt>::const_eval_global_id_for_typeck
            26: <rustc_middle::ty::context::TyCtxt>::const_eval_resolve_for_typeck
            27: <rustc_middle::ty::consts::Const>::eval
            28: <rustc_trait_selection::traits::project::AssocTypeNormalizer as rustc_type_ir::fold::TypeFolder<rustc_middle::ty::context::TyCtxt>>::fold_const
            29: <rustc_trait_selection::traits::project::AssocTypeNormalizer as rustc_type_ir::fold::TypeFolder<rustc_middle::ty::context::TyCtxt>>::fold_ty
            30: <rustc_trait_selection::traits::engine::ObligationCtxt>::normalize::<rustc_middle::ty::Ty>
            31: <&mut rustc_hir_analysis::check::wfcheck::check_fn_or_method::{closure#1} as core::ops::function::FnOnce<((usize, rustc_middle::ty::Ty),)>>::call_once
            32: <rustc_middle::ty::Ty as rustc_type_ir::CollectAndApply<rustc_middle::ty::Ty, &rustc_middle::ty::list::List<rustc_middle::ty::Ty>>>::collect_and_apply::<core::iter::adapters::map::Map<core::iter::adapters::enumerate::Enumerate<core::iter::adapters::copied::Copied<core::slice::iter::Iter<rustc_middle::ty::Ty>>>, rustc_hir_analysis::check::wfcheck::check_fn_or_method::{closure#1}>, <rustc_middle::ty::context::TyCtxt>::mk_type_list_from_iter<core::iter::adapters::map::Map<core::iter::adapters::enumerate::Enumerate<core::iter::adapters::copied::Copied<core::slice::iter::Iter<rustc_middle::ty::Ty>>>, rustc_hir_analysis::check::wfcheck::check_fn_or_method::{closure#1}>, rustc_middle::ty::Ty>::{closure#0}>
            33: rustc_hir_analysis::check::wfcheck::check_fn_or_method
            34: rustc_hir_analysis::check::wfcheck::check_item_fn
            35: rustc_hir_analysis::check::wfcheck::check_well_formed
            36: rustc_query_system::query::plumbing::try_execute_query::<rustc_query_impl::queries::check_well_formed, rustc_query_impl::plumbing::QueryCtxt>
            37: rustc_data_structures::sync::par_for_each_in::<&[rustc_hir::hir::ImplItemId], <rustc_middle::hir::ModuleItems>::par_impl_items<rustc_hir_analysis::check::wfcheck::check_mod_type_wf::{closure#1}>::{closure#0}>
            38: rustc_hir_analysis::check::wfcheck::check_mod_type_wf
            39: rustc_query_system::query::plumbing::try_execute_query::<rustc_query_impl::queries::check_mod_type_wf, rustc_query_impl::plumbing::QueryCtxt>
            40: <rustc_query_impl::Queries as rustc_middle::ty::query::QueryEngine>::check_mod_type_wf
            41: rustc_data_structures::sync::par_for_each_in::<&[rustc_hir::hir_id::OwnerId], <rustc_middle::hir::map::Map>::par_for_each_module<rustc_hir_analysis::check_crate::{closure#5}::{closure#0}::{closure#0}>::{closure#0}>
            42: <rustc_session::session::Session>::track_errors::<rustc_hir_analysis::check_crate::{closure#5}, ()>
            43: rustc_hir_analysis::check_crate
            44: rustc_interface::passes::analysis
            45: rustc_query_system::query::plumbing::try_execute_query::<rustc_query_impl::queries::analysis, rustc_query_impl::plumbing::QueryCtxt>
            46: <rustc_query_impl::Queries as rustc_middle::ty::query::QueryEngine>::analysis
            47: <rustc_middle::ty::context::GlobalCtxt>::enter::<rustc_driver_impl::run_compiler::{closure#1}::{closure#2}::{closure#4}, core::result::Result<(), rustc_span::ErrorGuaranteed>>
            48: <rustc_interface::interface::Compiler>::enter::<rustc_driver_impl::run_compiler::{closure#1}::{closure#2}, core::result::Result<core::option::Option<rustc_interface::queries::Linker>, rustc_span::ErrorGuaranteed>>
            49: rustc_span::with_source_map::<core::result::Result<(), rustc_span::ErrorGuaranteed>, rustc_interface::interface::run_compiler<core::result::Result<(), rustc_span::ErrorGuaranteed>, rustc_driver_impl::run_compiler::{closure#1}>::{closure#0}::{closure#0}>
            50: std::sys_common::backtrace::__rust_begin_short_backtrace::<rustc_interface::util::run_in_thread_pool_with_globals<rustc_interface::interface::run_compiler<core::result::Result<(), rustc_span::ErrorGuaranteed>, rustc_driver_impl::run_compiler::{closure#1}>::{closure#0}, core::result::Result<(), rustc_span::ErrorGuaranteed>>::{closure#0}::{closure#0}, core::result::Result<(), rustc_span::ErrorGuaranteed>>
            51: <<std::thread::Builder>::spawn_unchecked_<rustc_interface::util::run_in_thread_pool_with_globals<rustc_interface::interface::run_compiler<core::result::Result<(), rustc_span::ErrorGuaranteed>, rustc_driver_impl::run_compiler::{closure#1}>::{closure#0}, core::result::Result<(), rustc_span::ErrorGuaranteed>>::{closure#0}::{closure#0}, core::result::Result<(), rustc_span::ErrorGuaranteed>>::{closure#1} as core::ops::function::FnOnce<()>>::call_once::{shim:vtable#0}
            52: <alloc::boxed::Box<F,A> as core::ops::function::FnOnce<Args>>::call_once
                       at /rustc/511364e7874dba9649a264100407e4bffe7b5425/library/alloc/src/boxed.rs:1988:9
            53: <alloc::boxed::Box<F,A> as core::ops::function::FnOnce<Args>>::call_once
                       at /rustc/511364e7874dba9649a264100407e4bffe7b5425/library/alloc/src/boxed.rs:1988:9
            54: std::sys::unix::thread::Thread::new::thread_start
                       at /rustc/511364e7874dba9649a264100407e4bffe7b5425/library/std/src/sys/unix/thread.rs:108:17
            55: start_thread
                       at ./nptl/./nptl/pthread_create.c:442:8
            56: __GI___clone3
                       at ./misc/../sysdeps/unix/sysv/linux/x86_64/clone3.S:81
          

note: we would appreciate a bug report: https://github.com/rust-lang/rust/issues/new?labels=C-bug%2C+I-ICE%2C+T-compiler&template=ice.md

note: rustc 1.70.0-nightly (511364e78 2023-03-16) running on x86_64-unknown-linux-gnu

note: compiler flags: --crate-type bin -C embed-bitcode=no -C debuginfo=2 -C incremental=[REDACTED]

note: some of the compiler flags provided by cargo are hidden

query stack during panic:
end of query stack
thread panicked while panicking. aborting.
error: could not compile `bug_109296` (bin "bug_109296")

Caused by:
  process didn't exit successfully: `rustc --crate-name bug_109296 --edition=2021 src/main.rs --error-format=json --json=diagnostic-rendered-ansi,artifacts,future-incompat --crate-type bin --emit=dep-info,link -C embed-bitcode=no -C debuginfo=2 -C metadata=78e71a61b7166e3c -C extra-filename=-78e71a61b7166e3c --out-dir /data/zhangtianrong/projects/rustc-cbl/run/109296/target/debug/deps -C incremental=/data/zhangtianrong/projects/rustc-cbl/run/109296/target/debug/incremental -L dependency=/data/zhangtianrong/projects/rustc-cbl/run/109296/target/debug/deps` (signal: 6, SIGABRT: process abort signal)
------------------------------------------------------------
Return code: 101
