=== START 2026-02-02 19:12:52 ===
Bug ID: 109892
Toolchain: nightly-2023-04-02
Source: /data/zhangtianrong/projects/rustc-cbl/rustcbugs/109892
Run dir: /data/zhangtianrong/projects/rustc-cbl/run/109892
CMD: rustup run nightly-2023-04-02 cargo build
------------------------------------------------------------
   Compiling bug_109892 v0.1.0 (/data/zhangtianrong/projects/rustc-cbl/run/109892)
error[E0034]: multiple applicable items in scope
 --> src/main.rs:7:9
  |
7 |     0.0.cmp();
  |         ^^^ multiple `cmp` found
  |
note: candidate #1 is defined in an impl of the trait `MyCmp` for the type `f32`
 --> src/main.rs:2:5
  |
2 |     fn cmp(&self) {}
  |     ^^^^^^^^^^^^^
  = note: candidate #2 is defined in an impl of the trait `Ord` for the type `F`
note: candidate #3 is defined in the trait `Iterator`
 --> /rustc/0599b6b931816ab46ab79072189075f543931cbd/library/core/src/iter/traits/iterator.rs:3533:5
help: disambiguate the method for candidate #1
  |
7 |     MyCmp::cmp(&0.0);
  |     ~~~~~~~~~~~~~~~~
help: disambiguate the method for candidate #2
  |
7 |     Ord::cmp(&0.0);
  |     ~~~~~~~~~~~~~~
help: disambiguate the method for candidate #3
  |
7 |     Iterator::cmp(0.0);
  |     ~~~~~~~~~~~~~~~~~~

For more information about this error, try `rustc --explain E0034`.
error: could not compile `bug_109892` (bin "bug_109892") due to previous error
------------------------------------------------------------
Return code: 101
