=== START 2026-01-18 20:11:04 ===
Bug ID: 110892
Toolchain: nightly-2023-04-26
Source: /data/zhangtianrong/projects/rustc-cbl/rustcbugs/110892
Run dir: /data/zhangtianrong/projects/rustc-cbl/run/110892
CMD: rustup run nightly-2023-04-26 cargo build
------------------------------------------------------------
   Compiling bug_110892 v0.1.0 (/data/zhangtianrong/projects/rustc-cbl/run/110892)
error: expected parameter name, found `,`
  --> src/main.rs:24:9
   |
24 |         ,
   |         ^ expected parameter name

error: expected parameter name, found `,`
  --> src/main.rs:25:9
   |
25 |         ,
   |         ^ expected parameter name

error: expected parameter name, found `,`
  --> src/main.rs:26:9
   |
26 |         ,
   |         ^ expected parameter name

error: expected parameter name, found `,`
  --> src/main.rs:27:9
   |
27 |         ,
   |         ^ expected parameter name

warning: the feature `generic_const_exprs` is incomplete and may not be safe to use and/or cause compiler crashes
 --> src/main.rs:1:12
  |
1 | #![feature(generic_const_exprs)]
  |            ^^^^^^^^^^^^^^^^^^^
  |
  = note: see issue #76560 <https://github.com/rust-lang/rust/issues/76560> for more information
  = note: `#[warn(incomplete_features)]` on by default

warning: unnecessary braces around const expression
  --> src/main.rs:37:64
   |
37 |     assert::is_transmutable::<Src, Dst, Context, false, false, { true }, false>(); 
   |                                                                ^^    ^^
   |
   = note: `#[warn(unused_braces)]` on by default
help: remove these braces
   |
37 -     assert::is_transmutable::<Src, Dst, Context, false, false, { true }, false>(); 
37 +     assert::is_transmutable::<Src, Dst, Context, false, false, true, false>(); 
   |

error[E0658]: use of unstable library feature 'transmutability'
 --> src/main.rs:4:20
  |
4 |     use std::mem::{Assume, BikeshedIntrinsicFrom};
  |                    ^^^^^^
  |
  = note: see issue #99571 <https://github.com/rust-lang/rust/issues/99571> for more information
  = help: add `#![feature(transmutability)]` to the crate attributes to enable

error[E0658]: use of unstable library feature 'transmutability'
 --> src/main.rs:4:28
  |
4 |     use std::mem::{Assume, BikeshedIntrinsicFrom};
  |                            ^^^^^^^^^^^^^^^^^^^^^
  |
  = note: see issue #99571 <https://github.com/rust-lang/rust/issues/99571> for more information
  = help: add `#![feature(transmutability)]` to the crate attributes to enable

error[E0658]: use of unstable library feature 'transmutability'
  --> src/main.rs:16:14
   |
16 |           Dst: BikeshedIntrinsicFrom<
   |  ______________^
17 | |             Src,
18 | |             Context,
19 | |             { from_options(ASSUME_ALIGNMENT, ASSUME_LIFETIMES, ASSUME_SAFETY, ASSUME_VALIDITY) }
20 | |         >,
   | |_________^
   |
   = note: see issue #99571 <https://github.com/rust-lang/rust/issues/99571> for more information
   = help: add `#![feature(transmutability)]` to the crate attributes to enable

error[E0658]: use of unstable library feature 'transmutability'
  --> src/main.rs:28:10
   |
28 |     ) -> Assume {}
   |          ^^^^^^
   |
   = note: see issue #99571 <https://github.com/rust-lang/rust/issues/99571> for more information
   = help: add `#![feature(transmutability)]` to the crate attributes to enable

error[E0308]: mismatched types
  --> src/main.rs:28:10
   |
23 |     const fn from_options(
   |              ------------ implicitly returns `()` as its body has no tail or `return` expression
...
28 |     ) -> Assume {}
   |          ^^^^^^ expected `Assume`, found `()`

error[E0618]: expected function, found `bool`
  --> src/main.rs:36:5
   |
36 |     false(); 
   |     ^^^^^--
   |     |
   |     call expression requires function

error: internal compiler error: compiler/rustc_middle/src/ty/consts.rs:159:18: expected ConstKind::Value, got Unevaluated(UnevaluatedConst { def: DefId(0:15 ~ bug_110892[5271]::assert::is_transmutable::{constant#0}), substs: [test::Src, test::Dst, test::Context, Const { ty: bool, kind: Value(Leaf(0x00)) }, Const { ty: bool, kind: Value(Leaf(0x00)) }, Const { ty: bool, kind: Value(Leaf(0x01)) }, Const { ty: bool, kind: Value(Leaf(0x00)) }] })

thread 'rustc' panicked at 'Box<dyn Any>', /rustc/458d4dae845ec155b285681a5b88305641abb868/compiler/rustc_errors/src/lib.rs:1643:9
stack backtrace:
   0:     0x7dca6f168e73 - std::backtrace_rs::backtrace::libunwind::trace::h3578412e25b6e358
                               at /rustc/458d4dae845ec155b285681a5b88305641abb868/library/std/src/../../backtrace/src/backtrace/libunwind.rs:93:5
   1:     0x7dca6f168e73 - std::backtrace_rs::backtrace::trace_unsynchronized::h24ebb92002db32d9
                               at /rustc/458d4dae845ec155b285681a5b88305641abb868/library/std/src/../../backtrace/src/backtrace/mod.rs:66:5
   2:     0x7dca6f168e73 - std::sys_common::backtrace::_print_fmt::h8b1832af2befd367
                               at /rustc/458d4dae845ec155b285681a5b88305641abb868/library/std/src/sys_common/backtrace.rs:65:5
   3:     0x7dca6f168e73 - <std::sys_common::backtrace::_print::DisplayBacktrace as core::fmt::Display>::fmt::h8edd954061a662d8
                               at /rustc/458d4dae845ec155b285681a5b88305641abb868/library/std/src/sys_common/backtrace.rs:44:22
   4:     0x7dca6f1c9c8f - core::fmt::write::h8ac886d3e66edaf1
                               at /rustc/458d4dae845ec155b285681a5b88305641abb868/library/core/src/fmt/mod.rs:1247:17
   5:     0x7dca6f15bea1 - std::io::Write::write_fmt::h29fe84cdb82cf08b
                               at /rustc/458d4dae845ec155b285681a5b88305641abb868/library/std/src/io/mod.rs:1712:15
   6:     0x7dca6f168c85 - std::sys_common::backtrace::_print::ha09b692f1703b47f
                               at /rustc/458d4dae845ec155b285681a5b88305641abb868/library/std/src/sys_common/backtrace.rs:47:5
   7:     0x7dca6f168c85 - std::sys_common::backtrace::print::h9df9eecdec7208a6
                               at /rustc/458d4dae845ec155b285681a5b88305641abb868/library/std/src/sys_common/backtrace.rs:34:9
   8:     0x7dca6f16b847 - std::panicking::default_hook::{{closure}}::hd31850dce0ad0431
   9:     0x7dca6f16b635 - std::panicking::default_hook::h14d90441b2a692f4
                               at /rustc/458d4dae845ec155b285681a5b88305641abb868/library/std/src/panicking.rs:288:9
  10:     0x7dca723e89f5 - rustc_driver_impl[fa37b0ba963870f2]::DEFAULT_HOOK::{closure#0}::{closure#0}
  11:     0x7dca6f16bf85 - <alloc::boxed::Box<F,A> as core::ops::function::Fn<Args>>::call::h05a4ec855e837bf8
                               at /rustc/458d4dae845ec155b285681a5b88305641abb868/library/alloc/src/boxed.rs:1976:9
  12:     0x7dca6f16bf85 - std::panicking::rust_panic_with_hook::hcee879fa7affa56f
                               at /rustc/458d4dae845ec155b285681a5b88305641abb868/library/std/src/panicking.rs:695:13
  13:     0x7dca728f54e1 - std[483a7d99ce504402]::panicking::begin_panic::<rustc_errors[e062f8d15c39d7af]::ExplicitBug>::{closure#0}
  14:     0x7dca728f4306 - std[483a7d99ce504402]::sys_common::backtrace::__rust_end_short_backtrace::<std[483a7d99ce504402]::panicking::begin_panic<rustc_errors[e062f8d15c39d7af]::ExplicitBug>::{closure#0}, !>
  15:     0x7dca728bbfb6 - std[483a7d99ce504402]::panicking::begin_panic::<rustc_errors[e062f8d15c39d7af]::ExplicitBug>
  16:     0x7dca7293e726 - <rustc_errors[e062f8d15c39d7af]::HandlerInner>::bug::<&alloc[a452194157ec7d9b]::string::String>
  17:     0x7dca7293e3f0 - <rustc_errors[e062f8d15c39d7af]::Handler>::bug::<&alloc[a452194157ec7d9b]::string::String>
  18:     0x7dca72937a0b - rustc_middle[5f8b16ba29c03e53]::util::bug::opt_span_bug_fmt::<rustc_span[618ae26bce76c7f7]::span_encoding::Span>::{closure#0}
  19:     0x7dca7293534a - rustc_middle[5f8b16ba29c03e53]::ty::context::tls::with_opt::<rustc_middle[5f8b16ba29c03e53]::util::bug::opt_span_bug_fmt<rustc_span[618ae26bce76c7f7]::span_encoding::Span>::{closure#0}, !>::{closure#0}
  20:     0x7dca7293531a - rustc_middle[5f8b16ba29c03e53]::ty::context::tls::with_context_opt::<rustc_middle[5f8b16ba29c03e53]::ty::context::tls::with_opt<rustc_middle[5f8b16ba29c03e53]::util::bug::opt_span_bug_fmt<rustc_span[618ae26bce76c7f7]::span_encoding::Span>::{closure#0}, !>::{closure#0}, !>
  21:     0x7dca705b89ad - rustc_middle[5f8b16ba29c03e53]::util::bug::bug_fmt
  22:     0x7dca728b82c6 - <rustc_middle[5f8b16ba29c03e53]::ty::consts::Const>::to_valtree
  23:     0x7dca7310f54e - <rustc_transmute[aa2d628183db3be]::Assume>::from_const
  24:     0x7dca70cdb0d8 - <rustc_trait_selection[cd25de2b4313bef2]::traits::select::SelectionContext>::confirm_candidate
  25:     0x7dca70ccd72f - <rustc_trait_selection[cd25de2b4313bef2]::traits::select::SelectionContext>::evaluate_stack
  26:     0x7dca70ccbe78 - <rustc_query_system[5c947ba68746e664]::dep_graph::graph::DepGraph<rustc_middle[5f8b16ba29c03e53]::dep_graph::dep_node::DepKind>>::with_anon_task::<rustc_middle[5f8b16ba29c03e53]::ty::context::TyCtxt, <rustc_trait_selection[cd25de2b4313bef2]::traits::select::SelectionContext>::in_task<<rustc_trait_selection[cd25de2b4313bef2]::traits::select::SelectionContext>::evaluate_trait_predicate_recursively::{closure#0}::{closure#2}, core[17a2fe8504135068]::result::Result<rustc_middle[5f8b16ba29c03e53]::traits::select::EvaluationResult, rustc_middle[5f8b16ba29c03e53]::traits::select::OverflowError>>::{closure#0}, core[17a2fe8504135068]::result::Result<rustc_middle[5f8b16ba29c03e53]::traits::select::EvaluationResult, rustc_middle[5f8b16ba29c03e53]::traits::select::OverflowError>>
  27:     0x7dca70e0e8dc - <rustc_trait_selection[cd25de2b4313bef2]::traits::select::SelectionContext>::evaluate_predicate_recursively
  28:     0x7dca70ac7fb3 - rustc_traits[4377ee9c9623bf91]::evaluate_obligation::evaluate_obligation
  29:     0x7dca70ac64aa - rustc_query_system[5c947ba68746e664]::query::plumbing::try_execute_query::<rustc_query_impl[53f8b3cc2ecaf626]::queries::evaluate_obligation, rustc_query_impl[53f8b3cc2ecaf626]::plumbing::QueryCtxt>
  30:     0x7dca70586534 - <rustc_trait_selection[cd25de2b4313bef2]::traits::fulfill::FulfillProcessor as rustc_data_structures[f9b864db6ddc3085]::obligation_forest::ObligationProcessor>::process_obligation
  31:     0x7dca70580f29 - <rustc_data_structures[f9b864db6ddc3085]::obligation_forest::ObligationForest<rustc_trait_selection[cd25de2b4313bef2]::traits::fulfill::PendingPredicateObligation>>::process_obligations::<rustc_trait_selection[cd25de2b4313bef2]::traits::fulfill::FulfillProcessor>
  32:     0x7dca70569e6f - <rustc_hir_typeck[754a63ed321a227c]::fn_ctxt::FnCtxt>::check_argument_types
  33:     0x7dca7055d11a - <rustc_hir_typeck[754a63ed321a227c]::fn_ctxt::FnCtxt>::check_call
  34:     0x7dca708fe795 - <rustc_hir_typeck[754a63ed321a227c]::fn_ctxt::FnCtxt>::check_expr_with_expectation_and_args
  35:     0x7dca709467ab - <rustc_hir_typeck[754a63ed321a227c]::fn_ctxt::FnCtxt>::check_block_with_expected
  36:     0x7dca708ff106 - <rustc_hir_typeck[754a63ed321a227c]::fn_ctxt::FnCtxt>::check_expr_with_expectation_and_args
  37:     0x7dca70af704d - <rustc_hir_typeck[754a63ed321a227c]::fn_ctxt::FnCtxt>::check_return_expr
  38:     0x7dca70aef403 - rustc_hir_typeck[754a63ed321a227c]::check::check_fn
  39:     0x7dca70ad781d - rustc_hir_typeck[754a63ed321a227c]::typeck
  40:     0x7dca70accdea - rustc_query_system[5c947ba68746e664]::query::plumbing::try_execute_query::<rustc_query_impl[53f8b3cc2ecaf626]::queries::typeck, rustc_query_impl[53f8b3cc2ecaf626]::plumbing::QueryCtxt>
  41:     0x7dca71cee0ba - rustc_hir_typeck[754a63ed321a227c]::used_trait_imports
  42:     0x7dca713a0d7c - rustc_query_system[5c947ba68746e664]::query::plumbing::try_execute_query::<rustc_query_impl[53f8b3cc2ecaf626]::queries::used_trait_imports, rustc_query_impl[53f8b3cc2ecaf626]::plumbing::QueryCtxt>
  43:     0x7dca718d3f65 - rustc_hir_analysis[b71cb6b0b17c8931]::check_crate
  44:     0x7dca718cddad - rustc_interface[b90265dd7f45b839]::passes::analysis
  45:     0x7dca71b5f3e2 - rustc_query_system[5c947ba68746e664]::query::plumbing::try_execute_query::<rustc_query_impl[53f8b3cc2ecaf626]::queries::analysis, rustc_query_impl[53f8b3cc2ecaf626]::plumbing::QueryCtxt>
  46:     0x7dca71b5ef10 - <rustc_query_impl[53f8b3cc2ecaf626]::Queries as rustc_middle[5f8b16ba29c03e53]::ty::query::QueryEngine>::analysis
  47:     0x7dca715ef6da - <rustc_middle[5f8b16ba29c03e53]::ty::context::GlobalCtxt>::enter::<rustc_driver_impl[fa37b0ba963870f2]::run_compiler::{closure#1}::{closure#2}::{closure#4}, core[17a2fe8504135068]::result::Result<(), rustc_span[618ae26bce76c7f7]::ErrorGuaranteed>>
  48:     0x7dca715ee918 - <rustc_interface[b90265dd7f45b839]::interface::Compiler>::enter::<rustc_driver_impl[fa37b0ba963870f2]::run_compiler::{closure#1}::{closure#2}, core[17a2fe8504135068]::result::Result<core[17a2fe8504135068]::option::Option<rustc_interface[b90265dd7f45b839]::queries::Linker>, rustc_span[618ae26bce76c7f7]::ErrorGuaranteed>>
  49:     0x7dca715ec93f - rustc_span[618ae26bce76c7f7]::set_source_map::<core[17a2fe8504135068]::result::Result<(), rustc_span[618ae26bce76c7f7]::ErrorGuaranteed>, rustc_interface[b90265dd7f45b839]::interface::run_compiler<core[17a2fe8504135068]::result::Result<(), rustc_span[618ae26bce76c7f7]::ErrorGuaranteed>, rustc_driver_impl[fa37b0ba963870f2]::run_compiler::{closure#1}>::{closure#0}::{closure#0}>
  50:     0x7dca715ebfd0 - std[483a7d99ce504402]::sys_common::backtrace::__rust_begin_short_backtrace::<rustc_interface[b90265dd7f45b839]::util::run_in_thread_pool_with_globals<rustc_interface[b90265dd7f45b839]::interface::run_compiler<core[17a2fe8504135068]::result::Result<(), rustc_span[618ae26bce76c7f7]::ErrorGuaranteed>, rustc_driver_impl[fa37b0ba963870f2]::run_compiler::{closure#1}>::{closure#0}, core[17a2fe8504135068]::result::Result<(), rustc_span[618ae26bce76c7f7]::ErrorGuaranteed>>::{closure#0}::{closure#0}, core[17a2fe8504135068]::result::Result<(), rustc_span[618ae26bce76c7f7]::ErrorGuaranteed>>
  51:     0x7dca715eb8f1 - <<std[483a7d99ce504402]::thread::Builder>::spawn_unchecked_<rustc_interface[b90265dd7f45b839]::util::run_in_thread_pool_with_globals<rustc_interface[b90265dd7f45b839]::interface::run_compiler<core[17a2fe8504135068]::result::Result<(), rustc_span[618ae26bce76c7f7]::ErrorGuaranteed>, rustc_driver_impl[fa37b0ba963870f2]::run_compiler::{closure#1}>::{closure#0}, core[17a2fe8504135068]::result::Result<(), rustc_span[618ae26bce76c7f7]::ErrorGuaranteed>>::{closure#0}::{closure#0}, core[17a2fe8504135068]::result::Result<(), rustc_span[618ae26bce76c7f7]::ErrorGuaranteed>>::{closure#1} as core[17a2fe8504135068]::ops::function::FnOnce<()>>::call_once::{shim:vtable#0}
  52:     0x7dca6f176365 - <alloc::boxed::Box<F,A> as core::ops::function::FnOnce<Args>>::call_once::h62e9fe34919bbc57
                               at /rustc/458d4dae845ec155b285681a5b88305641abb868/library/alloc/src/boxed.rs:1962:9
  53:     0x7dca6f176365 - <alloc::boxed::Box<F,A> as core::ops::function::FnOnce<Args>>::call_once::h8a877bfd9769544a
                               at /rustc/458d4dae845ec155b285681a5b88305641abb868/library/alloc/src/boxed.rs:1962:9
  54:     0x7dca6f176365 - std::sys::unix::thread::Thread::new::thread_start::h0e4a73e923395a04
                               at /rustc/458d4dae845ec155b285681a5b88305641abb868/library/std/src/sys/unix/thread.rs:108:17
  55:     0x7dca6ee94ac3 - start_thread
                               at ./nptl/pthread_create.c:442:8
  56:     0x7dca6ef268c0 - __GI___clone3
                               at ./misc/../sysdeps/unix/sysv/linux/x86_64/clone3.S:81
  57:                0x0 - <unknown>

note: we would appreciate a bug report: https://github.com/rust-lang/rust/issues/new?labels=C-bug%2C+I-ICE%2C+T-compiler&template=ice.md

note: rustc 1.71.0-nightly (458d4dae8 2023-04-25) running on x86_64-unknown-linux-gnu

note: compiler flags: --crate-type bin -C embed-bitcode=no -C debuginfo=2 -C incremental=[REDACTED]

note: some of the compiler flags provided by cargo are hidden

query stack during panic:
#0 [evaluate_obligation] evaluating trait selection obligation `test::Dst: core::mem::transmutability::BikeshedIntrinsicFrom<test::Src, test::Context, { from_options(ASSUME_ALIGNMENT, ASSUME_LIFETIMES, ASSUME_SAFETY, ASSUME_VALIDITY) }>`
#1 [typeck] type-checking `test`
#2 [used_trait_imports] finding used_trait_imports `test`
#3 [analysis] running analysis passes on this crate
end of query stack
Some errors have detailed explanations: E0308, E0618, E0658.
For more information about an error, try `rustc --explain E0308`.
warning: `bug_110892` (bin "bug_110892") generated 2 warnings
error: could not compile `bug_110892` (bin "bug_110892") due to 10 previous errors; 2 warnings emitted
------------------------------------------------------------
Return code: 101
