=== START 2026-01-18 20:13:04 ===
Bug ID: 110887
Toolchain: nightly-2023-04-26
Source: /data/zhangtianrong/projects/rustc-cbl/rustcbugs/110887
Run dir: /data/zhangtianrong/projects/rustc-cbl/run/110887
CMD: rustup run nightly-2023-04-26 cargo build
------------------------------------------------------------
   Compiling bug_110887 v0.1.0 (/data/zhangtianrong/projects/rustc-cbl/run/110887)
error[E0658]: trait aliases are experimental
 --> src/main.rs:2:1
  |
2 | trait BB = Bar<{ 2 + 1 }>;
  | ^^^^^^^^^^^^^^^^^^^^^^^^^^
  |
  = note: see issue #41517 <https://github.com/rust-lang/rust/issues/41517> for more information
  = help: add `#![feature(trait_alias)]` to the crate attributes to enable

error[E0782]: trait objects must include the `dyn` keyword
 --> src/main.rs:1:20
  |
1 | trait Bar<const N: BB> {}
  |                    ^^
  |
help: add `dyn` keyword before this trait
  |
1 | trait Bar<const N: dyn BB> {}
  |                    +++

error[E0391]: cycle detected when computing type of `Bar::N`
 --> src/main.rs:1:11
  |
1 | trait Bar<const N: BB> {}
  |           ^^^^^^^^^^^
  |
note: ...which requires computing the implied predicates of `BB`...
 --> src/main.rs:2:1
  |
2 | trait BB = Bar<{ 2 + 1 }>;
  | ^^^^^^^^
  = note: ...which again requires computing type of `Bar::N`, completing the cycle
note: cycle used when computing explicit predicates of trait `Bar`
 --> src/main.rs:1:1
  |
1 | trait Bar<const N: BB> {}
  | ^^^^^^^^^^^^^^^^^^^^^^

error[E0391]: cycle detected when computing type of `Bar::N`
 --> src/main.rs:1:11
  |
1 | trait Bar<const N: BB> {}
  |           ^^^^^^^^^^^
  |
  = note: ...which immediately requires computing type of `Bar::N` again
note: cycle used when computing explicit predicates of trait `Bar`
 --> src/main.rs:1:1
  |
1 | trait Bar<const N: BB> {}
  | ^^^^^^^^^^^^^^^^^^^^^^

thread 'rustc' panicked at 'assertion failed: `(left == right)`
  left: `Fingerprint(6165256526804378725, 10024937989532815698)`,
 right: `Fingerprint(1312380676979703460, 1368681459983651439)`: Trying to feed an already recorded value for query type_of key=DefId(0:6 ~ bug_110887[a7f7]::BB::{constant#0}):
old value: EarlyBinder([type error])
new value: EarlyBinder((dyn Bar<{ 2 + 1 }> + 'static))', compiler/rustc_middle/src/ty/query.rs:541:1
stack backtrace:
   0:     0x7005a9968e73 - std::backtrace_rs::backtrace::libunwind::trace::h3578412e25b6e358
                               at /rustc/458d4dae845ec155b285681a5b88305641abb868/library/std/src/../../backtrace/src/backtrace/libunwind.rs:93:5
   1:     0x7005a9968e73 - std::backtrace_rs::backtrace::trace_unsynchronized::h24ebb92002db32d9
                               at /rustc/458d4dae845ec155b285681a5b88305641abb868/library/std/src/../../backtrace/src/backtrace/mod.rs:66:5
   2:     0x7005a9968e73 - std::sys_common::backtrace::_print_fmt::h8b1832af2befd367
                               at /rustc/458d4dae845ec155b285681a5b88305641abb868/library/std/src/sys_common/backtrace.rs:65:5
   3:     0x7005a9968e73 - <std::sys_common::backtrace::_print::DisplayBacktrace as core::fmt::Display>::fmt::h8edd954061a662d8
                               at /rustc/458d4dae845ec155b285681a5b88305641abb868/library/std/src/sys_common/backtrace.rs:44:22
   4:     0x7005a99c9c8f - core::fmt::write::h8ac886d3e66edaf1
                               at /rustc/458d4dae845ec155b285681a5b88305641abb868/library/core/src/fmt/mod.rs:1247:17
   5:     0x7005a995bea1 - std::io::Write::write_fmt::h29fe84cdb82cf08b
                               at /rustc/458d4dae845ec155b285681a5b88305641abb868/library/std/src/io/mod.rs:1712:15
   6:     0x7005a9968c85 - std::sys_common::backtrace::_print::ha09b692f1703b47f
                               at /rustc/458d4dae845ec155b285681a5b88305641abb868/library/std/src/sys_common/backtrace.rs:47:5
   7:     0x7005a9968c85 - std::sys_common::backtrace::print::h9df9eecdec7208a6
                               at /rustc/458d4dae845ec155b285681a5b88305641abb868/library/std/src/sys_common/backtrace.rs:34:9
   8:     0x7005a996b847 - std::panicking::default_hook::{{closure}}::hd31850dce0ad0431
   9:     0x7005a996b635 - std::panicking::default_hook::h14d90441b2a692f4
                               at /rustc/458d4dae845ec155b285681a5b88305641abb868/library/std/src/panicking.rs:288:9
  10:     0x7005acbe89f5 - rustc_driver_impl[fa37b0ba963870f2]::DEFAULT_HOOK::{closure#0}::{closure#0}
  11:     0x7005a996bf85 - <alloc::boxed::Box<F,A> as core::ops::function::Fn<Args>>::call::h05a4ec855e837bf8
                               at /rustc/458d4dae845ec155b285681a5b88305641abb868/library/alloc/src/boxed.rs:1976:9
  12:     0x7005a996bf85 - std::panicking::rust_panic_with_hook::hcee879fa7affa56f
                               at /rustc/458d4dae845ec155b285681a5b88305641abb868/library/std/src/panicking.rs:695:13
  13:     0x7005a996bcf9 - std::panicking::begin_panic_handler::{{closure}}::h544350df4020145a
                               at /rustc/458d4dae845ec155b285681a5b88305641abb868/library/std/src/panicking.rs:582:13
  14:     0x7005a99692b6 - std::sys_common::backtrace::__rust_end_short_backtrace::hf59045ea942e5bf2
                               at /rustc/458d4dae845ec155b285681a5b88305641abb868/library/std/src/sys_common/backtrace.rs:150:18
  15:     0x7005a996ba52 - rust_begin_unwind
                               at /rustc/458d4dae845ec155b285681a5b88305641abb868/library/std/src/panicking.rs:578:5
  16:     0x7005a99c5f23 - core::panicking::panic_fmt::h5b0cfa4630721203
                               at /rustc/458d4dae845ec155b285681a5b88305641abb868/library/core/src/panicking.rs:67:14
  17:     0x7005a99c64c9 - core::panicking::assert_failed_inner::h8571b22baf1c44a0
  18:     0x7005ad0bbf0c - core[17a2fe8504135068]::panicking::assert_failed::<rustc_data_structures[f9b864db6ddc3085]::fingerprint::Fingerprint, rustc_data_structures[f9b864db6ddc3085]::fingerprint::Fingerprint>
  19:     0x7005abf0f0ca - <rustc_middle[5f8b16ba29c03e53]::ty::context::TyCtxt>::feed_anon_const_type
  20:     0x7005abf0c3c9 - rustc_hir_analysis[b71cb6b0b17c8931]::astconv::generics::create_substs_for_generic_args::<<dyn rustc_hir_analysis[b71cb6b0b17c8931]::astconv::AstConv>::create_substs_for_ast_path::{closure#0}::SubstsForAstPathCtxt>
  21:     0x7005abf44a89 - <dyn rustc_hir_analysis[b71cb6b0b17c8931]::astconv::AstConv>::instantiate_poly_trait_ref_inner
  22:     0x7005abf437eb - <dyn rustc_hir_analysis[b71cb6b0b17c8931]::astconv::AstConv>::instantiate_poly_trait_ref
  23:     0x7005abf43380 - <dyn rustc_hir_analysis[b71cb6b0b17c8931]::astconv::AstConv>::add_bounds::<core[17a2fe8504135068]::slice::iter::Iter<rustc_hir[d8d15dea94a61e56]::hir::GenericBound>>
  24:     0x7005abf42ac6 - rustc_hir_analysis[b71cb6b0b17c8931]::collect::predicates_of::implied_predicates_with_filter
  25:     0x7005ac4d28fa - rustc_hir_analysis[b71cb6b0b17c8931]::collect::predicates_of::super_predicates_of
  26:     0x7005ac255f96 - rustc_query_system[5c947ba68746e664]::query::plumbing::try_execute_query::<rustc_query_impl[53f8b3cc2ecaf626]::queries::super_predicates_of, rustc_query_impl[53f8b3cc2ecaf626]::plumbing::QueryCtxt>
  27:     0x7005ac255048 - <rustc_query_impl[53f8b3cc2ecaf626]::Queries as rustc_middle[5f8b16ba29c03e53]::ty::query::QueryEngine>::super_predicates_of
  28:     0x7005ab531285 - <rustc_hir_analysis[b71cb6b0b17c8931]::collect::CollectItemTypesVisitor as rustc_hir[d8d15dea94a61e56]::intravisit::Visitor>::visit_item
  29:     0x7005ab52f807 - <rustc_middle[5f8b16ba29c03e53]::hir::map::Map>::visit_item_likes_in_module::<rustc_hir_analysis[b71cb6b0b17c8931]::collect::CollectItemTypesVisitor>
  30:     0x7005ab52f72c - rustc_hir_analysis[b71cb6b0b17c8931]::collect::collect_mod_item_types
  31:     0x7005ac24c250 - rustc_query_system[5c947ba68746e664]::query::plumbing::try_execute_query::<rustc_query_impl[53f8b3cc2ecaf626]::queries::collect_mod_item_types, rustc_query_impl[53f8b3cc2ecaf626]::plumbing::QueryCtxt>
  32:     0x7005ac24bbd9 - <rustc_query_impl[53f8b3cc2ecaf626]::Queries as rustc_middle[5f8b16ba29c03e53]::ty::query::QueryEngine>::collect_mod_item_types
  33:     0x7005ac0d708b - <rustc_middle[5f8b16ba29c03e53]::hir::map::Map>::for_each_module::<rustc_hir_analysis[b71cb6b0b17c8931]::check_crate::{closure#0}::{closure#0}::{closure#0}>
  34:     0x7005ac0d6ca2 - <rustc_session[ce2c5754aecb2cc0]::session::Session>::track_errors::<rustc_hir_analysis[b71cb6b0b17c8931]::check_crate::{closure#0}, ()>
  35:     0x7005ac0d3cd4 - rustc_hir_analysis[b71cb6b0b17c8931]::check_crate
  36:     0x7005ac0cddad - rustc_interface[b90265dd7f45b839]::passes::analysis
  37:     0x7005ac35f3e2 - rustc_query_system[5c947ba68746e664]::query::plumbing::try_execute_query::<rustc_query_impl[53f8b3cc2ecaf626]::queries::analysis, rustc_query_impl[53f8b3cc2ecaf626]::plumbing::QueryCtxt>
  38:     0x7005ac35ef10 - <rustc_query_impl[53f8b3cc2ecaf626]::Queries as rustc_middle[5f8b16ba29c03e53]::ty::query::QueryEngine>::analysis
  39:     0x7005abdef6da - <rustc_middle[5f8b16ba29c03e53]::ty::context::GlobalCtxt>::enter::<rustc_driver_impl[fa37b0ba963870f2]::run_compiler::{closure#1}::{closure#2}::{closure#4}, core[17a2fe8504135068]::result::Result<(), rustc_span[618ae26bce76c7f7]::ErrorGuaranteed>>
  40:     0x7005abdee918 - <rustc_interface[b90265dd7f45b839]::interface::Compiler>::enter::<rustc_driver_impl[fa37b0ba963870f2]::run_compiler::{closure#1}::{closure#2}, core[17a2fe8504135068]::result::Result<core[17a2fe8504135068]::option::Option<rustc_interface[b90265dd7f45b839]::queries::Linker>, rustc_span[618ae26bce76c7f7]::ErrorGuaranteed>>
  41:     0x7005abdec93f - rustc_span[618ae26bce76c7f7]::set_source_map::<core[17a2fe8504135068]::result::Result<(), rustc_span[618ae26bce76c7f7]::ErrorGuaranteed>, rustc_interface[b90265dd7f45b839]::interface::run_compiler<core[17a2fe8504135068]::result::Result<(), rustc_span[618ae26bce76c7f7]::ErrorGuaranteed>, rustc_driver_impl[fa37b0ba963870f2]::run_compiler::{closure#1}>::{closure#0}::{closure#0}>
  42:     0x7005abdebfd0 - std[483a7d99ce504402]::sys_common::backtrace::__rust_begin_short_backtrace::<rustc_interface[b90265dd7f45b839]::util::run_in_thread_pool_with_globals<rustc_interface[b90265dd7f45b839]::interface::run_compiler<core[17a2fe8504135068]::result::Result<(), rustc_span[618ae26bce76c7f7]::ErrorGuaranteed>, rustc_driver_impl[fa37b0ba963870f2]::run_compiler::{closure#1}>::{closure#0}, core[17a2fe8504135068]::result::Result<(), rustc_span[618ae26bce76c7f7]::ErrorGuaranteed>>::{closure#0}::{closure#0}, core[17a2fe8504135068]::result::Result<(), rustc_span[618ae26bce76c7f7]::ErrorGuaranteed>>
  43:     0x7005abdeb8f1 - <<std[483a7d99ce504402]::thread::Builder>::spawn_unchecked_<rustc_interface[b90265dd7f45b839]::util::run_in_thread_pool_with_globals<rustc_interface[b90265dd7f45b839]::interface::run_compiler<core[17a2fe8504135068]::result::Result<(), rustc_span[618ae26bce76c7f7]::ErrorGuaranteed>, rustc_driver_impl[fa37b0ba963870f2]::run_compiler::{closure#1}>::{closure#0}, core[17a2fe8504135068]::result::Result<(), rustc_span[618ae26bce76c7f7]::ErrorGuaranteed>>::{closure#0}::{closure#0}, core[17a2fe8504135068]::result::Result<(), rustc_span[618ae26bce76c7f7]::ErrorGuaranteed>>::{closure#1} as core[17a2fe8504135068]::ops::function::FnOnce<()>>::call_once::{shim:vtable#0}
  44:     0x7005a9976365 - <alloc::boxed::Box<F,A> as core::ops::function::FnOnce<Args>>::call_once::h62e9fe34919bbc57
                               at /rustc/458d4dae845ec155b285681a5b88305641abb868/library/alloc/src/boxed.rs:1962:9
  45:     0x7005a9976365 - <alloc::boxed::Box<F,A> as core::ops::function::FnOnce<Args>>::call_once::h8a877bfd9769544a
                               at /rustc/458d4dae845ec155b285681a5b88305641abb868/library/alloc/src/boxed.rs:1962:9
  46:     0x7005a9976365 - std::sys::unix::thread::Thread::new::thread_start::h0e4a73e923395a04
                               at /rustc/458d4dae845ec155b285681a5b88305641abb868/library/std/src/sys/unix/thread.rs:108:17
  47:     0x7005a9694ac3 - start_thread
                               at ./nptl/pthread_create.c:442:8
  48:     0x7005a97268c0 - __GI___clone3
                               at ./misc/../sysdeps/unix/sysv/linux/x86_64/clone3.S:81
  49:                0x0 - <unknown>

error: the compiler unexpectedly panicked. this is a bug.

note: we would appreciate a bug report: https://github.com/rust-lang/rust/issues/new?labels=C-bug%2C+I-ICE%2C+T-compiler&template=ice.md

note: rustc 1.71.0-nightly (458d4dae8 2023-04-25) running on x86_64-unknown-linux-gnu

note: compiler flags: --crate-type bin -C embed-bitcode=no -C debuginfo=2 -C incremental=[REDACTED]

note: some of the compiler flags provided by cargo are hidden

query stack during panic:
#0 [super_predicates_of] computing the super predicates of `BB`
#1 [collect_mod_item_types] collecting item types in top-level module
#2 [analysis] running analysis passes on this crate
end of query stack
Some errors have detailed explanations: E0391, E0658, E0782.
For more information about an error, try `rustc --explain E0391`.
error: could not compile `bug_110887` (bin "bug_110887") due to 4 previous errors
------------------------------------------------------------
Return code: 101
