=== START 2026-02-01 23:01:31 ===
Bug ID: 110931
Toolchain: nightly-2023-04-27
Source: /data/zhangtianrong/projects/rustc-cbl/rustcbugs/110931
Run dir: /data/zhangtianrong/projects/rustc-cbl/run/110931
CMD: rustup run nightly-2023-04-27 cargo build
------------------------------------------------------------
   Compiling bug_110931 v0.1.0 (/data/zhangtianrong/projects/rustc-cbl/run/110931)
error[E0597]: `a` does not live long enough
 --> src/main.rs:3:24
  |
3 |     let b: &'_ usize = &a;
  |            ---------   ^^ borrowed value does not live long enough
  |            |
  |            type annotation requires that `a` is borrowed for `'static`
4 |     *b
5 | }] {
  | - `a` dropped here while still borrowed

For more information about this error, try `rustc --explain E0597`.
error: could not compile `bug_110931` (bin "bug_110931") due to previous error
------------------------------------------------------------
Return code: 101
