=== START 2026-02-01 22:58:31 ===
Bug ID: 110933
Toolchain: nightly-2023-04-27
Source: /data/zhangtianrong/projects/rustc-cbl/rustcbugs/110933
Run dir: /data/zhangtianrong/projects/rustc-cbl/run/110933
CMD: rustup run nightly-2023-04-27 cargo build
------------------------------------------------------------
   Compiling bug_110933 v0.1.0 (/data/zhangtianrong/projects/rustc-cbl/run/110933)
error[E0597]: `a` does not live long enough
  --> src/main.rs:9:24
   |
9  |     let b: &'_ usize = &a;
   |            ---------   ^^ borrowed value does not live long enough
   |            |
   |            type annotation requires that `a` is borrowed for `'static`
10 |     *b
11 | }>>() {
   | - `a` dropped here while still borrowed

For more information about this error, try `rustc --explain E0597`.
error: could not compile `bug_110933` (bin "bug_110933") due to previous error
------------------------------------------------------------
Return code: 101
