=== START 2026-01-24 17:02:48 ===
Bug ID: 111935
Toolchain: nightly-2023-05-24
Source: /data/zhangtianrong/projects/rustc-cbl/rustcbugs/111935
Run dir: /data/zhangtianrong/projects/rustc-cbl/run/111935
CMD: rustup run nightly-2023-05-24 cargo build
------------------------------------------------------------
   Compiling bug_111935 v0.1.0 (/data/zhangtianrong/projects/rustc-cbl/run/111935)
warning: function cannot return without recursing
 --> src/main.rs:4:1
  |
4 | fn foo<T>() -> Opaque<T> {
  | ^^^^^^^^^^^^^^^^^^^^^^^^ cannot return without recursing
5 |     let _: () = foo::<u8>();
  |                 ----------- recursive call site
  |
  = help: a `loop` may express intention better if this is on purpose
  = note: `#[warn(unconditional_recursion)]` on by default

error[E0792]: expected generic type parameter, found `u8`
 --> src/main.rs:5:12
  |
3 | type Opaque<T> = impl Sized;
  |             - this generic parameter must be used with a generic type parameter
4 | fn foo<T>() -> Opaque<T> {
5 |     let _: () = foo::<u8>();
  |            ^^

For more information about this error, try `rustc --explain E0792`.
warning: `bug_111935` (bin "bug_111935") generated 1 warning
error: could not compile `bug_111935` (bin "bug_111935") due to previous error; 1 warning emitted
------------------------------------------------------------
Return code: 101
