=== START 2026-01-17 10:55:17 ===
Bug ID: 111906
Toolchain: nightly-2023-08-19
Source: /data/zhangtianrong/projects/rustc-cbl/rustcbugs/111906
Run dir: /data/zhangtianrong/projects/rustc-cbl/run/111906
CMD: rustup run nightly-2023-08-19 cargo build
------------------------------------------------------------
   Compiling bug_111906 v0.1.0 (/data/zhangtianrong/projects/rustc-cbl/run/111906)
warning: function cannot return without recursing
 --> src/main.rs:1:1
  |
1 | fn foo<'a: 'a>() -> impl Sized {
  | ^^^^^^^^^^^^^^^^^^^^^^^^^^^^^^ cannot return without recursing
2 |     let _: () = foo::<'a>();
  |                 ----------- recursive call site
  |
  = help: a `loop` may express intention better if this is on purpose
  = note: `#[warn(unconditional_recursion)]` on by default

warning: function `foo` is never used
 --> src/main.rs:1:4
  |
1 | fn foo<'a: 'a>() -> impl Sized {
  |    ^^^
  |
  = note: `#[warn(dead_code)]` on by default

error: internal compiler error: no errors encountered even though `delay_span_bug` issued

error: internal compiler error: opaque type with non-universal region args
 --> src/main.rs:2:12
  |
2 |     let _: () = foo::<'a>();
  |            ^^
  |
note: delayed at compiler/rustc_borrowck/src/region_infer/opaque_types.rs:95:25
         0: <rustc_errors::HandlerInner>::emit_diagnostic
         1: <rustc_errors::Handler>::delay_span_bug::<rustc_span::span_encoding::Span, &str>
         2: <rustc_borrowck::region_infer::RegionInferenceContext>::infer_opaque_types::{closure#0}::{closure#2}
         3: <&rustc_middle::ty::list::List<rustc_middle::ty::generic_args::GenericArg> as rustc_type_ir::fold::TypeFoldable<rustc_middle::ty::context::TyCtxt>>::try_fold_with::<rustc_middle::ty::fold::RegionFolder>
         4: <rustc_borrowck::region_infer::RegionInferenceContext>::infer_opaque_types
         5: rustc_borrowck::nll::compute_regions
         6: rustc_borrowck::do_mir_borrowck
         7: rustc_borrowck::mir_borrowck
         8: rustc_query_impl::plumbing::__rust_begin_short_backtrace::<rustc_query_impl::query_impl::mir_borrowck::dynamic_query::{closure#2}::{closure#0}, rustc_middle::query::erase::Erased<[u8; 8]>>
         9: <rustc_query_impl::query_impl::mir_borrowck::dynamic_query::{closure#2} as core::ops::function::FnOnce<(rustc_middle::ty::context::TyCtxt, rustc_span::def_id::LocalDefId)>>::call_once
        10: rustc_query_system::query::plumbing::try_execute_query::<rustc_query_impl::DynamicConfig<rustc_query_system::query::caches::VecCache<rustc_span::def_id::LocalDefId, rustc_middle::query::erase::Erased<[u8; 8]>>, false, false, false>, rustc_query_impl::plumbing::QueryCtxt, true>
        11: rustc_query_impl::query_impl::mir_borrowck::get_query_incr::__rust_end_short_backtrace
        12: rustc_hir_analysis::collect::type_of::opaque::find_opaque_ty_constraints_for_rpit
        13: rustc_hir_analysis::collect::type_of::type_of
        14: rustc_query_impl::plumbing::__rust_begin_short_backtrace::<rustc_query_impl::query_impl::type_of::dynamic_query::{closure#2}::{closure#0}, rustc_middle::query::erase::Erased<[u8; 8]>>
        15: <rustc_query_impl::query_impl::type_of::dynamic_query::{closure#2} as core::ops::function::FnOnce<(rustc_middle::ty::context::TyCtxt, rustc_span::def_id::DefId)>>::call_once
        16: rustc_query_system::query::plumbing::try_execute_query::<rustc_query_impl::DynamicConfig<rustc_query_system::query::caches::DefaultCache<rustc_span::def_id::DefId, rustc_middle::query::erase::Erased<[u8; 8]>>, false, false, false>, rustc_query_impl::plumbing::QueryCtxt, true>
        17: rustc_query_impl::query_impl::type_of::get_query_incr::__rust_end_short_backtrace
        18: rustc_middle::query::plumbing::query_get_at::<rustc_query_system::query::caches::DefaultCache<rustc_span::def_id::DefId, rustc_middle::query::erase::Erased<[u8; 8]>>>
        19: rustc_hir_analysis::check::check::check_mod_item_types
        20: rustc_query_impl::plumbing::__rust_begin_short_backtrace::<rustc_query_impl::query_impl::check_mod_item_types::dynamic_query::{closure#2}::{closure#0}, rustc_middle::query::erase::Erased<[u8; 0]>>
        21: <rustc_query_impl::query_impl::check_mod_item_types::dynamic_query::{closure#2} as core::ops::function::FnOnce<(rustc_middle::ty::context::TyCtxt, rustc_span::def_id::LocalModDefId)>>::call_once
        22: rustc_query_system::query::plumbing::try_execute_query::<rustc_query_impl::DynamicConfig<rustc_query_system::query::caches::DefaultCache<rustc_span::def_id::LocalModDefId, rustc_middle::query::erase::Erased<[u8; 0]>>, false, false, false>, rustc_query_impl::plumbing::QueryCtxt, true>
        23: rustc_query_impl::query_impl::check_mod_item_types::get_query_incr::__rust_end_short_backtrace
        24: <rustc_middle::hir::map::Map>::for_each_module::<rustc_hir_analysis::check_crate::{closure#6}::{closure#0}>
        25: rustc_hir_analysis::check_crate
        26: rustc_interface::passes::analysis
        27: rustc_query_impl::plumbing::__rust_begin_short_backtrace::<rustc_query_impl::query_impl::analysis::dynamic_query::{closure#2}::{closure#0}, rustc_middle::query::erase::Erased<[u8; 1]>>
        28: <rustc_query_impl::query_impl::analysis::dynamic_query::{closure#2} as core::ops::function::FnOnce<(rustc_middle::ty::context::TyCtxt, ())>>::call_once
        29: rustc_query_system::query::plumbing::try_execute_query::<rustc_query_impl::DynamicConfig<rustc_query_system::query::caches::SingleCache<rustc_middle::query::erase::Erased<[u8; 1]>>, false, false, false>, rustc_query_impl::plumbing::QueryCtxt, true>
        30: rustc_query_impl::query_impl::analysis::get_query_incr::__rust_end_short_backtrace
        31: <rustc_interface::queries::QueryResult<&rustc_middle::ty::context::GlobalCtxt>>::enter::<core::result::Result<(), rustc_span::ErrorGuaranteed>, rustc_driver_impl::run_compiler::{closure#1}::{closure#2}::{closure#6}>
        32: <rustc_interface::interface::Compiler>::enter::<rustc_driver_impl::run_compiler::{closure#1}::{closure#2}, core::result::Result<core::option::Option<rustc_interface::queries::Linker>, rustc_span::ErrorGuaranteed>>
        33: std::sys_common::backtrace::__rust_begin_short_backtrace::<rustc_interface::util::run_in_thread_pool_with_globals<rustc_interface::interface::run_compiler<core::result::Result<(), rustc_span::ErrorGuaranteed>, rustc_driver_impl::run_compiler::{closure#1}>::{closure#0}, core::result::Result<(), rustc_span::ErrorGuaranteed>>::{closure#0}::{closure#0}, core::result::Result<(), rustc_span::ErrorGuaranteed>>
        34: <<std::thread::Builder>::spawn_unchecked_<rustc_interface::util::run_in_thread_pool_with_globals<rustc_interface::interface::run_compiler<core::result::Result<(), rustc_span::ErrorGuaranteed>, rustc_driver_impl::run_compiler::{closure#1}>::{closure#0}, core::result::Result<(), rustc_span::ErrorGuaranteed>>::{closure#0}::{closure#0}, core::result::Result<(), rustc_span::ErrorGuaranteed>>::{closure#1} as core::ops::function::FnOnce<()>>::call_once::{shim:vtable#0}
        35: <alloc::boxed::Box<F,A> as core::ops::function::FnOnce<Args>>::call_once
                   at /rustc/d06ca0ffaf4ac72732665f99dd9ad962194cd0b3/library/alloc/src/boxed.rs:2007:9
        36: <alloc::boxed::Box<F,A> as core::ops::function::FnOnce<Args>>::call_once
                   at /rustc/d06ca0ffaf4ac72732665f99dd9ad962194cd0b3/library/alloc/src/boxed.rs:2007:9
        37: std::sys::unix::thread::Thread::new::thread_start
                   at /rustc/d06ca0ffaf4ac72732665f99dd9ad962194cd0b3/library/std/src/sys/unix/thread.rs:108:17
        38: start_thread
                   at ./nptl/pthread_create.c:442:8
        39: __GI___clone3
                   at ./misc/../sysdeps/unix/sysv/linux/x86_64/clone3.S:81
 --> src/main.rs:2:12
  |
2 |     let _: () = foo::<'a>();
  |            ^^

note: we would appreciate a bug report: https://github.com/rust-lang/rust/issues/new?labels=C-bug%2C+I-ICE%2C+T-compiler&template=ice.md

note: please attach the file at `/data/zhangtianrong/projects/rustc-cbl/run/111906/rustc-ice-2026-01-17T02:55:17.747496621Z-3249132.txt` to your bug report

note: compiler flags: --crate-type bin -C embed-bitcode=no -C debuginfo=2 -C incremental=[REDACTED]

note: some of the compiler flags provided by cargo are hidden

query stack during panic:
end of query stack
warning: `bug_111906` (bin "bug_111906") generated 2 warnings
error: could not compile `bug_111906` (bin "bug_111906"); 2 warnings emitted
------------------------------------------------------------
Return code: 101
