=== START 2026-02-01 22:00:34 ===
Bug ID: 112124
Toolchain: nightly-2023-05-29
Source: /data/zhangtianrong/projects/rustc-cbl/rustcbugs/112124
Run dir: /data/zhangtianrong/projects/rustc-cbl/run/112124
CMD: rustup run nightly-2023-05-29 cargo build
------------------------------------------------------------
   Compiling bug_112124 v0.1.0 (/data/zhangtianrong/projects/rustc-cbl/run/112124)
warning: the feature `adt_const_params` is incomplete and may not be safe to use and/or cause compiler crashes
 --> src/main.rs:1:12
  |
1 | #![feature(adt_const_params)]
  |            ^^^^^^^^^^^^^^^^
  |
  = note: see issue #95174 <https://github.com/rust-lang/rust/issues/95174> for more information
  = note: `#[warn(incomplete_features)]` on by default

warning: `bug_112124` (bin "bug_112124") generated 1 warning
    Finished dev [unoptimized + debuginfo] target(s) in 0.22s
------------------------------------------------------------
Return code: 0
