=== START 2026-01-17 10:51:17 ===
Bug ID: 112250
Toolchain: nightly-2023-05-31
Source: /data/zhangtianrong/projects/rustc-cbl/rustcbugs/112250
Run dir: /data/zhangtianrong/projects/rustc-cbl/run/112250
CMD: rustup run nightly-2023-05-31 cargo build
------------------------------------------------------------
   Compiling bug_112250 v0.1.0 (/data/zhangtianrong/projects/rustc-cbl/run/112250)
error: internal compiler error: /rustc/f0411ffcebcd7f75ac02ed45feb53ffd07b75398/compiler/rustc_infer/src/infer/outlives/env.rs:148:26: add_outlives_bounds: unexpected regions: (RePlaceholder(!2_BoundRegion { var: 0, kind: BrNamed(DefId(0:13 ~ bug_112250[7916]::Foo::'a), 'a) }), ReStatic)

thread 'rustc' panicked at 'Box<dyn Any>', /rustc/f0411ffcebcd7f75ac02ed45feb53ffd07b75398/compiler/rustc_errors/src/lib.rs:1651:9
stack backtrace:
   0:     0x7e733bb68be1 - std::backtrace_rs::backtrace::libunwind::trace::hc317256c0daecb22
                               at /rustc/f0411ffcebcd7f75ac02ed45feb53ffd07b75398/library/std/src/../../backtrace/src/backtrace/libunwind.rs:93:5
   1:     0x7e733bb68be1 - std::backtrace_rs::backtrace::trace_unsynchronized::h85008105ccd95ba6
                               at /rustc/f0411ffcebcd7f75ac02ed45feb53ffd07b75398/library/std/src/../../backtrace/src/backtrace/mod.rs:66:5
   2:     0x7e733bb68be1 - std::sys_common::backtrace::_print_fmt::hb6e7cbe31fecc91c
                               at /rustc/f0411ffcebcd7f75ac02ed45feb53ffd07b75398/library/std/src/sys_common/backtrace.rs:65:5
   3:     0x7e733bb68be1 - <std::sys_common::backtrace::_print::DisplayBacktrace as core::fmt::Display>::fmt::h53097d3751045778
                               at /rustc/f0411ffcebcd7f75ac02ed45feb53ffd07b75398/library/std/src/sys_common/backtrace.rs:44:22
   4:     0x7e733bbc964f - core::fmt::rt::Argument::fmt::hdbe0b5dfb2c09e86
                               at /rustc/f0411ffcebcd7f75ac02ed45feb53ffd07b75398/library/core/src/fmt/rt.rs:138:9
   5:     0x7e733bbc964f - core::fmt::write::h4ae17c68778671a0
                               at /rustc/f0411ffcebcd7f75ac02ed45feb53ffd07b75398/library/core/src/fmt/mod.rs:1094:21
   6:     0x7e733bb5be51 - std::io::Write::write_fmt::hfd7c55e775c6dc60
                               at /rustc/f0411ffcebcd7f75ac02ed45feb53ffd07b75398/library/std/src/io/mod.rs:1713:15
   7:     0x7e733bb689f5 - std::sys_common::backtrace::_print::h81eabb0036b692a0
                               at /rustc/f0411ffcebcd7f75ac02ed45feb53ffd07b75398/library/std/src/sys_common/backtrace.rs:47:5
   8:     0x7e733bb689f5 - std::sys_common::backtrace::print::h1b1f4d1a23fac3fd
                               at /rustc/f0411ffcebcd7f75ac02ed45feb53ffd07b75398/library/std/src/sys_common/backtrace.rs:34:9
   9:     0x7e733bb6b6b7 - std::panicking::default_hook::{{closure}}::hc17d2bd8f3da442c
  10:     0x7e733bb6b4a4 - std::panicking::default_hook::h3a32a9336113ba96
                               at /rustc/f0411ffcebcd7f75ac02ed45feb53ffd07b75398/library/std/src/panicking.rs:288:9
  11:     0x7e733ed5534b - <rustc_driver_impl[69ca7756f111ada3]::install_ice_hook::{closure#0} as core[944d3e6ffd8ebaf5]::ops::function::FnOnce<(&core[944d3e6ffd8ebaf5]::panic::panic_info::PanicInfo,)>>::call_once::{shim:vtable#0}
  12:     0x7e733bb6bdfd - <alloc::boxed::Box<F,A> as core::ops::function::Fn<Args>>::call::h4413820818220cb9
                               at /rustc/f0411ffcebcd7f75ac02ed45feb53ffd07b75398/library/alloc/src/boxed.rs:1999:9
  13:     0x7e733bb6bdfd - std::panicking::rust_panic_with_hook::h90e4d15277396259
                               at /rustc/f0411ffcebcd7f75ac02ed45feb53ffd07b75398/library/std/src/panicking.rs:709:13
  14:     0x7e733f266801 - std[97c55777bef24d10]::panicking::begin_panic::<rustc_errors[ed9493e08a37f70a]::ExplicitBug>::{closure#0}
  15:     0x7e733f2629a6 - std[97c55777bef24d10]::sys_common::backtrace::__rust_end_short_backtrace::<std[97c55777bef24d10]::panicking::begin_panic<rustc_errors[ed9493e08a37f70a]::ExplicitBug>::{closure#0}, !>
  16:     0x7e733f2623b6 - std[97c55777bef24d10]::panicking::begin_panic::<rustc_errors[ed9493e08a37f70a]::ExplicitBug>
  17:     0x7e733f25bcd4 - <rustc_errors[ed9493e08a37f70a]::HandlerInner>::bug::<alloc[80c61e2c62e705bb]::string::String>
  18:     0x7e733f25ba76 - <rustc_errors[ed9493e08a37f70a]::Handler>::bug::<alloc[80c61e2c62e705bb]::string::String>
  19:     0x7e733f2dc5dc - rustc_middle[625109cdc022a7cf]::util::bug::opt_span_bug_fmt::<rustc_span[bf9059c4a92fbcaf]::span_encoding::Span>::{closure#0}
  20:     0x7e733f2daeba - rustc_middle[625109cdc022a7cf]::ty::context::tls::with_opt::<rustc_middle[625109cdc022a7cf]::util::bug::opt_span_bug_fmt<rustc_span[bf9059c4a92fbcaf]::span_encoding::Span>::{closure#0}, !>::{closure#0}
  21:     0x7e733f2dae8a - rustc_middle[625109cdc022a7cf]::ty::context::tls::with_context_opt::<rustc_middle[625109cdc022a7cf]::ty::context::tls::with_opt<rustc_middle[625109cdc022a7cf]::util::bug::opt_span_bug_fmt<rustc_span[bf9059c4a92fbcaf]::span_encoding::Span>::{closure#0}, !>::{closure#0}, !>
  22:     0x7e733cfcee0d - rustc_middle[625109cdc022a7cf]::util::bug::bug_fmt
  23:     0x7e733dc8345e - <rustc_infer[580fe5c8ddf97f24]::infer::outlives::env::OutlivesEnvironment>::with_bounds::<core[944d3e6ffd8ebaf5]::iter::adapters::flatten::FlatMap<indexmap[29a596d85a86d622]::set::IntoIter<rustc_middle[625109cdc022a7cf]::ty::Ty>, alloc[80c61e2c62e705bb]::vec::Vec<rustc_middle[625109cdc022a7cf]::traits::query::OutlivesBound>, <rustc_infer[580fe5c8ddf97f24]::infer::InferCtxt as rustc_trait_selection[abd57912fa10b2c2]::traits::outlives_bounds::InferCtxtExt>::implied_bounds_tys::{closure#0}>>
  24:     0x7e733dc7f116 - rustc_hir_analysis[3062fb42bea77815]::check::wfcheck::check_item_fn
  25:     0x7e733dc7a321 - rustc_hir_analysis[3062fb42bea77815]::check::wfcheck::check_well_formed
  26:     0x7e733cd9741c - rustc_query_impl[abe1d6318699b5b6]::plumbing::__rust_begin_short_backtrace::<rustc_query_impl[abe1d6318699b5b6]::query_impl::check_well_formed::dynamic_query::{closure#2}::{closure#0}, rustc_middle[625109cdc022a7cf]::query::erase::Erased<[u8; 0usize]>>
  27:     0x7e733cd973fc - <rustc_query_impl[abe1d6318699b5b6]::query_impl::check_well_formed::dynamic_query::{closure#2} as core[944d3e6ffd8ebaf5]::ops::function::FnOnce<(rustc_middle[625109cdc022a7cf]::ty::context::TyCtxt, rustc_hir[4184ee27f2d5d61c]::hir_id::OwnerId)>>::call_once
  28:     0x7e733deff53b - rustc_query_system[65a6d91c4fb210fe]::query::plumbing::try_execute_query::<rustc_query_impl[abe1d6318699b5b6]::DynamicConfig<rustc_query_system[65a6d91c4fb210fe]::query::caches::VecCache<rustc_hir[4184ee27f2d5d61c]::hir_id::OwnerId, rustc_middle[625109cdc022a7cf]::query::erase::Erased<[u8; 0usize]>>, false, false, false>, rustc_query_impl[abe1d6318699b5b6]::plumbing::QueryCtxt, true>
  29:     0x7e733defed1b - rustc_query_impl[abe1d6318699b5b6]::query_impl::check_well_formed::get_query_incr::__rust_end_short_backtrace
  30:     0x7e733e13823c - rustc_data_structures[ecab03ca5d523fff]::sync::par_for_each_in::<&[rustc_hir[4184ee27f2d5d61c]::hir::ItemId], <rustc_middle[625109cdc022a7cf]::hir::ModuleItems>::par_items<rustc_hir_analysis[3062fb42bea77815]::check::wfcheck::check_mod_type_wf::{closure#0}>::{closure#0}>
  31:     0x7e733e1380da - rustc_hir_analysis[3062fb42bea77815]::check::wfcheck::check_mod_type_wf
  32:     0x7e733d95442c - rustc_query_impl[abe1d6318699b5b6]::plumbing::__rust_begin_short_backtrace::<rustc_query_impl[abe1d6318699b5b6]::query_impl::check_mod_type_wf::dynamic_query::{closure#2}::{closure#0}, rustc_middle[625109cdc022a7cf]::query::erase::Erased<[u8; 0usize]>>
  33:     0x7e733d95440e - <rustc_query_impl[abe1d6318699b5b6]::query_impl::check_mod_type_wf::dynamic_query::{closure#2} as core[944d3e6ffd8ebaf5]::ops::function::FnOnce<(rustc_middle[625109cdc022a7cf]::ty::context::TyCtxt, rustc_span[bf9059c4a92fbcaf]::def_id::LocalDefId)>>::call_once
  34:     0x7e733dc09995 - rustc_query_system[65a6d91c4fb210fe]::query::plumbing::try_execute_query::<rustc_query_impl[abe1d6318699b5b6]::DynamicConfig<rustc_query_system[65a6d91c4fb210fe]::query::caches::VecCache<rustc_span[bf9059c4a92fbcaf]::def_id::LocalDefId, rustc_middle[625109cdc022a7cf]::query::erase::Erased<[u8; 0usize]>>, false, false, false>, rustc_query_impl[abe1d6318699b5b6]::plumbing::QueryCtxt, true>
  35:     0x7e733e6dad48 - rustc_query_impl[abe1d6318699b5b6]::query_impl::check_mod_type_wf::get_query_incr::__rust_end_short_backtrace
  36:     0x7e733e21c5e5 - std[97c55777bef24d10]::panicking::try::<(), core[944d3e6ffd8ebaf5]::panic::unwind_safe::AssertUnwindSafe<rustc_data_structures[ecab03ca5d523fff]::sync::par_for_each_in<&[rustc_hir[4184ee27f2d5d61c]::hir_id::OwnerId], <rustc_middle[625109cdc022a7cf]::hir::map::Map>::par_for_each_module<rustc_hir_analysis[3062fb42bea77815]::check_crate::{closure#5}::{closure#0}::{closure#0}>::{closure#0}>::{closure#0}::{closure#0}>>
  37:     0x7e733e21c507 - rustc_data_structures[ecab03ca5d523fff]::sync::par_for_each_in::<&[rustc_hir[4184ee27f2d5d61c]::hir_id::OwnerId], <rustc_middle[625109cdc022a7cf]::hir::map::Map>::par_for_each_module<rustc_hir_analysis[3062fb42bea77815]::check_crate::{closure#5}::{closure#0}::{closure#0}>::{closure#0}>
  38:     0x7e733e21c2d7 - <rustc_session[39c162e5580cc189]::session::Session>::track_errors::<rustc_hir_analysis[3062fb42bea77815]::check_crate::{closure#5}, ()>
  39:     0x7e733e21a03f - rustc_hir_analysis[3062fb42bea77815]::check_crate
  40:     0x7e733e210397 - rustc_interface[df9567d77d6569e3]::passes::analysis
  41:     0x7e733e25ccda - rustc_query_impl[abe1d6318699b5b6]::plumbing::__rust_begin_short_backtrace::<rustc_query_impl[abe1d6318699b5b6]::query_impl::analysis::dynamic_query::{closure#2}::{closure#0}, rustc_middle[625109cdc022a7cf]::query::erase::Erased<[u8; 1usize]>>
  42:     0x7e733e25ccc9 - <rustc_query_impl[abe1d6318699b5b6]::query_impl::analysis::dynamic_query::{closure#2} as core[944d3e6ffd8ebaf5]::ops::function::FnOnce<(rustc_middle[625109cdc022a7cf]::ty::context::TyCtxt, ())>>::call_once
  43:     0x7e733e55fe0c - rustc_query_system[65a6d91c4fb210fe]::query::plumbing::try_execute_query::<rustc_query_impl[abe1d6318699b5b6]::DynamicConfig<rustc_query_system[65a6d91c4fb210fe]::query::caches::SingleCache<rustc_middle[625109cdc022a7cf]::query::erase::Erased<[u8; 1usize]>>, false, false, false>, rustc_query_impl[abe1d6318699b5b6]::plumbing::QueryCtxt, true>
  44:     0x7e733e55f9b4 - rustc_query_impl[abe1d6318699b5b6]::query_impl::analysis::get_query_incr::__rust_end_short_backtrace
  45:     0x7e733dfaa832 - <rustc_interface[df9567d77d6569e3]::queries::QueryResult<&rustc_middle[625109cdc022a7cf]::ty::context::GlobalCtxt>>::enter::<core[944d3e6ffd8ebaf5]::result::Result<(), rustc_span[bf9059c4a92fbcaf]::ErrorGuaranteed>, rustc_driver_impl[69ca7756f111ada3]::run_compiler::{closure#1}::{closure#2}::{closure#4}>
  46:     0x7e733dfa9795 - <rustc_interface[df9567d77d6569e3]::interface::Compiler>::enter::<rustc_driver_impl[69ca7756f111ada3]::run_compiler::{closure#1}::{closure#2}, core[944d3e6ffd8ebaf5]::result::Result<core[944d3e6ffd8ebaf5]::option::Option<rustc_interface[df9567d77d6569e3]::queries::Linker>, rustc_span[bf9059c4a92fbcaf]::ErrorGuaranteed>>
  47:     0x7e733dfa7893 - std[97c55777bef24d10]::sys_common::backtrace::__rust_begin_short_backtrace::<rustc_interface[df9567d77d6569e3]::util::run_in_thread_pool_with_globals<rustc_interface[df9567d77d6569e3]::interface::run_compiler<core[944d3e6ffd8ebaf5]::result::Result<(), rustc_span[bf9059c4a92fbcaf]::ErrorGuaranteed>, rustc_driver_impl[69ca7756f111ada3]::run_compiler::{closure#1}>::{closure#0}, core[944d3e6ffd8ebaf5]::result::Result<(), rustc_span[bf9059c4a92fbcaf]::ErrorGuaranteed>>::{closure#0}::{closure#0}, core[944d3e6ffd8ebaf5]::result::Result<(), rustc_span[bf9059c4a92fbcaf]::ErrorGuaranteed>>
  48:     0x7e733e5f6095 - <<std[97c55777bef24d10]::thread::Builder>::spawn_unchecked_<rustc_interface[df9567d77d6569e3]::util::run_in_thread_pool_with_globals<rustc_interface[df9567d77d6569e3]::interface::run_compiler<core[944d3e6ffd8ebaf5]::result::Result<(), rustc_span[bf9059c4a92fbcaf]::ErrorGuaranteed>, rustc_driver_impl[69ca7756f111ada3]::run_compiler::{closure#1}>::{closure#0}, core[944d3e6ffd8ebaf5]::result::Result<(), rustc_span[bf9059c4a92fbcaf]::ErrorGuaranteed>>::{closure#0}::{closure#0}, core[944d3e6ffd8ebaf5]::result::Result<(), rustc_span[bf9059c4a92fbcaf]::ErrorGuaranteed>>::{closure#1} as core[944d3e6ffd8ebaf5]::ops::function::FnOnce<()>>::call_once::{shim:vtable#0}
  49:     0x7e733bb76325 - <alloc::boxed::Box<F,A> as core::ops::function::FnOnce<Args>>::call_once::h0716d70b901d1398
                               at /rustc/f0411ffcebcd7f75ac02ed45feb53ffd07b75398/library/alloc/src/boxed.rs:1985:9
  50:     0x7e733bb76325 - <alloc::boxed::Box<F,A> as core::ops::function::FnOnce<Args>>::call_once::h7c11e50091aab2e1
                               at /rustc/f0411ffcebcd7f75ac02ed45feb53ffd07b75398/library/alloc/src/boxed.rs:1985:9
  51:     0x7e733bb76325 - std::sys::unix::thread::Thread::new::thread_start::h3ae99d1c2785d9c6
                               at /rustc/f0411ffcebcd7f75ac02ed45feb53ffd07b75398/library/std/src/sys/unix/thread.rs:108:17
  52:     0x7e733b894ac3 - start_thread
                               at ./nptl/pthread_create.c:442:8
  53:     0x7e733b9268c0 - __GI___clone3
                               at ./misc/../sysdeps/unix/sysv/linux/x86_64/clone3.S:81
  54:                0x0 - <unknown>

note: we would appreciate a bug report: https://github.com/rust-lang/rust/issues/new?labels=C-bug%2C+I-ICE%2C+T-compiler&template=ice.md

note: rustc 1.72.0-nightly (f0411ffce 2023-05-30) running on x86_64-unknown-linux-gnu

note: compiler flags: --crate-type bin -C embed-bitcode=no -C debuginfo=2 -C incremental=[REDACTED]

note: some of the compiler flags provided by cargo are hidden

query stack during panic:
#0 [check_well_formed] checking that `test` is well-formed
#1 [check_mod_type_wf] checking that types are well-formed in top-level module
#2 [analysis] running analysis passes on this crate
end of query stack
error: could not compile `bug_112250` (bin "bug_112250")
------------------------------------------------------------
Return code: 101
