=== START 2026-02-02 19:09:04 ===
Bug ID: 112225
Toolchain: nightly-2023-06-02
Source: /data/zhangtianrong/projects/rustc-cbl/rustcbugs/112225
Run dir: /data/zhangtianrong/projects/rustc-cbl/run/112225
CMD: rustup run nightly-2023-06-02 cargo build
------------------------------------------------------------
    Blocking waiting for file lock on package cache
   Compiling bug_112225 v0.1.0 (/data/zhangtianrong/projects/rustc-cbl/run/112225)
error[E0282]: type annotations needed
 --> src/main.rs:8:14
  |
8 |             |info| println!("{:?}", info.0)
  |              ^^^^                   ---- type must be known at this point
  |
help: consider giving this closure parameter an explicit type
  |
8 |             |info: /* Type */| println!("{:?}", info.0)
  |                  ++++++++++++

For more information about this error, try `rustc --explain E0282`.
error: could not compile `bug_112225` (bin "bug_112225") due to previous error
------------------------------------------------------------
Return code: 101
