=== START 2026-02-02 19:22:03 ===
Bug ID: 112560
Toolchain: nightly-2023-06-11
Source: /data/zhangtianrong/projects/rustc-cbl/rustcbugs/112560
Run dir: /data/zhangtianrong/projects/rustc-cbl/run/112560
CMD: rustup run nightly-2023-06-11 cargo build
------------------------------------------------------------
   Compiling bug_112560 v0.1.0 (/data/zhangtianrong/projects/rustc-cbl/run/112560)
error: expected associated type bound, found constant
  --> src/main.rs:10:16
   |
10 | impl<T: Trait1<A = 12>, const N: usize> Trait2 for [T; N] {}
   |                ^^^^^^
   |
note: associated type defined here
  --> src/main.rs:7:5
   |
7  |     type A;
   |     ^^^^^^

error: could not compile `bug_112560` (bin "bug_112560") due to previous error
------------------------------------------------------------
Return code: 101
