=== START 2026-01-18 17:48:31 ===
Bug ID: 112604
Toolchain: nightly-2023-06-12
Source: /data/zhangtianrong/projects/rustc-cbl/rustcbugs/112604
Run dir: /data/zhangtianrong/projects/rustc-cbl/run/112604
CMD: rustup run nightly-2023-06-12 cargo build
------------------------------------------------------------
   Compiling bug_112604 v0.1.0 (/data/zhangtianrong/projects/rustc-cbl/run/112604)
error: internal compiler error: no errors encountered even though `delay_span_bug` issued

error: internal compiler error: broken MIR in DefId(0:12 ~ bug_112604[d8e6]::main::{closure#0}) (bb0[0]): equate_inputs_and_outputs: `*const dyn std::ops::FnOnce(())==*const dyn for<'a> std::ops::FnOnce(<() as Trait>::Gat<'a>)` failed with `NoSolution`
  --> src/main.rs:14:13
   |
14 |     let _ = || { dyn_hoops(()) };
   |             ^^^^^^^^^^^^^^^^^^^^
   |
   = note: delayed at compiler/rustc_borrowck/src/type_check/input_output.rs:133:13
              0: <rustc_errors::HandlerInner>::emit_diagnostic
              1: <rustc_errors::Handler>::delay_span_bug::<rustc_span::span_encoding::Span, alloc::string::String>
              2: rustc_borrowck::type_check::type_check
              3: rustc_borrowck::nll::compute_regions
              4: rustc_borrowck::do_mir_borrowck
              5: rustc_borrowck::mir_borrowck
              6: rustc_query_impl::plumbing::__rust_begin_short_backtrace::<rustc_query_impl::query_impl::mir_borrowck::dynamic_query::{closure#2}::{closure#0}, rustc_middle::query::erase::Erased<[u8; 8]>>
              7: <rustc_query_impl::query_impl::mir_borrowck::dynamic_query::{closure#2} as core::ops::function::FnOnce<(rustc_middle::ty::context::TyCtxt, rustc_span::def_id::LocalDefId)>>::call_once
              8: rustc_query_system::query::plumbing::try_execute_query::<rustc_query_impl::DynamicConfig<rustc_query_system::query::caches::VecCache<rustc_span::def_id::LocalDefId, rustc_middle::query::erase::Erased<[u8; 8]>>, false, false, false>, rustc_query_impl::plumbing::QueryCtxt, true>
              9: rustc_query_impl::query_impl::mir_borrowck::get_query_incr::__rust_end_short_backtrace
             10: <rustc_borrowck::type_check::TypeChecker>::prove_closure_bounds
             11: <rustc_borrowck::type_check::TypeChecker>::typeck_mir
             12: rustc_borrowck::type_check::type_check
             13: rustc_borrowck::nll::compute_regions
             14: rustc_borrowck::do_mir_borrowck
             15: rustc_borrowck::mir_borrowck
             16: rustc_query_impl::plumbing::__rust_begin_short_backtrace::<rustc_query_impl::query_impl::mir_borrowck::dynamic_query::{closure#2}::{closure#0}, rustc_middle::query::erase::Erased<[u8; 8]>>
             17: <rustc_query_impl::query_impl::mir_borrowck::dynamic_query::{closure#2} as core::ops::function::FnOnce<(rustc_middle::ty::context::TyCtxt, rustc_span::def_id::LocalDefId)>>::call_once
             18: rustc_query_system::query::plumbing::try_execute_query::<rustc_query_impl::DynamicConfig<rustc_query_system::query::caches::VecCache<rustc_span::def_id::LocalDefId, rustc_middle::query::erase::Erased<[u8; 8]>>, false, false, false>, rustc_query_impl::plumbing::QueryCtxt, true>
             19: rustc_query_impl::query_impl::mir_borrowck::get_query_incr::__rust_end_short_backtrace
             20: rustc_data_structures::sync::par_for_each_in::<&[rustc_span::def_id::LocalDefId], <rustc_middle::hir::map::Map>::par_body_owners<rustc_interface::passes::analysis::{closure#1}::{closure#0}>::{closure#0}>
             21: <rustc_session::session::Session>::time::<(), rustc_interface::passes::analysis::{closure#1}>
             22: rustc_interface::passes::analysis
             23: rustc_query_impl::plumbing::__rust_begin_short_backtrace::<rustc_query_impl::query_impl::analysis::dynamic_query::{closure#2}::{closure#0}, rustc_middle::query::erase::Erased<[u8; 1]>>
             24: <rustc_query_impl::query_impl::analysis::dynamic_query::{closure#2} as core::ops::function::FnOnce<(rustc_middle::ty::context::TyCtxt, ())>>::call_once
             25: rustc_query_system::query::plumbing::try_execute_query::<rustc_query_impl::DynamicConfig<rustc_query_system::query::caches::SingleCache<rustc_middle::query::erase::Erased<[u8; 1]>>, false, false, false>, rustc_query_impl::plumbing::QueryCtxt, true>
             26: rustc_query_impl::query_impl::analysis::get_query_incr::__rust_end_short_backtrace
             27: <rustc_middle::ty::context::GlobalCtxt>::enter::<rustc_driver_impl::run_compiler::{closure#1}::{closure#2}::{closure#4}, core::result::Result<(), rustc_span::ErrorGuaranteed>>
             28: <rustc_interface::interface::Compiler>::enter::<rustc_driver_impl::run_compiler::{closure#1}::{closure#2}, core::result::Result<core::option::Option<rustc_interface::queries::Linker>, rustc_span::ErrorGuaranteed>>
             29: <scoped_tls::ScopedKey<rustc_span::SessionGlobals>>::set::<rustc_interface::interface::run_compiler<core::result::Result<(), rustc_span::ErrorGuaranteed>, rustc_driver_impl::run_compiler::{closure#1}>::{closure#0}, core::result::Result<(), rustc_span::ErrorGuaranteed>>
             30: std::sys_common::backtrace::__rust_begin_short_backtrace::<rustc_interface::util::run_in_thread_pool_with_globals<rustc_interface::interface::run_compiler<core::result::Result<(), rustc_span::ErrorGuaranteed>, rustc_driver_impl::run_compiler::{closure#1}>::{closure#0}, core::result::Result<(), rustc_span::ErrorGuaranteed>>::{closure#0}::{closure#0}, core::result::Result<(), rustc_span::ErrorGuaranteed>>
             31: <<std::thread::Builder>::spawn_unchecked_<rustc_interface::util::run_in_thread_pool_with_globals<rustc_interface::interface::run_compiler<core::result::Result<(), rustc_span::ErrorGuaranteed>, rustc_driver_impl::run_compiler::{closure#1}>::{closure#0}, core::result::Result<(), rustc_span::ErrorGuaranteed>>::{closure#0}::{closure#0}, core::result::Result<(), rustc_span::ErrorGuaranteed>>::{closure#1} as core::ops::function::FnOnce<()>>::call_once::{shim:vtable#0}
             32: <alloc::boxed::Box<F,A> as core::ops::function::FnOnce<Args>>::call_once
                        at /rustc/37998ab508d5d9fa0d465d7b535dc673087dda8f/library/alloc/src/boxed.rs:1985:9
             33: <alloc::boxed::Box<F,A> as core::ops::function::FnOnce<Args>>::call_once
                        at /rustc/37998ab508d5d9fa0d465d7b535dc673087dda8f/library/alloc/src/boxed.rs:1985:9
             34: std::sys::unix::thread::Thread::new::thread_start
                        at /rustc/37998ab508d5d9fa0d465d7b535dc673087dda8f/library/std/src/sys/unix/thread.rs:108:17
             35: start_thread
                        at ./nptl/pthread_create.c:442:8
             36: __GI___clone3
                        at ./misc/../sysdeps/unix/sysv/linux/x86_64/clone3.S:81
           

note: we would appreciate a bug report: https://github.com/rust-lang/rust/issues/new?labels=C-bug%2C+I-ICE%2C+T-compiler&template=ice.md

note: rustc 1.72.0-nightly (37998ab50 2023-06-11) running on x86_64-unknown-linux-gnu

note: compiler flags: --crate-type bin -C embed-bitcode=no -C debuginfo=2 -C incremental=[REDACTED]

note: some of the compiler flags provided by cargo are hidden

query stack during panic:
end of query stack
error: could not compile `bug_112604` (bin "bug_112604")
------------------------------------------------------------
Return code: 101
