=== START 2026-01-24 16:53:41 ===
Bug ID: 113278
Toolchain: nightly-2023-07-02
Source: /data/zhangtianrong/projects/rustc-cbl/rustcbugs/113278
Run dir: /data/zhangtianrong/projects/rustc-cbl/run/113278
CMD: rustup run nightly-2023-07-02 cargo build
------------------------------------------------------------
   Compiling bug_113278 v0.1.0 (/data/zhangtianrong/projects/rustc-cbl/run/113278)
warning: function `define_sep` is never used
 --> src/main.rs:4:12
  |
4 |     pub fn define_sep() -> Sep {
  |            ^^^^^^^^^^
  |
  = note: `#[warn(dead_code)]` on by default

warning: function `define` is never used
  --> src/main.rs:30:8
   |
30 |     fn define() -> Tait
   |        ^^^^^^

warning: trait bound (): Proj does not depend on any type or lifetime parameters
  --> src/main.rs:32:13
   |
32 |         (): Proj<Assoc = ()>,
   |             ^^^^^^^^^^^^^^^^
   |
   = note: `#[warn(trivial_bounds)]` on by default

error: internal compiler error: compiler/rustc_middle/src/ty/instance.rs:413:18: failed to resolve instance for <() as Mk>::mk

thread 'rustc' panicked at 'Box<dyn Any>', /rustc/6162f6f12339aa81fe16b8a64644ead497e411b2/compiler/rustc_errors/src/lib.rs:1650:9
stack backtrace:
   0:     0x7c52b6f67e31 - std::backtrace_rs::backtrace::libunwind::trace::hc5a08f39b343ff23
                               at /rustc/6162f6f12339aa81fe16b8a64644ead497e411b2/library/std/src/../../backtrace/src/backtrace/libunwind.rs:93:5
   1:     0x7c52b6f67e31 - std::backtrace_rs::backtrace::trace_unsynchronized::h47e8c5e1dad41df3
                               at /rustc/6162f6f12339aa81fe16b8a64644ead497e411b2/library/std/src/../../backtrace/src/backtrace/mod.rs:66:5
   2:     0x7c52b6f67e31 - std::sys_common::backtrace::_print_fmt::hb97890d1abc6f770
                               at /rustc/6162f6f12339aa81fe16b8a64644ead497e411b2/library/std/src/sys_common/backtrace.rs:65:5
   3:     0x7c52b6f67e31 - <std::sys_common::backtrace::_print::DisplayBacktrace as core::fmt::Display>::fmt::h7d760bbc240dae60
                               at /rustc/6162f6f12339aa81fe16b8a64644ead497e411b2/library/std/src/sys_common/backtrace.rs:44:22
   4:     0x7c52b6fc95df - core::fmt::rt::Argument::fmt::h39f8e743f394aa2a
                               at /rustc/6162f6f12339aa81fe16b8a64644ead497e411b2/library/core/src/fmt/rt.rs:138:9
   5:     0x7c52b6fc95df - core::fmt::write::hcd6daa701563bf73
                               at /rustc/6162f6f12339aa81fe16b8a64644ead497e411b2/library/core/src/fmt/mod.rs:1094:21
   6:     0x7c52b6f5a867 - std::io::Write::write_fmt::h0c3f6efd21c002c1
                               at /rustc/6162f6f12339aa81fe16b8a64644ead497e411b2/library/std/src/io/mod.rs:1714:15
   7:     0x7c52b6f67c45 - std::sys_common::backtrace::_print::ha1a5b21efea3986c
                               at /rustc/6162f6f12339aa81fe16b8a64644ead497e411b2/library/std/src/sys_common/backtrace.rs:47:5
   8:     0x7c52b6f67c45 - std::sys_common::backtrace::print::h09bae73ce5fb4ba1
                               at /rustc/6162f6f12339aa81fe16b8a64644ead497e411b2/library/std/src/sys_common/backtrace.rs:34:9
   9:     0x7c52b6f6a9f3 - std::panicking::default_hook::{{closure}}::h3ab294a3057bf3e4
                               at /rustc/6162f6f12339aa81fe16b8a64644ead497e411b2/library/std/src/panicking.rs:269:22
  10:     0x7c52b6f6a784 - std::panicking::default_hook::h3706ec030a24a323
                               at /rustc/6162f6f12339aa81fe16b8a64644ead497e411b2/library/std/src/panicking.rs:288:9
  11:     0x7c52ba1ee22b - rustc_driver_impl[f4c32366ee17ec34]::install_ice_hook::{closure#0}
  12:     0x7c52b6f6b21e - <alloc::boxed::Box<F,A> as core::ops::function::Fn<Args>>::call::h785bb9d8364fdd7d
                               at /rustc/6162f6f12339aa81fe16b8a64644ead497e411b2/library/alloc/src/boxed.rs:2024:9
  13:     0x7c52b6f6b21e - std::panicking::rust_panic_with_hook::h8b28848bc433ff61
                               at /rustc/6162f6f12339aa81fe16b8a64644ead497e411b2/library/std/src/panicking.rs:709:13
  14:     0x7c52ba7960f1 - std[efcd4597eeafd6b2]::panicking::begin_panic::<rustc_errors[c95bd46557a02bc4]::ExplicitBug>::{closure#0}
  15:     0x7c52ba794466 - std[efcd4597eeafd6b2]::sys_common::backtrace::__rust_end_short_backtrace::<std[efcd4597eeafd6b2]::panicking::begin_panic<rustc_errors[c95bd46557a02bc4]::ExplicitBug>::{closure#0}, !>
  16:     0x7c52ba7939a6 - std[efcd4597eeafd6b2]::panicking::begin_panic::<rustc_errors[c95bd46557a02bc4]::ExplicitBug>
  17:     0x7c52ba70e984 - <rustc_errors[c95bd46557a02bc4]::HandlerInner>::bug::<alloc[4b03a5c5d67398b8]::string::String>
  18:     0x7c52ba70e806 - <rustc_errors[c95bd46557a02bc4]::Handler>::bug::<alloc[4b03a5c5d67398b8]::string::String>
  19:     0x7c52ba70767c - rustc_middle[97567372a3a1a734]::util::bug::opt_span_bug_fmt::<rustc_span[485533617b5b2513]::span_encoding::Span>::{closure#0}
  20:     0x7c52ba7070ca - rustc_middle[97567372a3a1a734]::ty::context::tls::with_opt::<rustc_middle[97567372a3a1a734]::util::bug::opt_span_bug_fmt<rustc_span[485533617b5b2513]::span_encoding::Span>::{closure#0}, !>::{closure#0}
  21:     0x7c52ba70709a - rustc_middle[97567372a3a1a734]::ty::context::tls::with_context_opt::<rustc_middle[97567372a3a1a734]::ty::context::tls::with_opt<rustc_middle[97567372a3a1a734]::util::bug::opt_span_bug_fmt<rustc_span[485533617b5b2513]::span_encoding::Span>::{closure#0}, !>::{closure#0}, !>
  22:     0x7c52b89c5c0d - rustc_middle[97567372a3a1a734]::util::bug::bug_fmt
  23:     0x7c52b8d5c087 - rustc_monomorphize[46539b63ddbcaf97]::collector::collect_used_items
  24:     0x7c52b8d4c828 - rustc_monomorphize[46539b63ddbcaf97]::collector::collect_items_rec
  25:     0x7c52b973fbc3 - rustc_data_structures[6da3b69508bc3ca5]::sync::par_for_each_in::<alloc[4b03a5c5d67398b8]::vec::Vec<rustc_middle[97567372a3a1a734]::mir::mono::MonoItem>, rustc_monomorphize[46539b63ddbcaf97]::collector::collect_crate_mono_items::{closure#1}::{closure#0}>
  26:     0x7c52b973f4d0 - <rustc_session[2d7e129c598446b4]::session::Session>::time::<(), rustc_monomorphize[46539b63ddbcaf97]::collector::collect_crate_mono_items::{closure#1}>
  27:     0x7c52b973f118 - rustc_monomorphize[46539b63ddbcaf97]::collector::collect_crate_mono_items
  28:     0x7c52b973d697 - rustc_monomorphize[46539b63ddbcaf97]::partitioning::collect_and_partition_mono_items
  29:     0x7c52b97ddfe9 - rustc_query_impl[3fea8e03713984cf]::plumbing::__rust_begin_short_backtrace::<rustc_query_impl[3fea8e03713984cf]::query_impl::collect_and_partition_mono_items::dynamic_query::{closure#2}::{closure#0}, rustc_middle[97567372a3a1a734]::query::erase::Erased<[u8; 24usize]>>
  30:     0x7c52b97ddfbb - <rustc_query_impl[3fea8e03713984cf]::query_impl::collect_and_partition_mono_items::dynamic_query::{closure#2} as core[2381c2a59ed0e715]::ops::function::FnOnce<(rustc_middle[97567372a3a1a734]::ty::context::TyCtxt, ())>>::call_once
  31:     0x7c52b99fc69b - rustc_query_system[5156d0021f537d53]::query::plumbing::try_execute_query::<rustc_query_impl[3fea8e03713984cf]::DynamicConfig<rustc_query_system[5156d0021f537d53]::query::caches::SingleCache<rustc_middle[97567372a3a1a734]::query::erase::Erased<[u8; 24usize]>>, false, false, false>, rustc_query_impl[3fea8e03713984cf]::plumbing::QueryCtxt, true>
  32:     0x7c52b9b94476 - rustc_query_impl[3fea8e03713984cf]::query_impl::collect_and_partition_mono_items::get_query_incr::__rust_end_short_backtrace
  33:     0x7c52b90bb2db - rustc_codegen_ssa[12a3118f6a2ea19e]::base::codegen_crate::<rustc_codegen_llvm[ad65c7bae3c62c02]::LlvmCodegenBackend>
  34:     0x7c52b90bb0b6 - <rustc_codegen_llvm[ad65c7bae3c62c02]::LlvmCodegenBackend as rustc_codegen_ssa[12a3118f6a2ea19e]::traits::backend::CodegenBackend>::codegen_crate
  35:     0x7c52b94533b2 - <rustc_session[2d7e129c598446b4]::session::Session>::time::<alloc[4b03a5c5d67398b8]::boxed::Box<dyn core[2381c2a59ed0e715]::any::Any>, rustc_interface[e9f1151980b271c4]::passes::start_codegen::{closure#0}>
  36:     0x7c52b9452efb - rustc_interface[e9f1151980b271c4]::passes::start_codegen
  37:     0x7c52b944d07a - <rustc_middle[97567372a3a1a734]::ty::context::GlobalCtxt>::enter::<<rustc_interface[e9f1151980b271c4]::queries::Queries>::ongoing_codegen::{closure#0}, core[2381c2a59ed0e715]::result::Result<alloc[4b03a5c5d67398b8]::boxed::Box<dyn core[2381c2a59ed0e715]::any::Any>, rustc_span[485533617b5b2513]::ErrorGuaranteed>>
  38:     0x7c52b944c092 - <rustc_interface[e9f1151980b271c4]::interface::Compiler>::enter::<rustc_driver_impl[f4c32366ee17ec34]::run_compiler::{closure#1}::{closure#2}, core[2381c2a59ed0e715]::result::Result<core[2381c2a59ed0e715]::option::Option<rustc_interface[e9f1151980b271c4]::queries::Linker>, rustc_span[485533617b5b2513]::ErrorGuaranteed>>
  39:     0x7c52b9442b95 - rustc_span[485533617b5b2513]::set_source_map::<core[2381c2a59ed0e715]::result::Result<(), rustc_span[485533617b5b2513]::ErrorGuaranteed>, rustc_interface[e9f1151980b271c4]::interface::run_compiler<core[2381c2a59ed0e715]::result::Result<(), rustc_span[485533617b5b2513]::ErrorGuaranteed>, rustc_driver_impl[f4c32366ee17ec34]::run_compiler::{closure#1}>::{closure#0}::{closure#0}>
  40:     0x7c52b9441fb6 - <scoped_tls[3f1cecdc78e0f0dc]::ScopedKey<rustc_span[485533617b5b2513]::SessionGlobals>>::set::<rustc_interface[e9f1151980b271c4]::interface::run_compiler<core[2381c2a59ed0e715]::result::Result<(), rustc_span[485533617b5b2513]::ErrorGuaranteed>, rustc_driver_impl[f4c32366ee17ec34]::run_compiler::{closure#1}>::{closure#0}, core[2381c2a59ed0e715]::result::Result<(), rustc_span[485533617b5b2513]::ErrorGuaranteed>>
  41:     0x7c52b9441566 - std[efcd4597eeafd6b2]::sys_common::backtrace::__rust_begin_short_backtrace::<rustc_interface[e9f1151980b271c4]::util::run_in_thread_pool_with_globals<rustc_interface[e9f1151980b271c4]::interface::run_compiler<core[2381c2a59ed0e715]::result::Result<(), rustc_span[485533617b5b2513]::ErrorGuaranteed>, rustc_driver_impl[f4c32366ee17ec34]::run_compiler::{closure#1}>::{closure#0}, core[2381c2a59ed0e715]::result::Result<(), rustc_span[485533617b5b2513]::ErrorGuaranteed>>::{closure#0}::{closure#0}, core[2381c2a59ed0e715]::result::Result<(), rustc_span[485533617b5b2513]::ErrorGuaranteed>>
  42:     0x7c52b9a83cce - <<std[efcd4597eeafd6b2]::thread::Builder>::spawn_unchecked_<rustc_interface[e9f1151980b271c4]::util::run_in_thread_pool_with_globals<rustc_interface[e9f1151980b271c4]::interface::run_compiler<core[2381c2a59ed0e715]::result::Result<(), rustc_span[485533617b5b2513]::ErrorGuaranteed>, rustc_driver_impl[f4c32366ee17ec34]::run_compiler::{closure#1}>::{closure#0}, core[2381c2a59ed0e715]::result::Result<(), rustc_span[485533617b5b2513]::ErrorGuaranteed>>::{closure#0}::{closure#0}, core[2381c2a59ed0e715]::result::Result<(), rustc_span[485533617b5b2513]::ErrorGuaranteed>>::{closure#1} as core[2381c2a59ed0e715]::ops::function::FnOnce<()>>::call_once::{shim:vtable#0}
  43:     0x7c52b6f75695 - <alloc::boxed::Box<F,A> as core::ops::function::FnOnce<Args>>::call_once::hbeb1920b6046125a
                               at /rustc/6162f6f12339aa81fe16b8a64644ead497e411b2/library/alloc/src/boxed.rs:2010:9
  44:     0x7c52b6f75695 - <alloc::boxed::Box<F,A> as core::ops::function::FnOnce<Args>>::call_once::hec8e73198c50a980
                               at /rustc/6162f6f12339aa81fe16b8a64644ead497e411b2/library/alloc/src/boxed.rs:2010:9
  45:     0x7c52b6f75695 - std::sys::unix::thread::Thread::new::thread_start::h2558b57dcb0db10a
                               at /rustc/6162f6f12339aa81fe16b8a64644ead497e411b2/library/std/src/sys/unix/thread.rs:108:17
  46:     0x7c52b6c94ac3 - start_thread
                               at ./nptl/pthread_create.c:442:8
  47:     0x7c52b6d268c0 - __GI___clone3
                               at ./misc/../sysdeps/unix/sysv/linux/x86_64/clone3.S:81
  48:                0x0 - <unknown>

note: we would appreciate a bug report: https://github.com/rust-lang/rust/issues/new?labels=C-bug%2C+I-ICE%2C+T-compiler&template=ice.md

note: rustc 1.72.0-nightly (6162f6f12 2023-07-01) running on x86_64-unknown-linux-gnu

note: compiler flags: --crate-type bin -C embed-bitcode=no -C debuginfo=2 -C incremental=[REDACTED]

note: some of the compiler flags provided by cargo are hidden

query stack during panic:
#0 [collect_and_partition_mono_items] collect_and_partition_mono_items
end of query stack
warning: `bug_113278` (bin "bug_113278") generated 3 warnings
error: could not compile `bug_113278` (bin "bug_113278"); 3 warnings emitted
------------------------------------------------------------
Return code: 101
