=== START 2026-01-17 10:37:29 ===
Bug ID: 113594
Toolchain: nightly-2023-07-10
Source: /data/zhangtianrong/projects/rustc-cbl/rustcbugs/113594
Run dir: /data/zhangtianrong/projects/rustc-cbl/run/113594
CMD: rustup run nightly-2023-07-10 cargo build
------------------------------------------------------------
   Compiling bug_113594 v0.1.0 (/data/zhangtianrong/projects/rustc-cbl/run/113594)
error: internal compiler error: /rustc/1065d876cdbc34a872b9e17c78caaa59ea0c94d4/compiler/rustc_mir_dataflow/src/elaborate_drops.rs:882:18: open drop from non-ADT `Tait`
  --> src/main.rs:14:1
   |
14 | }
   | ^

thread 'rustc' panicked at 'Box<dyn Any>', /rustc/1065d876cdbc34a872b9e17c78caaa59ea0c94d4/compiler/rustc_errors/src/lib.rs:995:33
stack backtrace:
   0:     0x776b8cd63b21 - std::backtrace_rs::backtrace::libunwind::trace::h8311d824b2f8ccb3
                               at /rustc/1065d876cdbc34a872b9e17c78caaa59ea0c94d4/library/std/src/../../backtrace/src/backtrace/libunwind.rs:93:5
   1:     0x776b8cd63b21 - std::backtrace_rs::backtrace::trace_unsynchronized::h22dfb39ab3ab4565
                               at /rustc/1065d876cdbc34a872b9e17c78caaa59ea0c94d4/library/std/src/../../backtrace/src/backtrace/mod.rs:66:5
   2:     0x776b8cd63b21 - std::sys_common::backtrace::_print_fmt::he5d6d775a96bf82d
                               at /rustc/1065d876cdbc34a872b9e17c78caaa59ea0c94d4/library/std/src/sys_common/backtrace.rs:65:5
   3:     0x776b8cd63b21 - <std::sys_common::backtrace::_print::DisplayBacktrace as core::fmt::Display>::fmt::he8df7b0febfdc9dd
                               at /rustc/1065d876cdbc34a872b9e17c78caaa59ea0c94d4/library/std/src/sys_common/backtrace.rs:44:22
   4:     0x776b8cdc9e2f - core::fmt::rt::Argument::fmt::h61d486efb8b074ab
                               at /rustc/1065d876cdbc34a872b9e17c78caaa59ea0c94d4/library/core/src/fmt/rt.rs:138:9
   5:     0x776b8cdc9e2f - core::fmt::write::h5c32374b4bec166e
                               at /rustc/1065d876cdbc34a872b9e17c78caaa59ea0c94d4/library/core/src/fmt/mod.rs:1094:21
   6:     0x776b8cd56467 - std::io::Write::write_fmt::h807782c325631b26
                               at /rustc/1065d876cdbc34a872b9e17c78caaa59ea0c94d4/library/std/src/io/mod.rs:1714:15
   7:     0x776b8cd63935 - std::sys_common::backtrace::_print::h71a8d954d66a1fba
                               at /rustc/1065d876cdbc34a872b9e17c78caaa59ea0c94d4/library/std/src/sys_common/backtrace.rs:47:5
   8:     0x776b8cd63935 - std::sys_common::backtrace::print::h5bdd06debfeaa455
                               at /rustc/1065d876cdbc34a872b9e17c78caaa59ea0c94d4/library/std/src/sys_common/backtrace.rs:34:9
   9:     0x776b8cd66713 - std::panicking::default_hook::{{closure}}::he21c9fa90f2aebd8
                               at /rustc/1065d876cdbc34a872b9e17c78caaa59ea0c94d4/library/std/src/panicking.rs:269:22
  10:     0x776b8cd664a4 - std::panicking::default_hook::h2d39bf5c6c892d00
                               at /rustc/1065d876cdbc34a872b9e17c78caaa59ea0c94d4/library/std/src/panicking.rs:288:9
  11:     0x776b8ff95efb - <rustc_driver_impl[9cee84e028ad22fe]::install_ice_hook::{closure#0} as core[c60fd1075c9c56c2]::ops::function::FnOnce<(&core[c60fd1075c9c56c2]::panic::panic_info::PanicInfo,)>>::call_once::{shim:vtable#0}
  12:     0x776b8cd66f3e - <alloc::boxed::Box<F,A> as core::ops::function::Fn<Args>>::call::h860cec58876ed031
                               at /rustc/1065d876cdbc34a872b9e17c78caaa59ea0c94d4/library/alloc/src/boxed.rs:2007:9
  13:     0x776b8cd66f3e - std::panicking::rust_panic_with_hook::h6f4c0ef973a2c8ba
                               at /rustc/1065d876cdbc34a872b9e17c78caaa59ea0c94d4/library/std/src/panicking.rs:709:13
  14:     0x776b9073ab11 - std[c9c6d2c9ec7636f7]::panicking::begin_panic::<rustc_errors[893517abcfb8bc7b]::ExplicitBug>::{closure#0}
  15:     0x776b90738206 - std[c9c6d2c9ec7636f7]::sys_common::backtrace::__rust_end_short_backtrace::<std[c9c6d2c9ec7636f7]::panicking::begin_panic<rustc_errors[893517abcfb8bc7b]::ExplicitBug>::{closure#0}, !>
  16:     0x776b90685496 - std[c9c6d2c9ec7636f7]::panicking::begin_panic::<rustc_errors[893517abcfb8bc7b]::ExplicitBug>
  17:     0x776b907855be - <rustc_errors[893517abcfb8bc7b]::HandlerInner>::span_bug::<rustc_span[bd1818b06dc0d983]::span_encoding::Span, alloc[6923aae32b6e141b]::string::String>
  18:     0x776b907853fd - <rustc_errors[893517abcfb8bc7b]::Handler>::span_bug::<rustc_span[bd1818b06dc0d983]::span_encoding::Span, alloc[6923aae32b6e141b]::string::String>
  19:     0x776b90703d8d - rustc_middle[f4860ec1b10dcb96]::util::bug::opt_span_bug_fmt::<rustc_span[bd1818b06dc0d983]::span_encoding::Span>::{closure#0}
  20:     0x776b90703dba - rustc_middle[f4860ec1b10dcb96]::ty::context::tls::with_opt::<rustc_middle[f4860ec1b10dcb96]::util::bug::opt_span_bug_fmt<rustc_span[bd1818b06dc0d983]::span_encoding::Span>::{closure#0}, !>::{closure#0}
  21:     0x776b90702a7a - rustc_middle[f4860ec1b10dcb96]::ty::context::tls::with_context_opt::<rustc_middle[f4860ec1b10dcb96]::ty::context::tls::with_opt<rustc_middle[f4860ec1b10dcb96]::util::bug::opt_span_bug_fmt<rustc_span[bd1818b06dc0d983]::span_encoding::Span>::{closure#0}, !>::{closure#0}, !>
  22:     0x776b8f062034 - rustc_middle[f4860ec1b10dcb96]::util::bug::span_bug_fmt::<rustc_span[bd1818b06dc0d983]::span_encoding::Span>
  23:     0x776b8ea17c15 - <rustc_mir_dataflow[ac49fa3658c2235]::elaborate_drops::DropCtxt<rustc_mir_transform[e16c1755990cf656]::elaborate_drops::Elaborator>>::elaborate_drop
  24:     0x776b8ea10c42 - <rustc_mir_transform[e16c1755990cf656]::elaborate_drops::ElaborateDrops as rustc_middle[f4860ec1b10dcb96]::mir::MirPass>::run_pass
  25:     0x776b8e50ae8a - rustc_mir_transform[e16c1755990cf656]::run_analysis_to_runtime_passes
  26:     0x776b8e505c5e - rustc_mir_transform[e16c1755990cf656]::mir_drops_elaborated_and_const_checked
  27:     0x776b8e50565e - rustc_query_impl[9a49cadc7188a654]::plumbing::__rust_begin_short_backtrace::<rustc_query_impl[9a49cadc7188a654]::query_impl::mir_drops_elaborated_and_const_checked::dynamic_query::{closure#2}::{closure#0}, rustc_middle[f4860ec1b10dcb96]::query::erase::Erased<[u8; 8usize]>>
  28:     0x776b8e50562e - <rustc_query_impl[9a49cadc7188a654]::query_impl::mir_drops_elaborated_and_const_checked::dynamic_query::{closure#2} as core[c60fd1075c9c56c2]::ops::function::FnOnce<(rustc_middle[f4860ec1b10dcb96]::ty::context::TyCtxt, rustc_span[bd1818b06dc0d983]::def_id::LocalDefId)>>::call_once
  29:     0x776b8e7c9d76 - rustc_query_system[c630f15cd3c1c726]::query::plumbing::try_execute_query::<rustc_query_impl[9a49cadc7188a654]::DynamicConfig<rustc_query_system[c630f15cd3c1c726]::query::caches::VecCache<rustc_span[bd1818b06dc0d983]::def_id::LocalDefId, rustc_middle[f4860ec1b10dcb96]::query::erase::Erased<[u8; 8usize]>>, false, false, false>, rustc_query_impl[9a49cadc7188a654]::plumbing::QueryCtxt, true>
  30:     0x776b8f8d5cc9 - rustc_query_impl[9a49cadc7188a654]::query_impl::mir_drops_elaborated_and_const_checked::get_query_incr::__rust_end_short_backtrace
  31:     0x776b8f433048 - <rustc_session[dfd07932618aaeae]::session::Session>::time::<(), rustc_interface[5b164555f4c3e35b]::passes::analysis::{closure#2}>
  32:     0x776b8f42fcd5 - rustc_interface[5b164555f4c3e35b]::passes::analysis
  33:     0x776b8f42afca - rustc_query_impl[9a49cadc7188a654]::plumbing::__rust_begin_short_backtrace::<rustc_query_impl[9a49cadc7188a654]::query_impl::analysis::dynamic_query::{closure#2}::{closure#0}, rustc_middle[f4860ec1b10dcb96]::query::erase::Erased<[u8; 1usize]>>
  34:     0x776b8f42afb9 - <rustc_query_impl[9a49cadc7188a654]::query_impl::analysis::dynamic_query::{closure#2} as core[c60fd1075c9c56c2]::ops::function::FnOnce<(rustc_middle[f4860ec1b10dcb96]::ty::context::TyCtxt, ())>>::call_once
  35:     0x776b8f73b7df - rustc_query_system[c630f15cd3c1c726]::query::plumbing::try_execute_query::<rustc_query_impl[9a49cadc7188a654]::DynamicConfig<rustc_query_system[c630f15cd3c1c726]::query::caches::SingleCache<rustc_middle[f4860ec1b10dcb96]::query::erase::Erased<[u8; 1usize]>>, false, false, false>, rustc_query_impl[9a49cadc7188a654]::plumbing::QueryCtxt, true>
  36:     0x776b8f73b384 - rustc_query_impl[9a49cadc7188a654]::query_impl::analysis::get_query_incr::__rust_end_short_backtrace
  37:     0x776b8f1dd0d5 - <rustc_middle[f4860ec1b10dcb96]::ty::context::GlobalCtxt>::enter::<rustc_driver_impl[9cee84e028ad22fe]::run_compiler::{closure#1}::{closure#2}::{closure#4}, core[c60fd1075c9c56c2]::result::Result<(), rustc_span[bd1818b06dc0d983]::ErrorGuaranteed>>
  38:     0x776b8f1dc702 - <rustc_interface[5b164555f4c3e35b]::interface::Compiler>::enter::<rustc_driver_impl[9cee84e028ad22fe]::run_compiler::{closure#1}::{closure#2}, core[c60fd1075c9c56c2]::result::Result<core[c60fd1075c9c56c2]::option::Option<rustc_interface[5b164555f4c3e35b]::queries::Linker>, rustc_span[bd1818b06dc0d983]::ErrorGuaranteed>>
  39:     0x776b8f1d5be5 - rustc_span[bd1818b06dc0d983]::set_source_map::<core[c60fd1075c9c56c2]::result::Result<(), rustc_span[bd1818b06dc0d983]::ErrorGuaranteed>, rustc_interface[5b164555f4c3e35b]::interface::run_compiler<core[c60fd1075c9c56c2]::result::Result<(), rustc_span[bd1818b06dc0d983]::ErrorGuaranteed>, rustc_driver_impl[9cee84e028ad22fe]::run_compiler::{closure#1}>::{closure#0}::{closure#0}>
  40:     0x776b8f1d5656 - <scoped_tls[6fcdb176a4262155]::ScopedKey<rustc_span[bd1818b06dc0d983]::SessionGlobals>>::set::<rustc_interface[5b164555f4c3e35b]::interface::run_compiler<core[c60fd1075c9c56c2]::result::Result<(), rustc_span[bd1818b06dc0d983]::ErrorGuaranteed>, rustc_driver_impl[9cee84e028ad22fe]::run_compiler::{closure#1}>::{closure#0}, core[c60fd1075c9c56c2]::result::Result<(), rustc_span[bd1818b06dc0d983]::ErrorGuaranteed>>
  41:     0x776b8f1d4c1c - std[c9c6d2c9ec7636f7]::sys_common::backtrace::__rust_begin_short_backtrace::<rustc_interface[5b164555f4c3e35b]::util::run_in_thread_pool_with_globals<rustc_interface[5b164555f4c3e35b]::interface::run_compiler<core[c60fd1075c9c56c2]::result::Result<(), rustc_span[bd1818b06dc0d983]::ErrorGuaranteed>, rustc_driver_impl[9cee84e028ad22fe]::run_compiler::{closure#1}>::{closure#0}, core[c60fd1075c9c56c2]::result::Result<(), rustc_span[bd1818b06dc0d983]::ErrorGuaranteed>>::{closure#0}::{closure#0}, core[c60fd1075c9c56c2]::result::Result<(), rustc_span[bd1818b06dc0d983]::ErrorGuaranteed>>
  42:     0x776b8f1d49e5 - <<std[c9c6d2c9ec7636f7]::thread::Builder>::spawn_unchecked_<rustc_interface[5b164555f4c3e35b]::util::run_in_thread_pool_with_globals<rustc_interface[5b164555f4c3e35b]::interface::run_compiler<core[c60fd1075c9c56c2]::result::Result<(), rustc_span[bd1818b06dc0d983]::ErrorGuaranteed>, rustc_driver_impl[9cee84e028ad22fe]::run_compiler::{closure#1}>::{closure#0}, core[c60fd1075c9c56c2]::result::Result<(), rustc_span[bd1818b06dc0d983]::ErrorGuaranteed>>::{closure#0}::{closure#0}, core[c60fd1075c9c56c2]::result::Result<(), rustc_span[bd1818b06dc0d983]::ErrorGuaranteed>>::{closure#1} as core[c60fd1075c9c56c2]::ops::function::FnOnce<()>>::call_once::{shim:vtable#0}
  43:     0x776b8cd713b5 - <alloc::boxed::Box<F,A> as core::ops::function::FnOnce<Args>>::call_once::h5a70ca19db8e437e
                               at /rustc/1065d876cdbc34a872b9e17c78caaa59ea0c94d4/library/alloc/src/boxed.rs:1993:9
  44:     0x776b8cd713b5 - <alloc::boxed::Box<F,A> as core::ops::function::FnOnce<Args>>::call_once::hfb84820986f922cb
                               at /rustc/1065d876cdbc34a872b9e17c78caaa59ea0c94d4/library/alloc/src/boxed.rs:1993:9
  45:     0x776b8cd713b5 - std::sys::unix::thread::Thread::new::thread_start::haaff69bbe5664956
                               at /rustc/1065d876cdbc34a872b9e17c78caaa59ea0c94d4/library/std/src/sys/unix/thread.rs:108:17
  46:     0x776b8ca94ac3 - start_thread
                               at ./nptl/pthread_create.c:442:8
  47:     0x776b8cb268c0 - __GI___clone3
                               at ./misc/../sysdeps/unix/sysv/linux/x86_64/clone3.S:81
  48:                0x0 - <unknown>

note: we would appreciate a bug report: https://github.com/rust-lang/rust/issues/new?labels=C-bug%2C+I-ICE%2C+T-compiler&template=ice.md

note: rustc 1.73.0-nightly (1065d876c 2023-07-09) running on x86_64-unknown-linux-gnu

note: compiler flags: --crate-type bin -C embed-bitcode=no -C debuginfo=2 -C incremental=[REDACTED]

note: some of the compiler flags provided by cargo are hidden

query stack during panic:
#0 [mir_drops_elaborated_and_const_checked] elaborating drops for `ice_cold`
#1 [analysis] running analysis passes on this crate
end of query stack
error: could not compile `bug_113594` (bin "bug_113594")
------------------------------------------------------------
Return code: 101
