=== START 2026-01-17 10:30:54 ===
Bug ID: 113689
Toolchain: nightly-2023-07-13
Source: /data/zhangtianrong/projects/rustc-cbl/rustcbugs/113689
Run dir: /data/zhangtianrong/projects/rustc-cbl/run/113689
CMD: rustup run nightly-2023-07-13 cargo build
------------------------------------------------------------
   Compiling bug_113689 v0.1.0 (/data/zhangtianrong/projects/rustc-cbl/run/113689)
warning: function `returns_u8` is never used
 --> src/main.rs:1:4
  |
1 | fn returns_u8(_: impl Fn() -> u8) {}
  |    ^^^^^^^^^^
  |
  = note: `#[warn(dead_code)]` on by default

warning: function `foo` is never used
 --> src/main.rs:2:4
  |
2 | fn foo() -> impl Sized {
  |    ^^^

error: internal compiler error: no errors encountered even though `delay_span_bug` issued

error: internal compiler error: error performing ParamEnvAnd { param_env: ParamEnv { caller_bounds: [], reveal: UserFacing, constness: NotConst }, value: ProvePredicate { predicate: Binder { value: ProjectionPredicate(AliasTy { substs: [fn() -> impl Sized {foo}, ()], def_id: DefId(2:2931 ~ core[ad5c]::ops::function::FnOnce::Output) }, Term::Ty(u8)), bound_vars: [] } } }
 --> src/main.rs:3:5
  |
3 |     returns_u8(foo);
  |     ^^^^^^^^^^^^^^^
  |
  = note: delayed at /rustc/33a2c2487ac5d9927830ea4c1844335c6b9f77db/compiler/rustc_trait_selection/src/traits/query/type_op/mod.rs:162:32
             0: <rustc_errors::HandlerInner>::emit_diagnostic
             1: <rustc_errors::Handler>::delay_span_bug::<rustc_span::span_encoding::Span, alloc::string::String>
             2: <rustc_middle::ty::ParamEnvAnd<rustc_middle::traits::query::type_op::ProvePredicate> as rustc_trait_selection::traits::query::type_op::TypeOp>::fully_perform
             3: <rustc_borrowck::type_check::TypeChecker>::normalize_and_prove_instantiated_predicates
             4: <rustc_borrowck::type_check::TypeVerifier as rustc_middle::mir::visit::Visitor>::visit_constant
             5: <rustc_borrowck::type_check::TypeVerifier as rustc_middle::mir::visit::Visitor>::visit_body
             6: rustc_borrowck::type_check::type_check
             7: rustc_borrowck::nll::compute_regions
             8: rustc_borrowck::do_mir_borrowck
             9: rustc_borrowck::mir_borrowck
            10: rustc_query_impl::plumbing::__rust_begin_short_backtrace::<rustc_query_impl::query_impl::mir_borrowck::dynamic_query::{closure#2}::{closure#0}, rustc_middle::query::erase::Erased<[u8; 8]>>
            11: <rustc_query_impl::query_impl::mir_borrowck::dynamic_query::{closure#2} as core::ops::function::FnOnce<(rustc_middle::ty::context::TyCtxt, rustc_span::def_id::LocalDefId)>>::call_once
            12: rustc_query_system::query::plumbing::try_execute_query::<rustc_query_impl::DynamicConfig<rustc_query_system::query::caches::VecCache<rustc_span::def_id::LocalDefId, rustc_middle::query::erase::Erased<[u8; 8]>>, false, false, false>, rustc_query_impl::plumbing::QueryCtxt, true>
            13: rustc_query_impl::query_impl::mir_borrowck::get_query_incr::__rust_end_short_backtrace
            14: rustc_hir_analysis::collect::type_of::opaque::find_opaque_ty_constraints_for_rpit
            15: rustc_hir_analysis::collect::type_of::type_of
            16: rustc_query_impl::plumbing::__rust_begin_short_backtrace::<rustc_query_impl::query_impl::type_of::dynamic_query::{closure#2}::{closure#0}, rustc_middle::query::erase::Erased<[u8; 8]>>
            17: <rustc_query_impl::query_impl::type_of::dynamic_query::{closure#2} as core::ops::function::FnOnce<(rustc_middle::ty::context::TyCtxt, rustc_span::def_id::DefId)>>::call_once
            18: rustc_query_system::query::plumbing::try_execute_query::<rustc_query_impl::DynamicConfig<rustc_query_system::query::caches::DefaultCache<rustc_span::def_id::DefId, rustc_middle::query::erase::Erased<[u8; 8]>>, false, false, false>, rustc_query_impl::plumbing::QueryCtxt, true>
            19: rustc_query_impl::query_impl::type_of::get_query_incr::__rust_end_short_backtrace
            20: rustc_middle::query::plumbing::query_get_at::<rustc_query_system::query::caches::DefaultCache<rustc_span::def_id::DefId, rustc_middle::query::erase::Erased<[u8; 8]>>>
            21: rustc_hir_analysis::check::check::check_mod_item_types
            22: rustc_query_impl::plumbing::__rust_begin_short_backtrace::<rustc_query_impl::query_impl::check_mod_item_types::dynamic_query::{closure#2}::{closure#0}, rustc_middle::query::erase::Erased<[u8; 0]>>
            23: <rustc_query_impl::query_impl::check_mod_item_types::dynamic_query::{closure#2} as core::ops::function::FnOnce<(rustc_middle::ty::context::TyCtxt, rustc_span::def_id::LocalDefId)>>::call_once
            24: rustc_query_system::query::plumbing::try_execute_query::<rustc_query_impl::DynamicConfig<rustc_query_system::query::caches::VecCache<rustc_span::def_id::LocalDefId, rustc_middle::query::erase::Erased<[u8; 0]>>, false, false, false>, rustc_query_impl::plumbing::QueryCtxt, true>
            25: rustc_query_impl::query_impl::check_mod_item_types::get_query_incr::__rust_end_short_backtrace
            26: <rustc_middle::hir::map::Map>::for_each_module::<rustc_hir_analysis::check_crate::{closure#6}::{closure#0}>
            27: <rustc_session::session::Session>::time::<(), rustc_hir_analysis::check_crate::{closure#6}>
            28: rustc_hir_analysis::check_crate
            29: rustc_interface::passes::analysis
            30: rustc_query_impl::plumbing::__rust_begin_short_backtrace::<rustc_query_impl::query_impl::analysis::dynamic_query::{closure#2}::{closure#0}, rustc_middle::query::erase::Erased<[u8; 1]>>
            31: <rustc_query_impl::query_impl::analysis::dynamic_query::{closure#2} as core::ops::function::FnOnce<(rustc_middle::ty::context::TyCtxt, ())>>::call_once
            32: rustc_query_system::query::plumbing::try_execute_query::<rustc_query_impl::DynamicConfig<rustc_query_system::query::caches::SingleCache<rustc_middle::query::erase::Erased<[u8; 1]>>, false, false, false>, rustc_query_impl::plumbing::QueryCtxt, true>
            33: rustc_query_impl::query_impl::analysis::get_query_incr::__rust_end_short_backtrace
            34: <rustc_interface::queries::QueryResult<&rustc_middle::ty::context::GlobalCtxt>>::enter::<core::result::Result<(), rustc_span::ErrorGuaranteed>, rustc_driver_impl::run_compiler::{closure#1}::{closure#2}::{closure#4}>
            35: <rustc_interface::interface::Compiler>::enter::<rustc_driver_impl::run_compiler::{closure#1}::{closure#2}, core::result::Result<core::option::Option<rustc_interface::queries::Linker>, rustc_span::ErrorGuaranteed>>
            36: rustc_span::set_source_map::<core::result::Result<(), rustc_span::ErrorGuaranteed>, rustc_interface::interface::run_compiler<core::result::Result<(), rustc_span::ErrorGuaranteed>, rustc_driver_impl::run_compiler::{closure#1}>::{closure#0}::{closure#0}>
            37: <scoped_tls::ScopedKey<rustc_span::SessionGlobals>>::set::<rustc_interface::interface::run_compiler<core::result::Result<(), rustc_span::ErrorGuaranteed>, rustc_driver_impl::run_compiler::{closure#1}>::{closure#0}, core::result::Result<(), rustc_span::ErrorGuaranteed>>
            38: std::sys_common::backtrace::__rust_begin_short_backtrace::<rustc_interface::util::run_in_thread_pool_with_globals<rustc_interface::interface::run_compiler<core::result::Result<(), rustc_span::ErrorGuaranteed>, rustc_driver_impl::run_compiler::{closure#1}>::{closure#0}, core::result::Result<(), rustc_span::ErrorGuaranteed>>::{closure#0}::{closure#0}, core::result::Result<(), rustc_span::ErrorGuaranteed>>
            39: <<std::thread::Builder>::spawn_unchecked_<rustc_interface::util::run_in_thread_pool_with_globals<rustc_interface::interface::run_compiler<core::result::Result<(), rustc_span::ErrorGuaranteed>, rustc_driver_impl::run_compiler::{closure#1}>::{closure#0}, core::result::Result<(), rustc_span::ErrorGuaranteed>>::{closure#0}::{closure#0}, core::result::Result<(), rustc_span::ErrorGuaranteed>>::{closure#1} as core::ops::function::FnOnce<()>>::call_once::{shim:vtable#0}
            40: <alloc::boxed::Box<F,A> as core::ops::function::FnOnce<Args>>::call_once
                       at /rustc/33a2c2487ac5d9927830ea4c1844335c6b9f77db/library/alloc/src/boxed.rs:1993:9
            41: <alloc::boxed::Box<F,A> as core::ops::function::FnOnce<Args>>::call_once
                       at /rustc/33a2c2487ac5d9927830ea4c1844335c6b9f77db/library/alloc/src/boxed.rs:1993:9
            42: std::sys::unix::thread::Thread::new::thread_start
                       at /rustc/33a2c2487ac5d9927830ea4c1844335c6b9f77db/library/std/src/sys/unix/thread.rs:108:17
            43: start_thread
                       at ./nptl/pthread_create.c:442:8
            44: __GI___clone3
                       at ./misc/../sysdeps/unix/sysv/linux/x86_64/clone3.S:81
          

note: we would appreciate a bug report: https://github.com/rust-lang/rust/issues/new?labels=C-bug%2C+I-ICE%2C+T-compiler&template=ice.md

note: rustc 1.73.0-nightly (33a2c2487 2023-07-12) running on x86_64-unknown-linux-gnu

note: compiler flags: --crate-type bin -C embed-bitcode=no -C debuginfo=2 -C incremental=[REDACTED]

note: some of the compiler flags provided by cargo are hidden

query stack during panic:
end of query stack
warning: `bug_113689` (bin "bug_113689") generated 2 warnings
error: could not compile `bug_113689` (bin "bug_113689"); 2 warnings emitted
------------------------------------------------------------
Return code: 101
