=== START 2026-01-24 16:50:19 ===
Bug ID: 113619
Toolchain: nightly-2023-06-11
Source: /data/zhangtianrong/projects/rustc-cbl/rustcbugs/113619
Run dir: /data/zhangtianrong/projects/rustc-cbl/run/113619
CMD: rustup run nightly-2023-06-11 cargo build
------------------------------------------------------------
   Compiling bug_113619 v0.1.0 (/data/zhangtianrong/projects/rustc-cbl/run/113619)
warning: field `inner` is never read
  --> src/main.rs:10:3
   |
9  | struct B<T> {
   |        - field in this struct
10 |   inner: T,
   |   ^^^^^
   |
   = note: `#[warn(dead_code)]` on by default

warning: type alias `TestImpl` is never used
  --> src/main.rs:15:6
   |
15 | type TestImpl = impl Test;
   |      ^^^^^^^^

warning: function `test` is never used
  --> src/main.rs:16:4
   |
16 | fn test() -> TestImpl {
   |    ^^^^

warning: function `make_option` is never used
  --> src/main.rs:20:4
   |
20 | fn make_option() -> Option<TestImpl> {
   |    ^^^^^^^^^^^

warning: function `make_option2` is never used
  --> src/main.rs:24:4
   |
24 | fn make_option2() -> Option<TestImpl> {
   |    ^^^^^^^^^^^^

warning: `bug_113619` (bin "bug_113619") generated 5 warnings
    Finished dev [unoptimized + debuginfo] target(s) in 0.20s
------------------------------------------------------------
Return code: 0
