=== START 2026-01-20 13:49:01 ===
Bug ID: 113796
Toolchain: nightly-2023-07-16
Source: /data/zhangtianrong/projects/rustc-cbl/rustcbugs/113796
Run dir: /data/zhangtianrong/projects/rustc-cbl/run/113796
CMD: rustup run nightly-2023-07-16 cargo build
------------------------------------------------------------
   Compiling bug_113796 v0.1.0 (/data/zhangtianrong/projects/rustc-cbl/run/113796)
error[E0311]: the parameter type `I` may not live long enough
  --> src/main.rs:18:5
   |
18 |     async fn next(&mut self) -> Option<Self::Item<'_>> {
   |     ^^^^^^^^^^^^^^^^^^^^^^^^^^^^^^^^^^^^^^^^^^^^^^^^^^
   |
note: the parameter type `I` must be valid for the anonymous lifetime as defined here...
  --> src/main.rs:9:19
   |
9  |     async fn next(&mut self) -> Option<Self::Item<'_>>;
   |                   ^
note: ...so that the type `Lend<I>` will meet its required lifetime bounds
  --> src/main.rs:18:5
   |
18 |     async fn next(&mut self) -> Option<Self::Item<'_>> {
   |     ^^^^^^^^^^^^^^^^^^^^^^^^^^^^^^^^^^^^^^^^^^^^^^^^^^

For more information about this error, try `rustc --explain E0311`.
error: could not compile `bug_113796` (bin "bug_113796") due to previous error
------------------------------------------------------------
Return code: 101
