=== START 2026-01-18 17:44:30 ===
Bug ID: 113794
Toolchain: nightly-2023-07-16
Source: /data/zhangtianrong/projects/rustc-cbl/rustcbugs/113794
Run dir: /data/zhangtianrong/projects/rustc-cbl/run/113794
CMD: rustup run nightly-2023-07-16 cargo build
------------------------------------------------------------
   Compiling bug_113794 v0.1.0 (/data/zhangtianrong/projects/rustc-cbl/run/113794)
error[E0261]: use of undeclared lifetime name `'a`
 --> src/main.rs:4:20
  |
4 |     fn bar<'other: 'a>() -> impl Sized + 'a {}
  |                    ^^ undeclared lifetime
  |
help: consider introducing lifetime `'a` here
  |
4 |     fn bar<'a, 'other: 'a>() -> impl Sized + 'a {}
  |            +++
help: consider introducing lifetime `'a` here
  |
3 | trait Foo<'a> {
  |          ++++

error[E0261]: use of undeclared lifetime name `'a`
 --> src/main.rs:4:42
  |
4 |     fn bar<'other: 'a>() -> impl Sized + 'a {}
  |                                          ^^ undeclared lifetime
  |
help: consider introducing lifetime `'a` here
  |
4 |     fn bar<'a, 'other: 'a>() -> impl Sized + 'a {}
  |            +++
help: consider introducing lifetime `'a` here
  |
3 | trait Foo<'a> {
  |          ++++

error: internal compiler error: compiler/rustc_middle/src/ty/mod.rs:2342:13: item_name: no name for DefPath { data: [DisambiguatedDefPathData { data: TypeNs("Foo"), disambiguator: 0 }, DisambiguatedDefPathData { data: ImplTraitAssocTy, disambiguator: 0 }], krate: crate0 }

thread 'rustc' panicked at 'Box<dyn Any>', /rustc/4c8bb79d9f565115637cc6da739f8389e79f3a29/compiler/rustc_errors/src/lib.rs:1651:9
stack backtrace:
   0:     0x70bc457641e1 - std::backtrace_rs::backtrace::libunwind::trace::h3b5c50f24cf4b35a
                               at /rustc/4c8bb79d9f565115637cc6da739f8389e79f3a29/library/std/src/../../backtrace/src/backtrace/libunwind.rs:93:5
   1:     0x70bc457641e1 - std::backtrace_rs::backtrace::trace_unsynchronized::he026a26ead582316
                               at /rustc/4c8bb79d9f565115637cc6da739f8389e79f3a29/library/std/src/../../backtrace/src/backtrace/mod.rs:66:5
   2:     0x70bc457641e1 - std::sys_common::backtrace::_print_fmt::h76fd67678968a4e3
                               at /rustc/4c8bb79d9f565115637cc6da739f8389e79f3a29/library/std/src/sys_common/backtrace.rs:65:5
   3:     0x70bc457641e1 - <std::sys_common::backtrace::_print::DisplayBacktrace as core::fmt::Display>::fmt::hdd83524e3f3c2be2
                               at /rustc/4c8bb79d9f565115637cc6da739f8389e79f3a29/library/std/src/sys_common/backtrace.rs:44:22
   4:     0x70bc457ca19c - core::fmt::rt::Argument::fmt::h654276e7f109452e
                               at /rustc/4c8bb79d9f565115637cc6da739f8389e79f3a29/library/core/src/fmt/rt.rs:138:9
   5:     0x70bc457ca19c - core::fmt::write::h138407e966f7b43b
                               at /rustc/4c8bb79d9f565115637cc6da739f8389e79f3a29/library/core/src/fmt/mod.rs:1094:21
   6:     0x70bc45756b8e - std::io::Write::write_fmt::h2424dcece48dafda
                               at /rustc/4c8bb79d9f565115637cc6da739f8389e79f3a29/library/std/src/io/mod.rs:1714:15
   7:     0x70bc45763ff5 - std::sys_common::backtrace::_print::hed0bf89a99fb894c
                               at /rustc/4c8bb79d9f565115637cc6da739f8389e79f3a29/library/std/src/sys_common/backtrace.rs:47:5
   8:     0x70bc45763ff5 - std::sys_common::backtrace::print::h247f5c941c9353a5
                               at /rustc/4c8bb79d9f565115637cc6da739f8389e79f3a29/library/std/src/sys_common/backtrace.rs:34:9
   9:     0x70bc45766da3 - std::panicking::default_hook::{{closure}}::hcccd6b964b717049
                               at /rustc/4c8bb79d9f565115637cc6da739f8389e79f3a29/library/std/src/panicking.rs:269:22
  10:     0x70bc45766b34 - std::panicking::default_hook::hce795b61120bca6d
                               at /rustc/4c8bb79d9f565115637cc6da739f8389e79f3a29/library/std/src/panicking.rs:288:9
  11:     0x70bc489f827b - <rustc_driver_impl[36a7eaa3807b03c1]::install_ice_hook::{closure#0} as core[81c8fe8a09de0f06]::ops::function::FnOnce<(&core[81c8fe8a09de0f06]::panic::panic_info::PanicInfo,)>>::call_once::{shim:vtable#0}
  12:     0x70bc457675ce - <alloc::boxed::Box<F,A> as core::ops::function::Fn<Args>>::call::h3187784b6c983a99
                               at /rustc/4c8bb79d9f565115637cc6da739f8389e79f3a29/library/alloc/src/boxed.rs:2021:9
  13:     0x70bc457675ce - std::panicking::rust_panic_with_hook::h46c9d18986d08847
                               at /rustc/4c8bb79d9f565115637cc6da739f8389e79f3a29/library/std/src/panicking.rs:709:13
  14:     0x70bc48f89ca1 - std[fa39155a576d62c5]::panicking::begin_panic::<rustc_errors[bc298e2df4c98b78]::ExplicitBug>::{closure#0}
  15:     0x70bc48f89896 - std[fa39155a576d62c5]::sys_common::backtrace::__rust_end_short_backtrace::<std[fa39155a576d62c5]::panicking::begin_panic<rustc_errors[bc298e2df4c98b78]::ExplicitBug>::{closure#0}, !>
  16:     0x70bc48ffba86 - std[fa39155a576d62c5]::panicking::begin_panic::<rustc_errors[bc298e2df4c98b78]::ExplicitBug>
  17:     0x70bc48ff9154 - <rustc_errors[bc298e2df4c98b78]::HandlerInner>::bug::<alloc[2889214108738437]::string::String>
  18:     0x70bc48ff8f68 - <rustc_errors[bc298e2df4c98b78]::Handler>::bug::<alloc[2889214108738437]::string::String>
  19:     0x70bc48f1fcbc - rustc_middle[bafd45fe52eb4faf]::util::bug::opt_span_bug_fmt::<rustc_span[d4de8c39017ea598]::span_encoding::Span>::{closure#0}
  20:     0x70bc48f1afba - rustc_middle[bafd45fe52eb4faf]::ty::context::tls::with_opt::<rustc_middle[bafd45fe52eb4faf]::util::bug::opt_span_bug_fmt<rustc_span[d4de8c39017ea598]::span_encoding::Span>::{closure#0}, !>::{closure#0}
  21:     0x70bc48f1af88 - rustc_middle[bafd45fe52eb4faf]::ty::context::tls::with_context_opt::<rustc_middle[bafd45fe52eb4faf]::ty::context::tls::with_opt<rustc_middle[bafd45fe52eb4faf]::util::bug::opt_span_bug_fmt<rustc_span[d4de8c39017ea598]::span_encoding::Span>::{closure#0}, !>::{closure#0}, !>
  22:     0x70bc477cf380 - rustc_middle[bafd45fe52eb4faf]::util::bug::bug_fmt
  23:     0x70bc47001d96 - <rustc_middle[bafd45fe52eb4faf]::ty::context::TyCtxt>::item_name
  24:     0x70bc48d212dc - <rustc_infer[49d58e7c48e92598]::infer::error_reporting::TypeErrCtxt>::report_concrete_failure
  25:     0x70bc48d2998a - <rustc_infer[49d58e7c48e92598]::infer::error_reporting::TypeErrCtxt>::report_region_errors
  26:     0x70bc4764cb31 - <rustc_trait_selection[fe80b3637e2a4fd3]::traits::engine::ObligationCtxt>::resolve_regions_and_report_errors
  27:     0x70bc479bc8c6 - rustc_hir_analysis[51ced00d18f9db10]::check::compare_impl_item::check_type_bounds
  28:     0x70bc479ac963 - rustc_hir_analysis[51ced00d18f9db10]::check::check::check_mod_item_types
  29:     0x70bc4775db6c - rustc_query_impl[f1760b35ee71e15a]::plumbing::__rust_begin_short_backtrace::<rustc_query_impl[f1760b35ee71e15a]::query_impl::check_mod_item_types::dynamic_query::{closure#2}::{closure#0}, rustc_middle[bafd45fe52eb4faf]::query::erase::Erased<[u8; 0usize]>>
  30:     0x70bc4775db4e - <rustc_query_impl[f1760b35ee71e15a]::query_impl::check_mod_item_types::dynamic_query::{closure#2} as core[81c8fe8a09de0f06]::ops::function::FnOnce<(rustc_middle[bafd45fe52eb4faf]::ty::context::TyCtxt, rustc_span[d4de8c39017ea598]::def_id::LocalDefId)>>::call_once
  31:     0x70bc47743655 - rustc_query_system[a39b5eca44b3ed3c]::query::plumbing::try_execute_query::<rustc_query_impl[f1760b35ee71e15a]::DynamicConfig<rustc_query_system[a39b5eca44b3ed3c]::query::caches::VecCache<rustc_span[d4de8c39017ea598]::def_id::LocalDefId, rustc_middle[bafd45fe52eb4faf]::query::erase::Erased<[u8; 0usize]>>, false, false, false>, rustc_query_impl[f1760b35ee71e15a]::plumbing::QueryCtxt, true>
  32:     0x70bc4832d912 - rustc_query_impl[f1760b35ee71e15a]::query_impl::check_mod_item_types::get_query_incr::__rust_end_short_backtrace
  33:     0x70bc47eaf077 - <rustc_middle[bafd45fe52eb4faf]::hir::map::Map>::for_each_module::<rustc_hir_analysis[51ced00d18f9db10]::check_crate::{closure#6}::{closure#0}>
  34:     0x70bc47eae2ed - <rustc_session[b1a5d361b73cfad9]::session::Session>::time::<(), rustc_hir_analysis[51ced00d18f9db10]::check_crate::{closure#6}>
  35:     0x70bc47eacf1a - rustc_hir_analysis[51ced00d18f9db10]::check_crate
  36:     0x70bc47ea433a - rustc_interface[b60702df0ae80ef4]::passes::analysis
  37:     0x70bc47e7fb3a - rustc_query_impl[f1760b35ee71e15a]::plumbing::__rust_begin_short_backtrace::<rustc_query_impl[f1760b35ee71e15a]::query_impl::analysis::dynamic_query::{closure#2}::{closure#0}, rustc_middle[bafd45fe52eb4faf]::query::erase::Erased<[u8; 1usize]>>
  38:     0x70bc47e7fb29 - <rustc_query_impl[f1760b35ee71e15a]::query_impl::analysis::dynamic_query::{closure#2} as core[81c8fe8a09de0f06]::ops::function::FnOnce<(rustc_middle[bafd45fe52eb4faf]::ty::context::TyCtxt, ())>>::call_once
  39:     0x70bc4819f5af - rustc_query_system[a39b5eca44b3ed3c]::query::plumbing::try_execute_query::<rustc_query_impl[f1760b35ee71e15a]::DynamicConfig<rustc_query_system[a39b5eca44b3ed3c]::query::caches::SingleCache<rustc_middle[bafd45fe52eb4faf]::query::erase::Erased<[u8; 1usize]>>, false, false, false>, rustc_query_impl[f1760b35ee71e15a]::plumbing::QueryCtxt, true>
  40:     0x70bc4819f16e - rustc_query_impl[f1760b35ee71e15a]::query_impl::analysis::get_query_incr::__rust_end_short_backtrace
  41:     0x70bc47c6e835 - <rustc_middle[bafd45fe52eb4faf]::ty::context::GlobalCtxt>::enter::<rustc_driver_impl[36a7eaa3807b03c1]::run_compiler::{closure#1}::{closure#2}::{closure#4}, core[81c8fe8a09de0f06]::result::Result<(), rustc_span[d4de8c39017ea598]::ErrorGuaranteed>>
  42:     0x70bc47c6de62 - <rustc_interface[b60702df0ae80ef4]::interface::Compiler>::enter::<rustc_driver_impl[36a7eaa3807b03c1]::run_compiler::{closure#1}::{closure#2}, core[81c8fe8a09de0f06]::result::Result<core[81c8fe8a09de0f06]::option::Option<rustc_interface[b60702df0ae80ef4]::queries::Linker>, rustc_span[d4de8c39017ea598]::ErrorGuaranteed>>
  43:     0x70bc47c671d5 - rustc_span[d4de8c39017ea598]::set_source_map::<core[81c8fe8a09de0f06]::result::Result<(), rustc_span[d4de8c39017ea598]::ErrorGuaranteed>, rustc_interface[b60702df0ae80ef4]::interface::run_compiler<core[81c8fe8a09de0f06]::result::Result<(), rustc_span[d4de8c39017ea598]::ErrorGuaranteed>, rustc_driver_impl[36a7eaa3807b03c1]::run_compiler::{closure#1}>::{closure#0}::{closure#0}>
  44:     0x70bc47c66c46 - <scoped_tls[121ecede58d5c05f]::ScopedKey<rustc_span[d4de8c39017ea598]::SessionGlobals>>::set::<rustc_interface[b60702df0ae80ef4]::interface::run_compiler<core[81c8fe8a09de0f06]::result::Result<(), rustc_span[d4de8c39017ea598]::ErrorGuaranteed>, rustc_driver_impl[36a7eaa3807b03c1]::run_compiler::{closure#1}>::{closure#0}, core[81c8fe8a09de0f06]::result::Result<(), rustc_span[d4de8c39017ea598]::ErrorGuaranteed>>
  45:     0x70bc47c6620c - std[fa39155a576d62c5]::sys_common::backtrace::__rust_begin_short_backtrace::<rustc_interface[b60702df0ae80ef4]::util::run_in_thread_pool_with_globals<rustc_interface[b60702df0ae80ef4]::interface::run_compiler<core[81c8fe8a09de0f06]::result::Result<(), rustc_span[d4de8c39017ea598]::ErrorGuaranteed>, rustc_driver_impl[36a7eaa3807b03c1]::run_compiler::{closure#1}>::{closure#0}, core[81c8fe8a09de0f06]::result::Result<(), rustc_span[d4de8c39017ea598]::ErrorGuaranteed>>::{closure#0}::{closure#0}, core[81c8fe8a09de0f06]::result::Result<(), rustc_span[d4de8c39017ea598]::ErrorGuaranteed>>
  46:     0x70bc47c65fce - <<std[fa39155a576d62c5]::thread::Builder>::spawn_unchecked_<rustc_interface[b60702df0ae80ef4]::util::run_in_thread_pool_with_globals<rustc_interface[b60702df0ae80ef4]::interface::run_compiler<core[81c8fe8a09de0f06]::result::Result<(), rustc_span[d4de8c39017ea598]::ErrorGuaranteed>, rustc_driver_impl[36a7eaa3807b03c1]::run_compiler::{closure#1}>::{closure#0}, core[81c8fe8a09de0f06]::result::Result<(), rustc_span[d4de8c39017ea598]::ErrorGuaranteed>>::{closure#0}::{closure#0}, core[81c8fe8a09de0f06]::result::Result<(), rustc_span[d4de8c39017ea598]::ErrorGuaranteed>>::{closure#1} as core[81c8fe8a09de0f06]::ops::function::FnOnce<()>>::call_once::{shim:vtable#0}
  47:     0x70bc45771c55 - <alloc::boxed::Box<F,A> as core::ops::function::FnOnce<Args>>::call_once::h83f49025b00909a5
                               at /rustc/4c8bb79d9f565115637cc6da739f8389e79f3a29/library/alloc/src/boxed.rs:2007:9
  48:     0x70bc45771c55 - <alloc::boxed::Box<F,A> as core::ops::function::FnOnce<Args>>::call_once::h21b0d4679eed4e05
                               at /rustc/4c8bb79d9f565115637cc6da739f8389e79f3a29/library/alloc/src/boxed.rs:2007:9
  49:     0x70bc45771c55 - std::sys::unix::thread::Thread::new::thread_start::h030641e4e4790460
                               at /rustc/4c8bb79d9f565115637cc6da739f8389e79f3a29/library/std/src/sys/unix/thread.rs:108:17
  50:     0x70bc45494ac3 - start_thread
                               at ./nptl/pthread_create.c:442:8
  51:     0x70bc455268c0 - __GI___clone3
                               at ./misc/../sysdeps/unix/sysv/linux/x86_64/clone3.S:81
  52:                0x0 - <unknown>

note: we would appreciate a bug report: https://github.com/rust-lang/rust/issues/new?labels=C-bug%2C+I-ICE%2C+T-compiler&template=ice.md

note: rustc 1.73.0-nightly (4c8bb79d9 2023-07-15) running on x86_64-unknown-linux-gnu

note: compiler flags: --crate-type bin -C embed-bitcode=no -C debuginfo=2 -C incremental=[REDACTED]

note: some of the compiler flags provided by cargo are hidden

query stack during panic:
#0 [check_mod_item_types] checking item types in top-level module
#1 [analysis] running analysis passes on this crate
end of query stack
For more information about this error, try `rustc --explain E0261`.
error: could not compile `bug_113794` (bin "bug_113794") due to 2 previous errors
------------------------------------------------------------
Return code: 101
