=== START 2026-01-03 21:18:36 ===
Bug ID: 113971
Toolchain: nightly-2023-07-23
Source: /data/zhangtianrong/projects/rustc-cbl/rustcbugs/113971
Run dir: /data/zhangtianrong/projects/rustc-cbl/run/113971
CMD: rustup run nightly-2023-07-23 cargo build
------------------------------------------------------------
   Compiling bug_113971 v0.1.0 (/data/zhangtianrong/projects/rustc-cbl/run/113971)
warning: function `ensure_outlives` is never used
 --> src/main.rs:5:4
  |
5 | fn ensure_outlives<'a, X: 'a>(_: X) {}
  |    ^^^^^^^^^^^^^^^
  |
  = note: `#[warn(dead_code)]` on by default

warning: function `relate` is never used
 --> src/main.rs:6:4
  |
6 | fn relate<X>(_: X, _: X) {}
  |    ^^^^^^

warning: type alias `Opaque` is never used
 --> src/main.rs:8:6
  |
8 | type Opaque<'a> = impl Copy + Captures<'a>;
  |      ^^^^^^

warning: function `test` is never used
 --> src/main.rs:9:4
  |
9 | fn test<'x>(_: Opaque<'x>) {
  |    ^^^^

warning: `bug_113971` (bin "bug_113971") generated 4 warnings
    Finished dev [unoptimized + debuginfo] target(s) in 1.41s
------------------------------------------------------------
Return code: 0
