=== START 2026-02-01 21:58:35 ===
Bug ID: 114061
Toolchain: nightly-2023-07-24
Source: /data/zhangtianrong/projects/rustc-cbl/rustcbugs/114061
Run dir: /data/zhangtianrong/projects/rustc-cbl/run/114061
CMD: rustup run nightly-2023-07-24 cargo build
------------------------------------------------------------
   Compiling dep v0.1.0 (/data/zhangtianrong/projects/rustc-cbl/run/114061/dep)
   Compiling bug_114061 v0.1.0 (/data/zhangtianrong/projects/rustc-cbl/run/114061)
error[E0283]: type annotations needed: cannot satisfy `Box<Local>: dep::Trait`
  --> src/main.rs:11:5
   |
11 |     impls_trait::<Box<Local>>();
   |     ^^^^^^^^^^^^^^^^^^^^^^^^^
   |
   = note: multiple `impl`s satisfying `Box<Local>: dep::Trait` found in the `dep` crate:
           - impl<T> dep::Trait for Box<T>;
           - impl<T> dep::Trait for T
             where T: 'static, for<'a> T: dep::WithAssoc<'a>, for<'a> <T as dep::WithAssoc<'a>>::Assoc: dep::IsUnit;
note: required by a bound in `impls_trait`
  --> src/main.rs:8:19
   |
8  | fn impls_trait<T: Trait>() {}
   |                   ^^^^^ required by this bound in `impls_trait`

For more information about this error, try `rustc --explain E0283`.
error: could not compile `bug_114061` (bin "bug_114061") due to previous error
------------------------------------------------------------
Return code: 101
