=== START 2026-02-01 22:37:51 ===
Bug ID: 114597
Toolchain: nightly-2023-08-07
Source: /data/zhangtianrong/projects/rustc-cbl/rustcbugs/114597
Run dir: /data/zhangtianrong/projects/rustc-cbl/run/114597
CMD: rustup run nightly-2023-08-07 cargo build
------------------------------------------------------------
    Updating crates.io index
   Compiling proc-macro2 v1.0.106
   Compiling quote v1.0.44
   Compiling unicode-ident v1.0.22
   Compiling futures-sink v0.3.31
   Compiling futures-core v0.3.31
   Compiling memchr v2.7.6
   Compiling slab v0.4.12
   Compiling pin-utils v0.1.0
   Compiling futures-task v0.3.31
   Compiling pin-project-lite v0.2.16
   Compiling futures-io v0.3.31
   Compiling futures-channel v0.3.31
   Compiling syn v2.0.114
   Compiling futures-macro v0.3.31
   Compiling futures-util v0.3.31
   Compiling futures-executor v0.3.31
   Compiling futures v0.3.31
   Compiling bug_114597 v0.1.0 (/data/zhangtianrong/projects/rustc-cbl/run/114597)
error[E0601]: `main` function not found in crate `bug_114597`
  --> src/main.rs:13:2
   |
13 | }
   |  ^ consider adding a `main` function to `src/main.rs`

error: concrete type differs from previous defining opaque type use
 --> src/main.rs:8:26
  |
8 |     async fn a(&self) -> impl Stream<Item = ()> {
  |                          ^^^^^^^^^^^^^^^^^^^^^^
  |                          |
  |                          expected `stream::stream::flatten_unordered::FlattenUnorderedWithFlowController<futures::stream::Map<futures::stream::Repeat<()>, [closure@src/main.rs:10:18: 10:22]>, ()>`, got `stream::stream::flatten_unordered::FlattenUnorderedWithFlowController<futures::stream::Map<futures::stream::Repeat<()>, [closure@src/main.rs:10:18: 10:22]>, ()>`
  |                          this expression supplies two conflicting concrete types for the same opaque type

For more information about this error, try `rustc --explain E0601`.
error: could not compile `bug_114597` (bin "bug_114597") due to 2 previous errors
------------------------------------------------------------
Return code: 101
