=== START 2026-01-17 12:59:39 ===
Bug ID: 114664
Toolchain: nightly-2023-08-08
Source: /data/zhangtianrong/projects/rustc-cbl/rustcbugs/114664
Run dir: /data/zhangtianrong/projects/rustc-cbl/run/114664
CMD: rustup run nightly-2023-08-08 cargo build RUSTFLAGS=-Zunpretty=hir
------------------------------------------------------------
   Compiling bug_114664 v0.1.0 (/data/zhangtianrong/projects/rustc-cbl/run/114664)
#[prelude_import]
use std::prelude::rust_2021::*;
#[macro_use]
extern crate std;
fn ice()
    ->
        /*impl Trait*/ {

        ::core::panicking::panic("not yet implemented")
    }
fn main() { }
error: internal compiler error: no errors encountered even though `delay_span_bug` issued

error: internal compiler error: no def-id for fresh lifetime
 --> src/main.rs:1:27
  |
1 | fn ice() -> impl AsRef<Fn(&())> {
  |                           ^^^
  |
note: delayed at compiler/rustc_ast_lowering/src/lib.rs:1590:30
         0: <rustc_errors::HandlerInner>::emit_diagnostic
         1: <rustc_session::session::Session>::delay_span_bug::<rustc_span::span_encoding::Span, &str>
         2: <rustc_ast_lowering::LoweringContext>::lower_opaque_impl_trait::{closure#0}
         3: <rustc_ast_lowering::LoweringContext>::lower_ty_direct
         4: <rustc_ast_lowering::LoweringContext>::lower_fn_decl
         5: <rustc_ast_lowering::LoweringContext>::lower_item_kind
         6: <rustc_ast_lowering::LoweringContext>::with_hir_id_owner::<<rustc_ast_lowering::item::ItemLowerer>::with_lctx<<rustc_ast_lowering::item::ItemLowerer>::lower_item::{closure#0}>::{closure#0}>
         7: <rustc_ast_lowering::item::ItemLowerer>::lower_node
         8: rustc_ast_lowering::lower_to_hir
         9: rustc_query_impl::plumbing::__rust_begin_short_backtrace::<rustc_query_impl::query_impl::hir_crate::dynamic_query::{closure#2}::{closure#0}, rustc_middle::query::erase::Erased<[u8; 8]>>
        10: <rustc_query_impl::query_impl::hir_crate::dynamic_query::{closure#2} as core::ops::function::FnOnce<(rustc_middle::ty::context::TyCtxt, ())>>::call_once
        11: rustc_query_system::query::plumbing::try_execute_query::<rustc_query_impl::DynamicConfig<rustc_query_system::query::caches::SingleCache<rustc_middle::query::erase::Erased<[u8; 8]>>, false, false, false>, rustc_query_impl::plumbing::QueryCtxt, true>
        12: rustc_query_impl::query_impl::hir_crate::get_query_incr::__rust_end_short_backtrace
        13: rustc_query_impl::plumbing::__rust_begin_short_backtrace::<rustc_query_impl::query_impl::hir_owner::dynamic_query::{closure#2}::{closure#0}, rustc_middle::query::erase::Erased<[u8; 16]>>
        14: rustc_query_system::query::plumbing::try_execute_query::<rustc_query_impl::DynamicConfig<rustc_query_system::query::caches::VecCache<rustc_hir::hir_id::OwnerId, rustc_middle::query::erase::Erased<[u8; 16]>>, false, false, false>, rustc_query_impl::plumbing::QueryCtxt, true>
        15: rustc_query_impl::query_impl::hir_owner::get_query_incr::__rust_end_short_backtrace
        16: rustc_driver_impl::pretty::print_after_hir_lowering::{closure#1}.96
        17: rustc_driver_impl::pretty::print_after_hir_lowering
        18: <rustc_middle::ty::context::GlobalCtxt>::enter::<rustc_driver_impl::run_compiler::{closure#1}::{closure#2}::{closure#1}, core::result::Result<(), rustc_span::ErrorGuaranteed>>
        19: rustc_span::set_source_map::<core::result::Result<(), rustc_span::ErrorGuaranteed>, rustc_interface::interface::run_compiler<core::result::Result<(), rustc_span::ErrorGuaranteed>, rustc_driver_impl::run_compiler::{closure#1}>::{closure#0}::{closure#0}>
        20: std::sys_common::backtrace::__rust_begin_short_backtrace::<rustc_interface::util::run_in_thread_pool_with_globals<rustc_interface::interface::run_compiler<core::result::Result<(), rustc_span::ErrorGuaranteed>, rustc_driver_impl::run_compiler::{closure#1}>::{closure#0}, core::result::Result<(), rustc_span::ErrorGuaranteed>>::{closure#0}::{closure#0}, core::result::Result<(), rustc_span::ErrorGuaranteed>>
        21: <<std::thread::Builder>::spawn_unchecked_<rustc_interface::util::run_in_thread_pool_with_globals<rustc_interface::interface::run_compiler<core::result::Result<(), rustc_span::ErrorGuaranteed>, rustc_driver_impl::run_compiler::{closure#1}>::{closure#0}, core::result::Result<(), rustc_span::ErrorGuaranteed>>::{closure#0}::{closure#0}, core::result::Result<(), rustc_span::ErrorGuaranteed>>::{closure#1} as core::ops::function::FnOnce<()>>::call_once::{shim:vtable#0}
        22: <alloc::boxed::Box<F,A> as core::ops::function::FnOnce<Args>>::call_once
                   at /rustc/03a119b0b0e310d22d94399b24ed030056050f13/library/alloc/src/boxed.rs:2007:9
        23: <alloc::boxed::Box<F,A> as core::ops::function::FnOnce<Args>>::call_once
                   at /rustc/03a119b0b0e310d22d94399b24ed030056050f13/library/alloc/src/boxed.rs:2007:9
        24: std::sys::unix::thread::Thread::new::thread_start
                   at /rustc/03a119b0b0e310d22d94399b24ed030056050f13/library/std/src/sys/unix/thread.rs:108:17
        25: start_thread
                   at ./nptl/pthread_create.c:442:8
        26: __GI___clone3
                   at ./misc/../sysdeps/unix/sysv/linux/x86_64/clone3.S:81
 --> src/main.rs:1:27
  |
1 | fn ice() -> impl AsRef<Fn(&())> {
  |                           ^^^

note: we would appreciate a bug report: https://github.com/rust-lang/rust/issues/new?labels=C-bug%2C+I-ICE%2C+T-compiler&template=ice.md

note: please attach the file at `/data/zhangtianrong/projects/rustc-cbl/run/114664/rustc-ice-2026-01-17T04:59:39.389281726Z-189132.txt` to your bug report

note: compiler flags: --crate-type bin -C embed-bitcode=no -C debuginfo=2 -C incremental=[REDACTED] -Z unpretty=hir

note: some of the compiler flags provided by cargo are hidden

query stack during panic:
end of query stack
error: could not compile `bug_114664` (bin "bug_114664")
------------------------------------------------------------
Return code: 101
