=== START 2026-01-18 17:42:41 ===
Bug ID: 114907
Toolchain: nightly-2022-06-08
Source: /data/zhangtianrong/projects/rustc-cbl/rustcbugs/114907
Run dir: /data/zhangtianrong/projects/rustc-cbl/run/114907
CMD: rustup run nightly-2022-06-08 cargo build
------------------------------------------------------------
   Compiling bug_114907 v0.1.0 (/data/zhangtianrong/projects/rustc-cbl/run/114907)
warning: unused import: `Cursor`
 --> src/main.rs:3:13
  |
3 |     io::{self, Cursor, Read, Write},
  |                ^^^^^^
  |
  = note: `#[warn(unused_imports)]` on by default

warning: unused variable: `callback`
  --> src/main.rs:81:24
   |
81 | fn accept<C: Callback>(callback: C) -> Result<(), HandshakeError<ServerHandshake<S, C>>> {
   |                        ^^^^^^^^ help: if this is intentional, prefix it with an underscore: `_callback`
   |
   = note: `#[warn(unused_variables)]` on by default

warning: unused variable: `f`
  --> src/main.rs:41:16
   |
41 |     fn fmt(&self, f: &mut fmt::Formatter) -> fmt::Result {
   |                   ^ help: if this is intentional, prefix it with an underscore: `_f`

warning: unused variable: `f`
  --> src/main.rs:47:16
   |
47 |     fn fmt(&self, f: &mut fmt::Formatter) -> fmt::Result {
   |                   ^ help: if this is intentional, prefix it with an underscore: `_f`

warning: variable does not need to be mutable
  --> src/main.rs:71:19
   |
71 |     pub fn handshake(mut self) -> Result<(), HandshakeError<Role>> {
   |                      ----^^^^
   |                      |
   |                      help: remove this `mut`
   |
   = note: `#[warn(unused_mut)]` on by default

thread 'rustc' panicked at 'no entry found for key', compiler/rustc_borrowck/src/region_infer/mod.rs:2175:9
stack backtrace:
   0:     0x77a53f89e09d - std::backtrace_rs::backtrace::libunwind::trace::hee7943ada6bad29e
                               at /rustc/5435ed6916a59e8d5acba2149316a841c3905cbd/library/std/src/../../backtrace/src/backtrace/libunwind.rs:93:5
   1:     0x77a53f89e09d - std::backtrace_rs::backtrace::trace_unsynchronized::h7ccd83155a46c065
                               at /rustc/5435ed6916a59e8d5acba2149316a841c3905cbd/library/std/src/../../backtrace/src/backtrace/mod.rs:66:5
   2:     0x77a53f89e09d - std::sys_common::backtrace::_print_fmt::hfe24db8e4118fad6
                               at /rustc/5435ed6916a59e8d5acba2149316a841c3905cbd/library/std/src/sys_common/backtrace.rs:66:5
   3:     0x77a53f89e09d - <std::sys_common::backtrace::_print::DisplayBacktrace as core::fmt::Display>::fmt::h7d03ef0a4b68cd6d
                               at /rustc/5435ed6916a59e8d5acba2149316a841c3905cbd/library/std/src/sys_common/backtrace.rs:45:22
   4:     0x77a53f8f9e2c - core::fmt::write::hb36860eff00e9ada
                               at /rustc/5435ed6916a59e8d5acba2149316a841c3905cbd/library/core/src/fmt/mod.rs:1196:17
   5:     0x77a53f88f831 - std::io::Write::write_fmt::ha4850a1b39c307b1
                               at /rustc/5435ed6916a59e8d5acba2149316a841c3905cbd/library/std/src/io/mod.rs:1654:15
   6:     0x77a53f8a0d75 - std::sys_common::backtrace::_print::hf3ecf36d224b16f3
                               at /rustc/5435ed6916a59e8d5acba2149316a841c3905cbd/library/std/src/sys_common/backtrace.rs:48:5
   7:     0x77a53f8a0d75 - std::sys_common::backtrace::print::ha31789107cdf7920
                               at /rustc/5435ed6916a59e8d5acba2149316a841c3905cbd/library/std/src/sys_common/backtrace.rs:35:9
   8:     0x77a53f8a0d75 - std::panicking::default_hook::{{closure}}::h1ca420da35ab94ba
                               at /rustc/5435ed6916a59e8d5acba2149316a841c3905cbd/library/std/src/panicking.rs:295:22
   9:     0x77a53f8a0a96 - std::panicking::default_hook::hf7cfd911ca8444f2
                               at /rustc/5435ed6916a59e8d5acba2149316a841c3905cbd/library/std/src/panicking.rs:314:9
  10:     0x77a5400f9911 - rustc_driver[9b2cc5dd0ee5154e]::DEFAULT_HOOK::{closure#0}::{closure#0}
  11:     0x77a53f8a144a - std::panicking::rust_panic_with_hook::h8b0eedba7af397b5
                               at /rustc/5435ed6916a59e8d5acba2149316a841c3905cbd/library/std/src/panicking.rs:702:17
  12:     0x77a53f8a1287 - std::panicking::begin_panic_handler::{{closure}}::hcf17059ac77a45ca
                               at /rustc/5435ed6916a59e8d5acba2149316a841c3905cbd/library/std/src/panicking.rs:588:13
  13:     0x77a53f89e554 - std::sys_common::backtrace::__rust_end_short_backtrace::hc363cb10acbc81e6
                               at /rustc/5435ed6916a59e8d5acba2149316a841c3905cbd/library/std/src/sys_common/backtrace.rs:138:18
  14:     0x77a53f8a0fb9 - rust_begin_unwind
                               at /rustc/5435ed6916a59e8d5acba2149316a841c3905cbd/library/std/src/panicking.rs:584:5
  15:     0x77a53f866293 - core::panicking::panic_fmt::hecd7f2b9f4e0fc55
                               at /rustc/5435ed6916a59e8d5acba2149316a841c3905cbd/library/core/src/panicking.rs:142:14
  16:     0x77a53f8f6a91 - core::panicking::panic_display::hea8c30c5c2dbacd4
                               at /rustc/5435ed6916a59e8d5acba2149316a841c3905cbd/library/core/src/panicking.rs:72:5
  17:     0x77a53f8f6a3b - core::panicking::panic_str::hc5d1733570c70142
                               at /rustc/5435ed6916a59e8d5acba2149316a841c3905cbd/library/core/src/panicking.rs:56:5
  18:     0x77a53f866106 - core::option::expect_failed::hf1ece644271cf711
                               at /rustc/5435ed6916a59e8d5acba2149316a841c3905cbd/library/core/src/option.rs:1874:5
  19:     0x77a5407563e5 - <rustc_borrowck[b63440fa72e9c38e]::region_infer::RegionInferenceContext>::universe_info
  20:     0x77a541a2743d - rustc_borrowck[b63440fa72e9c38e]::do_mir_borrowck
  21:     0x77a541a1c889 - rustc_borrowck[b63440fa72e9c38e]::mir_borrowck
  22:     0x77a541a195f0 - <rustc_borrowck[b63440fa72e9c38e]::provide::{closure#0} as core[9a5575405027e362]::ops::function::FnOnce<(rustc_middle[8ca1ffa4f0d07531]::ty::context::TyCtxt, rustc_span[e19345dc80a27759]::def_id::LocalDefId)>>::call_once
  23:     0x77a54274fd30 - <rustc_query_system[e792b288446fca87]::dep_graph::graph::DepGraph<rustc_middle[8ca1ffa4f0d07531]::dep_graph::dep_node::DepKind>>::with_task::<rustc_middle[8ca1ffa4f0d07531]::ty::context::TyCtxt, rustc_span[e19345dc80a27759]::def_id::LocalDefId, &rustc_middle[8ca1ffa4f0d07531]::mir::query::BorrowCheckResult>
  24:     0x77a541c7a090 - rustc_query_system[e792b288446fca87]::query::plumbing::try_execute_query::<rustc_query_impl[f4d741971085f907]::plumbing::QueryCtxt, rustc_query_system[e792b288446fca87]::query::caches::DefaultCache<rustc_span[e19345dc80a27759]::def_id::LocalDefId, &rustc_middle[8ca1ffa4f0d07531]::mir::query::BorrowCheckResult>>
  25:     0x77a541ba4aba - <rustc_query_impl[f4d741971085f907]::Queries as rustc_middle[8ca1ffa4f0d07531]::ty::query::QueryEngine>::mir_borrowck
  26:     0x77a5413db6d4 - <rustc_middle[8ca1ffa4f0d07531]::hir::map::Map>::par_body_owners::<rustc_interface[2808bdc579fb1dcb]::passes::analysis::{closure#2}::{closure#0}>
  27:     0x77a5422c4b68 - <rustc_session[e99e5395caf9b62]::session::Session>::time::<(), rustc_interface[2808bdc579fb1dcb]::passes::analysis::{closure#2}>
  28:     0x77a5422ed5c5 - rustc_interface[2808bdc579fb1dcb]::passes::analysis
  29:     0x77a54276a315 - <rustc_query_system[e792b288446fca87]::dep_graph::graph::DepGraph<rustc_middle[8ca1ffa4f0d07531]::dep_graph::dep_node::DepKind>>::with_task::<rustc_middle[8ca1ffa4f0d07531]::ty::context::TyCtxt, (), core[9a5575405027e362]::result::Result<(), rustc_errors[f2e3be3759aa4428]::ErrorGuaranteed>>
  30:     0x77a54280f54d - rustc_query_system[e792b288446fca87]::query::plumbing::try_execute_query::<rustc_query_impl[f4d741971085f907]::plumbing::QueryCtxt, rustc_query_system[e792b288446fca87]::query::caches::DefaultCache<(), core[9a5575405027e362]::result::Result<(), rustc_errors[f2e3be3759aa4428]::ErrorGuaranteed>>>
  31:     0x77a54285692e - rustc_query_system[e792b288446fca87]::query::plumbing::get_query::<rustc_query_impl[f4d741971085f907]::queries::analysis, rustc_query_impl[f4d741971085f907]::plumbing::QueryCtxt>
  32:     0x77a5422aaa47 - <rustc_interface[2808bdc579fb1dcb]::passes::QueryContext>::enter::<rustc_driver[9b2cc5dd0ee5154e]::run_compiler::{closure#1}::{closure#2}::{closure#3}, core[9a5575405027e362]::result::Result<(), rustc_errors[f2e3be3759aa4428]::ErrorGuaranteed>>
  33:     0x77a542294bbf - <rustc_interface[2808bdc579fb1dcb]::interface::Compiler>::enter::<rustc_driver[9b2cc5dd0ee5154e]::run_compiler::{closure#1}::{closure#2}, core[9a5575405027e362]::result::Result<core[9a5575405027e362]::option::Option<rustc_interface[2808bdc579fb1dcb]::queries::Linker>, rustc_errors[f2e3be3759aa4428]::ErrorGuaranteed>>
  34:     0x77a5422be1cf - rustc_span[e19345dc80a27759]::with_source_map::<core[9a5575405027e362]::result::Result<(), rustc_errors[f2e3be3759aa4428]::ErrorGuaranteed>, rustc_interface[2808bdc579fb1dcb]::interface::create_compiler_and_run<core[9a5575405027e362]::result::Result<(), rustc_errors[f2e3be3759aa4428]::ErrorGuaranteed>, rustc_driver[9b2cc5dd0ee5154e]::run_compiler::{closure#1}>::{closure#1}>
  35:     0x77a542295a52 - <scoped_tls[846b7f23ce5bfed4]::ScopedKey<rustc_span[e19345dc80a27759]::SessionGlobals>>::set::<rustc_interface[2808bdc579fb1dcb]::interface::run_compiler<core[9a5575405027e362]::result::Result<(), rustc_errors[f2e3be3759aa4428]::ErrorGuaranteed>, rustc_driver[9b2cc5dd0ee5154e]::run_compiler::{closure#1}>::{closure#0}, core[9a5575405027e362]::result::Result<(), rustc_errors[f2e3be3759aa4428]::ErrorGuaranteed>>
  36:     0x77a5422ab0cf - std[a0eb98a96cd1d67b]::sys_common::backtrace::__rust_begin_short_backtrace::<rustc_interface[2808bdc579fb1dcb]::util::run_in_thread_pool_with_globals<rustc_interface[2808bdc579fb1dcb]::interface::run_compiler<core[9a5575405027e362]::result::Result<(), rustc_errors[f2e3be3759aa4428]::ErrorGuaranteed>, rustc_driver[9b2cc5dd0ee5154e]::run_compiler::{closure#1}>::{closure#0}, core[9a5575405027e362]::result::Result<(), rustc_errors[f2e3be3759aa4428]::ErrorGuaranteed>>::{closure#0}, core[9a5575405027e362]::result::Result<(), rustc_errors[f2e3be3759aa4428]::ErrorGuaranteed>>
  37:     0x77a5422ab239 - <<std[a0eb98a96cd1d67b]::thread::Builder>::spawn_unchecked_<rustc_interface[2808bdc579fb1dcb]::util::run_in_thread_pool_with_globals<rustc_interface[2808bdc579fb1dcb]::interface::run_compiler<core[9a5575405027e362]::result::Result<(), rustc_errors[f2e3be3759aa4428]::ErrorGuaranteed>, rustc_driver[9b2cc5dd0ee5154e]::run_compiler::{closure#1}>::{closure#0}, core[9a5575405027e362]::result::Result<(), rustc_errors[f2e3be3759aa4428]::ErrorGuaranteed>>::{closure#0}, core[9a5575405027e362]::result::Result<(), rustc_errors[f2e3be3759aa4428]::ErrorGuaranteed>>::{closure#1} as core[9a5575405027e362]::ops::function::FnOnce<()>>::call_once::{shim:vtable#0}
  38:     0x77a53f8ab373 - <alloc::boxed::Box<F,A> as core::ops::function::FnOnce<Args>>::call_once::hed7040088a8f20af
                               at /rustc/5435ed6916a59e8d5acba2149316a841c3905cbd/library/alloc/src/boxed.rs:1951:9
  39:     0x77a53f8ab373 - <alloc::boxed::Box<F,A> as core::ops::function::FnOnce<Args>>::call_once::h74b0534bb454589b
                               at /rustc/5435ed6916a59e8d5acba2149316a841c3905cbd/library/alloc/src/boxed.rs:1951:9
  40:     0x77a53f8ab373 - std::sys::unix::thread::Thread::new::thread_start::hf83752a2adec8b03
                               at /rustc/5435ed6916a59e8d5acba2149316a841c3905cbd/library/std/src/sys/unix/thread.rs:108:17
  41:     0x77a53f494ac3 - start_thread
                               at ./nptl/./nptl/pthread_create.c:442:8
  42:     0x77a53f5268c0 - __GI___clone3
                               at ./misc/../sysdeps/unix/sysv/linux/x86_64/clone3.S:81
  43:                0x0 - <unknown>

error: internal compiler error: unexpected panic

note: the compiler unexpectedly panicked. this is a bug.

note: we would appreciate a bug report: https://github.com/rust-lang/rust/issues/new?labels=C-bug%2C+I-ICE%2C+T-compiler&template=ice.md

note: rustc 1.63.0-nightly (5435ed691 2022-06-07) running on x86_64-unknown-linux-gnu

note: compiler flags: --crate-type bin -C embed-bitcode=no -C debuginfo=2 -C incremental

note: some of the compiler flags provided by cargo are hidden

query stack during panic:
#0 [mir_borrowck] borrow-checking `main::{closure#0}`
#1 [analysis] running analysis passes on this crate
end of query stack
warning: `bug_114907` (bin "bug_114907") generated 5 warnings
error: could not compile `bug_114907`; 5 warnings emitted
------------------------------------------------------------
Return code: 101
