=== START 2026-01-18 17:08:38 ===
Bug ID: 115789
Toolchain: nightly-2023-09-13
Source: /data/zhangtianrong/projects/rustc-cbl/rustcbugs/115789
Run dir: /data/zhangtianrong/projects/rustc-cbl/run/115789
CMD: rustup run nightly-2023-09-13 cargo build RUSTFLAGS=-Zmir-opt-level=3
------------------------------------------------------------
   Compiling bug_115789 v0.1.0 (/data/zhangtianrong/projects/rustc-cbl/run/115789)
warning: unused variable: `a`
 --> src/main.rs:7:9
  |
7 |     let a: A = Default::default();
  |         ^ help: if this is intentional, prefix it with an underscore: `_a`
  |
  = note: `#[warn(unused_variables)]` on by default

warning: field `foo` is never read
 --> src/main.rs:3:5
  |
2 | struct A {
  |        - field in this struct
3 |     foo: Box<[bool]>,
  |     ^^^
  |
  = note: `#[warn(dead_code)]` on by default

error: internal compiler error: /rustc/d9c8274fb7e2c9087c27a87bf4d85bf1d78cd1e0/compiler/rustc_const_eval/src/interpret/place.rs:459:13: dereferencing Adt(std::boxed::Box, [[bool], Adt(std::alloc::Global, [])])

thread 'rustc' panicked at /rustc/d9c8274fb7e2c9087c27a87bf4d85bf1d78cd1e0/compiler/rustc_errors/src/lib.rs:1651:9:
Box<dyn Any>
stack backtrace:
   0:     0x771843b62efc - std::backtrace_rs::backtrace::libunwind::trace::hdffbc8debfc7bded
                               at /rustc/d9c8274fb7e2c9087c27a87bf4d85bf1d78cd1e0/library/std/src/../../backtrace/src/backtrace/libunwind.rs:93:5
   1:     0x771843b62efc - std::backtrace_rs::backtrace::trace_unsynchronized::h44571ba5e656b9dc
                               at /rustc/d9c8274fb7e2c9087c27a87bf4d85bf1d78cd1e0/library/std/src/../../backtrace/src/backtrace/mod.rs:66:5
   2:     0x771843b62efc - std::sys_common::backtrace::_print_fmt::h8325cf0f70d5087f
                               at /rustc/d9c8274fb7e2c9087c27a87bf4d85bf1d78cd1e0/library/std/src/sys_common/backtrace.rs:67:5
   3:     0x771843b62efc - <std::sys_common::backtrace::_print::DisplayBacktrace as core::fmt::Display>::fmt::hd9255d600c911c53
                               at /rustc/d9c8274fb7e2c9087c27a87bf4d85bf1d78cd1e0/library/std/src/sys_common/backtrace.rs:44:22
   4:     0x771843bc915c - core::fmt::rt::Argument::fmt::h082521b8c001b096
                               at /rustc/d9c8274fb7e2c9087c27a87bf4d85bf1d78cd1e0/library/core/src/fmt/rt.rs:138:9
   5:     0x771843bc915c - core::fmt::write::hdbf597fd69242a95
                               at /rustc/d9c8274fb7e2c9087c27a87bf4d85bf1d78cd1e0/library/core/src/fmt/mod.rs:1094:21
   6:     0x771843b5593e - std::io::Write::write_fmt::h442784fa380cb613
                               at /rustc/d9c8274fb7e2c9087c27a87bf4d85bf1d78cd1e0/library/std/src/io/mod.rs:1714:15
   7:     0x771843b62ce4 - std::sys_common::backtrace::_print::h9f450432eb527df0
                               at /rustc/d9c8274fb7e2c9087c27a87bf4d85bf1d78cd1e0/library/std/src/sys_common/backtrace.rs:47:5
   8:     0x771843b62ce4 - std::sys_common::backtrace::print::hc95ee0d12c985a1a
                               at /rustc/d9c8274fb7e2c9087c27a87bf4d85bf1d78cd1e0/library/std/src/sys_common/backtrace.rs:34:9
   9:     0x771843b65dda - std::panicking::panic_hook_with_disk_dump::{{closure}}::hc235882c1e48980e
                               at /rustc/d9c8274fb7e2c9087c27a87bf4d85bf1d78cd1e0/library/std/src/panicking.rs:280:22
  10:     0x771843b65ad5 - std::panicking::panic_hook_with_disk_dump::h7a0a03b5ca0f3c8f
                               at /rustc/d9c8274fb7e2c9087c27a87bf4d85bf1d78cd1e0/library/std/src/panicking.rs:314:9
  11:     0x771846d4ab39 - rustc_driver_impl[8cce51f3d64e1981]::install_ice_hook::{closure#0}
  12:     0x771843b66693 - <alloc::boxed::Box<F,A> as core::ops::function::Fn<Args>>::call::hc912f27f7153923d
                               at /rustc/d9c8274fb7e2c9087c27a87bf4d85bf1d78cd1e0/library/alloc/src/boxed.rs:2021:9
  13:     0x771843b66693 - std::panicking::rust_panic_with_hook::h3e24676f3db7aa03
                               at /rustc/d9c8274fb7e2c9087c27a87bf4d85bf1d78cd1e0/library/std/src/panicking.rs:757:13
  14:     0x7718472b3d84 - std[45582f642f0cb9a6]::panicking::begin_panic::<rustc_errors[25c6b61583a06e2b]::ExplicitBug>::{closure#0}
  15:     0x7718472ac636 - std[45582f642f0cb9a6]::sys_common::backtrace::__rust_end_short_backtrace::<std[45582f642f0cb9a6]::panicking::begin_panic<rustc_errors[25c6b61583a06e2b]::ExplicitBug>::{closure#0}, !>
  16:     0x771847251a36 - std[45582f642f0cb9a6]::panicking::begin_panic::<rustc_errors[25c6b61583a06e2b]::ExplicitBug>
  17:     0x7718472d88c4 - <rustc_errors[25c6b61583a06e2b]::HandlerInner>::bug::<alloc[a2cc875c97fb5a3a]::string::String>
  18:     0x7718472d8784 - <rustc_errors[25c6b61583a06e2b]::Handler>::bug::<alloc[a2cc875c97fb5a3a]::string::String>
  19:     0x77184731eb5c - rustc_middle[f21742aca4993e2a]::util::bug::opt_span_bug_fmt::<rustc_span[1bfb62b6943a70c5]::span_encoding::Span>::{closure#0}
  20:     0x77184731b4ba - rustc_middle[f21742aca4993e2a]::ty::context::tls::with_opt::<rustc_middle[f21742aca4993e2a]::util::bug::opt_span_bug_fmt<rustc_span[1bfb62b6943a70c5]::span_encoding::Span>::{closure#0}, !>::{closure#0}
  21:     0x77184731b488 - rustc_middle[f21742aca4993e2a]::ty::context::tls::with_context_opt::<rustc_middle[f21742aca4993e2a]::ty::context::tls::with_opt<rustc_middle[f21742aca4993e2a]::util::bug::opt_span_bug_fmt<rustc_span[1bfb62b6943a70c5]::span_encoding::Span>::{closure#0}, !>::{closure#0}, !>
  22:     0x771845765ac0 - rustc_middle[f21742aca4993e2a]::util::bug::bug_fmt
  23:     0x771847504288 - <rustc_const_eval[c05ec2286a9008b2]::interpret::eval_context::InterpCx<rustc_mir_transform[a18bd5d6cc7d9c5a]::dataflow_const_prop::DummyMachine>>::deref_pointer::<rustc_const_eval[c05ec2286a9008b2]::interpret::operand::OpTy>
  24:     0x7718474bfea5 - <rustc_mir_transform[a18bd5d6cc7d9c5a]::dataflow_const_prop::ConstAnalysis>::assign_constant::{closure#0}
  25:     0x7718474b0f52 - <rustc_mir_dataflow[75ce5623e9923ffb]::value_analysis::Map>::for_each_projection_value::<rustc_const_eval[c05ec2286a9008b2]::interpret::operand::OpTy, <rustc_mir_transform[a18bd5d6cc7d9c5a]::dataflow_const_prop::ConstAnalysis>::assign_constant::{closure#0}, <rustc_mir_transform[a18bd5d6cc7d9c5a]::dataflow_const_prop::ConstAnalysis>::assign_constant::{closure#1}>
  26:     0x7718474f5e40 - <rustc_mir_transform[a18bd5d6cc7d9c5a]::dataflow_const_prop::ConstAnalysis>::assign_constant
  27:     0x7718474f30d5 - <rustc_mir_transform[a18bd5d6cc7d9c5a]::dataflow_const_prop::ConstAnalysis>::assign_operand
  28:     0x7718474c5b0a - <rustc_mir_dataflow[75ce5623e9923ffb]::framework::engine::Engine<rustc_mir_dataflow[75ce5623e9923ffb]::value_analysis::ValueAnalysisWrapper<rustc_mir_transform[a18bd5d6cc7d9c5a]::dataflow_const_prop::ConstAnalysis>>>::iterate_to_fixpoint
  29:     0x77184745c2d5 - <tracing[4ef77b9b9aeb6ccb]::span::Span>::in_scope::<<rustc_mir_transform[a18bd5d6cc7d9c5a]::dataflow_const_prop::DataflowConstProp as rustc_middle[f21742aca4993e2a]::mir::MirPass>::run_pass::{closure#0}, rustc_mir_dataflow[75ce5623e9923ffb]::framework::engine::Results<rustc_mir_dataflow[75ce5623e9923ffb]::value_analysis::ValueAnalysisWrapper<rustc_mir_transform[a18bd5d6cc7d9c5a]::dataflow_const_prop::ConstAnalysis>, rustc_index[fd95a3465eb8a6e2]::vec::IndexVec<rustc_middle[f21742aca4993e2a]::mir::BasicBlock, rustc_mir_dataflow[75ce5623e9923ffb]::value_analysis::State<rustc_mir_dataflow[75ce5623e9923ffb]::framework::lattice::FlatSet<rustc_middle[f21742aca4993e2a]::mir::interpret::value::Scalar>>>>>
  30:     0x7718474f5ad0 - <rustc_mir_transform[a18bd5d6cc7d9c5a]::dataflow_const_prop::DataflowConstProp as rustc_middle[f21742aca4993e2a]::mir::MirPass>::run_pass
  31:     0x771845c8919d - rustc_mir_transform[a18bd5d6cc7d9c5a]::pass_manager::run_passes
  32:     0x771845c887d7 - rustc_mir_transform[a18bd5d6cc7d9c5a]::optimized_mir
  33:     0x771844e97d68 - rustc_query_impl[63a1eef9a5152bef]::plumbing::__rust_begin_short_backtrace::<rustc_query_impl[63a1eef9a5152bef]::query_impl::optimized_mir::dynamic_query::{closure#2}::{closure#0}, rustc_middle[f21742aca4993e2a]::query::erase::Erased<[u8; 8usize]>>
  34:     0x771844e97d31 - <rustc_query_impl[63a1eef9a5152bef]::query_impl::optimized_mir::dynamic_query::{closure#2} as core[f0d87c28aa120ff0]::ops::function::FnOnce<(rustc_middle[f21742aca4993e2a]::ty::context::TyCtxt, rustc_span[1bfb62b6943a70c5]::def_id::DefId)>>::call_once
  35:     0x7718459e94b0 - rustc_query_system[2445c5d4c81fac8c]::query::plumbing::try_execute_query::<rustc_query_impl[63a1eef9a5152bef]::DynamicConfig<rustc_query_system[2445c5d4c81fac8c]::query::caches::DefaultCache<rustc_span[1bfb62b6943a70c5]::def_id::DefId, rustc_middle[f21742aca4993e2a]::query::erase::Erased<[u8; 8usize]>>, false, false, false>, rustc_query_impl[63a1eef9a5152bef]::plumbing::QueryCtxt, true>
  36:     0x7718466cb6bd - rustc_query_impl[63a1eef9a5152bef]::query_impl::optimized_mir::get_query_incr::__rust_end_short_backtrace
  37:     0x7718450f9570 - <rustc_middle[f21742aca4993e2a]::ty::context::TyCtxt>::instance_mir
  38:     0x771845dc1fb7 - <rustc_mir_transform[a18bd5d6cc7d9c5a]::inline::Inliner>::try_inlining
  39:     0x771845dc1443 - <rustc_mir_transform[a18bd5d6cc7d9c5a]::inline::Inliner>::process_blocks
  40:     0x771845dc0e34 - <rustc_mir_transform[a18bd5d6cc7d9c5a]::inline::Inline as rustc_middle[f21742aca4993e2a]::mir::MirPass>::run_pass
  41:     0x771845c8919d - rustc_mir_transform[a18bd5d6cc7d9c5a]::pass_manager::run_passes
  42:     0x771845c887d7 - rustc_mir_transform[a18bd5d6cc7d9c5a]::optimized_mir
  43:     0x771844e97d68 - rustc_query_impl[63a1eef9a5152bef]::plumbing::__rust_begin_short_backtrace::<rustc_query_impl[63a1eef9a5152bef]::query_impl::optimized_mir::dynamic_query::{closure#2}::{closure#0}, rustc_middle[f21742aca4993e2a]::query::erase::Erased<[u8; 8usize]>>
  44:     0x771844e97d31 - <rustc_query_impl[63a1eef9a5152bef]::query_impl::optimized_mir::dynamic_query::{closure#2} as core[f0d87c28aa120ff0]::ops::function::FnOnce<(rustc_middle[f21742aca4993e2a]::ty::context::TyCtxt, rustc_span[1bfb62b6943a70c5]::def_id::DefId)>>::call_once
  45:     0x7718459e94b0 - rustc_query_system[2445c5d4c81fac8c]::query::plumbing::try_execute_query::<rustc_query_impl[63a1eef9a5152bef]::DynamicConfig<rustc_query_system[2445c5d4c81fac8c]::query::caches::DefaultCache<rustc_span[1bfb62b6943a70c5]::def_id::DefId, rustc_middle[f21742aca4993e2a]::query::erase::Erased<[u8; 8usize]>>, false, false, false>, rustc_query_impl[63a1eef9a5152bef]::plumbing::QueryCtxt, true>
  46:     0x7718466cb6bd - rustc_query_impl[63a1eef9a5152bef]::query_impl::optimized_mir::get_query_incr::__rust_end_short_backtrace
  47:     0x7718450f9570 - <rustc_middle[f21742aca4993e2a]::ty::context::TyCtxt>::instance_mir
  48:     0x7718457b64a2 - rustc_monomorphize[2f79be4c25d7c423]::collector::collect_used_items
  49:     0x7718457b387e - rustc_monomorphize[2f79be4c25d7c423]::collector::collect_items_rec
  50:     0x77184612a411 - <rustc_data_structures[ca921d8fec8fe8eb]::sync::parallel::ParallelGuard>::run::<(), rustc_data_structures[ca921d8fec8fe8eb]::sync::parallel::disabled::par_for_each_in<alloc[a2cc875c97fb5a3a]::vec::Vec<rustc_middle[f21742aca4993e2a]::mir::mono::MonoItem>, rustc_monomorphize[2f79be4c25d7c423]::collector::collect_crate_mono_items::{closure#1}::{closure#0}>::{closure#0}::{closure#0}::{closure#0}>
  51:     0x77184612a32b - rustc_data_structures[ca921d8fec8fe8eb]::sync::parallel::disabled::par_for_each_in::<alloc[a2cc875c97fb5a3a]::vec::Vec<rustc_middle[f21742aca4993e2a]::mir::mono::MonoItem>, rustc_monomorphize[2f79be4c25d7c423]::collector::collect_crate_mono_items::{closure#1}::{closure#0}>
  52:     0x77184612a1b9 - <rustc_session[f32d89e3d4611131]::session::Session>::time::<(), rustc_monomorphize[2f79be4c25d7c423]::collector::collect_crate_mono_items::{closure#1}>
  53:     0x771846129e18 - rustc_monomorphize[2f79be4c25d7c423]::collector::collect_crate_mono_items
  54:     0x771846128148 - rustc_monomorphize[2f79be4c25d7c423]::partitioning::collect_and_partition_mono_items
  55:     0x771846321c49 - rustc_query_impl[63a1eef9a5152bef]::plumbing::__rust_begin_short_backtrace::<rustc_query_impl[63a1eef9a5152bef]::query_impl::collect_and_partition_mono_items::dynamic_query::{closure#2}::{closure#0}, rustc_middle[f21742aca4993e2a]::query::erase::Erased<[u8; 24usize]>>
  56:     0x771846321c1d - <rustc_query_impl[63a1eef9a5152bef]::query_impl::collect_and_partition_mono_items::dynamic_query::{closure#2} as core[f0d87c28aa120ff0]::ops::function::FnOnce<(rustc_middle[f21742aca4993e2a]::ty::context::TyCtxt, ())>>::call_once
  57:     0x771846559ce2 - rustc_query_system[2445c5d4c81fac8c]::query::plumbing::try_execute_query::<rustc_query_impl[63a1eef9a5152bef]::DynamicConfig<rustc_query_system[2445c5d4c81fac8c]::query::caches::SingleCache<rustc_middle[f21742aca4993e2a]::query::erase::Erased<[u8; 24usize]>>, false, false, false>, rustc_query_impl[63a1eef9a5152bef]::plumbing::QueryCtxt, true>
  58:     0x7718466e6abd - rustc_query_impl[63a1eef9a5152bef]::query_impl::collect_and_partition_mono_items::get_query_incr::__rust_end_short_backtrace
  59:     0x7718463d2a1b - rustc_codegen_ssa[a0d86da2f2b039e8]::base::codegen_crate::<rustc_codegen_llvm[c84f0a60d8b6b17b]::LlvmCodegenBackend>
  60:     0x7718463d281f - <rustc_codegen_llvm[c84f0a60d8b6b17b]::LlvmCodegenBackend as rustc_codegen_ssa[a0d86da2f2b039e8]::traits::backend::CodegenBackend>::codegen_crate
  61:     0x77184626f3e2 - <rustc_session[f32d89e3d4611131]::session::Session>::time::<alloc[a2cc875c97fb5a3a]::boxed::Box<dyn core[f0d87c28aa120ff0]::any::Any>, rustc_interface[2d350d6b4c7e3cab]::passes::start_codegen::{closure#0}>
  62:     0x77184626ef3b - rustc_interface[2d350d6b4c7e3cab]::passes::start_codegen
  63:     0x7718462698aa - <rustc_middle[f21742aca4993e2a]::ty::context::GlobalCtxt>::enter::<<rustc_interface[2d350d6b4c7e3cab]::queries::Queries>::ongoing_codegen::{closure#0}, core[f0d87c28aa120ff0]::result::Result<alloc[a2cc875c97fb5a3a]::boxed::Box<dyn core[f0d87c28aa120ff0]::any::Any>, rustc_span[1bfb62b6943a70c5]::ErrorGuaranteed>>
  64:     0x771846268cb2 - <rustc_interface[2d350d6b4c7e3cab]::interface::Compiler>::enter::<rustc_driver_impl[8cce51f3d64e1981]::run_compiler::{closure#1}::{closure#2}, core[f0d87c28aa120ff0]::result::Result<core[f0d87c28aa120ff0]::option::Option<rustc_interface[2d350d6b4c7e3cab]::queries::Linker>, rustc_span[1bfb62b6943a70c5]::ErrorGuaranteed>>
  65:     0x771846261f24 - std[45582f642f0cb9a6]::sys_common::backtrace::__rust_begin_short_backtrace::<rustc_interface[2d350d6b4c7e3cab]::util::run_in_thread_with_globals<rustc_interface[2d350d6b4c7e3cab]::interface::run_compiler<core[f0d87c28aa120ff0]::result::Result<(), rustc_span[1bfb62b6943a70c5]::ErrorGuaranteed>, rustc_driver_impl[8cce51f3d64e1981]::run_compiler::{closure#1}>::{closure#0}, core[f0d87c28aa120ff0]::result::Result<(), rustc_span[1bfb62b6943a70c5]::ErrorGuaranteed>>::{closure#0}::{closure#0}, core[f0d87c28aa120ff0]::result::Result<(), rustc_span[1bfb62b6943a70c5]::ErrorGuaranteed>>
  66:     0x77184626167e - <<std[45582f642f0cb9a6]::thread::Builder>::spawn_unchecked_<rustc_interface[2d350d6b4c7e3cab]::util::run_in_thread_with_globals<rustc_interface[2d350d6b4c7e3cab]::interface::run_compiler<core[f0d87c28aa120ff0]::result::Result<(), rustc_span[1bfb62b6943a70c5]::ErrorGuaranteed>, rustc_driver_impl[8cce51f3d64e1981]::run_compiler::{closure#1}>::{closure#0}, core[f0d87c28aa120ff0]::result::Result<(), rustc_span[1bfb62b6943a70c5]::ErrorGuaranteed>>::{closure#0}::{closure#0}, core[f0d87c28aa120ff0]::result::Result<(), rustc_span[1bfb62b6943a70c5]::ErrorGuaranteed>>::{closure#1} as core[f0d87c28aa120ff0]::ops::function::FnOnce<()>>::call_once::{shim:vtable#0}
  67:     0x771843b71075 - <alloc::boxed::Box<F,A> as core::ops::function::FnOnce<Args>>::call_once::he6777c2845fa6471
                               at /rustc/d9c8274fb7e2c9087c27a87bf4d85bf1d78cd1e0/library/alloc/src/boxed.rs:2007:9
  68:     0x771843b71075 - <alloc::boxed::Box<F,A> as core::ops::function::FnOnce<Args>>::call_once::ha6d4ed040acb8f0d
                               at /rustc/d9c8274fb7e2c9087c27a87bf4d85bf1d78cd1e0/library/alloc/src/boxed.rs:2007:9
  69:     0x771843b71075 - std::sys::unix::thread::Thread::new::thread_start::hb81078e8aa77adb1
                               at /rustc/d9c8274fb7e2c9087c27a87bf4d85bf1d78cd1e0/library/std/src/sys/unix/thread.rs:108:17
  70:     0x771843894ac3 - start_thread
                               at ./nptl/pthread_create.c:442:8
  71:     0x7718439268c0 - __GI___clone3
                               at ./misc/../sysdeps/unix/sysv/linux/x86_64/clone3.S:81
  72:                0x0 - <unknown>

note: we would appreciate a bug report: https://github.com/rust-lang/rust/issues/new?labels=C-bug%2C+I-ICE%2C+T-compiler&template=ice.md

note: please attach the file at `/data/zhangtianrong/projects/rustc-cbl/run/115789/rustc-ice-2026-01-18T09:08:38.339361583Z-1355049.txt` to your bug report

note: compiler flags: --crate-type bin -C embed-bitcode=no -C debuginfo=2 -C incremental=[REDACTED] -Z mir-opt-level=3

note: some of the compiler flags provided by cargo are hidden

query stack during panic:
#0 [optimized_mir] optimizing MIR for `<impl at src/main.rs:1:10: 1:17>::default`
#1 [optimized_mir] optimizing MIR for `main`
#2 [collect_and_partition_mono_items] collect_and_partition_mono_items
end of query stack
warning: `bug_115789` (bin "bug_115789") generated 2 warnings (run `cargo fix --bin "bug_115789"` to apply 1 suggestion)
error: could not compile `bug_115789` (bin "bug_115789"); 2 warnings emitted
------------------------------------------------------------
Return code: 101
