=== START 2026-01-17 19:46:29 ===
Bug ID: 116079
Toolchain: nightly-2023-09-21
Source: /data/zhangtianrong/projects/rustc-cbl/rustcbugs/116079
Run dir: /data/zhangtianrong/projects/rustc-cbl/run/116079
CMD: rustup run nightly-2023-09-21 cargo build RUSTFLAGS='-Zvalidate-mir -Zdrop-tracking-mir=yes'
------------------------------------------------------------
   Compiling bug_116079 v0.1.0 (/data/zhangtianrong/projects/rustc-cbl/run/116079)
warning: unreachable pattern
 --> src/main.rs:9:13
  |
8 |             _ => (),
  |             - matches any value
9 |             i if let Some(1) = async { Some(1) }.await => (),
  |             ^ unreachable pattern
  |
  = note: `#[warn(unreachable_patterns)]` on by default

warning: unreachable pattern
  --> src/main.rs:10:13
   |
8  |             _ => (),
   |             - matches any value
9  |             i if let Some(1) = async { Some(1) }.await => (),
10 |             _ => (),
   |             ^ unreachable pattern

warning: unused variable: `i`
 --> src/main.rs:9:13
  |
9 |             i if let Some(1) = async { Some(1) }.await => (),
  |             ^ help: if this is intentional, prefix it with an underscore: `_i`
  |
  = note: `#[warn(unused_variables)]` on by default

warning: static `A` is never used
 --> src/main.rs:3:12
  |
3 | static mut A: [i32; 5] = [1, 2, 3, 4, 5];
  |            ^
  |
  = note: `#[warn(dead_code)]` on by default

warning: function `fun` is never used
 --> src/main.rs:5:10
  |
5 | async fn fun() {
  |          ^^^

error: internal compiler error: no errors encountered even though `delay_span_bug` issued

error: internal compiler error: broken MIR in Item(DefId(0:6 ~ bug_116079[3896]::fun::{closure#0})) (after pass CleanupPostBorrowck) at bb21[0]:
                                use of local _8, which has no storage here
  --> src/main.rs:13:1
   |
13 | }
   | ^
   |
note: delayed at compiler/rustc_const_eval/src/transform/validate.rs:308:22
         0: <rustc_errors::HandlerInner>::emit_diagnostic
         1: <rustc_errors::Handler>::delay_span_bug::<rustc_span::span_encoding::Span, alloc::string::String>
         2: <rustc_const_eval::transform::validate::CfgChecker>::fail::<alloc::string::String>
         3: <rustc_const_eval::transform::validate::CfgChecker as rustc_middle::mir::visit::Visitor>::visit_terminator
         4: <rustc_const_eval::transform::validate::Validator as rustc_middle::mir::MirPass>::run_pass
         5: rustc_mir_transform::pass_manager::validate_body
         6: rustc_mir_transform::mir_drops_elaborated_and_const_checked
         7: rustc_query_impl::plumbing::__rust_begin_short_backtrace::<rustc_query_impl::query_impl::mir_drops_elaborated_and_const_checked::dynamic_query::{closure#2}::{closure#0}, rustc_middle::query::erase::Erased<[u8; 8]>>
         8: <rustc_query_impl::query_impl::mir_drops_elaborated_and_const_checked::dynamic_query::{closure#2} as core::ops::function::FnOnce<(rustc_middle::ty::context::TyCtxt, rustc_span::def_id::LocalDefId)>>::call_once
         9: rustc_query_system::query::plumbing::try_execute_query::<rustc_query_impl::DynamicConfig<rustc_query_system::query::caches::VecCache<rustc_span::def_id::LocalDefId, rustc_middle::query::erase::Erased<[u8; 8]>>, false, false, false>, rustc_query_impl::plumbing::QueryCtxt, true>
        10: rustc_query_impl::query_impl::mir_drops_elaborated_and_const_checked::get_query_incr::__rust_end_short_backtrace
        11: rustc_mir_transform::optimized_mir
        12: rustc_query_impl::plumbing::__rust_begin_short_backtrace::<rustc_query_impl::query_impl::optimized_mir::dynamic_query::{closure#2}::{closure#0}, rustc_middle::query::erase::Erased<[u8; 8]>>
        13: <rustc_query_impl::query_impl::optimized_mir::dynamic_query::{closure#2} as core::ops::function::FnOnce<(rustc_middle::ty::context::TyCtxt, rustc_span::def_id::DefId)>>::call_once
        14: rustc_query_system::query::plumbing::try_execute_query::<rustc_query_impl::DynamicConfig<rustc_query_system::query::caches::DefaultCache<rustc_span::def_id::DefId, rustc_middle::query::erase::Erased<[u8; 8]>>, false, false, false>, rustc_query_impl::plumbing::QueryCtxt, true>
        15: rustc_query_impl::query_impl::optimized_mir::get_query_incr::__rust_end_short_backtrace
        16: rustc_middle::query::plumbing::query_get_at::<rustc_query_system::query::caches::DefaultCache<rustc_span::def_id::DefId, rustc_middle::query::erase::Erased<[u8; 8]>>>
        17: <rustc_middle::ty::context::TyCtxt>::generator_layout
        18: rustc_ty_utils::layout::layout_of
        19: rustc_query_impl::plumbing::__rust_begin_short_backtrace::<rustc_query_impl::query_impl::layout_of::dynamic_query::{closure#2}::{closure#0}, rustc_middle::query::erase::Erased<[u8; 16]>>
        20: rustc_query_system::query::plumbing::try_execute_query::<rustc_query_impl::DynamicConfig<rustc_query_system::query::caches::DefaultCache<rustc_middle::ty::ParamEnvAnd<rustc_middle::ty::Ty>, rustc_middle::query::erase::Erased<[u8; 16]>>, false, true, false>, rustc_query_impl::plumbing::QueryCtxt, true>
        21: rustc_query_impl::query_impl::layout_of::get_query_incr::__rust_end_short_backtrace
        22: rustc_middle::query::plumbing::query_get_at::<rustc_query_system::query::caches::DefaultCache<rustc_middle::ty::ParamEnvAnd<rustc_middle::ty::Ty>, rustc_middle::query::erase::Erased<[u8; 16]>>>
        23: rustc_ty_utils::layout::layout_of
        24: rustc_query_impl::plumbing::__rust_begin_short_backtrace::<rustc_query_impl::query_impl::layout_of::dynamic_query::{closure#2}::{closure#0}, rustc_middle::query::erase::Erased<[u8; 16]>>
        25: rustc_query_system::query::plumbing::try_execute_query::<rustc_query_impl::DynamicConfig<rustc_query_system::query::caches::DefaultCache<rustc_middle::ty::ParamEnvAnd<rustc_middle::ty::Ty>, rustc_middle::query::erase::Erased<[u8; 16]>>, false, true, false>, rustc_query_impl::plumbing::QueryCtxt, true>
        26: rustc_query_impl::query_impl::layout_of::get_query_incr::__rust_end_short_backtrace
        27: <rustc_mir_transform::const_prop::CanConstProp>::check
        28: <rustc_mir_transform::const_prop_lint::ConstProp as rustc_mir_transform::pass_manager::MirLint>::run_lint
        29: rustc_mir_transform::mir_drops_elaborated_and_const_checked
        30: rustc_query_impl::plumbing::__rust_begin_short_backtrace::<rustc_query_impl::query_impl::mir_drops_elaborated_and_const_checked::dynamic_query::{closure#2}::{closure#0}, rustc_middle::query::erase::Erased<[u8; 8]>>
        31: <rustc_query_impl::query_impl::mir_drops_elaborated_and_const_checked::dynamic_query::{closure#2} as core::ops::function::FnOnce<(rustc_middle::ty::context::TyCtxt, rustc_span::def_id::LocalDefId)>>::call_once
        32: rustc_query_system::query::plumbing::try_execute_query::<rustc_query_impl::DynamicConfig<rustc_query_system::query::caches::VecCache<rustc_span::def_id::LocalDefId, rustc_middle::query::erase::Erased<[u8; 8]>>, false, false, false>, rustc_query_impl::plumbing::QueryCtxt, true>
        33: rustc_query_impl::query_impl::mir_drops_elaborated_and_const_checked::get_query_incr::__rust_end_short_backtrace
        34: <rustc_session::session::Session>::time::<(), rustc_interface::passes::analysis::{closure#2}>
        35: rustc_interface::passes::analysis
        36: rustc_query_impl::plumbing::__rust_begin_short_backtrace::<rustc_query_impl::query_impl::analysis::dynamic_query::{closure#2}::{closure#0}, rustc_middle::query::erase::Erased<[u8; 1]>>
        37: <rustc_query_impl::query_impl::analysis::dynamic_query::{closure#2} as core::ops::function::FnOnce<(rustc_middle::ty::context::TyCtxt, ())>>::call_once
        38: rustc_query_system::query::plumbing::try_execute_query::<rustc_query_impl::DynamicConfig<rustc_query_system::query::caches::SingleCache<rustc_middle::query::erase::Erased<[u8; 1]>>, false, false, false>, rustc_query_impl::plumbing::QueryCtxt, true>
        39: rustc_query_impl::query_impl::analysis::get_query_incr::__rust_end_short_backtrace
        40: <rustc_middle::ty::context::GlobalCtxt>::enter::<rustc_driver_impl::run_compiler::{closure#1}::{closure#2}::{closure#6}, core::result::Result<(), rustc_span::ErrorGuaranteed>>
        41: rustc_span::set_source_map::<core::result::Result<(), rustc_span::ErrorGuaranteed>, rustc_interface::interface::run_compiler<core::result::Result<(), rustc_span::ErrorGuaranteed>, rustc_driver_impl::run_compiler::{closure#1}>::{closure#0}::{closure#0}>
        42: std::sys_common::backtrace::__rust_begin_short_backtrace::<rustc_interface::util::run_in_thread_with_globals<rustc_interface::interface::run_compiler<core::result::Result<(), rustc_span::ErrorGuaranteed>, rustc_driver_impl::run_compiler::{closure#1}>::{closure#0}, core::result::Result<(), rustc_span::ErrorGuaranteed>>::{closure#0}::{closure#0}, core::result::Result<(), rustc_span::ErrorGuaranteed>>
        43: <<std::thread::Builder>::spawn_unchecked_<rustc_interface::util::run_in_thread_with_globals<rustc_interface::interface::run_compiler<core::result::Result<(), rustc_span::ErrorGuaranteed>, rustc_driver_impl::run_compiler::{closure#1}>::{closure#0}, core::result::Result<(), rustc_span::ErrorGuaranteed>>::{closure#0}::{closure#0}, core::result::Result<(), rustc_span::ErrorGuaranteed>>::{closure#1} as core::ops::function::FnOnce<()>>::call_once::{shim:vtable#0}
        44: <alloc::boxed::Box<F,A> as core::ops::function::FnOnce<Args>>::call_once
                   at /rustc/3223b0b5e8dadda3f76c3fd1a8d6c5addc09599e/library/alloc/src/boxed.rs:2007:9
        45: <alloc::boxed::Box<F,A> as core::ops::function::FnOnce<Args>>::call_once
                   at /rustc/3223b0b5e8dadda3f76c3fd1a8d6c5addc09599e/library/alloc/src/boxed.rs:2007:9
        46: std::sys::unix::thread::Thread::new::thread_start
                   at /rustc/3223b0b5e8dadda3f76c3fd1a8d6c5addc09599e/library/std/src/sys/unix/thread.rs:108:17
        47: start_thread
                   at ./nptl/pthread_create.c:442:8
        48: __GI___clone3
                   at ./misc/../sysdeps/unix/sysv/linux/x86_64/clone3.S:81
  --> src/main.rs:13:1
   |
13 | }
   | ^

error: internal compiler error: broken MIR in Item(DefId(0:6 ~ bug_116079[3896]::fun::{closure#0})) (before pass RemoveNoopLandingPads) at bb21[0]:
                                use of local _8, which has no storage here
  --> src/main.rs:13:1
   |
13 | }
   | ^
   |
note: delayed at compiler/rustc_const_eval/src/transform/validate.rs:308:22
         0: <rustc_errors::HandlerInner>::emit_diagnostic
         1: <rustc_errors::Handler>::delay_span_bug::<rustc_span::span_encoding::Span, alloc::string::String>
         2: <rustc_const_eval::transform::validate::CfgChecker>::fail::<alloc::string::String>
         3: <rustc_const_eval::transform::validate::CfgChecker as rustc_middle::mir::visit::Visitor>::visit_terminator
         4: <rustc_const_eval::transform::validate::Validator as rustc_middle::mir::MirPass>::run_pass
         5: rustc_mir_transform::pass_manager::validate_body
         6: rustc_mir_transform::mir_drops_elaborated_and_const_checked
         7: rustc_query_impl::plumbing::__rust_begin_short_backtrace::<rustc_query_impl::query_impl::mir_drops_elaborated_and_const_checked::dynamic_query::{closure#2}::{closure#0}, rustc_middle::query::erase::Erased<[u8; 8]>>
         8: <rustc_query_impl::query_impl::mir_drops_elaborated_and_const_checked::dynamic_query::{closure#2} as core::ops::function::FnOnce<(rustc_middle::ty::context::TyCtxt, rustc_span::def_id::LocalDefId)>>::call_once
         9: rustc_query_system::query::plumbing::try_execute_query::<rustc_query_impl::DynamicConfig<rustc_query_system::query::caches::VecCache<rustc_span::def_id::LocalDefId, rustc_middle::query::erase::Erased<[u8; 8]>>, false, false, false>, rustc_query_impl::plumbing::QueryCtxt, true>
        10: rustc_query_impl::query_impl::mir_drops_elaborated_and_const_checked::get_query_incr::__rust_end_short_backtrace
        11: rustc_mir_transform::optimized_mir
        12: rustc_query_impl::plumbing::__rust_begin_short_backtrace::<rustc_query_impl::query_impl::optimized_mir::dynamic_query::{closure#2}::{closure#0}, rustc_middle::query::erase::Erased<[u8; 8]>>
        13: <rustc_query_impl::query_impl::optimized_mir::dynamic_query::{closure#2} as core::ops::function::FnOnce<(rustc_middle::ty::context::TyCtxt, rustc_span::def_id::DefId)>>::call_once
        14: rustc_query_system::query::plumbing::try_execute_query::<rustc_query_impl::DynamicConfig<rustc_query_system::query::caches::DefaultCache<rustc_span::def_id::DefId, rustc_middle::query::erase::Erased<[u8; 8]>>, false, false, false>, rustc_query_impl::plumbing::QueryCtxt, true>
        15: rustc_query_impl::query_impl::optimized_mir::get_query_incr::__rust_end_short_backtrace
        16: rustc_middle::query::plumbing::query_get_at::<rustc_query_system::query::caches::DefaultCache<rustc_span::def_id::DefId, rustc_middle::query::erase::Erased<[u8; 8]>>>
        17: <rustc_middle::ty::context::TyCtxt>::generator_layout
        18: rustc_ty_utils::layout::layout_of
        19: rustc_query_impl::plumbing::__rust_begin_short_backtrace::<rustc_query_impl::query_impl::layout_of::dynamic_query::{closure#2}::{closure#0}, rustc_middle::query::erase::Erased<[u8; 16]>>
        20: rustc_query_system::query::plumbing::try_execute_query::<rustc_query_impl::DynamicConfig<rustc_query_system::query::caches::DefaultCache<rustc_middle::ty::ParamEnvAnd<rustc_middle::ty::Ty>, rustc_middle::query::erase::Erased<[u8; 16]>>, false, true, false>, rustc_query_impl::plumbing::QueryCtxt, true>
        21: rustc_query_impl::query_impl::layout_of::get_query_incr::__rust_end_short_backtrace
        22: rustc_middle::query::plumbing::query_get_at::<rustc_query_system::query::caches::DefaultCache<rustc_middle::ty::ParamEnvAnd<rustc_middle::ty::Ty>, rustc_middle::query::erase::Erased<[u8; 16]>>>
        23: rustc_ty_utils::layout::layout_of
        24: rustc_query_impl::plumbing::__rust_begin_short_backtrace::<rustc_query_impl::query_impl::layout_of::dynamic_query::{closure#2}::{closure#0}, rustc_middle::query::erase::Erased<[u8; 16]>>
        25: rustc_query_system::query::plumbing::try_execute_query::<rustc_query_impl::DynamicConfig<rustc_query_system::query::caches::DefaultCache<rustc_middle::ty::ParamEnvAnd<rustc_middle::ty::Ty>, rustc_middle::query::erase::Erased<[u8; 16]>>, false, true, false>, rustc_query_impl::plumbing::QueryCtxt, true>
        26: rustc_query_impl::query_impl::layout_of::get_query_incr::__rust_end_short_backtrace
        27: <rustc_mir_transform::const_prop::CanConstProp>::check
        28: <rustc_mir_transform::const_prop_lint::ConstProp as rustc_mir_transform::pass_manager::MirLint>::run_lint
        29: rustc_mir_transform::mir_drops_elaborated_and_const_checked
        30: rustc_query_impl::plumbing::__rust_begin_short_backtrace::<rustc_query_impl::query_impl::mir_drops_elaborated_and_const_checked::dynamic_query::{closure#2}::{closure#0}, rustc_middle::query::erase::Erased<[u8; 8]>>
        31: <rustc_query_impl::query_impl::mir_drops_elaborated_and_const_checked::dynamic_query::{closure#2} as core::ops::function::FnOnce<(rustc_middle::ty::context::TyCtxt, rustc_span::def_id::LocalDefId)>>::call_once
        32: rustc_query_system::query::plumbing::try_execute_query::<rustc_query_impl::DynamicConfig<rustc_query_system::query::caches::VecCache<rustc_span::def_id::LocalDefId, rustc_middle::query::erase::Erased<[u8; 8]>>, false, false, false>, rustc_query_impl::plumbing::QueryCtxt, true>
        33: rustc_query_impl::query_impl::mir_drops_elaborated_and_const_checked::get_query_incr::__rust_end_short_backtrace
        34: <rustc_session::session::Session>::time::<(), rustc_interface::passes::analysis::{closure#2}>
        35: rustc_interface::passes::analysis
        36: rustc_query_impl::plumbing::__rust_begin_short_backtrace::<rustc_query_impl::query_impl::analysis::dynamic_query::{closure#2}::{closure#0}, rustc_middle::query::erase::Erased<[u8; 1]>>
        37: <rustc_query_impl::query_impl::analysis::dynamic_query::{closure#2} as core::ops::function::FnOnce<(rustc_middle::ty::context::TyCtxt, ())>>::call_once
        38: rustc_query_system::query::plumbing::try_execute_query::<rustc_query_impl::DynamicConfig<rustc_query_system::query::caches::SingleCache<rustc_middle::query::erase::Erased<[u8; 1]>>, false, false, false>, rustc_query_impl::plumbing::QueryCtxt, true>
        39: rustc_query_impl::query_impl::analysis::get_query_incr::__rust_end_short_backtrace
        40: <rustc_middle::ty::context::GlobalCtxt>::enter::<rustc_driver_impl::run_compiler::{closure#1}::{closure#2}::{closure#6}, core::result::Result<(), rustc_span::ErrorGuaranteed>>
        41: rustc_span::set_source_map::<core::result::Result<(), rustc_span::ErrorGuaranteed>, rustc_interface::interface::run_compiler<core::result::Result<(), rustc_span::ErrorGuaranteed>, rustc_driver_impl::run_compiler::{closure#1}>::{closure#0}::{closure#0}>
        42: std::sys_common::backtrace::__rust_begin_short_backtrace::<rustc_interface::util::run_in_thread_with_globals<rustc_interface::interface::run_compiler<core::result::Result<(), rustc_span::ErrorGuaranteed>, rustc_driver_impl::run_compiler::{closure#1}>::{closure#0}, core::result::Result<(), rustc_span::ErrorGuaranteed>>::{closure#0}::{closure#0}, core::result::Result<(), rustc_span::ErrorGuaranteed>>
        43: <<std::thread::Builder>::spawn_unchecked_<rustc_interface::util::run_in_thread_with_globals<rustc_interface::interface::run_compiler<core::result::Result<(), rustc_span::ErrorGuaranteed>, rustc_driver_impl::run_compiler::{closure#1}>::{closure#0}, core::result::Result<(), rustc_span::ErrorGuaranteed>>::{closure#0}::{closure#0}, core::result::Result<(), rustc_span::ErrorGuaranteed>>::{closure#1} as core::ops::function::FnOnce<()>>::call_once::{shim:vtable#0}
        44: <alloc::boxed::Box<F,A> as core::ops::function::FnOnce<Args>>::call_once
                   at /rustc/3223b0b5e8dadda3f76c3fd1a8d6c5addc09599e/library/alloc/src/boxed.rs:2007:9
        45: <alloc::boxed::Box<F,A> as core::ops::function::FnOnce<Args>>::call_once
                   at /rustc/3223b0b5e8dadda3f76c3fd1a8d6c5addc09599e/library/alloc/src/boxed.rs:2007:9
        46: std::sys::unix::thread::Thread::new::thread_start
                   at /rustc/3223b0b5e8dadda3f76c3fd1a8d6c5addc09599e/library/std/src/sys/unix/thread.rs:108:17
        47: start_thread
                   at ./nptl/pthread_create.c:442:8
        48: __GI___clone3
                   at ./misc/../sysdeps/unix/sysv/linux/x86_64/clone3.S:81
  --> src/main.rs:13:1
   |
13 | }
   | ^

error: internal compiler error: broken MIR in Item(DefId(0:6 ~ bug_116079[3896]::fun::{closure#0})) (after pass RemoveNoopLandingPads) at bb21[0]:
                                use of local _8, which has no storage here
  --> src/main.rs:13:1
   |
13 | }
   | ^
   |
note: delayed at compiler/rustc_const_eval/src/transform/validate.rs:308:22
         0: <rustc_errors::HandlerInner>::emit_diagnostic
         1: <rustc_errors::Handler>::delay_span_bug::<rustc_span::span_encoding::Span, alloc::string::String>
         2: <rustc_const_eval::transform::validate::CfgChecker>::fail::<alloc::string::String>
         3: <rustc_const_eval::transform::validate::CfgChecker as rustc_middle::mir::visit::Visitor>::visit_terminator
         4: <rustc_const_eval::transform::validate::Validator as rustc_middle::mir::MirPass>::run_pass
         5: rustc_mir_transform::pass_manager::validate_body
         6: rustc_mir_transform::mir_drops_elaborated_and_const_checked
         7: rustc_query_impl::plumbing::__rust_begin_short_backtrace::<rustc_query_impl::query_impl::mir_drops_elaborated_and_const_checked::dynamic_query::{closure#2}::{closure#0}, rustc_middle::query::erase::Erased<[u8; 8]>>
         8: <rustc_query_impl::query_impl::mir_drops_elaborated_and_const_checked::dynamic_query::{closure#2} as core::ops::function::FnOnce<(rustc_middle::ty::context::TyCtxt, rustc_span::def_id::LocalDefId)>>::call_once
         9: rustc_query_system::query::plumbing::try_execute_query::<rustc_query_impl::DynamicConfig<rustc_query_system::query::caches::VecCache<rustc_span::def_id::LocalDefId, rustc_middle::query::erase::Erased<[u8; 8]>>, false, false, false>, rustc_query_impl::plumbing::QueryCtxt, true>
        10: rustc_query_impl::query_impl::mir_drops_elaborated_and_const_checked::get_query_incr::__rust_end_short_backtrace
        11: rustc_mir_transform::optimized_mir
        12: rustc_query_impl::plumbing::__rust_begin_short_backtrace::<rustc_query_impl::query_impl::optimized_mir::dynamic_query::{closure#2}::{closure#0}, rustc_middle::query::erase::Erased<[u8; 8]>>
        13: <rustc_query_impl::query_impl::optimized_mir::dynamic_query::{closure#2} as core::ops::function::FnOnce<(rustc_middle::ty::context::TyCtxt, rustc_span::def_id::DefId)>>::call_once
        14: rustc_query_system::query::plumbing::try_execute_query::<rustc_query_impl::DynamicConfig<rustc_query_system::query::caches::DefaultCache<rustc_span::def_id::DefId, rustc_middle::query::erase::Erased<[u8; 8]>>, false, false, false>, rustc_query_impl::plumbing::QueryCtxt, true>
        15: rustc_query_impl::query_impl::optimized_mir::get_query_incr::__rust_end_short_backtrace
        16: rustc_middle::query::plumbing::query_get_at::<rustc_query_system::query::caches::DefaultCache<rustc_span::def_id::DefId, rustc_middle::query::erase::Erased<[u8; 8]>>>
        17: <rustc_middle::ty::context::TyCtxt>::generator_layout
        18: rustc_ty_utils::layout::layout_of
        19: rustc_query_impl::plumbing::__rust_begin_short_backtrace::<rustc_query_impl::query_impl::layout_of::dynamic_query::{closure#2}::{closure#0}, rustc_middle::query::erase::Erased<[u8; 16]>>
        20: rustc_query_system::query::plumbing::try_execute_query::<rustc_query_impl::DynamicConfig<rustc_query_system::query::caches::DefaultCache<rustc_middle::ty::ParamEnvAnd<rustc_middle::ty::Ty>, rustc_middle::query::erase::Erased<[u8; 16]>>, false, true, false>, rustc_query_impl::plumbing::QueryCtxt, true>
        21: rustc_query_impl::query_impl::layout_of::get_query_incr::__rust_end_short_backtrace
        22: rustc_middle::query::plumbing::query_get_at::<rustc_query_system::query::caches::DefaultCache<rustc_middle::ty::ParamEnvAnd<rustc_middle::ty::Ty>, rustc_middle::query::erase::Erased<[u8; 16]>>>
        23: rustc_ty_utils::layout::layout_of
        24: rustc_query_impl::plumbing::__rust_begin_short_backtrace::<rustc_query_impl::query_impl::layout_of::dynamic_query::{closure#2}::{closure#0}, rustc_middle::query::erase::Erased<[u8; 16]>>
        25: rustc_query_system::query::plumbing::try_execute_query::<rustc_query_impl::DynamicConfig<rustc_query_system::query::caches::DefaultCache<rustc_middle::ty::ParamEnvAnd<rustc_middle::ty::Ty>, rustc_middle::query::erase::Erased<[u8; 16]>>, false, true, false>, rustc_query_impl::plumbing::QueryCtxt, true>
        26: rustc_query_impl::query_impl::layout_of::get_query_incr::__rust_end_short_backtrace
        27: <rustc_mir_transform::const_prop::CanConstProp>::check
        28: <rustc_mir_transform::const_prop_lint::ConstProp as rustc_mir_transform::pass_manager::MirLint>::run_lint
        29: rustc_mir_transform::mir_drops_elaborated_and_const_checked
        30: rustc_query_impl::plumbing::__rust_begin_short_backtrace::<rustc_query_impl::query_impl::mir_drops_elaborated_and_const_checked::dynamic_query::{closure#2}::{closure#0}, rustc_middle::query::erase::Erased<[u8; 8]>>
        31: <rustc_query_impl::query_impl::mir_drops_elaborated_and_const_checked::dynamic_query::{closure#2} as core::ops::function::FnOnce<(rustc_middle::ty::context::TyCtxt, rustc_span::def_id::LocalDefId)>>::call_once
        32: rustc_query_system::query::plumbing::try_execute_query::<rustc_query_impl::DynamicConfig<rustc_query_system::query::caches::VecCache<rustc_span::def_id::LocalDefId, rustc_middle::query::erase::Erased<[u8; 8]>>, false, false, false>, rustc_query_impl::plumbing::QueryCtxt, true>
        33: rustc_query_impl::query_impl::mir_drops_elaborated_and_const_checked::get_query_incr::__rust_end_short_backtrace
        34: <rustc_session::session::Session>::time::<(), rustc_interface::passes::analysis::{closure#2}>
        35: rustc_interface::passes::analysis
        36: rustc_query_impl::plumbing::__rust_begin_short_backtrace::<rustc_query_impl::query_impl::analysis::dynamic_query::{closure#2}::{closure#0}, rustc_middle::query::erase::Erased<[u8; 1]>>
        37: <rustc_query_impl::query_impl::analysis::dynamic_query::{closure#2} as core::ops::function::FnOnce<(rustc_middle::ty::context::TyCtxt, ())>>::call_once
        38: rustc_query_system::query::plumbing::try_execute_query::<rustc_query_impl::DynamicConfig<rustc_query_system::query::caches::SingleCache<rustc_middle::query::erase::Erased<[u8; 1]>>, false, false, false>, rustc_query_impl::plumbing::QueryCtxt, true>
        39: rustc_query_impl::query_impl::analysis::get_query_incr::__rust_end_short_backtrace
        40: <rustc_middle::ty::context::GlobalCtxt>::enter::<rustc_driver_impl::run_compiler::{closure#1}::{closure#2}::{closure#6}, core::result::Result<(), rustc_span::ErrorGuaranteed>>
        41: rustc_span::set_source_map::<core::result::Result<(), rustc_span::ErrorGuaranteed>, rustc_interface::interface::run_compiler<core::result::Result<(), rustc_span::ErrorGuaranteed>, rustc_driver_impl::run_compiler::{closure#1}>::{closure#0}::{closure#0}>
        42: std::sys_common::backtrace::__rust_begin_short_backtrace::<rustc_interface::util::run_in_thread_with_globals<rustc_interface::interface::run_compiler<core::result::Result<(), rustc_span::ErrorGuaranteed>, rustc_driver_impl::run_compiler::{closure#1}>::{closure#0}, core::result::Result<(), rustc_span::ErrorGuaranteed>>::{closure#0}::{closure#0}, core::result::Result<(), rustc_span::ErrorGuaranteed>>
        43: <<std::thread::Builder>::spawn_unchecked_<rustc_interface::util::run_in_thread_with_globals<rustc_interface::interface::run_compiler<core::result::Result<(), rustc_span::ErrorGuaranteed>, rustc_driver_impl::run_compiler::{closure#1}>::{closure#0}, core::result::Result<(), rustc_span::ErrorGuaranteed>>::{closure#0}::{closure#0}, core::result::Result<(), rustc_span::ErrorGuaranteed>>::{closure#1} as core::ops::function::FnOnce<()>>::call_once::{shim:vtable#0}
        44: <alloc::boxed::Box<F,A> as core::ops::function::FnOnce<Args>>::call_once
                   at /rustc/3223b0b5e8dadda3f76c3fd1a8d6c5addc09599e/library/alloc/src/boxed.rs:2007:9
        45: <alloc::boxed::Box<F,A> as core::ops::function::FnOnce<Args>>::call_once
                   at /rustc/3223b0b5e8dadda3f76c3fd1a8d6c5addc09599e/library/alloc/src/boxed.rs:2007:9
        46: std::sys::unix::thread::Thread::new::thread_start
                   at /rustc/3223b0b5e8dadda3f76c3fd1a8d6c5addc09599e/library/std/src/sys/unix/thread.rs:108:17
        47: start_thread
                   at ./nptl/pthread_create.c:442:8
        48: __GI___clone3
                   at ./misc/../sysdeps/unix/sysv/linux/x86_64/clone3.S:81
  --> src/main.rs:13:1
   |
13 | }
   | ^

error: internal compiler error: broken MIR in Item(DefId(0:6 ~ bug_116079[3896]::fun::{closure#0})) (before pass SimplifyCfg-early-opt) at bb21[0]:
                                use of local _8, which has no storage here
  --> src/main.rs:13:1
   |
13 | }
   | ^
   |
note: delayed at compiler/rustc_const_eval/src/transform/validate.rs:308:22
         0: <rustc_errors::HandlerInner>::emit_diagnostic
         1: <rustc_errors::Handler>::delay_span_bug::<rustc_span::span_encoding::Span, alloc::string::String>
         2: <rustc_const_eval::transform::validate::CfgChecker>::fail::<alloc::string::String>
         3: <rustc_const_eval::transform::validate::CfgChecker as rustc_middle::mir::visit::Visitor>::visit_terminator
         4: <rustc_const_eval::transform::validate::Validator as rustc_middle::mir::MirPass>::run_pass
         5: rustc_mir_transform::pass_manager::validate_body
         6: rustc_mir_transform::mir_drops_elaborated_and_const_checked
         7: rustc_query_impl::plumbing::__rust_begin_short_backtrace::<rustc_query_impl::query_impl::mir_drops_elaborated_and_const_checked::dynamic_query::{closure#2}::{closure#0}, rustc_middle::query::erase::Erased<[u8; 8]>>
         8: <rustc_query_impl::query_impl::mir_drops_elaborated_and_const_checked::dynamic_query::{closure#2} as core::ops::function::FnOnce<(rustc_middle::ty::context::TyCtxt, rustc_span::def_id::LocalDefId)>>::call_once
         9: rustc_query_system::query::plumbing::try_execute_query::<rustc_query_impl::DynamicConfig<rustc_query_system::query::caches::VecCache<rustc_span::def_id::LocalDefId, rustc_middle::query::erase::Erased<[u8; 8]>>, false, false, false>, rustc_query_impl::plumbing::QueryCtxt, true>
        10: rustc_query_impl::query_impl::mir_drops_elaborated_and_const_checked::get_query_incr::__rust_end_short_backtrace
        11: rustc_mir_transform::optimized_mir
        12: rustc_query_impl::plumbing::__rust_begin_short_backtrace::<rustc_query_impl::query_impl::optimized_mir::dynamic_query::{closure#2}::{closure#0}, rustc_middle::query::erase::Erased<[u8; 8]>>
        13: <rustc_query_impl::query_impl::optimized_mir::dynamic_query::{closure#2} as core::ops::function::FnOnce<(rustc_middle::ty::context::TyCtxt, rustc_span::def_id::DefId)>>::call_once
        14: rustc_query_system::query::plumbing::try_execute_query::<rustc_query_impl::DynamicConfig<rustc_query_system::query::caches::DefaultCache<rustc_span::def_id::DefId, rustc_middle::query::erase::Erased<[u8; 8]>>, false, false, false>, rustc_query_impl::plumbing::QueryCtxt, true>
        15: rustc_query_impl::query_impl::optimized_mir::get_query_incr::__rust_end_short_backtrace
        16: rustc_middle::query::plumbing::query_get_at::<rustc_query_system::query::caches::DefaultCache<rustc_span::def_id::DefId, rustc_middle::query::erase::Erased<[u8; 8]>>>
        17: <rustc_middle::ty::context::TyCtxt>::generator_layout
        18: rustc_ty_utils::layout::layout_of
        19: rustc_query_impl::plumbing::__rust_begin_short_backtrace::<rustc_query_impl::query_impl::layout_of::dynamic_query::{closure#2}::{closure#0}, rustc_middle::query::erase::Erased<[u8; 16]>>
        20: rustc_query_system::query::plumbing::try_execute_query::<rustc_query_impl::DynamicConfig<rustc_query_system::query::caches::DefaultCache<rustc_middle::ty::ParamEnvAnd<rustc_middle::ty::Ty>, rustc_middle::query::erase::Erased<[u8; 16]>>, false, true, false>, rustc_query_impl::plumbing::QueryCtxt, true>
        21: rustc_query_impl::query_impl::layout_of::get_query_incr::__rust_end_short_backtrace
        22: rustc_middle::query::plumbing::query_get_at::<rustc_query_system::query::caches::DefaultCache<rustc_middle::ty::ParamEnvAnd<rustc_middle::ty::Ty>, rustc_middle::query::erase::Erased<[u8; 16]>>>
        23: rustc_ty_utils::layout::layout_of
        24: rustc_query_impl::plumbing::__rust_begin_short_backtrace::<rustc_query_impl::query_impl::layout_of::dynamic_query::{closure#2}::{closure#0}, rustc_middle::query::erase::Erased<[u8; 16]>>
        25: rustc_query_system::query::plumbing::try_execute_query::<rustc_query_impl::DynamicConfig<rustc_query_system::query::caches::DefaultCache<rustc_middle::ty::ParamEnvAnd<rustc_middle::ty::Ty>, rustc_middle::query::erase::Erased<[u8; 16]>>, false, true, false>, rustc_query_impl::plumbing::QueryCtxt, true>
        26: rustc_query_impl::query_impl::layout_of::get_query_incr::__rust_end_short_backtrace
        27: <rustc_mir_transform::const_prop::CanConstProp>::check
        28: <rustc_mir_transform::const_prop_lint::ConstProp as rustc_mir_transform::pass_manager::MirLint>::run_lint
        29: rustc_mir_transform::mir_drops_elaborated_and_const_checked
        30: rustc_query_impl::plumbing::__rust_begin_short_backtrace::<rustc_query_impl::query_impl::mir_drops_elaborated_and_const_checked::dynamic_query::{closure#2}::{closure#0}, rustc_middle::query::erase::Erased<[u8; 8]>>
        31: <rustc_query_impl::query_impl::mir_drops_elaborated_and_const_checked::dynamic_query::{closure#2} as core::ops::function::FnOnce<(rustc_middle::ty::context::TyCtxt, rustc_span::def_id::LocalDefId)>>::call_once
        32: rustc_query_system::query::plumbing::try_execute_query::<rustc_query_impl::DynamicConfig<rustc_query_system::query::caches::VecCache<rustc_span::def_id::LocalDefId, rustc_middle::query::erase::Erased<[u8; 8]>>, false, false, false>, rustc_query_impl::plumbing::QueryCtxt, true>
        33: rustc_query_impl::query_impl::mir_drops_elaborated_and_const_checked::get_query_incr::__rust_end_short_backtrace
        34: <rustc_session::session::Session>::time::<(), rustc_interface::passes::analysis::{closure#2}>
        35: rustc_interface::passes::analysis
        36: rustc_query_impl::plumbing::__rust_begin_short_backtrace::<rustc_query_impl::query_impl::analysis::dynamic_query::{closure#2}::{closure#0}, rustc_middle::query::erase::Erased<[u8; 1]>>
        37: <rustc_query_impl::query_impl::analysis::dynamic_query::{closure#2} as core::ops::function::FnOnce<(rustc_middle::ty::context::TyCtxt, ())>>::call_once
        38: rustc_query_system::query::plumbing::try_execute_query::<rustc_query_impl::DynamicConfig<rustc_query_system::query::caches::SingleCache<rustc_middle::query::erase::Erased<[u8; 1]>>, false, false, false>, rustc_query_impl::plumbing::QueryCtxt, true>
        39: rustc_query_impl::query_impl::analysis::get_query_incr::__rust_end_short_backtrace
        40: <rustc_middle::ty::context::GlobalCtxt>::enter::<rustc_driver_impl::run_compiler::{closure#1}::{closure#2}::{closure#6}, core::result::Result<(), rustc_span::ErrorGuaranteed>>
        41: rustc_span::set_source_map::<core::result::Result<(), rustc_span::ErrorGuaranteed>, rustc_interface::interface::run_compiler<core::result::Result<(), rustc_span::ErrorGuaranteed>, rustc_driver_impl::run_compiler::{closure#1}>::{closure#0}::{closure#0}>
        42: std::sys_common::backtrace::__rust_begin_short_backtrace::<rustc_interface::util::run_in_thread_with_globals<rustc_interface::interface::run_compiler<core::result::Result<(), rustc_span::ErrorGuaranteed>, rustc_driver_impl::run_compiler::{closure#1}>::{closure#0}, core::result::Result<(), rustc_span::ErrorGuaranteed>>::{closure#0}::{closure#0}, core::result::Result<(), rustc_span::ErrorGuaranteed>>
        43: <<std::thread::Builder>::spawn_unchecked_<rustc_interface::util::run_in_thread_with_globals<rustc_interface::interface::run_compiler<core::result::Result<(), rustc_span::ErrorGuaranteed>, rustc_driver_impl::run_compiler::{closure#1}>::{closure#0}, core::result::Result<(), rustc_span::ErrorGuaranteed>>::{closure#0}::{closure#0}, core::result::Result<(), rustc_span::ErrorGuaranteed>>::{closure#1} as core::ops::function::FnOnce<()>>::call_once::{shim:vtable#0}
        44: <alloc::boxed::Box<F,A> as core::ops::function::FnOnce<Args>>::call_once
                   at /rustc/3223b0b5e8dadda3f76c3fd1a8d6c5addc09599e/library/alloc/src/boxed.rs:2007:9
        45: <alloc::boxed::Box<F,A> as core::ops::function::FnOnce<Args>>::call_once
                   at /rustc/3223b0b5e8dadda3f76c3fd1a8d6c5addc09599e/library/alloc/src/boxed.rs:2007:9
        46: std::sys::unix::thread::Thread::new::thread_start
                   at /rustc/3223b0b5e8dadda3f76c3fd1a8d6c5addc09599e/library/std/src/sys/unix/thread.rs:108:17
        47: start_thread
                   at ./nptl/pthread_create.c:442:8
        48: __GI___clone3
                   at ./misc/../sysdeps/unix/sysv/linux/x86_64/clone3.S:81
  --> src/main.rs:13:1
   |
13 | }
   | ^

error: internal compiler error: broken MIR in Item(DefId(0:6 ~ bug_116079[3896]::fun::{closure#0})) (after pass SimplifyCfg-early-opt) at bb0[3]:
                                use of local _8, which has no storage here
  --> src/main.rs:13:1
   |
13 | }
   | ^
   |
note: delayed at compiler/rustc_const_eval/src/transform/validate.rs:308:22
         0: <rustc_errors::HandlerInner>::emit_diagnostic
         1: <rustc_errors::Handler>::delay_span_bug::<rustc_span::span_encoding::Span, alloc::string::String>
         2: <rustc_const_eval::transform::validate::CfgChecker>::fail::<alloc::string::String>
         3: <rustc_const_eval::transform::validate::CfgChecker as rustc_middle::mir::visit::Visitor>::visit_terminator
         4: <rustc_const_eval::transform::validate::Validator as rustc_middle::mir::MirPass>::run_pass
         5: rustc_mir_transform::pass_manager::validate_body
         6: rustc_mir_transform::mir_drops_elaborated_and_const_checked
         7: rustc_query_impl::plumbing::__rust_begin_short_backtrace::<rustc_query_impl::query_impl::mir_drops_elaborated_and_const_checked::dynamic_query::{closure#2}::{closure#0}, rustc_middle::query::erase::Erased<[u8; 8]>>
         8: <rustc_query_impl::query_impl::mir_drops_elaborated_and_const_checked::dynamic_query::{closure#2} as core::ops::function::FnOnce<(rustc_middle::ty::context::TyCtxt, rustc_span::def_id::LocalDefId)>>::call_once
         9: rustc_query_system::query::plumbing::try_execute_query::<rustc_query_impl::DynamicConfig<rustc_query_system::query::caches::VecCache<rustc_span::def_id::LocalDefId, rustc_middle::query::erase::Erased<[u8; 8]>>, false, false, false>, rustc_query_impl::plumbing::QueryCtxt, true>
        10: rustc_query_impl::query_impl::mir_drops_elaborated_and_const_checked::get_query_incr::__rust_end_short_backtrace
        11: rustc_mir_transform::optimized_mir
        12: rustc_query_impl::plumbing::__rust_begin_short_backtrace::<rustc_query_impl::query_impl::optimized_mir::dynamic_query::{closure#2}::{closure#0}, rustc_middle::query::erase::Erased<[u8; 8]>>
        13: <rustc_query_impl::query_impl::optimized_mir::dynamic_query::{closure#2} as core::ops::function::FnOnce<(rustc_middle::ty::context::TyCtxt, rustc_span::def_id::DefId)>>::call_once
        14: rustc_query_system::query::plumbing::try_execute_query::<rustc_query_impl::DynamicConfig<rustc_query_system::query::caches::DefaultCache<rustc_span::def_id::DefId, rustc_middle::query::erase::Erased<[u8; 8]>>, false, false, false>, rustc_query_impl::plumbing::QueryCtxt, true>
        15: rustc_query_impl::query_impl::optimized_mir::get_query_incr::__rust_end_short_backtrace
        16: rustc_middle::query::plumbing::query_get_at::<rustc_query_system::query::caches::DefaultCache<rustc_span::def_id::DefId, rustc_middle::query::erase::Erased<[u8; 8]>>>
        17: <rustc_middle::ty::context::TyCtxt>::generator_layout
        18: rustc_ty_utils::layout::layout_of
        19: rustc_query_impl::plumbing::__rust_begin_short_backtrace::<rustc_query_impl::query_impl::layout_of::dynamic_query::{closure#2}::{closure#0}, rustc_middle::query::erase::Erased<[u8; 16]>>
        20: rustc_query_system::query::plumbing::try_execute_query::<rustc_query_impl::DynamicConfig<rustc_query_system::query::caches::DefaultCache<rustc_middle::ty::ParamEnvAnd<rustc_middle::ty::Ty>, rustc_middle::query::erase::Erased<[u8; 16]>>, false, true, false>, rustc_query_impl::plumbing::QueryCtxt, true>
        21: rustc_query_impl::query_impl::layout_of::get_query_incr::__rust_end_short_backtrace
        22: rustc_middle::query::plumbing::query_get_at::<rustc_query_system::query::caches::DefaultCache<rustc_middle::ty::ParamEnvAnd<rustc_middle::ty::Ty>, rustc_middle::query::erase::Erased<[u8; 16]>>>
        23: rustc_ty_utils::layout::layout_of
        24: rustc_query_impl::plumbing::__rust_begin_short_backtrace::<rustc_query_impl::query_impl::layout_of::dynamic_query::{closure#2}::{closure#0}, rustc_middle::query::erase::Erased<[u8; 16]>>
        25: rustc_query_system::query::plumbing::try_execute_query::<rustc_query_impl::DynamicConfig<rustc_query_system::query::caches::DefaultCache<rustc_middle::ty::ParamEnvAnd<rustc_middle::ty::Ty>, rustc_middle::query::erase::Erased<[u8; 16]>>, false, true, false>, rustc_query_impl::plumbing::QueryCtxt, true>
        26: rustc_query_impl::query_impl::layout_of::get_query_incr::__rust_end_short_backtrace
        27: <rustc_mir_transform::const_prop::CanConstProp>::check
        28: <rustc_mir_transform::const_prop_lint::ConstProp as rustc_mir_transform::pass_manager::MirLint>::run_lint
        29: rustc_mir_transform::mir_drops_elaborated_and_const_checked
        30: rustc_query_impl::plumbing::__rust_begin_short_backtrace::<rustc_query_impl::query_impl::mir_drops_elaborated_and_const_checked::dynamic_query::{closure#2}::{closure#0}, rustc_middle::query::erase::Erased<[u8; 8]>>
        31: <rustc_query_impl::query_impl::mir_drops_elaborated_and_const_checked::dynamic_query::{closure#2} as core::ops::function::FnOnce<(rustc_middle::ty::context::TyCtxt, rustc_span::def_id::LocalDefId)>>::call_once
        32: rustc_query_system::query::plumbing::try_execute_query::<rustc_query_impl::DynamicConfig<rustc_query_system::query::caches::VecCache<rustc_span::def_id::LocalDefId, rustc_middle::query::erase::Erased<[u8; 8]>>, false, false, false>, rustc_query_impl::plumbing::QueryCtxt, true>
        33: rustc_query_impl::query_impl::mir_drops_elaborated_and_const_checked::get_query_incr::__rust_end_short_backtrace
        34: <rustc_session::session::Session>::time::<(), rustc_interface::passes::analysis::{closure#2}>
        35: rustc_interface::passes::analysis
        36: rustc_query_impl::plumbing::__rust_begin_short_backtrace::<rustc_query_impl::query_impl::analysis::dynamic_query::{closure#2}::{closure#0}, rustc_middle::query::erase::Erased<[u8; 1]>>
        37: <rustc_query_impl::query_impl::analysis::dynamic_query::{closure#2} as core::ops::function::FnOnce<(rustc_middle::ty::context::TyCtxt, ())>>::call_once
        38: rustc_query_system::query::plumbing::try_execute_query::<rustc_query_impl::DynamicConfig<rustc_query_system::query::caches::SingleCache<rustc_middle::query::erase::Erased<[u8; 1]>>, false, false, false>, rustc_query_impl::plumbing::QueryCtxt, true>
        39: rustc_query_impl::query_impl::analysis::get_query_incr::__rust_end_short_backtrace
        40: <rustc_middle::ty::context::GlobalCtxt>::enter::<rustc_driver_impl::run_compiler::{closure#1}::{closure#2}::{closure#6}, core::result::Result<(), rustc_span::ErrorGuaranteed>>
        41: rustc_span::set_source_map::<core::result::Result<(), rustc_span::ErrorGuaranteed>, rustc_interface::interface::run_compiler<core::result::Result<(), rustc_span::ErrorGuaranteed>, rustc_driver_impl::run_compiler::{closure#1}>::{closure#0}::{closure#0}>
        42: std::sys_common::backtrace::__rust_begin_short_backtrace::<rustc_interface::util::run_in_thread_with_globals<rustc_interface::interface::run_compiler<core::result::Result<(), rustc_span::ErrorGuaranteed>, rustc_driver_impl::run_compiler::{closure#1}>::{closure#0}, core::result::Result<(), rustc_span::ErrorGuaranteed>>::{closure#0}::{closure#0}, core::result::Result<(), rustc_span::ErrorGuaranteed>>
        43: <<std::thread::Builder>::spawn_unchecked_<rustc_interface::util::run_in_thread_with_globals<rustc_interface::interface::run_compiler<core::result::Result<(), rustc_span::ErrorGuaranteed>, rustc_driver_impl::run_compiler::{closure#1}>::{closure#0}, core::result::Result<(), rustc_span::ErrorGuaranteed>>::{closure#0}::{closure#0}, core::result::Result<(), rustc_span::ErrorGuaranteed>>::{closure#1} as core::ops::function::FnOnce<()>>::call_once::{shim:vtable#0}
        44: <alloc::boxed::Box<F,A> as core::ops::function::FnOnce<Args>>::call_once
                   at /rustc/3223b0b5e8dadda3f76c3fd1a8d6c5addc09599e/library/alloc/src/boxed.rs:2007:9
        45: <alloc::boxed::Box<F,A> as core::ops::function::FnOnce<Args>>::call_once
                   at /rustc/3223b0b5e8dadda3f76c3fd1a8d6c5addc09599e/library/alloc/src/boxed.rs:2007:9
        46: std::sys::unix::thread::Thread::new::thread_start
                   at /rustc/3223b0b5e8dadda3f76c3fd1a8d6c5addc09599e/library/std/src/sys/unix/thread.rs:108:17
        47: start_thread
                   at ./nptl/pthread_create.c:442:8
        48: __GI___clone3
                   at ./misc/../sysdeps/unix/sysv/linux/x86_64/clone3.S:81
  --> src/main.rs:13:1
   |
13 | }
   | ^

error: internal compiler error: broken MIR in Item(DefId(0:6 ~ bug_116079[3896]::fun::{closure#0})) (before pass Derefer) at bb0[3]:
                                use of local _8, which has no storage here
  --> src/main.rs:13:1
   |
13 | }
   | ^
   |
note: delayed at compiler/rustc_const_eval/src/transform/validate.rs:308:22
         0: <rustc_errors::HandlerInner>::emit_diagnostic
         1: <rustc_errors::Handler>::delay_span_bug::<rustc_span::span_encoding::Span, alloc::string::String>
         2: <rustc_const_eval::transform::validate::CfgChecker>::fail::<alloc::string::String>
         3: <rustc_const_eval::transform::validate::CfgChecker as rustc_middle::mir::visit::Visitor>::visit_terminator
         4: <rustc_const_eval::transform::validate::Validator as rustc_middle::mir::MirPass>::run_pass
         5: rustc_mir_transform::pass_manager::validate_body
         6: rustc_mir_transform::mir_drops_elaborated_and_const_checked
         7: rustc_query_impl::plumbing::__rust_begin_short_backtrace::<rustc_query_impl::query_impl::mir_drops_elaborated_and_const_checked::dynamic_query::{closure#2}::{closure#0}, rustc_middle::query::erase::Erased<[u8; 8]>>
         8: <rustc_query_impl::query_impl::mir_drops_elaborated_and_const_checked::dynamic_query::{closure#2} as core::ops::function::FnOnce<(rustc_middle::ty::context::TyCtxt, rustc_span::def_id::LocalDefId)>>::call_once
         9: rustc_query_system::query::plumbing::try_execute_query::<rustc_query_impl::DynamicConfig<rustc_query_system::query::caches::VecCache<rustc_span::def_id::LocalDefId, rustc_middle::query::erase::Erased<[u8; 8]>>, false, false, false>, rustc_query_impl::plumbing::QueryCtxt, true>
        10: rustc_query_impl::query_impl::mir_drops_elaborated_and_const_checked::get_query_incr::__rust_end_short_backtrace
        11: rustc_mir_transform::optimized_mir
        12: rustc_query_impl::plumbing::__rust_begin_short_backtrace::<rustc_query_impl::query_impl::optimized_mir::dynamic_query::{closure#2}::{closure#0}, rustc_middle::query::erase::Erased<[u8; 8]>>
        13: <rustc_query_impl::query_impl::optimized_mir::dynamic_query::{closure#2} as core::ops::function::FnOnce<(rustc_middle::ty::context::TyCtxt, rustc_span::def_id::DefId)>>::call_once
        14: rustc_query_system::query::plumbing::try_execute_query::<rustc_query_impl::DynamicConfig<rustc_query_system::query::caches::DefaultCache<rustc_span::def_id::DefId, rustc_middle::query::erase::Erased<[u8; 8]>>, false, false, false>, rustc_query_impl::plumbing::QueryCtxt, true>
        15: rustc_query_impl::query_impl::optimized_mir::get_query_incr::__rust_end_short_backtrace
        16: rustc_middle::query::plumbing::query_get_at::<rustc_query_system::query::caches::DefaultCache<rustc_span::def_id::DefId, rustc_middle::query::erase::Erased<[u8; 8]>>>
        17: <rustc_middle::ty::context::TyCtxt>::generator_layout
        18: rustc_ty_utils::layout::layout_of
        19: rustc_query_impl::plumbing::__rust_begin_short_backtrace::<rustc_query_impl::query_impl::layout_of::dynamic_query::{closure#2}::{closure#0}, rustc_middle::query::erase::Erased<[u8; 16]>>
        20: rustc_query_system::query::plumbing::try_execute_query::<rustc_query_impl::DynamicConfig<rustc_query_system::query::caches::DefaultCache<rustc_middle::ty::ParamEnvAnd<rustc_middle::ty::Ty>, rustc_middle::query::erase::Erased<[u8; 16]>>, false, true, false>, rustc_query_impl::plumbing::QueryCtxt, true>
        21: rustc_query_impl::query_impl::layout_of::get_query_incr::__rust_end_short_backtrace
        22: rustc_middle::query::plumbing::query_get_at::<rustc_query_system::query::caches::DefaultCache<rustc_middle::ty::ParamEnvAnd<rustc_middle::ty::Ty>, rustc_middle::query::erase::Erased<[u8; 16]>>>
        23: rustc_ty_utils::layout::layout_of
        24: rustc_query_impl::plumbing::__rust_begin_short_backtrace::<rustc_query_impl::query_impl::layout_of::dynamic_query::{closure#2}::{closure#0}, rustc_middle::query::erase::Erased<[u8; 16]>>
        25: rustc_query_system::query::plumbing::try_execute_query::<rustc_query_impl::DynamicConfig<rustc_query_system::query::caches::DefaultCache<rustc_middle::ty::ParamEnvAnd<rustc_middle::ty::Ty>, rustc_middle::query::erase::Erased<[u8; 16]>>, false, true, false>, rustc_query_impl::plumbing::QueryCtxt, true>
        26: rustc_query_impl::query_impl::layout_of::get_query_incr::__rust_end_short_backtrace
        27: <rustc_mir_transform::const_prop::CanConstProp>::check
        28: <rustc_mir_transform::const_prop_lint::ConstProp as rustc_mir_transform::pass_manager::MirLint>::run_lint
        29: rustc_mir_transform::mir_drops_elaborated_and_const_checked
        30: rustc_query_impl::plumbing::__rust_begin_short_backtrace::<rustc_query_impl::query_impl::mir_drops_elaborated_and_const_checked::dynamic_query::{closure#2}::{closure#0}, rustc_middle::query::erase::Erased<[u8; 8]>>
        31: <rustc_query_impl::query_impl::mir_drops_elaborated_and_const_checked::dynamic_query::{closure#2} as core::ops::function::FnOnce<(rustc_middle::ty::context::TyCtxt, rustc_span::def_id::LocalDefId)>>::call_once
        32: rustc_query_system::query::plumbing::try_execute_query::<rustc_query_impl::DynamicConfig<rustc_query_system::query::caches::VecCache<rustc_span::def_id::LocalDefId, rustc_middle::query::erase::Erased<[u8; 8]>>, false, false, false>, rustc_query_impl::plumbing::QueryCtxt, true>
        33: rustc_query_impl::query_impl::mir_drops_elaborated_and_const_checked::get_query_incr::__rust_end_short_backtrace
        34: <rustc_session::session::Session>::time::<(), rustc_interface::passes::analysis::{closure#2}>
        35: rustc_interface::passes::analysis
        36: rustc_query_impl::plumbing::__rust_begin_short_backtrace::<rustc_query_impl::query_impl::analysis::dynamic_query::{closure#2}::{closure#0}, rustc_middle::query::erase::Erased<[u8; 1]>>
        37: <rustc_query_impl::query_impl::analysis::dynamic_query::{closure#2} as core::ops::function::FnOnce<(rustc_middle::ty::context::TyCtxt, ())>>::call_once
        38: rustc_query_system::query::plumbing::try_execute_query::<rustc_query_impl::DynamicConfig<rustc_query_system::query::caches::SingleCache<rustc_middle::query::erase::Erased<[u8; 1]>>, false, false, false>, rustc_query_impl::plumbing::QueryCtxt, true>
        39: rustc_query_impl::query_impl::analysis::get_query_incr::__rust_end_short_backtrace
        40: <rustc_middle::ty::context::GlobalCtxt>::enter::<rustc_driver_impl::run_compiler::{closure#1}::{closure#2}::{closure#6}, core::result::Result<(), rustc_span::ErrorGuaranteed>>
        41: rustc_span::set_source_map::<core::result::Result<(), rustc_span::ErrorGuaranteed>, rustc_interface::interface::run_compiler<core::result::Result<(), rustc_span::ErrorGuaranteed>, rustc_driver_impl::run_compiler::{closure#1}>::{closure#0}::{closure#0}>
        42: std::sys_common::backtrace::__rust_begin_short_backtrace::<rustc_interface::util::run_in_thread_with_globals<rustc_interface::interface::run_compiler<core::result::Result<(), rustc_span::ErrorGuaranteed>, rustc_driver_impl::run_compiler::{closure#1}>::{closure#0}, core::result::Result<(), rustc_span::ErrorGuaranteed>>::{closure#0}::{closure#0}, core::result::Result<(), rustc_span::ErrorGuaranteed>>
        43: <<std::thread::Builder>::spawn_unchecked_<rustc_interface::util::run_in_thread_with_globals<rustc_interface::interface::run_compiler<core::result::Result<(), rustc_span::ErrorGuaranteed>, rustc_driver_impl::run_compiler::{closure#1}>::{closure#0}, core::result::Result<(), rustc_span::ErrorGuaranteed>>::{closure#0}::{closure#0}, core::result::Result<(), rustc_span::ErrorGuaranteed>>::{closure#1} as core::ops::function::FnOnce<()>>::call_once::{shim:vtable#0}
        44: <alloc::boxed::Box<F,A> as core::ops::function::FnOnce<Args>>::call_once
                   at /rustc/3223b0b5e8dadda3f76c3fd1a8d6c5addc09599e/library/alloc/src/boxed.rs:2007:9
        45: <alloc::boxed::Box<F,A> as core::ops::function::FnOnce<Args>>::call_once
                   at /rustc/3223b0b5e8dadda3f76c3fd1a8d6c5addc09599e/library/alloc/src/boxed.rs:2007:9
        46: std::sys::unix::thread::Thread::new::thread_start
                   at /rustc/3223b0b5e8dadda3f76c3fd1a8d6c5addc09599e/library/std/src/sys/unix/thread.rs:108:17
        47: start_thread
                   at ./nptl/pthread_create.c:442:8
        48: __GI___clone3
                   at ./misc/../sysdeps/unix/sysv/linux/x86_64/clone3.S:81
  --> src/main.rs:13:1
   |
13 | }
   | ^

error: internal compiler error: broken MIR in Item(DefId(0:6 ~ bug_116079[3896]::fun::{closure#0})) (after pass Derefer) at bb0[3]:
                                use of local _8, which has no storage here
  --> src/main.rs:13:1
   |
13 | }
   | ^
   |
note: delayed at compiler/rustc_const_eval/src/transform/validate.rs:308:22
         0: <rustc_errors::HandlerInner>::emit_diagnostic
         1: <rustc_errors::Handler>::delay_span_bug::<rustc_span::span_encoding::Span, alloc::string::String>
         2: <rustc_const_eval::transform::validate::CfgChecker>::fail::<alloc::string::String>
         3: <rustc_const_eval::transform::validate::CfgChecker as rustc_middle::mir::visit::Visitor>::visit_terminator
         4: <rustc_const_eval::transform::validate::Validator as rustc_middle::mir::MirPass>::run_pass
         5: rustc_mir_transform::pass_manager::validate_body
         6: rustc_mir_transform::mir_drops_elaborated_and_const_checked
         7: rustc_query_impl::plumbing::__rust_begin_short_backtrace::<rustc_query_impl::query_impl::mir_drops_elaborated_and_const_checked::dynamic_query::{closure#2}::{closure#0}, rustc_middle::query::erase::Erased<[u8; 8]>>
         8: <rustc_query_impl::query_impl::mir_drops_elaborated_and_const_checked::dynamic_query::{closure#2} as core::ops::function::FnOnce<(rustc_middle::ty::context::TyCtxt, rustc_span::def_id::LocalDefId)>>::call_once
         9: rustc_query_system::query::plumbing::try_execute_query::<rustc_query_impl::DynamicConfig<rustc_query_system::query::caches::VecCache<rustc_span::def_id::LocalDefId, rustc_middle::query::erase::Erased<[u8; 8]>>, false, false, false>, rustc_query_impl::plumbing::QueryCtxt, true>
        10: rustc_query_impl::query_impl::mir_drops_elaborated_and_const_checked::get_query_incr::__rust_end_short_backtrace
        11: rustc_mir_transform::optimized_mir
        12: rustc_query_impl::plumbing::__rust_begin_short_backtrace::<rustc_query_impl::query_impl::optimized_mir::dynamic_query::{closure#2}::{closure#0}, rustc_middle::query::erase::Erased<[u8; 8]>>
        13: <rustc_query_impl::query_impl::optimized_mir::dynamic_query::{closure#2} as core::ops::function::FnOnce<(rustc_middle::ty::context::TyCtxt, rustc_span::def_id::DefId)>>::call_once
        14: rustc_query_system::query::plumbing::try_execute_query::<rustc_query_impl::DynamicConfig<rustc_query_system::query::caches::DefaultCache<rustc_span::def_id::DefId, rustc_middle::query::erase::Erased<[u8; 8]>>, false, false, false>, rustc_query_impl::plumbing::QueryCtxt, true>
        15: rustc_query_impl::query_impl::optimized_mir::get_query_incr::__rust_end_short_backtrace
        16: rustc_middle::query::plumbing::query_get_at::<rustc_query_system::query::caches::DefaultCache<rustc_span::def_id::DefId, rustc_middle::query::erase::Erased<[u8; 8]>>>
        17: <rustc_middle::ty::context::TyCtxt>::generator_layout
        18: rustc_ty_utils::layout::layout_of
        19: rustc_query_impl::plumbing::__rust_begin_short_backtrace::<rustc_query_impl::query_impl::layout_of::dynamic_query::{closure#2}::{closure#0}, rustc_middle::query::erase::Erased<[u8; 16]>>
        20: rustc_query_system::query::plumbing::try_execute_query::<rustc_query_impl::DynamicConfig<rustc_query_system::query::caches::DefaultCache<rustc_middle::ty::ParamEnvAnd<rustc_middle::ty::Ty>, rustc_middle::query::erase::Erased<[u8; 16]>>, false, true, false>, rustc_query_impl::plumbing::QueryCtxt, true>
        21: rustc_query_impl::query_impl::layout_of::get_query_incr::__rust_end_short_backtrace
        22: rustc_middle::query::plumbing::query_get_at::<rustc_query_system::query::caches::DefaultCache<rustc_middle::ty::ParamEnvAnd<rustc_middle::ty::Ty>, rustc_middle::query::erase::Erased<[u8; 16]>>>
        23: rustc_ty_utils::layout::layout_of
        24: rustc_query_impl::plumbing::__rust_begin_short_backtrace::<rustc_query_impl::query_impl::layout_of::dynamic_query::{closure#2}::{closure#0}, rustc_middle::query::erase::Erased<[u8; 16]>>
        25: rustc_query_system::query::plumbing::try_execute_query::<rustc_query_impl::DynamicConfig<rustc_query_system::query::caches::DefaultCache<rustc_middle::ty::ParamEnvAnd<rustc_middle::ty::Ty>, rustc_middle::query::erase::Erased<[u8; 16]>>, false, true, false>, rustc_query_impl::plumbing::QueryCtxt, true>
        26: rustc_query_impl::query_impl::layout_of::get_query_incr::__rust_end_short_backtrace
        27: <rustc_mir_transform::const_prop::CanConstProp>::check
        28: <rustc_mir_transform::const_prop_lint::ConstProp as rustc_mir_transform::pass_manager::MirLint>::run_lint
        29: rustc_mir_transform::mir_drops_elaborated_and_const_checked
        30: rustc_query_impl::plumbing::__rust_begin_short_backtrace::<rustc_query_impl::query_impl::mir_drops_elaborated_and_const_checked::dynamic_query::{closure#2}::{closure#0}, rustc_middle::query::erase::Erased<[u8; 8]>>
        31: <rustc_query_impl::query_impl::mir_drops_elaborated_and_const_checked::dynamic_query::{closure#2} as core::ops::function::FnOnce<(rustc_middle::ty::context::TyCtxt, rustc_span::def_id::LocalDefId)>>::call_once
        32: rustc_query_system::query::plumbing::try_execute_query::<rustc_query_impl::DynamicConfig<rustc_query_system::query::caches::VecCache<rustc_span::def_id::LocalDefId, rustc_middle::query::erase::Erased<[u8; 8]>>, false, false, false>, rustc_query_impl::plumbing::QueryCtxt, true>
        33: rustc_query_impl::query_impl::mir_drops_elaborated_and_const_checked::get_query_incr::__rust_end_short_backtrace
        34: <rustc_session::session::Session>::time::<(), rustc_interface::passes::analysis::{closure#2}>
        35: rustc_interface::passes::analysis
        36: rustc_query_impl::plumbing::__rust_begin_short_backtrace::<rustc_query_impl::query_impl::analysis::dynamic_query::{closure#2}::{closure#0}, rustc_middle::query::erase::Erased<[u8; 1]>>
        37: <rustc_query_impl::query_impl::analysis::dynamic_query::{closure#2} as core::ops::function::FnOnce<(rustc_middle::ty::context::TyCtxt, ())>>::call_once
        38: rustc_query_system::query::plumbing::try_execute_query::<rustc_query_impl::DynamicConfig<rustc_query_system::query::caches::SingleCache<rustc_middle::query::erase::Erased<[u8; 1]>>, false, false, false>, rustc_query_impl::plumbing::QueryCtxt, true>
        39: rustc_query_impl::query_impl::analysis::get_query_incr::__rust_end_short_backtrace
        40: <rustc_middle::ty::context::GlobalCtxt>::enter::<rustc_driver_impl::run_compiler::{closure#1}::{closure#2}::{closure#6}, core::result::Result<(), rustc_span::ErrorGuaranteed>>
        41: rustc_span::set_source_map::<core::result::Result<(), rustc_span::ErrorGuaranteed>, rustc_interface::interface::run_compiler<core::result::Result<(), rustc_span::ErrorGuaranteed>, rustc_driver_impl::run_compiler::{closure#1}>::{closure#0}::{closure#0}>
        42: std::sys_common::backtrace::__rust_begin_short_backtrace::<rustc_interface::util::run_in_thread_with_globals<rustc_interface::interface::run_compiler<core::result::Result<(), rustc_span::ErrorGuaranteed>, rustc_driver_impl::run_compiler::{closure#1}>::{closure#0}, core::result::Result<(), rustc_span::ErrorGuaranteed>>::{closure#0}::{closure#0}, core::result::Result<(), rustc_span::ErrorGuaranteed>>
        43: <<std::thread::Builder>::spawn_unchecked_<rustc_interface::util::run_in_thread_with_globals<rustc_interface::interface::run_compiler<core::result::Result<(), rustc_span::ErrorGuaranteed>, rustc_driver_impl::run_compiler::{closure#1}>::{closure#0}, core::result::Result<(), rustc_span::ErrorGuaranteed>>::{closure#0}::{closure#0}, core::result::Result<(), rustc_span::ErrorGuaranteed>>::{closure#1} as core::ops::function::FnOnce<()>>::call_once::{shim:vtable#0}
        44: <alloc::boxed::Box<F,A> as core::ops::function::FnOnce<Args>>::call_once
                   at /rustc/3223b0b5e8dadda3f76c3fd1a8d6c5addc09599e/library/alloc/src/boxed.rs:2007:9
        45: <alloc::boxed::Box<F,A> as core::ops::function::FnOnce<Args>>::call_once
                   at /rustc/3223b0b5e8dadda3f76c3fd1a8d6c5addc09599e/library/alloc/src/boxed.rs:2007:9
        46: std::sys::unix::thread::Thread::new::thread_start
                   at /rustc/3223b0b5e8dadda3f76c3fd1a8d6c5addc09599e/library/std/src/sys/unix/thread.rs:108:17
        47: start_thread
                   at ./nptl/pthread_create.c:442:8
        48: __GI___clone3
                   at ./misc/../sysdeps/unix/sysv/linux/x86_64/clone3.S:81
  --> src/main.rs:13:1
   |
13 | }
   | ^

error: internal compiler error: broken MIR in Item(DefId(0:6 ~ bug_116079[3896]::fun::{closure#0})) (after phase change to analysis-post-cleanup) at bb0[3]:
                                use of local _8, which has no storage here
  --> src/main.rs:13:1
   |
13 | }
   | ^
   |
note: delayed at compiler/rustc_const_eval/src/transform/validate.rs:308:22
         0: <rustc_errors::HandlerInner>::emit_diagnostic
         1: <rustc_errors::Handler>::delay_span_bug::<rustc_span::span_encoding::Span, alloc::string::String>
         2: <rustc_const_eval::transform::validate::CfgChecker>::fail::<alloc::string::String>
         3: <rustc_const_eval::transform::validate::CfgChecker as rustc_middle::mir::visit::Visitor>::visit_terminator
         4: <rustc_const_eval::transform::validate::Validator as rustc_middle::mir::MirPass>::run_pass
         5: rustc_mir_transform::mir_drops_elaborated_and_const_checked
         6: rustc_query_impl::plumbing::__rust_begin_short_backtrace::<rustc_query_impl::query_impl::mir_drops_elaborated_and_const_checked::dynamic_query::{closure#2}::{closure#0}, rustc_middle::query::erase::Erased<[u8; 8]>>
         7: <rustc_query_impl::query_impl::mir_drops_elaborated_and_const_checked::dynamic_query::{closure#2} as core::ops::function::FnOnce<(rustc_middle::ty::context::TyCtxt, rustc_span::def_id::LocalDefId)>>::call_once
         8: rustc_query_system::query::plumbing::try_execute_query::<rustc_query_impl::DynamicConfig<rustc_query_system::query::caches::VecCache<rustc_span::def_id::LocalDefId, rustc_middle::query::erase::Erased<[u8; 8]>>, false, false, false>, rustc_query_impl::plumbing::QueryCtxt, true>
         9: rustc_query_impl::query_impl::mir_drops_elaborated_and_const_checked::get_query_incr::__rust_end_short_backtrace
        10: rustc_mir_transform::optimized_mir
        11: rustc_query_impl::plumbing::__rust_begin_short_backtrace::<rustc_query_impl::query_impl::optimized_mir::dynamic_query::{closure#2}::{closure#0}, rustc_middle::query::erase::Erased<[u8; 8]>>
        12: <rustc_query_impl::query_impl::optimized_mir::dynamic_query::{closure#2} as core::ops::function::FnOnce<(rustc_middle::ty::context::TyCtxt, rustc_span::def_id::DefId)>>::call_once
        13: rustc_query_system::query::plumbing::try_execute_query::<rustc_query_impl::DynamicConfig<rustc_query_system::query::caches::DefaultCache<rustc_span::def_id::DefId, rustc_middle::query::erase::Erased<[u8; 8]>>, false, false, false>, rustc_query_impl::plumbing::QueryCtxt, true>
        14: rustc_query_impl::query_impl::optimized_mir::get_query_incr::__rust_end_short_backtrace
        15: rustc_middle::query::plumbing::query_get_at::<rustc_query_system::query::caches::DefaultCache<rustc_span::def_id::DefId, rustc_middle::query::erase::Erased<[u8; 8]>>>
        16: <rustc_middle::ty::context::TyCtxt>::generator_layout
        17: rustc_ty_utils::layout::layout_of
        18: rustc_query_impl::plumbing::__rust_begin_short_backtrace::<rustc_query_impl::query_impl::layout_of::dynamic_query::{closure#2}::{closure#0}, rustc_middle::query::erase::Erased<[u8; 16]>>
        19: rustc_query_system::query::plumbing::try_execute_query::<rustc_query_impl::DynamicConfig<rustc_query_system::query::caches::DefaultCache<rustc_middle::ty::ParamEnvAnd<rustc_middle::ty::Ty>, rustc_middle::query::erase::Erased<[u8; 16]>>, false, true, false>, rustc_query_impl::plumbing::QueryCtxt, true>
        20: rustc_query_impl::query_impl::layout_of::get_query_incr::__rust_end_short_backtrace
        21: rustc_middle::query::plumbing::query_get_at::<rustc_query_system::query::caches::DefaultCache<rustc_middle::ty::ParamEnvAnd<rustc_middle::ty::Ty>, rustc_middle::query::erase::Erased<[u8; 16]>>>
        22: rustc_ty_utils::layout::layout_of
        23: rustc_query_impl::plumbing::__rust_begin_short_backtrace::<rustc_query_impl::query_impl::layout_of::dynamic_query::{closure#2}::{closure#0}, rustc_middle::query::erase::Erased<[u8; 16]>>
        24: rustc_query_system::query::plumbing::try_execute_query::<rustc_query_impl::DynamicConfig<rustc_query_system::query::caches::DefaultCache<rustc_middle::ty::ParamEnvAnd<rustc_middle::ty::Ty>, rustc_middle::query::erase::Erased<[u8; 16]>>, false, true, false>, rustc_query_impl::plumbing::QueryCtxt, true>
        25: rustc_query_impl::query_impl::layout_of::get_query_incr::__rust_end_short_backtrace
        26: <rustc_mir_transform::const_prop::CanConstProp>::check
        27: <rustc_mir_transform::const_prop_lint::ConstProp as rustc_mir_transform::pass_manager::MirLint>::run_lint
        28: rustc_mir_transform::mir_drops_elaborated_and_const_checked
        29: rustc_query_impl::plumbing::__rust_begin_short_backtrace::<rustc_query_impl::query_impl::mir_drops_elaborated_and_const_checked::dynamic_query::{closure#2}::{closure#0}, rustc_middle::query::erase::Erased<[u8; 8]>>
        30: <rustc_query_impl::query_impl::mir_drops_elaborated_and_const_checked::dynamic_query::{closure#2} as core::ops::function::FnOnce<(rustc_middle::ty::context::TyCtxt, rustc_span::def_id::LocalDefId)>>::call_once
        31: rustc_query_system::query::plumbing::try_execute_query::<rustc_query_impl::DynamicConfig<rustc_query_system::query::caches::VecCache<rustc_span::def_id::LocalDefId, rustc_middle::query::erase::Erased<[u8; 8]>>, false, false, false>, rustc_query_impl::plumbing::QueryCtxt, true>
        32: rustc_query_impl::query_impl::mir_drops_elaborated_and_const_checked::get_query_incr::__rust_end_short_backtrace
        33: <rustc_session::session::Session>::time::<(), rustc_interface::passes::analysis::{closure#2}>
        34: rustc_interface::passes::analysis
        35: rustc_query_impl::plumbing::__rust_begin_short_backtrace::<rustc_query_impl::query_impl::analysis::dynamic_query::{closure#2}::{closure#0}, rustc_middle::query::erase::Erased<[u8; 1]>>
        36: <rustc_query_impl::query_impl::analysis::dynamic_query::{closure#2} as core::ops::function::FnOnce<(rustc_middle::ty::context::TyCtxt, ())>>::call_once
        37: rustc_query_system::query::plumbing::try_execute_query::<rustc_query_impl::DynamicConfig<rustc_query_system::query::caches::SingleCache<rustc_middle::query::erase::Erased<[u8; 1]>>, false, false, false>, rustc_query_impl::plumbing::QueryCtxt, true>
        38: rustc_query_impl::query_impl::analysis::get_query_incr::__rust_end_short_backtrace
        39: <rustc_middle::ty::context::GlobalCtxt>::enter::<rustc_driver_impl::run_compiler::{closure#1}::{closure#2}::{closure#6}, core::result::Result<(), rustc_span::ErrorGuaranteed>>
        40: rustc_span::set_source_map::<core::result::Result<(), rustc_span::ErrorGuaranteed>, rustc_interface::interface::run_compiler<core::result::Result<(), rustc_span::ErrorGuaranteed>, rustc_driver_impl::run_compiler::{closure#1}>::{closure#0}::{closure#0}>
        41: std::sys_common::backtrace::__rust_begin_short_backtrace::<rustc_interface::util::run_in_thread_with_globals<rustc_interface::interface::run_compiler<core::result::Result<(), rustc_span::ErrorGuaranteed>, rustc_driver_impl::run_compiler::{closure#1}>::{closure#0}, core::result::Result<(), rustc_span::ErrorGuaranteed>>::{closure#0}::{closure#0}, core::result::Result<(), rustc_span::ErrorGuaranteed>>
        42: <<std::thread::Builder>::spawn_unchecked_<rustc_interface::util::run_in_thread_with_globals<rustc_interface::interface::run_compiler<core::result::Result<(), rustc_span::ErrorGuaranteed>, rustc_driver_impl::run_compiler::{closure#1}>::{closure#0}, core::result::Result<(), rustc_span::ErrorGuaranteed>>::{closure#0}::{closure#0}, core::result::Result<(), rustc_span::ErrorGuaranteed>>::{closure#1} as core::ops::function::FnOnce<()>>::call_once::{shim:vtable#0}
        43: <alloc::boxed::Box<F,A> as core::ops::function::FnOnce<Args>>::call_once
                   at /rustc/3223b0b5e8dadda3f76c3fd1a8d6c5addc09599e/library/alloc/src/boxed.rs:2007:9
        44: <alloc::boxed::Box<F,A> as core::ops::function::FnOnce<Args>>::call_once
                   at /rustc/3223b0b5e8dadda3f76c3fd1a8d6c5addc09599e/library/alloc/src/boxed.rs:2007:9
        45: std::sys::unix::thread::Thread::new::thread_start
                   at /rustc/3223b0b5e8dadda3f76c3fd1a8d6c5addc09599e/library/std/src/sys/unix/thread.rs:108:17
        46: start_thread
                   at ./nptl/pthread_create.c:442:8
        47: __GI___clone3
                   at ./misc/../sysdeps/unix/sysv/linux/x86_64/clone3.S:81
  --> src/main.rs:13:1
   |
13 | }
   | ^

note: we would appreciate a bug report: https://github.com/rust-lang/rust/issues/new?labels=C-bug%2C+I-ICE%2C+T-compiler&template=ice.md

note: please attach the file at `/data/zhangtianrong/projects/rustc-cbl/run/116079/rustc-ice-2026-01-17T11:46:29.502045045Z-1688598.txt` to your bug report

note: compiler flags: --crate-type bin -C embed-bitcode=no -C debuginfo=2 -C incremental=[REDACTED] -Z validate-mir -Z drop-tracking-mir=yes

note: some of the compiler flags provided by cargo are hidden

query stack during panic:
end of query stack
warning: `bug_116079` (bin "bug_116079") generated 5 warnings (run `cargo fix --bin "bug_116079"` to apply 1 suggestion)
error: could not compile `bug_116079` (bin "bug_116079"); 5 warnings emitted
------------------------------------------------------------
Return code: 101
