=== START 2026-01-17 16:54:56 ===
Bug ID: 116291
Toolchain: nightly-2023-09-29
Source: /data/zhangtianrong/projects/rustc-cbl/rustcbugs/116291
Run dir: /data/zhangtianrong/projects/rustc-cbl/run/116291
CMD: rustup run nightly-2023-09-29 cargo build RUSTFLAGS='-Zmir-opt-level=0 -Zmir-enable-passes=+Inline'
------------------------------------------------------------
   Compiling bug_116291 v0.1.0 (/data/zhangtianrong/projects/rustc-cbl/run/116291)
thread 'rustc' panicked at compiler/rustc_mir_transform/src/inline/cycle.rs:156:27:
attempted to read from stolen value: rustc_middle::mir::Body
stack backtrace:
   0:     0x77536cb6433c - std::backtrace_rs::backtrace::libunwind::trace::he564a6d7a126b7dd
                               at /rustc/7b4d9e155fec06583c763f176fc432dc779f1fc6/library/std/src/../../backtrace/src/backtrace/libunwind.rs:93:5
   1:     0x77536cb6433c - std::backtrace_rs::backtrace::trace_unsynchronized::h160c167edc3950b0
                               at /rustc/7b4d9e155fec06583c763f176fc432dc779f1fc6/library/std/src/../../backtrace/src/backtrace/mod.rs:66:5
   2:     0x77536cb6433c - std::sys_common::backtrace::_print_fmt::h39ae66f2faebb4ff
                               at /rustc/7b4d9e155fec06583c763f176fc432dc779f1fc6/library/std/src/sys_common/backtrace.rs:67:5
   3:     0x77536cb6433c - <std::sys_common::backtrace::_print::DisplayBacktrace as core::fmt::Display>::fmt::hfaf2a9c280c36ffc
                               at /rustc/7b4d9e155fec06583c763f176fc432dc779f1fc6/library/std/src/sys_common/backtrace.rs:44:22
   4:     0x77536cbc9f9c - core::fmt::rt::Argument::fmt::h6f9a131871c17597
                               at /rustc/7b4d9e155fec06583c763f176fc432dc779f1fc6/library/core/src/fmt/rt.rs:138:9
   5:     0x77536cbc9f9c - core::fmt::write::h15807fad6428438e
                               at /rustc/7b4d9e155fec06583c763f176fc432dc779f1fc6/library/core/src/fmt/mod.rs:1114:21
   6:     0x77536cb570be - std::io::Write::write_fmt::h9f30845cdbd4d47c
                               at /rustc/7b4d9e155fec06583c763f176fc432dc779f1fc6/library/std/src/io/mod.rs:1763:15
   7:     0x77536cb64124 - std::sys_common::backtrace::_print::haec2e08c5742dcfd
                               at /rustc/7b4d9e155fec06583c763f176fc432dc779f1fc6/library/std/src/sys_common/backtrace.rs:47:5
   8:     0x77536cb64124 - std::sys_common::backtrace::print::h5253f0dc0a66069e
                               at /rustc/7b4d9e155fec06583c763f176fc432dc779f1fc6/library/std/src/sys_common/backtrace.rs:34:9
   9:     0x77536cb67003 - std::panicking::default_hook::{{closure}}::hfa5c3de7d6e698cd
                               at /rustc/7b4d9e155fec06583c763f176fc432dc779f1fc6/library/std/src/panicking.rs:272:22
  10:     0x77536cb66d24 - std::panicking::default_hook::h13f4bd10a5ed0066
                               at /rustc/7b4d9e155fec06583c763f176fc432dc779f1fc6/library/std/src/panicking.rs:292:9
  11:     0x77536fcfddef - std[153d3abcc12d2737]::panicking::update_hook::<alloc[291f30f6b8016c72]::boxed::Box<rustc_driver_impl[6af7b757272042a6]::install_ice_hook::{closure#0}>>::{closure#0}
  12:     0x77536cb67831 - <alloc::boxed::Box<F,A> as core::ops::function::Fn<Args>>::call::h946077c914f85a1d
                               at /rustc/7b4d9e155fec06583c763f176fc432dc779f1fc6/library/alloc/src/boxed.rs:2021:9
  13:     0x77536cb67831 - std::panicking::rust_panic_with_hook::h257360ff8447a80f
                               at /rustc/7b4d9e155fec06583c763f176fc432dc779f1fc6/library/std/src/panicking.rs:735:13
  14:     0x77536cb675b1 - std::panicking::begin_panic_handler::{{closure}}::h70e93d996244455f
                               at /rustc/7b4d9e155fec06583c763f176fc432dc779f1fc6/library/std/src/panicking.rs:609:13
  15:     0x77536cb64866 - std::sys_common::backtrace::__rust_end_short_backtrace::h42902ddec29a9593
                               at /rustc/7b4d9e155fec06583c763f176fc432dc779f1fc6/library/std/src/sys_common/backtrace.rs:170:18
  16:     0x77536cb67302 - rust_begin_unwind
                               at /rustc/7b4d9e155fec06583c763f176fc432dc779f1fc6/library/std/src/panicking.rs:597:5
  17:     0x77536cbc6625 - core::panicking::panic_fmt::hffb879d9ea45e31b
                               at /rustc/7b4d9e155fec06583c763f176fc432dc779f1fc6/library/core/src/panicking.rs:72:14
  18:     0x77536f00dfd0 - rustc_mir_transform[7e80386475ed1ec4]::inline::cycle::mir_inliner_callees
  19:     0x77536e1df405 - rustc_query_impl[bcf57ce2aba3042e]::plumbing::__rust_begin_short_backtrace::<rustc_query_impl[bcf57ce2aba3042e]::query_impl::mir_inliner_callees::dynamic_query::{closure#2}::{closure#0}, rustc_middle[b787735d3431ac78]::query::erase::Erased<[u8; 16usize]>>
  20:     0x77536e1df3d2 - <rustc_query_impl[bcf57ce2aba3042e]::query_impl::mir_inliner_callees::dynamic_query::{closure#2} as core[d617c5d1319b010a]::ops::function::FnOnce<(rustc_middle[b787735d3431ac78]::ty::context::TyCtxt, rustc_middle[b787735d3431ac78]::ty::instance::InstanceDef)>>::call_once
  21:     0x7753705bc869 - <rustc_query_system[aefbcedab23972ce]::query::plumbing::execute_job_incr<rustc_query_impl[bcf57ce2aba3042e]::DynamicConfig<rustc_query_system[aefbcedab23972ce]::query::caches::DefaultCache<rustc_middle[b787735d3431ac78]::mir::interpret::LitToConstInput, rustc_middle[b787735d3431ac78]::query::erase::Erased<[u8; 16usize]>>, false, false, false>, rustc_query_impl[bcf57ce2aba3042e]::plumbing::QueryCtxt>::{closure#2}::{closure#2} as core[d617c5d1319b010a]::ops::function::FnOnce<((rustc_query_impl[bcf57ce2aba3042e]::plumbing::QueryCtxt, rustc_query_impl[bcf57ce2aba3042e]::DynamicConfig<rustc_query_system[aefbcedab23972ce]::query::caches::DefaultCache<rustc_middle[b787735d3431ac78]::mir::interpret::LitToConstInput, rustc_middle[b787735d3431ac78]::query::erase::Erased<[u8; 16usize]>>, false, false, false>), rustc_middle[b787735d3431ac78]::mir::interpret::LitToConstInput)>>::call_once
  22:     0x7753705f2264 - <rustc_middle[b787735d3431ac78]::dep_graph::DepsType as rustc_query_system[aefbcedab23972ce]::dep_graph::Deps>::with_deps::<<rustc_query_system[aefbcedab23972ce]::dep_graph::graph::DepGraphData<rustc_middle[b787735d3431ac78]::dep_graph::DepsType>>::with_task<(rustc_query_impl[bcf57ce2aba3042e]::plumbing::QueryCtxt, rustc_query_impl[bcf57ce2aba3042e]::DynamicConfig<rustc_query_system[aefbcedab23972ce]::query::caches::DefaultCache<rustc_middle[b787735d3431ac78]::ty::instance::InstanceDef, rustc_middle[b787735d3431ac78]::query::erase::Erased<[u8; 16usize]>>, false, false, false>), rustc_middle[b787735d3431ac78]::ty::instance::InstanceDef, rustc_middle[b787735d3431ac78]::query::erase::Erased<[u8; 16usize]>>::{closure#0}::{closure#0}, rustc_middle[b787735d3431ac78]::query::erase::Erased<[u8; 16usize]>>
  23:     0x7753705b55a0 - rustc_query_system[aefbcedab23972ce]::query::plumbing::try_execute_query::<rustc_query_impl[bcf57ce2aba3042e]::DynamicConfig<rustc_query_system[aefbcedab23972ce]::query::caches::DefaultCache<rustc_middle[b787735d3431ac78]::ty::instance::InstanceDef, rustc_middle[b787735d3431ac78]::query::erase::Erased<[u8; 16usize]>>, false, false, false>, rustc_query_impl[bcf57ce2aba3042e]::plumbing::QueryCtxt, true>
  24:     0x7753706674ed - rustc_query_impl[bcf57ce2aba3042e]::query_impl::mir_inliner_callees::get_query_incr::__rust_end_short_backtrace
  25:     0x77536eb8af77 - rustc_mir_transform[7e80386475ed1ec4]::inline::cycle::mir_callgraph_reachable::process
  26:     0x77536f620a62 - rustc_mir_transform[7e80386475ed1ec4]::inline::cycle::mir_callgraph_reachable
  27:     0x77536ed0ba8c - rustc_query_impl[bcf57ce2aba3042e]::plumbing::__rust_begin_short_backtrace::<rustc_query_impl[bcf57ce2aba3042e]::query_impl::mir_callgraph_reachable::dynamic_query::{closure#2}::{closure#0}, rustc_middle[b787735d3431ac78]::query::erase::Erased<[u8; 1usize]>>
  28:     0x77536ed0ba54 - <rustc_query_impl[bcf57ce2aba3042e]::query_impl::mir_callgraph_reachable::dynamic_query::{closure#2} as core[d617c5d1319b010a]::ops::function::FnOnce<(rustc_middle[b787735d3431ac78]::ty::context::TyCtxt, (rustc_middle[b787735d3431ac78]::ty::instance::Instance, rustc_span[e9fa72caa56750e8]::def_id::LocalDefId))>>::call_once
  29:     0x7753705bc91d - <rustc_query_system[aefbcedab23972ce]::query::plumbing::execute_job_incr<rustc_query_impl[bcf57ce2aba3042e]::DynamicConfig<rustc_query_system[aefbcedab23972ce]::query::caches::DefaultCache<(rustc_middle[b787735d3431ac78]::ty::instance::Instance, rustc_span[e9fa72caa56750e8]::def_id::LocalDefId), rustc_middle[b787735d3431ac78]::query::erase::Erased<[u8; 1usize]>>, false, false, false>, rustc_query_impl[bcf57ce2aba3042e]::plumbing::QueryCtxt>::{closure#2}::{closure#2} as core[d617c5d1319b010a]::ops::function::FnOnce<((rustc_query_impl[bcf57ce2aba3042e]::plumbing::QueryCtxt, rustc_query_impl[bcf57ce2aba3042e]::DynamicConfig<rustc_query_system[aefbcedab23972ce]::query::caches::DefaultCache<(rustc_middle[b787735d3431ac78]::ty::instance::Instance, rustc_span[e9fa72caa56750e8]::def_id::LocalDefId), rustc_middle[b787735d3431ac78]::query::erase::Erased<[u8; 1usize]>>, false, false, false>), (rustc_middle[b787735d3431ac78]::ty::instance::Instance, rustc_span[e9fa72caa56750e8]::def_id::LocalDefId))>>::call_once
  30:     0x7753705f31dd - <rustc_middle[b787735d3431ac78]::dep_graph::DepsType as rustc_query_system[aefbcedab23972ce]::dep_graph::Deps>::with_deps::<<rustc_query_system[aefbcedab23972ce]::dep_graph::graph::DepGraphData<rustc_middle[b787735d3431ac78]::dep_graph::DepsType>>::with_task<(rustc_query_impl[bcf57ce2aba3042e]::plumbing::QueryCtxt, rustc_query_impl[bcf57ce2aba3042e]::DynamicConfig<rustc_query_system[aefbcedab23972ce]::query::caches::DefaultCache<(rustc_middle[b787735d3431ac78]::ty::instance::Instance, rustc_span[e9fa72caa56750e8]::def_id::LocalDefId), rustc_middle[b787735d3431ac78]::query::erase::Erased<[u8; 1usize]>>, false, false, false>), (rustc_middle[b787735d3431ac78]::ty::instance::Instance, rustc_span[e9fa72caa56750e8]::def_id::LocalDefId), rustc_middle[b787735d3431ac78]::query::erase::Erased<[u8; 1usize]>>::{closure#0}::{closure#0}, rustc_middle[b787735d3431ac78]::query::erase::Erased<[u8; 1usize]>>
  31:     0x7753705b85b3 - rustc_query_system[aefbcedab23972ce]::query::plumbing::try_execute_query::<rustc_query_impl[bcf57ce2aba3042e]::DynamicConfig<rustc_query_system[aefbcedab23972ce]::query::caches::DefaultCache<(rustc_middle[b787735d3431ac78]::ty::instance::Instance, rustc_span[e9fa72caa56750e8]::def_id::LocalDefId), rustc_middle[b787735d3431ac78]::query::erase::Erased<[u8; 1usize]>>, false, false, false>, rustc_query_impl[bcf57ce2aba3042e]::plumbing::QueryCtxt, true>
  32:     0x775370667308 - rustc_query_impl[bcf57ce2aba3042e]::query_impl::mir_callgraph_reachable::get_query_incr::__rust_end_short_backtrace
  33:     0x77536ec8d552 - <rustc_mir_transform[7e80386475ed1ec4]::inline::Inliner>::try_inlining
  34:     0x77536ec8bb1b - <rustc_mir_transform[7e80386475ed1ec4]::inline::Inliner>::process_blocks
  35:     0x77536ec8b50a - <rustc_mir_transform[7e80386475ed1ec4]::inline::Inline as rustc_middle[b787735d3431ac78]::mir::MirPass>::run_pass
  36:     0x77536ede8171 - rustc_mir_transform[7e80386475ed1ec4]::pass_manager::run_passes
  37:     0x77536ede7813 - rustc_mir_transform[7e80386475ed1ec4]::optimized_mir
  38:     0x77536de79698 - rustc_query_impl[bcf57ce2aba3042e]::plumbing::__rust_begin_short_backtrace::<rustc_query_impl[bcf57ce2aba3042e]::query_impl::optimized_mir::dynamic_query::{closure#2}::{closure#0}, rustc_middle[b787735d3431ac78]::query::erase::Erased<[u8; 8usize]>>
  39:     0x77536de79661 - <rustc_query_impl[bcf57ce2aba3042e]::query_impl::optimized_mir::dynamic_query::{closure#2} as core[d617c5d1319b010a]::ops::function::FnOnce<(rustc_middle[b787735d3431ac78]::ty::context::TyCtxt, rustc_span[e9fa72caa56750e8]::def_id::DefId)>>::call_once
  40:     0x77536e991553 - rustc_query_system[aefbcedab23972ce]::query::plumbing::try_execute_query::<rustc_query_impl[bcf57ce2aba3042e]::DynamicConfig<rustc_query_system[aefbcedab23972ce]::query::caches::DefaultCache<rustc_span[e9fa72caa56750e8]::def_id::DefId, rustc_middle[b787735d3431ac78]::query::erase::Erased<[u8; 8usize]>>, false, false, false>, rustc_query_impl[bcf57ce2aba3042e]::plumbing::QueryCtxt, true>
  41:     0x77536f66104b - rustc_query_impl[bcf57ce2aba3042e]::query_impl::optimized_mir::get_query_incr::__rust_end_short_backtrace
  42:     0x77536e2f7950 - <rustc_middle[b787735d3431ac78]::ty::context::TyCtxt>::instance_mir
  43:     0x77536e9bedb2 - rustc_monomorphize[7986f41cfdeb5b00]::collector::collect_used_items
  44:     0x77536e9bc175 - rustc_monomorphize[7986f41cfdeb5b00]::collector::collect_items_rec
  45:     0x77536f1e0698 - rustc_data_structures[6aea90eb668194e3]::sync::parallel::disabled::par_for_each_in::<alloc[291f30f6b8016c72]::vec::Vec<rustc_middle[b787735d3431ac78]::mir::mono::MonoItem>, rustc_monomorphize[7986f41cfdeb5b00]::collector::collect_crate_mono_items::{closure#1}::{closure#0}>
  46:     0x77536f1dfa30 - <rustc_session[c151370fc5279088]::session::Session>::time::<(), rustc_monomorphize[7986f41cfdeb5b00]::collector::collect_crate_mono_items::{closure#1}>
  47:     0x77536f1df678 - rustc_monomorphize[7986f41cfdeb5b00]::collector::collect_crate_mono_items
  48:     0x77536f1ddc48 - rustc_monomorphize[7986f41cfdeb5b00]::partitioning::collect_and_partition_mono_items
  49:     0x77536f2e76f9 - rustc_query_impl[bcf57ce2aba3042e]::plumbing::__rust_begin_short_backtrace::<rustc_query_impl[bcf57ce2aba3042e]::query_impl::collect_and_partition_mono_items::dynamic_query::{closure#2}::{closure#0}, rustc_middle[b787735d3431ac78]::query::erase::Erased<[u8; 24usize]>>
  50:     0x77536f2e76cd - <rustc_query_impl[bcf57ce2aba3042e]::query_impl::collect_and_partition_mono_items::dynamic_query::{closure#2} as core[d617c5d1319b010a]::ops::function::FnOnce<(rustc_middle[b787735d3431ac78]::ty::context::TyCtxt, ())>>::call_once
  51:     0x77536f4d7d1f - rustc_query_system[aefbcedab23972ce]::query::plumbing::try_execute_query::<rustc_query_impl[bcf57ce2aba3042e]::DynamicConfig<rustc_query_system[aefbcedab23972ce]::query::caches::SingleCache<rustc_middle[b787735d3431ac78]::query::erase::Erased<[u8; 24usize]>>, false, false, false>, rustc_query_impl[bcf57ce2aba3042e]::plumbing::QueryCtxt, true>
  52:     0x77536f67cfdb - rustc_query_impl[bcf57ce2aba3042e]::query_impl::collect_and_partition_mono_items::get_query_incr::__rust_end_short_backtrace
  53:     0x77536eee30cb - rustc_codegen_ssa[628436afade006d]::base::codegen_crate::<rustc_codegen_llvm[97ccb308da007f93]::LlvmCodegenBackend>
  54:     0x77536eee2ecf - <rustc_codegen_llvm[97ccb308da007f93]::LlvmCodegenBackend as rustc_codegen_ssa[628436afade006d]::traits::backend::CodegenBackend>::codegen_crate
  55:     0x77536f2448d2 - <rustc_session[c151370fc5279088]::session::Session>::time::<alloc[291f30f6b8016c72]::boxed::Box<dyn core[d617c5d1319b010a]::any::Any>, rustc_interface[cb04b1d92c843453]::passes::start_codegen::{closure#0}>
  56:     0x77536f24442b - rustc_interface[cb04b1d92c843453]::passes::start_codegen
  57:     0x77536f23ec7a - <rustc_middle[b787735d3431ac78]::ty::context::GlobalCtxt>::enter::<<rustc_interface[cb04b1d92c843453]::queries::Queries>::ongoing_codegen::{closure#0}, core[d617c5d1319b010a]::result::Result<alloc[291f30f6b8016c72]::boxed::Box<dyn core[d617c5d1319b010a]::any::Any>, rustc_span[e9fa72caa56750e8]::ErrorGuaranteed>>
  58:     0x77536f23db2d - rustc_span[e9fa72caa56750e8]::set_source_map::<core[d617c5d1319b010a]::result::Result<(), rustc_span[e9fa72caa56750e8]::ErrorGuaranteed>, rustc_interface[cb04b1d92c843453]::interface::run_compiler<core[d617c5d1319b010a]::result::Result<(), rustc_span[e9fa72caa56750e8]::ErrorGuaranteed>, rustc_driver_impl[6af7b757272042a6]::run_compiler::{closure#1}>::{closure#0}::{closure#0}>
  59:     0x77536f2386b0 - std[153d3abcc12d2737]::sys_common::backtrace::__rust_begin_short_backtrace::<rustc_interface[cb04b1d92c843453]::util::run_in_thread_with_globals<rustc_interface[cb04b1d92c843453]::interface::run_compiler<core[d617c5d1319b010a]::result::Result<(), rustc_span[e9fa72caa56750e8]::ErrorGuaranteed>, rustc_driver_impl[6af7b757272042a6]::run_compiler::{closure#1}>::{closure#0}, core[d617c5d1319b010a]::result::Result<(), rustc_span[e9fa72caa56750e8]::ErrorGuaranteed>>::{closure#0}::{closure#0}, core[d617c5d1319b010a]::result::Result<(), rustc_span[e9fa72caa56750e8]::ErrorGuaranteed>>
  60:     0x77536f55c67e - <<std[153d3abcc12d2737]::thread::Builder>::spawn_unchecked_<rustc_interface[cb04b1d92c843453]::util::run_in_thread_with_globals<rustc_interface[cb04b1d92c843453]::interface::run_compiler<core[d617c5d1319b010a]::result::Result<(), rustc_span[e9fa72caa56750e8]::ErrorGuaranteed>, rustc_driver_impl[6af7b757272042a6]::run_compiler::{closure#1}>::{closure#0}, core[d617c5d1319b010a]::result::Result<(), rustc_span[e9fa72caa56750e8]::ErrorGuaranteed>>::{closure#0}::{closure#0}, core[d617c5d1319b010a]::result::Result<(), rustc_span[e9fa72caa56750e8]::ErrorGuaranteed>>::{closure#1} as core[d617c5d1319b010a]::ops::function::FnOnce<()>>::call_once::{shim:vtable#0}
  61:     0x77536cb72395 - <alloc::boxed::Box<F,A> as core::ops::function::FnOnce<Args>>::call_once::h614c464d9d8cb2d2
                               at /rustc/7b4d9e155fec06583c763f176fc432dc779f1fc6/library/alloc/src/boxed.rs:2007:9
  62:     0x77536cb72395 - <alloc::boxed::Box<F,A> as core::ops::function::FnOnce<Args>>::call_once::h4d2881a7439f7e8c
                               at /rustc/7b4d9e155fec06583c763f176fc432dc779f1fc6/library/alloc/src/boxed.rs:2007:9
  63:     0x77536cb72395 - std::sys::unix::thread::Thread::new::thread_start::h774745da6bc4e0fb
                               at /rustc/7b4d9e155fec06583c763f176fc432dc779f1fc6/library/std/src/sys/unix/thread.rs:108:17
  64:     0x77536c894ac3 - start_thread
                               at ./nptl/pthread_create.c:442:8
  65:     0x77536c9268c0 - __GI___clone3
                               at ./misc/../sysdeps/unix/sysv/linux/x86_64/clone3.S:81
  66:                0x0 - <unknown>

error: the compiler unexpectedly panicked. this is a bug.

note: we would appreciate a bug report: https://github.com/rust-lang/rust/issues/new?labels=C-bug%2C+I-ICE%2C+T-compiler&template=ice.md

note: please attach the file at `/data/zhangtianrong/projects/rustc-cbl/run/116291/rustc-ice-2026-01-17T08:54:56.627086765Z-2163072.txt` to your bug report

note: compiler flags: --crate-type bin -C embed-bitcode=no -C debuginfo=2 -C incremental=[REDACTED] -Z mir-opt-level=0 -Z mir-enable-passes=+Inline

note: some of the compiler flags provided by cargo are hidden

query stack during panic:
#0 [mir_inliner_callees] computing all local function calls in `main::{closure#0}`
#1 [mir_callgraph_reachable] computing if `main::{closure#0}` (transitively) calls `main`
#2 [optimized_mir] optimizing MIR for `main`
#3 [collect_and_partition_mono_items] collect_and_partition_mono_items
end of query stack
error: could not compile `bug_116291` (bin "bug_116291")
------------------------------------------------------------
Return code: 101
