=== START 2026-02-01 22:19:16 ===
Bug ID: 116794
Toolchain: nightly-2023-10-15
Source: /data/zhangtianrong/projects/rustc-cbl/rustcbugs/116794
Run dir: /data/zhangtianrong/projects/rustc-cbl/run/116794
CMD: rustup run nightly-2023-10-15 cargo build
------------------------------------------------------------
   Compiling bug_116794 v0.1.0 (/data/zhangtianrong/projects/rustc-cbl/run/116794)
error[E0716]: temporary value dropped while borrowed
 --> src/main.rs:6:21
  |
6 |     let x = opaque(&String::new()); //~ ERROR temporary value dropped while borrowed
  |                     ^^^^^^^^^^^^^ - temporary value is freed at the end of this statement
  |                     |
  |                     creates a temporary value which is freed while still in use
7 |     drop(x);
  |          - borrow later used here
  |
help: consider using a `let` binding to create a longer lived value
  |
6 ~     let binding = String::new();
7 ~     let x = opaque(&binding); //~ ERROR temporary value dropped while borrowed
  |

For more information about this error, try `rustc --explain E0716`.
error: could not compile `bug_116794` (bin "bug_116794") due to previous error
------------------------------------------------------------
Return code: 101
