=== START 2026-01-17 10:21:06 ===
Bug ID: 116877
Toolchain: nightly-2023-10-17
Source: /data/zhangtianrong/projects/rustc-cbl/rustcbugs/116877
Run dir: /data/zhangtianrong/projects/rustc-cbl/run/116877
CMD: rustup run nightly-2023-10-17 cargo build RUSTFLAGS='--cfg sized'
------------------------------------------------------------
   Compiling bug_116877 v0.1.0 (/data/zhangtianrong/projects/rustc-cbl/run/116877)
error: internal compiler error: no errors encountered even though `delay_span_bug` issued

error: internal compiler error: ambiguity performing ParamEnvAnd { param_env: ParamEnv { caller_bounds: [], reveal: UserFacing }, value: ProvePredicate { predicate: Binder { value: ProjectionPredicate(AliasTy { args: [FnDef(DefId(0:6 ~ bug_116877[fe71]::foo), []), ()], def_id: DefId(2:3025 ~ core[8466]::ops::function::FnOnce::Output) }, Term::Ty(Alias(Opaque, AliasTy { args: [], def_id: DefId(0:8 ~ bug_116877[fe71]::rpit::{opaque#0}) }))), bound_vars: [] } } }
 --> src/main.rs:9:5
  |
9 |     same_output(rpit, foo);
  |     ^^^^^^^^^^^^^^^^^^^^^^
  |
note: delayed at /rustc/49691b1f70d71dd7b8349c332b7f277ee527bf08/compiler/rustc_trait_selection/src/traits/query/type_op/mod.rs:170:26
         0: <rustc_errors::HandlerInner>::emit_diagnostic
         1: <rustc_errors::Handler>::delay_span_bug::<rustc_span::span_encoding::Span, alloc::string::String>
         2: <rustc_borrowck::type_check::TypeChecker>::fully_perform_op::<(), rustc_middle::ty::ParamEnvAnd<rustc_middle::traits::query::type_op::ProvePredicate>>
         3: <rustc_borrowck::type_check::TypeChecker>::normalize_and_prove_instantiated_predicates
         4: <rustc_borrowck::type_check::TypeVerifier as rustc_middle::mir::visit::Visitor>::visit_constant
         5: <rustc_borrowck::type_check::TypeVerifier as rustc_middle::mir::visit::Visitor>::visit_body
         6: rustc_borrowck::type_check::type_check
         7: rustc_borrowck::nll::compute_regions
         8: rustc_borrowck::do_mir_borrowck
         9: rustc_borrowck::mir_borrowck
        10: rustc_query_impl::plumbing::__rust_begin_short_backtrace::<rustc_query_impl::query_impl::mir_borrowck::dynamic_query::{closure#2}::{closure#0}, rustc_middle::query::erase::Erased<[u8; 8]>>
        11: rustc_query_system::query::plumbing::try_execute_query::<rustc_query_impl::DynamicConfig<rustc_query_system::query::caches::VecCache<rustc_span::def_id::LocalDefId, rustc_middle::query::erase::Erased<[u8; 8]>>, false, false, false>, rustc_query_impl::plumbing::QueryCtxt, true>
        12: rustc_query_impl::query_impl::mir_borrowck::get_query_incr::__rust_end_short_backtrace
        13: rustc_hir_analysis::collect::type_of::type_of_opaque
        14: rustc_query_impl::plumbing::__rust_begin_short_backtrace::<rustc_query_impl::query_impl::type_of_opaque::dynamic_query::{closure#2}::{closure#0}, rustc_middle::query::erase::Erased<[u8; 8]>>
        15: rustc_query_system::query::plumbing::try_execute_query::<rustc_query_impl::DynamicConfig<rustc_query_system::query::caches::DefaultCache<rustc_span::def_id::DefId, rustc_middle::query::erase::Erased<[u8; 8]>>, false, false, false>, rustc_query_impl::plumbing::QueryCtxt, true>
        16: rustc_query_impl::query_impl::type_of_opaque::get_query_incr::__rust_end_short_backtrace
        17: rustc_middle::query::plumbing::query_get_at::<rustc_query_system::query::caches::DefaultCache<rustc_span::def_id::DefId, rustc_middle::query::erase::Erased<[u8; 8]>>>
        18: rustc_hir_analysis::collect::type_of::type_of
        19: rustc_query_impl::plumbing::__rust_begin_short_backtrace::<rustc_query_impl::query_impl::type_of::dynamic_query::{closure#2}::{closure#0}, rustc_middle::query::erase::Erased<[u8; 8]>>
        20: rustc_query_system::query::plumbing::try_execute_query::<rustc_query_impl::DynamicConfig<rustc_query_system::query::caches::DefaultCache<rustc_span::def_id::DefId, rustc_middle::query::erase::Erased<[u8; 8]>>, false, false, false>, rustc_query_impl::plumbing::QueryCtxt, true>
        21: rustc_query_impl::query_impl::type_of::get_query_incr::__rust_end_short_backtrace
        22: rustc_middle::query::plumbing::query_get_at::<rustc_query_system::query::caches::DefaultCache<rustc_span::def_id::DefId, rustc_middle::query::erase::Erased<[u8; 8]>>>
        23: rustc_hir_analysis::check::check::check_mod_item_types
        24: rustc_query_impl::plumbing::__rust_begin_short_backtrace::<rustc_query_impl::query_impl::check_mod_item_types::dynamic_query::{closure#2}::{closure#0}, rustc_middle::query::erase::Erased<[u8; 0]>>
        25: rustc_query_system::query::plumbing::try_execute_query::<rustc_query_impl::DynamicConfig<rustc_query_system::query::caches::DefaultCache<rustc_span::def_id::LocalModDefId, rustc_middle::query::erase::Erased<[u8; 0]>>, false, false, false>, rustc_query_impl::plumbing::QueryCtxt, true>
        26: rustc_query_impl::query_impl::check_mod_item_types::get_query_incr::__rust_end_short_backtrace
        27: rustc_hir_analysis::check_crate
        28: rustc_interface::passes::analysis
        29: rustc_query_impl::plumbing::__rust_begin_short_backtrace::<rustc_query_impl::query_impl::analysis::dynamic_query::{closure#2}::{closure#0}, rustc_middle::query::erase::Erased<[u8; 1]>>
        30: rustc_query_system::query::plumbing::try_execute_query::<rustc_query_impl::DynamicConfig<rustc_query_system::query::caches::SingleCache<rustc_middle::query::erase::Erased<[u8; 1]>>, false, false, false>, rustc_query_impl::plumbing::QueryCtxt, true>
        31: rustc_query_impl::query_impl::analysis::get_query_incr::__rust_end_short_backtrace
        32: std::sys_common::backtrace::__rust_begin_short_backtrace::<rustc_interface::util::run_in_thread_with_globals<rustc_interface::interface::run_compiler<core::result::Result<(), rustc_span::ErrorGuaranteed>, rustc_driver_impl::run_compiler::{closure#1}>::{closure#0}, core::result::Result<(), rustc_span::ErrorGuaranteed>>::{closure#0}::{closure#0}, core::result::Result<(), rustc_span::ErrorGuaranteed>>
        33: <<std::thread::Builder>::spawn_unchecked_<rustc_interface::util::run_in_thread_with_globals<rustc_interface::interface::run_compiler<core::result::Result<(), rustc_span::ErrorGuaranteed>, rustc_driver_impl::run_compiler::{closure#1}>::{closure#0}, core::result::Result<(), rustc_span::ErrorGuaranteed>>::{closure#0}::{closure#0}, core::result::Result<(), rustc_span::ErrorGuaranteed>>::{closure#1} as core::ops::function::FnOnce<()>>::call_once::{shim:vtable#0}
        34: <alloc::boxed::Box<F,A> as core::ops::function::FnOnce<Args>>::call_once
                   at /rustc/49691b1f70d71dd7b8349c332b7f277ee527bf08/library/alloc/src/boxed.rs:2007:9
        35: <alloc::boxed::Box<F,A> as core::ops::function::FnOnce<Args>>::call_once
                   at /rustc/49691b1f70d71dd7b8349c332b7f277ee527bf08/library/alloc/src/boxed.rs:2007:9
        36: std::sys::unix::thread::Thread::new::thread_start
                   at /rustc/49691b1f70d71dd7b8349c332b7f277ee527bf08/library/std/src/sys/unix/thread.rs:108:17
        37: start_thread
                   at ./nptl/pthread_create.c:442:8
        38: __GI___clone3
                   at ./misc/../sysdeps/unix/sysv/linux/x86_64/clone3.S:81
 --> src/main.rs:9:5
  |
9 |     same_output(rpit, foo);
  |     ^^^^^^^^^^^^^^^^^^^^^^

error: internal compiler error: ambiguity performing ParamEnvAnd { param_env: ParamEnv { caller_bounds: [], reveal: UserFacing }, value: ProvePredicate { predicate: Binder { value: ProjectionPredicate(AliasTy { args: [FnDef(DefId(0:3 ~ bug_116877[fe71]::rpit), []), ()], def_id: DefId(2:3025 ~ core[8466]::ops::function::FnOnce::Output) }, Term::Ty(Alias(Opaque, AliasTy { args: [], def_id: DefId(0:11 ~ bug_116877[fe71]::foo::{opaque#0}) }))), bound_vars: [] } } }
  --> src/main.rs:10:5
   |
10 |     same_output(foo, rpit);
   |     ^^^^^^^^^^^^^^^^^^^^^^
   |
note: delayed at /rustc/49691b1f70d71dd7b8349c332b7f277ee527bf08/compiler/rustc_trait_selection/src/traits/query/type_op/mod.rs:170:26
         0: <rustc_errors::HandlerInner>::emit_diagnostic
         1: <rustc_errors::Handler>::delay_span_bug::<rustc_span::span_encoding::Span, alloc::string::String>
         2: <rustc_borrowck::type_check::TypeChecker>::fully_perform_op::<(), rustc_middle::ty::ParamEnvAnd<rustc_middle::traits::query::type_op::ProvePredicate>>
         3: <rustc_borrowck::type_check::TypeChecker>::normalize_and_prove_instantiated_predicates
         4: <rustc_borrowck::type_check::TypeVerifier as rustc_middle::mir::visit::Visitor>::visit_constant
         5: <rustc_borrowck::type_check::TypeVerifier as rustc_middle::mir::visit::Visitor>::visit_body
         6: rustc_borrowck::type_check::type_check
         7: rustc_borrowck::nll::compute_regions
         8: rustc_borrowck::do_mir_borrowck
         9: rustc_borrowck::mir_borrowck
        10: rustc_query_impl::plumbing::__rust_begin_short_backtrace::<rustc_query_impl::query_impl::mir_borrowck::dynamic_query::{closure#2}::{closure#0}, rustc_middle::query::erase::Erased<[u8; 8]>>
        11: rustc_query_system::query::plumbing::try_execute_query::<rustc_query_impl::DynamicConfig<rustc_query_system::query::caches::VecCache<rustc_span::def_id::LocalDefId, rustc_middle::query::erase::Erased<[u8; 8]>>, false, false, false>, rustc_query_impl::plumbing::QueryCtxt, true>
        12: rustc_query_impl::query_impl::mir_borrowck::get_query_incr::__rust_end_short_backtrace
        13: rustc_hir_analysis::collect::type_of::type_of_opaque
        14: rustc_query_impl::plumbing::__rust_begin_short_backtrace::<rustc_query_impl::query_impl::type_of_opaque::dynamic_query::{closure#2}::{closure#0}, rustc_middle::query::erase::Erased<[u8; 8]>>
        15: rustc_query_system::query::plumbing::try_execute_query::<rustc_query_impl::DynamicConfig<rustc_query_system::query::caches::DefaultCache<rustc_span::def_id::DefId, rustc_middle::query::erase::Erased<[u8; 8]>>, false, false, false>, rustc_query_impl::plumbing::QueryCtxt, true>
        16: rustc_query_impl::query_impl::type_of_opaque::get_query_incr::__rust_end_short_backtrace
        17: rustc_middle::query::plumbing::query_get_at::<rustc_query_system::query::caches::DefaultCache<rustc_span::def_id::DefId, rustc_middle::query::erase::Erased<[u8; 8]>>>
        18: rustc_hir_analysis::collect::type_of::type_of
        19: rustc_query_impl::plumbing::__rust_begin_short_backtrace::<rustc_query_impl::query_impl::type_of::dynamic_query::{closure#2}::{closure#0}, rustc_middle::query::erase::Erased<[u8; 8]>>
        20: rustc_query_system::query::plumbing::try_execute_query::<rustc_query_impl::DynamicConfig<rustc_query_system::query::caches::DefaultCache<rustc_span::def_id::DefId, rustc_middle::query::erase::Erased<[u8; 8]>>, false, false, false>, rustc_query_impl::plumbing::QueryCtxt, true>
        21: rustc_query_impl::query_impl::type_of::get_query_incr::__rust_end_short_backtrace
        22: rustc_middle::query::plumbing::query_get_at::<rustc_query_system::query::caches::DefaultCache<rustc_span::def_id::DefId, rustc_middle::query::erase::Erased<[u8; 8]>>>
        23: rustc_hir_analysis::check::check::check_mod_item_types
        24: rustc_query_impl::plumbing::__rust_begin_short_backtrace::<rustc_query_impl::query_impl::check_mod_item_types::dynamic_query::{closure#2}::{closure#0}, rustc_middle::query::erase::Erased<[u8; 0]>>
        25: rustc_query_system::query::plumbing::try_execute_query::<rustc_query_impl::DynamicConfig<rustc_query_system::query::caches::DefaultCache<rustc_span::def_id::LocalModDefId, rustc_middle::query::erase::Erased<[u8; 0]>>, false, false, false>, rustc_query_impl::plumbing::QueryCtxt, true>
        26: rustc_query_impl::query_impl::check_mod_item_types::get_query_incr::__rust_end_short_backtrace
        27: rustc_hir_analysis::check_crate
        28: rustc_interface::passes::analysis
        29: rustc_query_impl::plumbing::__rust_begin_short_backtrace::<rustc_query_impl::query_impl::analysis::dynamic_query::{closure#2}::{closure#0}, rustc_middle::query::erase::Erased<[u8; 1]>>
        30: rustc_query_system::query::plumbing::try_execute_query::<rustc_query_impl::DynamicConfig<rustc_query_system::query::caches::SingleCache<rustc_middle::query::erase::Erased<[u8; 1]>>, false, false, false>, rustc_query_impl::plumbing::QueryCtxt, true>
        31: rustc_query_impl::query_impl::analysis::get_query_incr::__rust_end_short_backtrace
        32: std::sys_common::backtrace::__rust_begin_short_backtrace::<rustc_interface::util::run_in_thread_with_globals<rustc_interface::interface::run_compiler<core::result::Result<(), rustc_span::ErrorGuaranteed>, rustc_driver_impl::run_compiler::{closure#1}>::{closure#0}, core::result::Result<(), rustc_span::ErrorGuaranteed>>::{closure#0}::{closure#0}, core::result::Result<(), rustc_span::ErrorGuaranteed>>
        33: <<std::thread::Builder>::spawn_unchecked_<rustc_interface::util::run_in_thread_with_globals<rustc_interface::interface::run_compiler<core::result::Result<(), rustc_span::ErrorGuaranteed>, rustc_driver_impl::run_compiler::{closure#1}>::{closure#0}, core::result::Result<(), rustc_span::ErrorGuaranteed>>::{closure#0}::{closure#0}, core::result::Result<(), rustc_span::ErrorGuaranteed>>::{closure#1} as core::ops::function::FnOnce<()>>::call_once::{shim:vtable#0}
        34: <alloc::boxed::Box<F,A> as core::ops::function::FnOnce<Args>>::call_once
                   at /rustc/49691b1f70d71dd7b8349c332b7f277ee527bf08/library/alloc/src/boxed.rs:2007:9
        35: <alloc::boxed::Box<F,A> as core::ops::function::FnOnce<Args>>::call_once
                   at /rustc/49691b1f70d71dd7b8349c332b7f277ee527bf08/library/alloc/src/boxed.rs:2007:9
        36: std::sys::unix::thread::Thread::new::thread_start
                   at /rustc/49691b1f70d71dd7b8349c332b7f277ee527bf08/library/std/src/sys/unix/thread.rs:108:17
        37: start_thread
                   at ./nptl/pthread_create.c:442:8
        38: __GI___clone3
                   at ./misc/../sysdeps/unix/sysv/linux/x86_64/clone3.S:81
  --> src/main.rs:10:5
   |
10 |     same_output(foo, rpit);
   |     ^^^^^^^^^^^^^^^^^^^^^^

note: we would appreciate a bug report: https://github.com/rust-lang/rust/issues/new?labels=C-bug%2C+I-ICE%2C+T-compiler&template=ice.md

note: please attach the file at `/data/zhangtianrong/projects/rustc-cbl/run/116877/rustc-ice-2026-01-17T02:21:06.429640718Z-1764695.txt` to your bug report

note: compiler flags: --crate-type bin -C embed-bitcode=no -C debuginfo=2 -C incremental=[REDACTED]

note: some of the compiler flags provided by cargo are hidden

query stack during panic:
end of query stack
error: could not compile `bug_116877` (bin "bug_116877")
------------------------------------------------------------
Return code: 101
