=== START 2026-01-18 17:01:39 ===
Bug ID: 117362
Toolchain: nightly-2023-10-30
Source: /data/zhangtianrong/projects/rustc-cbl/rustcbugs/117362
Run dir: /data/zhangtianrong/projects/rustc-cbl/run/117362
CMD: rustup run nightly-2023-10-30 cargo build RUSTFLAGS=-Zmir-opt-level=5
------------------------------------------------------------
   Compiling bug_117362 v0.1.0 (/data/zhangtianrong/projects/rustc-cbl/run/117362)
error[E0080]: evaluation of `<A<()> as Foo<()>>::BAR` failed
  --> src/main.rs:12:24
   |
12 |     const BAR: usize = [5, 6, 7][T::BOO];
   |                        ^^^^^^^^^^^^^^^^^ index out of bounds: the length is 3 but the index is 42

note: erroneous constant encountered
  --> src/main.rs:16:6
   |
16 |     &<A<T> as Foo<T>>::BAR
   |      ^^^^^^^^^^^^^^^^^^^^^

error: internal compiler error: compiler/rustc_middle/src/mir/consts.rs:526:47: impossible case reached

thread 'rustc' panicked at /rustc/608e9682f0a6482903de8d3332770104a0ad943c/compiler/rustc_errors/src/lib.rs:1661:9:
Box<dyn Any>
stack backtrace:
   0:     0x7eea03e45e0c - std::backtrace_rs::backtrace::libunwind::trace::h2e36d6bcaa454e2d
                               at /rustc/608e9682f0a6482903de8d3332770104a0ad943c/library/std/src/../../backtrace/src/backtrace/libunwind.rs:104:5
   1:     0x7eea03e45e0c - std::backtrace_rs::backtrace::trace_unsynchronized::h3bfd329e6776566f
                               at /rustc/608e9682f0a6482903de8d3332770104a0ad943c/library/std/src/../../backtrace/src/backtrace/mod.rs:66:5
   2:     0x7eea03e45e0c - std::sys_common::backtrace::_print_fmt::h94207a26e56286dd
                               at /rustc/608e9682f0a6482903de8d3332770104a0ad943c/library/std/src/sys_common/backtrace.rs:67:5
   3:     0x7eea03e45e0c - <std::sys_common::backtrace::_print::DisplayBacktrace as core::fmt::Display>::fmt::hd44e6cd570a76b40
                               at /rustc/608e9682f0a6482903de8d3332770104a0ad943c/library/std/src/sys_common/backtrace.rs:44:22
   4:     0x7eea03ea8070 - core::fmt::rt::Argument::fmt::h297353cd2a5aa377
                               at /rustc/608e9682f0a6482903de8d3332770104a0ad943c/library/core/src/fmt/rt.rs:142:9
   5:     0x7eea03ea8070 - core::fmt::write::h43fd22e2f2c13c23
                               at /rustc/608e9682f0a6482903de8d3332770104a0ad943c/library/core/src/fmt/mod.rs:1117:17
   6:     0x7eea03e39d2f - std::io::Write::write_fmt::he9774bd91d1b3e1a
                               at /rustc/608e9682f0a6482903de8d3332770104a0ad943c/library/std/src/io/mod.rs:1763:15
   7:     0x7eea03e45bf4 - std::sys_common::backtrace::_print::h334583caf74a77d5
                               at /rustc/608e9682f0a6482903de8d3332770104a0ad943c/library/std/src/sys_common/backtrace.rs:47:5
   8:     0x7eea03e45bf4 - std::sys_common::backtrace::print::hf52628817fb00d9a
                               at /rustc/608e9682f0a6482903de8d3332770104a0ad943c/library/std/src/sys_common/backtrace.rs:34:9
   9:     0x7eea03e48887 - std::panicking::default_hook::{{closure}}::h286c2b4190958e7f
  10:     0x7eea03e485ef - std::panicking::default_hook::hb260d01c3cdef1f4
                               at /rustc/608e9682f0a6482903de8d3332770104a0ad943c/library/std/src/panicking.rs:292:9
  11:     0x7eea00eddc00 - std[7c317ff0e0e58ca1]::panicking::update_hook::<alloc[3f61d7629c50db10]::boxed::Box<rustc_driver_impl[3b700b539a1520]::install_ice_hook::{closure#0}>>::{closure#0}
  12:     0x7eea03e48fc8 - <alloc::boxed::Box<F,A> as core::ops::function::Fn<Args>>::call::he86f031b90e014ce
                               at /rustc/608e9682f0a6482903de8d3332770104a0ad943c/library/alloc/src/boxed.rs:2021:9
  13:     0x7eea03e48fc8 - std::panicking::rust_panic_with_hook::ha3cffaaead86ef17
                               at /rustc/608e9682f0a6482903de8d3332770104a0ad943c/library/std/src/panicking.rs:735:13
  14:     0x7eea012a5c04 - std[7c317ff0e0e58ca1]::panicking::begin_panic::<rustc_errors[50de0d62b109e699]::ExplicitBug>::{closure#0}
  15:     0x7eea0129c9f6 - std[7c317ff0e0e58ca1]::sys_common::backtrace::__rust_end_short_backtrace::<std[7c317ff0e0e58ca1]::panicking::begin_panic<rustc_errors[50de0d62b109e699]::ExplicitBug>::{closure#0}, !>
  16:     0x7eea01297886 - std[7c317ff0e0e58ca1]::panicking::begin_panic::<rustc_errors[50de0d62b109e699]::ExplicitBug>
  17:     0x7eea0127f7d4 - <rustc_errors[50de0d62b109e699]::HandlerInner>::bug::<alloc[3f61d7629c50db10]::string::String>
  18:     0x7eea0127f594 - <rustc_errors[50de0d62b109e699]::Handler>::bug::<alloc[3f61d7629c50db10]::string::String>
  19:     0x7eea0131f9dd - rustc_middle[beb4becbc50efe91]::util::bug::opt_span_bug_fmt::<rustc_span[dadee3f2ea73ba47]::span_encoding::Span>::{closure#0}
  20:     0x7eea01307b0a - rustc_middle[beb4becbc50efe91]::ty::context::tls::with_opt::<rustc_middle[beb4becbc50efe91]::util::bug::opt_span_bug_fmt<rustc_span[dadee3f2ea73ba47]::span_encoding::Span>::{closure#0}, !>::{closure#0}
  21:     0x7eea013079a8 - rustc_middle[beb4becbc50efe91]::ty::context::tls::with_context_opt::<rustc_middle[beb4becbc50efe91]::ty::context::tls::with_opt<rustc_middle[beb4becbc50efe91]::util::bug::opt_span_bug_fmt<rustc_span[dadee3f2ea73ba47]::span_encoding::Span>::{closure#0}, !>::{closure#0}, !>
  22:     0x7ee9ff3cd400 - rustc_middle[beb4becbc50efe91]::util::bug::bug_fmt
  23:     0x7eea012ce864 - <rustc_middle[beb4becbc50efe91]::mir::consts::Const>::is_deterministic
  24:     0x7eea014eb326 - <rustc_mir_transform[aa62aa66d1350432]::gvn::VnState>::insert_constant
  25:     0x7eea0150df85 - <rustc_mir_transform[aa62aa66d1350432]::gvn::VnState>::simplify_operand
  26:     0x7eea01508719 - <rustc_mir_transform[aa62aa66d1350432]::gvn::GVN as rustc_middle[beb4becbc50efe91]::mir::MirPass>::run_pass
  27:     0x7eea020c762c - rustc_mir_transform[aa62aa66d1350432]::pass_manager::run_passes_inner
  28:     0x7eea022630d2 - rustc_mir_transform[aa62aa66d1350432]::optimized_mir
  29:     0x7eea0205d5db - rustc_query_impl[85105bd6eeeb15f8]::plumbing::__rust_begin_short_backtrace::<rustc_query_impl[85105bd6eeeb15f8]::query_impl::optimized_mir::dynamic_query::{closure#2}::{closure#0}, rustc_middle[beb4becbc50efe91]::query::erase::Erased<[u8; 8usize]>>
  30:     0x7eea0220e5a9 - rustc_query_system[d2334966b811ec12]::query::plumbing::try_execute_query::<rustc_query_impl[85105bd6eeeb15f8]::DynamicConfig<rustc_query_system[d2334966b811ec12]::query::caches::DefaultCache<rustc_span[dadee3f2ea73ba47]::def_id::DefId, rustc_middle[beb4becbc50efe91]::query::erase::Erased<[u8; 8usize]>>, false, false, false>, rustc_query_impl[85105bd6eeeb15f8]::plumbing::QueryCtxt, true>
  31:     0x7eea0249ed61 - rustc_query_impl[85105bd6eeeb15f8]::query_impl::optimized_mir::get_query_incr::__rust_end_short_backtrace
  32:     0x7eea0249f09a - <rustc_middle[beb4becbc50efe91]::ty::context::TyCtxt>::instance_mir
  33:     0x7ee9fff53f27 - rustc_monomorphize[5364ebd0fe616f19]::collector::collect_items_rec::{closure#0}
  34:     0x7eea02e48e9c - rustc_monomorphize[5364ebd0fe616f19]::collector::collect_items_rec
  35:     0x7eea02ef4b93 - rustc_monomorphize[5364ebd0fe616f19]::partitioning::collect_and_partition_mono_items
  36:     0x7eea02ef4064 - rustc_query_impl[85105bd6eeeb15f8]::plumbing::__rust_begin_short_backtrace::<rustc_query_impl[85105bd6eeeb15f8]::query_impl::collect_and_partition_mono_items::dynamic_query::{closure#2}::{closure#0}, rustc_middle[beb4becbc50efe91]::query::erase::Erased<[u8; 24usize]>>
  37:     0x7eea02ef4049 - <rustc_query_impl[85105bd6eeeb15f8]::query_impl::collect_and_partition_mono_items::dynamic_query::{closure#2} as core[7a927f6b656c31a]::ops::function::FnOnce<(rustc_middle[beb4becbc50efe91]::ty::context::TyCtxt, ())>>::call_once
  38:     0x7eea02cb7871 - rustc_query_system[d2334966b811ec12]::query::plumbing::try_execute_query::<rustc_query_impl[85105bd6eeeb15f8]::DynamicConfig<rustc_query_system[d2334966b811ec12]::query::caches::SingleCache<rustc_middle[beb4becbc50efe91]::query::erase::Erased<[u8; 24usize]>>, false, false, false>, rustc_query_impl[85105bd6eeeb15f8]::plumbing::QueryCtxt, true>
  39:     0x7eea0300bac5 - rustc_query_impl[85105bd6eeeb15f8]::query_impl::collect_and_partition_mono_items::get_query_incr::__rust_end_short_backtrace
  40:     0x7eea02d55ade - <rustc_codegen_llvm[42d903f25291696f]::LlvmCodegenBackend as rustc_codegen_ssa[40425ba58b1aadd6]::traits::backend::CodegenBackend>::codegen_crate
  41:     0x7eea02d53f85 - rustc_interface[903e2793f894f699]::passes::start_codegen
  42:     0x7eea02d53a26 - <rustc_interface[903e2793f894f699]::queries::Queries>::ongoing_codegen
  43:     0x7eea02d1eec5 - std[7c317ff0e0e58ca1]::sys_common::backtrace::__rust_begin_short_backtrace::<rustc_interface[903e2793f894f699]::util::run_in_thread_with_globals<rustc_interface[903e2793f894f699]::interface::run_compiler<core[7a927f6b656c31a]::result::Result<(), rustc_span[dadee3f2ea73ba47]::ErrorGuaranteed>, rustc_driver_impl[3b700b539a1520]::run_compiler::{closure#1}>::{closure#0}, core[7a927f6b656c31a]::result::Result<(), rustc_span[dadee3f2ea73ba47]::ErrorGuaranteed>>::{closure#0}::{closure#0}, core[7a927f6b656c31a]::result::Result<(), rustc_span[dadee3f2ea73ba47]::ErrorGuaranteed>>
  44:     0x7eea02d1e133 - <<std[7c317ff0e0e58ca1]::thread::Builder>::spawn_unchecked_<rustc_interface[903e2793f894f699]::util::run_in_thread_with_globals<rustc_interface[903e2793f894f699]::interface::run_compiler<core[7a927f6b656c31a]::result::Result<(), rustc_span[dadee3f2ea73ba47]::ErrorGuaranteed>, rustc_driver_impl[3b700b539a1520]::run_compiler::{closure#1}>::{closure#0}, core[7a927f6b656c31a]::result::Result<(), rustc_span[dadee3f2ea73ba47]::ErrorGuaranteed>>::{closure#0}::{closure#0}, core[7a927f6b656c31a]::result::Result<(), rustc_span[dadee3f2ea73ba47]::ErrorGuaranteed>>::{closure#1} as core[7a927f6b656c31a]::ops::function::FnOnce<()>>::call_once::{shim:vtable#0}
  45:     0x7eea03e53d95 - <alloc::boxed::Box<F,A> as core::ops::function::FnOnce<Args>>::call_once::h39906c49c76c6f98
                               at /rustc/608e9682f0a6482903de8d3332770104a0ad943c/library/alloc/src/boxed.rs:2007:9
  46:     0x7eea03e53d95 - <alloc::boxed::Box<F,A> as core::ops::function::FnOnce<Args>>::call_once::h25d89419832f8055
                               at /rustc/608e9682f0a6482903de8d3332770104a0ad943c/library/alloc/src/boxed.rs:2007:9
  47:     0x7eea03e53d95 - std::sys::unix::thread::Thread::new::thread_start::hfda69ba4f0c4f5b4
                               at /rustc/608e9682f0a6482903de8d3332770104a0ad943c/library/std/src/sys/unix/thread.rs:108:17
  48:     0x7ee9fe094ac3 - start_thread
                               at ./nptl/pthread_create.c:442:8
  49:     0x7ee9fe1268c0 - __GI___clone3
                               at ./misc/../sysdeps/unix/sysv/linux/x86_64/clone3.S:81
  50:                0x0 - <unknown>

note: we would appreciate a bug report: https://github.com/rust-lang/rust/issues/new?labels=C-bug%2C+I-ICE%2C+T-compiler&template=ice.md

note: please attach the file at `/data/zhangtianrong/projects/rustc-cbl/run/117362/rustc-ice-2026-01-18T09_01_39-1000902.txt` to your bug report

note: compiler flags: --crate-type bin -C embed-bitcode=no -C debuginfo=2 -C incremental=[REDACTED] -Z mir-opt-level=5

note: some of the compiler flags provided by cargo are hidden

query stack during panic:
#0 [optimized_mir] optimizing MIR for `main`
#1 [collect_and_partition_mono_items] collect_and_partition_mono_items
end of query stack
For more information about this error, try `rustc --explain E0080`.
error: could not compile `bug_117362` (bin "bug_117362") due to previous error
------------------------------------------------------------
Return code: 101
