=== START 2026-01-17 10:07:28 ===
Bug ID: 117489
Toolchain: nightly-2023-10-31
Source: /data/zhangtianrong/projects/rustc-cbl/rustcbugs/117489
Run dir: /data/zhangtianrong/projects/rustc-cbl/run/117489
CMD: rustup run nightly-2023-10-31 cargo build
------------------------------------------------------------
   Compiling bug_117489 v0.1.0 (/data/zhangtianrong/projects/rustc-cbl/run/117489)
error: internal compiler error: compiler/rustc_borrowck/src/universal_regions.rs:884:36: cannot convert `RePlaceholder(!1_BoundRegion { var: 0, kind: BrAnon })` to a region vid

thread 'rustc' panicked at /rustc/31bc7e2c47e82798a392c770611975a6883132c8/compiler/rustc_errors/src/lib.rs:1661:9:
Box<dyn Any>
stack backtrace:
   0:     0x736bdf65ccfc - std::backtrace_rs::backtrace::libunwind::trace::h974857262e179b17
                               at /rustc/31bc7e2c47e82798a392c770611975a6883132c8/library/std/src/../../backtrace/src/backtrace/libunwind.rs:104:5
   1:     0x736bdf65ccfc - std::backtrace_rs::backtrace::trace_unsynchronized::h6adce2053c056ac9
                               at /rustc/31bc7e2c47e82798a392c770611975a6883132c8/library/std/src/../../backtrace/src/backtrace/mod.rs:66:5
   2:     0x736bdf65ccfc - std::sys_common::backtrace::_print_fmt::hcf2018a5ad956761
                               at /rustc/31bc7e2c47e82798a392c770611975a6883132c8/library/std/src/sys_common/backtrace.rs:67:5
   3:     0x736bdf65ccfc - <std::sys_common::backtrace::_print::DisplayBacktrace as core::fmt::Display>::fmt::h3d39e48ce4d7e36f
                               at /rustc/31bc7e2c47e82798a392c770611975a6883132c8/library/std/src/sys_common/backtrace.rs:44:22
   4:     0x736bdf6bef50 - core::fmt::rt::Argument::fmt::hef0ae15422a7f61d
                               at /rustc/31bc7e2c47e82798a392c770611975a6883132c8/library/core/src/fmt/rt.rs:142:9
   5:     0x736bdf6bef50 - core::fmt::write::hf465a4ba34489409
                               at /rustc/31bc7e2c47e82798a392c770611975a6883132c8/library/core/src/fmt/mod.rs:1117:17
   6:     0x736bdf650c1f - std::io::Write::write_fmt::hf34ad5986fa99e89
                               at /rustc/31bc7e2c47e82798a392c770611975a6883132c8/library/std/src/io/mod.rs:1763:15
   7:     0x736bdf65cae4 - std::sys_common::backtrace::_print::h5aa7f1d99916c125
                               at /rustc/31bc7e2c47e82798a392c770611975a6883132c8/library/std/src/sys_common/backtrace.rs:47:5
   8:     0x736bdf65cae4 - std::sys_common::backtrace::print::h036d85b5c81889eb
                               at /rustc/31bc7e2c47e82798a392c770611975a6883132c8/library/std/src/sys_common/backtrace.rs:34:9
   9:     0x736bdf65f777 - std::panicking::default_hook::{{closure}}::h9b311bcc8d2b2a40
  10:     0x736bdf65f4df - std::panicking::default_hook::hd7a03fd029ce4ee2
                               at /rustc/31bc7e2c47e82798a392c770611975a6883132c8/library/std/src/panicking.rs:292:9
  11:     0x736bdc6e06a0 - std[d7fc13cc5242579e]::panicking::update_hook::<alloc[46fb3a2f92666e24]::boxed::Box<rustc_driver_impl[88c66c37425cba72]::install_ice_hook::{closure#0}>>::{closure#0}
  12:     0x736bdf65feb8 - <alloc::boxed::Box<F,A> as core::ops::function::Fn<Args>>::call::h079168172b9ee18d
                               at /rustc/31bc7e2c47e82798a392c770611975a6883132c8/library/alloc/src/boxed.rs:2021:9
  13:     0x736bdf65feb8 - std::panicking::rust_panic_with_hook::h9ec5267af19ebd61
                               at /rustc/31bc7e2c47e82798a392c770611975a6883132c8/library/std/src/panicking.rs:783:13
  14:     0x736bdcaa8614 - std[d7fc13cc5242579e]::panicking::begin_panic::<rustc_errors[b15781973272acfb]::ExplicitBug>::{closure#0}
  15:     0x736bdca9fdf6 - std[d7fc13cc5242579e]::sys_common::backtrace::__rust_end_short_backtrace::<std[d7fc13cc5242579e]::panicking::begin_panic<rustc_errors[b15781973272acfb]::ExplicitBug>::{closure#0}, !>
  16:     0x736bdca9a936 - std[d7fc13cc5242579e]::panicking::begin_panic::<rustc_errors[b15781973272acfb]::ExplicitBug>
  17:     0x736bdca82154 - <rustc_errors[b15781973272acfb]::HandlerInner>::bug::<alloc[46fb3a2f92666e24]::string::String>
  18:     0x736bdca81f14 - <rustc_errors[b15781973272acfb]::Handler>::bug::<alloc[46fb3a2f92666e24]::string::String>
  19:     0x736bdcb2222d - rustc_middle[604fc891fd74f2d8]::util::bug::opt_span_bug_fmt::<rustc_span[88faddf4715d2d43]::span_encoding::Span>::{closure#0}
  20:     0x736bdcb0a68a - rustc_middle[604fc891fd74f2d8]::ty::context::tls::with_opt::<rustc_middle[604fc891fd74f2d8]::util::bug::opt_span_bug_fmt<rustc_span[88faddf4715d2d43]::span_encoding::Span>::{closure#0}, !>::{closure#0}
  21:     0x736bdcb0a508 - rustc_middle[604fc891fd74f2d8]::ty::context::tls::with_context_opt::<rustc_middle[604fc891fd74f2d8]::ty::context::tls::with_opt<rustc_middle[604fc891fd74f2d8]::util::bug::opt_span_bug_fmt<rustc_span[88faddf4715d2d43]::span_encoding::Span>::{closure#0}, !>::{closure#0}, !>
  22:     0x736bdabc9e30 - rustc_middle[604fc891fd74f2d8]::util::bug::bug_fmt
  23:     0x736bde390494 - <rustc_borrowck[1b2fc09ff996dd54]::type_check::free_region_relations::UniversalRegionRelationsBuilder>::add_implied_bounds
  24:     0x736bde17983c - rustc_borrowck[1b2fc09ff996dd54]::type_check::type_check
  25:     0x736bdb00b833 - rustc_borrowck[1b2fc09ff996dd54]::nll::compute_regions
  26:     0x736bde5c384d - rustc_borrowck[1b2fc09ff996dd54]::do_mir_borrowck
  27:     0x736bde5b3997 - rustc_borrowck[1b2fc09ff996dd54]::mir_borrowck
  28:     0x736bde5b3557 - rustc_query_impl[688c8a72794c2a04]::plumbing::__rust_begin_short_backtrace::<rustc_query_impl[688c8a72794c2a04]::query_impl::mir_borrowck::dynamic_query::{closure#2}::{closure#0}, rustc_middle[604fc891fd74f2d8]::query::erase::Erased<[u8; 8usize]>>
  29:     0x736bde012bd8 - rustc_query_system[92afb14951a5a4cf]::query::plumbing::try_execute_query::<rustc_query_impl[688c8a72794c2a04]::DynamicConfig<rustc_query_system[92afb14951a5a4cf]::query::caches::VecCache<rustc_span[88faddf4715d2d43]::def_id::LocalDefId, rustc_middle[604fc891fd74f2d8]::query::erase::Erased<[u8; 8usize]>>, false, false, false>, rustc_query_impl[688c8a72794c2a04]::plumbing::QueryCtxt, true>
  30:     0x736bde009ef3 - rustc_query_impl[688c8a72794c2a04]::query_impl::mir_borrowck::get_query_incr::__rust_end_short_backtrace
  31:     0x736bde17541f - <rustc_borrowck[1b2fc09ff996dd54]::type_check::TypeChecker>::prove_closure_bounds
  32:     0x736bde51d043 - <rustc_borrowck[1b2fc09ff996dd54]::type_check::TypeChecker>::typeck_mir
  33:     0x736bde17a2a6 - rustc_borrowck[1b2fc09ff996dd54]::type_check::type_check
  34:     0x736bdb00b833 - rustc_borrowck[1b2fc09ff996dd54]::nll::compute_regions
  35:     0x736bde5c384d - rustc_borrowck[1b2fc09ff996dd54]::do_mir_borrowck
  36:     0x736bde5b3997 - rustc_borrowck[1b2fc09ff996dd54]::mir_borrowck
  37:     0x736bde5b3557 - rustc_query_impl[688c8a72794c2a04]::plumbing::__rust_begin_short_backtrace::<rustc_query_impl[688c8a72794c2a04]::query_impl::mir_borrowck::dynamic_query::{closure#2}::{closure#0}, rustc_middle[604fc891fd74f2d8]::query::erase::Erased<[u8; 8usize]>>
  38:     0x736bde012bd8 - rustc_query_system[92afb14951a5a4cf]::query::plumbing::try_execute_query::<rustc_query_impl[688c8a72794c2a04]::DynamicConfig<rustc_query_system[92afb14951a5a4cf]::query::caches::VecCache<rustc_span[88faddf4715d2d43]::def_id::LocalDefId, rustc_middle[604fc891fd74f2d8]::query::erase::Erased<[u8; 8usize]>>, false, false, false>, rustc_query_impl[688c8a72794c2a04]::plumbing::QueryCtxt, true>
  39:     0x736bde009ef3 - rustc_query_impl[688c8a72794c2a04]::query_impl::mir_borrowck::get_query_incr::__rust_end_short_backtrace
  40:     0x736bde00a648 - rustc_interface[90d65b0f51490bf6]::passes::analysis
  41:     0x736bde009f35 - rustc_query_impl[688c8a72794c2a04]::plumbing::__rust_begin_short_backtrace::<rustc_query_impl[688c8a72794c2a04]::query_impl::analysis::dynamic_query::{closure#2}::{closure#0}, rustc_middle[604fc891fd74f2d8]::query::erase::Erased<[u8; 1usize]>>
  42:     0x736bde2f2844 - rustc_query_system[92afb14951a5a4cf]::query::plumbing::try_execute_query::<rustc_query_impl[688c8a72794c2a04]::DynamicConfig<rustc_query_system[92afb14951a5a4cf]::query::caches::SingleCache<rustc_middle[604fc891fd74f2d8]::query::erase::Erased<[u8; 1usize]>>, false, false, false>, rustc_query_impl[688c8a72794c2a04]::plumbing::QueryCtxt, true>
  43:     0x736bde2f2520 - rustc_query_impl[688c8a72794c2a04]::query_impl::analysis::get_query_incr::__rust_end_short_backtrace
  44:     0x736bde543643 - std[d7fc13cc5242579e]::sys_common::backtrace::__rust_begin_short_backtrace::<rustc_interface[90d65b0f51490bf6]::util::run_in_thread_with_globals<rustc_interface[90d65b0f51490bf6]::interface::run_compiler<core[53bdee0566a68c19]::result::Result<(), rustc_span[88faddf4715d2d43]::ErrorGuaranteed>, rustc_driver_impl[88c66c37425cba72]::run_compiler::{closure#1}>::{closure#0}, core[53bdee0566a68c19]::result::Result<(), rustc_span[88faddf4715d2d43]::ErrorGuaranteed>>::{closure#0}::{closure#0}, core[53bdee0566a68c19]::result::Result<(), rustc_span[88faddf4715d2d43]::ErrorGuaranteed>>
  45:     0x736bde542909 - <<std[d7fc13cc5242579e]::thread::Builder>::spawn_unchecked_<rustc_interface[90d65b0f51490bf6]::util::run_in_thread_with_globals<rustc_interface[90d65b0f51490bf6]::interface::run_compiler<core[53bdee0566a68c19]::result::Result<(), rustc_span[88faddf4715d2d43]::ErrorGuaranteed>, rustc_driver_impl[88c66c37425cba72]::run_compiler::{closure#1}>::{closure#0}, core[53bdee0566a68c19]::result::Result<(), rustc_span[88faddf4715d2d43]::ErrorGuaranteed>>::{closure#0}::{closure#0}, core[53bdee0566a68c19]::result::Result<(), rustc_span[88faddf4715d2d43]::ErrorGuaranteed>>::{closure#1} as core[53bdee0566a68c19]::ops::function::FnOnce<()>>::call_once::{shim:vtable#0}
  46:     0x736bdf66ac85 - <alloc::boxed::Box<F,A> as core::ops::function::FnOnce<Args>>::call_once::he310d06a8f297797
                               at /rustc/31bc7e2c47e82798a392c770611975a6883132c8/library/alloc/src/boxed.rs:2007:9
  47:     0x736bdf66ac85 - <alloc::boxed::Box<F,A> as core::ops::function::FnOnce<Args>>::call_once::h69350f715ad37c20
                               at /rustc/31bc7e2c47e82798a392c770611975a6883132c8/library/alloc/src/boxed.rs:2007:9
  48:     0x736bdf66ac85 - std::sys::unix::thread::Thread::new::thread_start::h7310dea1d780d6a0
                               at /rustc/31bc7e2c47e82798a392c770611975a6883132c8/library/std/src/sys/unix/thread.rs:108:17
  49:     0x736bd9894ac3 - start_thread
                               at ./nptl/pthread_create.c:442:8
  50:     0x736bd99268c0 - __GI___clone3
                               at ./misc/../sysdeps/unix/sysv/linux/x86_64/clone3.S:81
  51:                0x0 - <unknown>

note: we would appreciate a bug report: https://github.com/rust-lang/rust/issues/new?labels=C-bug%2C+I-ICE%2C+T-compiler&template=ice.md

note: please attach the file at `/data/zhangtianrong/projects/rustc-cbl/run/117489/rustc-ice-2026-01-17T02_07_28-1197292.txt` to your bug report

note: compiler flags: --crate-type bin -C embed-bitcode=no -C debuginfo=2 -C incremental=[REDACTED]

note: some of the compiler flags provided by cargo are hidden

query stack during panic:
#0 [mir_borrowck] borrow-checking `main::{closure#0}`
#1 [mir_borrowck] borrow-checking `main`
#2 [analysis] running analysis passes on this crate
end of query stack
error: could not compile `bug_117489` (bin "bug_117489")
------------------------------------------------------------
Return code: 101
