=== START 2026-01-20 13:42:44 ===
Bug ID: 117602
Toolchain: nightly-2023-11-04
Source: /data/zhangtianrong/projects/rustc-cbl/rustcbugs/117602
Run dir: /data/zhangtianrong/projects/rustc-cbl/run/117602
CMD: rustup run nightly-2023-11-04 cargo build
------------------------------------------------------------
   Compiling bug_117602 v0.1.0 (/data/zhangtianrong/projects/rustc-cbl/run/117602)
error[E0277]: `(dyn SomethingSomething + 'static)` cannot be sent between threads safely
  --> src/main.rs:13:28
   |
13 |     type IsSend<S: Send> = Wrapper<S>;
   |                            ^^^^^^^^^^ `(dyn SomethingSomething + 'static)` cannot be sent between threads safely
   |
   = help: the trait `Send` is not implemented for `(dyn SomethingSomething + 'static)`
   = note: required for `Unique<(dyn SomethingSomething + 'static)>` to implement `Send`
note: required because it appears within the type `Box<dyn SomethingSomething>`
  --> /rustc/1bb6553b967b69eed9ed8147e78b4f65cfc48e11/library/alloc/src/boxed.rs:195:12
note: required because it appears within the type `Wrapper<S>`
  --> src/main.rs:3:8
   |
3  | struct Wrapper<T> {
   |        ^^^^^^^
note: required by a bound in `HasSend::IsSend`
  --> src/main.rs:9:27
   |
9  |     type IsSend<T: Send>: Send;
   |                           ^^^^ required by this bound in `HasSend::IsSend`

For more information about this error, try `rustc --explain E0277`.
error: could not compile `bug_117602` (bin "bug_117602") due to previous error
------------------------------------------------------------
Return code: 101
