=== START 2026-01-16 23:16:27 ===
Bug ID: 117628
Toolchain: nightly-2023-11-05
Source: /data/zhangtianrong/projects/rustc-cbl/rustcbugs/117628
Run dir: /data/zhangtianrong/projects/rustc-cbl/run/117628
CMD: rustup run nightly-2023-11-05 cargo build
------------------------------------------------------------
    Blocking waiting for file lock on package cache
    Blocking waiting for file lock on package cache
   Compiling bug_117628 v0.1.0 (/data/zhangtianrong/projects/rustc-cbl/run/117628)
error[E0567]: auto traits cannot have generic parameters
 --> src/main.rs:1:18
  |
1 | auto trait Trait1<'outer> {}
  |            ------^^^^^^^^ help: remove the parameters
  |            |
  |            auto trait cannot have generic parameters

error[E0658]: auto traits are experimental and possibly buggy
 --> src/main.rs:1:1
  |
1 | auto trait Trait1<'outer> {}
  | ^^^^^^^^^^^^^^^^^^^^^^^^^^^^
  |
  = note: see issue #13231 <https://github.com/rust-lang/rust/issues/13231> for more information
  = help: add `#![feature(auto_traits)]` to the crate attributes to enable

error: internal compiler error: compiler/rustc_middle/src/ty/generic_args.rs:813:13: Region parameter out of range when substituting in region 'outer (index=1, args = [[u8]])

thread 'rustc' panicked at /rustc/4b85902b438f791c5bfcb6b1c5b476d5b88e2bef/compiler/rustc_errors/src/lib.rs:1661:9:
Box<dyn Any>
stack backtrace:
   0:     0x7ab276369cfc - std::backtrace_rs::backtrace::libunwind::trace::h3ed1720247d82d99
                               at /rustc/4b85902b438f791c5bfcb6b1c5b476d5b88e2bef/library/std/src/../../backtrace/src/backtrace/libunwind.rs:104:5
   1:     0x7ab276369cfc - std::backtrace_rs::backtrace::trace_unsynchronized::haa89566e9a80050e
                               at /rustc/4b85902b438f791c5bfcb6b1c5b476d5b88e2bef/library/std/src/../../backtrace/src/backtrace/mod.rs:66:5
   2:     0x7ab276369cfc - std::sys_common::backtrace::_print_fmt::h51c4aef052b11bed
                               at /rustc/4b85902b438f791c5bfcb6b1c5b476d5b88e2bef/library/std/src/sys_common/backtrace.rs:67:5
   3:     0x7ab276369cfc - <std::sys_common::backtrace::_print::DisplayBacktrace as core::fmt::Display>::fmt::hf20776200fa80764
                               at /rustc/4b85902b438f791c5bfcb6b1c5b476d5b88e2bef/library/std/src/sys_common/backtrace.rs:44:22
   4:     0x7ab2763cbef0 - core::fmt::rt::Argument::fmt::h041d3bbd835367de
                               at /rustc/4b85902b438f791c5bfcb6b1c5b476d5b88e2bef/library/core/src/fmt/rt.rs:142:9
   5:     0x7ab2763cbef0 - core::fmt::write::hfb343644922d4ee8
                               at /rustc/4b85902b438f791c5bfcb6b1c5b476d5b88e2bef/library/core/src/fmt/mod.rs:1117:17
   6:     0x7ab27635db8f - std::io::Write::write_fmt::h74a3703fbb410816
                               at /rustc/4b85902b438f791c5bfcb6b1c5b476d5b88e2bef/library/std/src/io/mod.rs:1763:15
   7:     0x7ab276369ae4 - std::sys_common::backtrace::_print::heb0e5093236b3a69
                               at /rustc/4b85902b438f791c5bfcb6b1c5b476d5b88e2bef/library/std/src/sys_common/backtrace.rs:47:5
   8:     0x7ab276369ae4 - std::sys_common::backtrace::print::h7c94415915593719
                               at /rustc/4b85902b438f791c5bfcb6b1c5b476d5b88e2bef/library/std/src/sys_common/backtrace.rs:34:9
   9:     0x7ab27636c777 - std::panicking::default_hook::{{closure}}::h58f486b40dd02c5f
  10:     0x7ab27636c4df - std::panicking::default_hook::h616088e9ce688020
                               at /rustc/4b85902b438f791c5bfcb6b1c5b476d5b88e2bef/library/std/src/panicking.rs:292:9
  11:     0x7ab278ee59b0 - std[27e46c567b102344]::panicking::update_hook::<alloc[1cdb80f257b73791]::boxed::Box<rustc_driver_impl[4f0491f67c87c143]::install_ice_hook::{closure#0}>>::{closure#0}
  12:     0x7ab27636ceb8 - <alloc::boxed::Box<F,A> as core::ops::function::Fn<Args>>::call::h7d984de1faaed8ed
                               at /rustc/4b85902b438f791c5bfcb6b1c5b476d5b88e2bef/library/alloc/src/boxed.rs:2021:9
  13:     0x7ab27636ceb8 - std::panicking::rust_panic_with_hook::h8921649efe6fe11f
                               at /rustc/4b85902b438f791c5bfcb6b1c5b476d5b88e2bef/library/std/src/panicking.rs:783:13
  14:     0x7ab2792aafe4 - std[27e46c567b102344]::panicking::begin_panic::<rustc_errors[db1927ccaddc58c4]::ExplicitBug>::{closure#0}
  15:     0x7ab27929d2f6 - std[27e46c567b102344]::sys_common::backtrace::__rust_end_short_backtrace::<std[27e46c567b102344]::panicking::begin_panic<rustc_errors[db1927ccaddc58c4]::ExplicitBug>::{closure#0}, !>
  16:     0x7ab27928d626 - std[27e46c567b102344]::panicking::begin_panic::<rustc_errors[db1927ccaddc58c4]::ExplicitBug>
  17:     0x7ab279284474 - <rustc_errors[db1927ccaddc58c4]::HandlerInner>::bug::<alloc[1cdb80f257b73791]::string::String>
  18:     0x7ab279284234 - <rustc_errors[db1927ccaddc58c4]::Handler>::bug::<alloc[1cdb80f257b73791]::string::String>
  19:     0x7ab27932519d - rustc_middle[cdf41a9818b9ebdc]::util::bug::opt_span_bug_fmt::<rustc_span[facdd35e2ff40547]::span_encoding::Span>::{closure#0}
  20:     0x7ab27930d0ea - rustc_middle[cdf41a9818b9ebdc]::ty::context::tls::with_opt::<rustc_middle[cdf41a9818b9ebdc]::util::bug::opt_span_bug_fmt<rustc_span[facdd35e2ff40547]::span_encoding::Span>::{closure#0}, !>::{closure#0}
  21:     0x7ab27930cf88 - rustc_middle[cdf41a9818b9ebdc]::ty::context::tls::with_context_opt::<rustc_middle[cdf41a9818b9ebdc]::ty::context::tls::with_opt<rustc_middle[cdf41a9818b9ebdc]::util::bug::opt_span_bug_fmt<rustc_span[facdd35e2ff40547]::span_encoding::Span>::{closure#0}, !>::{closure#0}, !>
  22:     0x7ab2773c4660 - rustc_middle[cdf41a9818b9ebdc]::util::bug::bug_fmt
  23:     0x7ab27931b281 - <rustc_middle[cdf41a9818b9ebdc]::ty::generic_args::ArgFolder as rustc_type_ir[9724c779ddbfcc4b]::fold::TypeFolder<rustc_middle[cdf41a9818b9ebdc]::ty::context::TyCtxt>>::fold_region::region_param_out_of_range
  24:     0x7ab27b2093e0 - <rustc_middle[cdf41a9818b9ebdc]::ty::generic_args::ArgFolder as rustc_type_ir[9724c779ddbfcc4b]::fold::TypeFolder<rustc_middle[cdf41a9818b9ebdc]::ty::context::TyCtxt>>::fold_region.cold.0
  25:     0x7ab27a266797 - <rustc_middle[cdf41a9818b9ebdc]::ty::Clause as rustc_type_ir[9724c779ddbfcc4b]::fold::TypeFoldable<rustc_middle[cdf41a9818b9ebdc]::ty::context::TyCtxt>>::try_fold_with::<rustc_middle[cdf41a9818b9ebdc]::ty::generic_args::ArgFolder>
  26:     0x7ab27a2673ea - <rustc_trait_selection[548c4c574caf46b8]::traits::select::SelectionContext>::vtable_auto_impl::{closure#0}
  27:     0x7ab27a6a1a43 - <rustc_trait_selection[548c4c574caf46b8]::traits::select::SelectionContext>::confirm_candidate
  28:     0x7ab277fe64cb - <rustc_trait_selection[548c4c574caf46b8]::traits::select::SelectionContext>::evaluate_trait_predicate_recursively::{closure#0}::{closure#1}
  29:     0x7ab27a9a9c2c - <rustc_trait_selection[548c4c574caf46b8]::traits::select::SelectionContext>::evaluate_trait_predicate_recursively
  30:     0x7ab277fe6830 - <rustc_trait_selection[548c4c574caf46b8]::traits::select::SelectionContext>::evaluate_trait_predicate_recursively::{closure#0}::{closure#1}
  31:     0x7ab27a9a9c2c - <rustc_trait_selection[548c4c574caf46b8]::traits::select::SelectionContext>::evaluate_trait_predicate_recursively
  32:     0x7ab27a3fb6ed - <rustc_infer[a40d06b96ecb9804]::infer::InferCtxt>::probe::<core[6a9ac3b4a5ec96f2]::result::Result<rustc_middle[cdf41a9818b9ebdc]::traits::select::EvaluationResult, rustc_middle[cdf41a9818b9ebdc]::traits::select::OverflowError>, <rustc_trait_selection[548c4c574caf46b8]::traits::select::SelectionContext>::evaluation_probe<<rustc_trait_selection[548c4c574caf46b8]::traits::select::SelectionContext>::evaluate_root_obligation::{closure#0}>::{closure#0}>
  33:     0x7ab27a1f6bc9 - rustc_traits[a861b98bb8a86ad3]::evaluate_obligation::evaluate_obligation
  34:     0x7ab27a1f6620 - rustc_query_impl[cc10d7bb0f42a891]::plumbing::__rust_begin_short_backtrace::<rustc_query_impl[cc10d7bb0f42a891]::query_impl::evaluate_obligation::dynamic_query::{closure#2}::{closure#0}, rustc_middle[cdf41a9818b9ebdc]::query::erase::Erased<[u8; 2usize]>>
  35:     0x7ab27a1fe02b - rustc_query_system[33baf784b915f233]::query::plumbing::try_execute_query::<rustc_query_impl[cc10d7bb0f42a891]::DynamicConfig<rustc_query_system[33baf784b915f233]::query::caches::DefaultCache<rustc_type_ir[9724c779ddbfcc4b]::canonical::Canonical<rustc_middle[cdf41a9818b9ebdc]::ty::context::TyCtxt, rustc_middle[cdf41a9818b9ebdc]::ty::ParamEnvAnd<rustc_middle[cdf41a9818b9ebdc]::ty::Predicate>>, rustc_middle[cdf41a9818b9ebdc]::query::erase::Erased<[u8; 2usize]>>, false, false, false>, rustc_query_impl[cc10d7bb0f42a891]::plumbing::QueryCtxt, true>
  36:     0x7ab27a1fd2ee - rustc_query_impl[cc10d7bb0f42a891]::query_impl::evaluate_obligation::get_query_incr::__rust_end_short_backtrace
  37:     0x7ab27738beb0 - <rustc_trait_selection[548c4c574caf46b8]::traits::fulfill::FulfillProcessor as rustc_data_structures[bfec64bcbfa5378d]::obligation_forest::ObligationProcessor>::process_obligation
  38:     0x7ab27a011615 - <rustc_data_structures[bfec64bcbfa5378d]::obligation_forest::ObligationForest<rustc_trait_selection[548c4c574caf46b8]::traits::fulfill::PendingPredicateObligation>>::process_obligations::<rustc_trait_selection[548c4c574caf46b8]::traits::fulfill::FulfillProcessor>
  39:     0x7ab27a7ba180 - <rustc_trait_selection[548c4c574caf46b8]::traits::engine::ObligationCtxt>::select_where_possible
  40:     0x7ab27906d258 - <rustc_hir_typeck[dcd892a0598588b5]::fn_ctxt::FnCtxt>::can_coerce
  41:     0x7ab2790832f7 - <rustc_hir_typeck[dcd892a0598588b5]::fn_ctxt::FnCtxt>::report_arg_errors
  42:     0x7ab27ab0ca05 - <rustc_hir_typeck[dcd892a0598588b5]::fn_ctxt::FnCtxt>::check_argument_types
  43:     0x7ab27a875d19 - <rustc_hir_typeck[dcd892a0598588b5]::fn_ctxt::FnCtxt>::check_call
  44:     0x7ab27aa7fb70 - <rustc_hir_typeck[dcd892a0598588b5]::fn_ctxt::FnCtxt>::check_expr_with_expectation_and_args
  45:     0x7ab27a48b92a - <rustc_hir_typeck[dcd892a0598588b5]::fn_ctxt::FnCtxt>::check_block_with_expected
  46:     0x7ab27aa7fff6 - <rustc_hir_typeck[dcd892a0598588b5]::fn_ctxt::FnCtxt>::check_expr_with_expectation_and_args
  47:     0x7ab27a519299 - rustc_hir_typeck[dcd892a0598588b5]::check::check_fn
  48:     0x7ab27a1e254d - rustc_hir_typeck[dcd892a0598588b5]::typeck
  49:     0x7ab27a1e19bd - rustc_query_impl[cc10d7bb0f42a891]::plumbing::__rust_begin_short_backtrace::<rustc_query_impl[cc10d7bb0f42a891]::query_impl::typeck::dynamic_query::{closure#2}::{closure#0}, rustc_middle[cdf41a9818b9ebdc]::query::erase::Erased<[u8; 8usize]>>
  50:     0x7ab27a706d9d - rustc_query_system[33baf784b915f233]::query::plumbing::try_execute_query::<rustc_query_impl[cc10d7bb0f42a891]::DynamicConfig<rustc_query_system[33baf784b915f233]::query::caches::VecCache<rustc_span[facdd35e2ff40547]::def_id::LocalDefId, rustc_middle[cdf41a9818b9ebdc]::query::erase::Erased<[u8; 8usize]>>, false, false, false>, rustc_query_impl[cc10d7bb0f42a891]::plumbing::QueryCtxt, true>
  51:     0x7ab27a6d3f25 - rustc_query_impl[cc10d7bb0f42a891]::query_impl::typeck::get_query_incr::__rust_end_short_backtrace
  52:     0x7ab27a6d2ed9 - rustc_hir_analysis[1bb2d414e7c0d03e]::check_crate
  53:     0x7ab27a59d1d6 - rustc_interface[ef9364701d744c5d]::passes::analysis
  54:     0x7ab27a59cbf5 - rustc_query_impl[cc10d7bb0f42a891]::plumbing::__rust_begin_short_backtrace::<rustc_query_impl[cc10d7bb0f42a891]::query_impl::analysis::dynamic_query::{closure#2}::{closure#0}, rustc_middle[cdf41a9818b9ebdc]::query::erase::Erased<[u8; 1usize]>>
  55:     0x7ab27aac7ac4 - rustc_query_system[33baf784b915f233]::query::plumbing::try_execute_query::<rustc_query_impl[cc10d7bb0f42a891]::DynamicConfig<rustc_query_system[33baf784b915f233]::query::caches::SingleCache<rustc_middle[cdf41a9818b9ebdc]::query::erase::Erased<[u8; 1usize]>>, false, false, false>, rustc_query_impl[cc10d7bb0f42a891]::plumbing::QueryCtxt, true>
  56:     0x7ab27aac77a0 - rustc_query_impl[cc10d7bb0f42a891]::query_impl::analysis::get_query_incr::__rust_end_short_backtrace
  57:     0x7ab27abe1b06 - rustc_interface[ef9364701d744c5d]::interface::run_compiler::<core[6a9ac3b4a5ec96f2]::result::Result<(), rustc_span[facdd35e2ff40547]::ErrorGuaranteed>, rustc_driver_impl[4f0491f67c87c143]::run_compiler::{closure#1}>::{closure#0}
  58:     0x7ab27af428db - std[27e46c567b102344]::sys_common::backtrace::__rust_begin_short_backtrace::<rustc_interface[ef9364701d744c5d]::util::run_in_thread_with_globals<rustc_interface[ef9364701d744c5d]::interface::run_compiler<core[6a9ac3b4a5ec96f2]::result::Result<(), rustc_span[facdd35e2ff40547]::ErrorGuaranteed>, rustc_driver_impl[4f0491f67c87c143]::run_compiler::{closure#1}>::{closure#0}, core[6a9ac3b4a5ec96f2]::result::Result<(), rustc_span[facdd35e2ff40547]::ErrorGuaranteed>>::{closure#0}::{closure#0}, core[6a9ac3b4a5ec96f2]::result::Result<(), rustc_span[facdd35e2ff40547]::ErrorGuaranteed>>
  59:     0x7ab27af42733 - <<std[27e46c567b102344]::thread::Builder>::spawn_unchecked_<rustc_interface[ef9364701d744c5d]::util::run_in_thread_with_globals<rustc_interface[ef9364701d744c5d]::interface::run_compiler<core[6a9ac3b4a5ec96f2]::result::Result<(), rustc_span[facdd35e2ff40547]::ErrorGuaranteed>, rustc_driver_impl[4f0491f67c87c143]::run_compiler::{closure#1}>::{closure#0}, core[6a9ac3b4a5ec96f2]::result::Result<(), rustc_span[facdd35e2ff40547]::ErrorGuaranteed>>::{closure#0}::{closure#0}, core[6a9ac3b4a5ec96f2]::result::Result<(), rustc_span[facdd35e2ff40547]::ErrorGuaranteed>>::{closure#1} as core[6a9ac3b4a5ec96f2]::ops::function::FnOnce<()>>::call_once::{shim:vtable#0}
  60:     0x7ab276377c25 - <alloc::boxed::Box<F,A> as core::ops::function::FnOnce<Args>>::call_once::h6a8095518e8b7fb3
                               at /rustc/4b85902b438f791c5bfcb6b1c5b476d5b88e2bef/library/alloc/src/boxed.rs:2007:9
  61:     0x7ab276377c25 - <alloc::boxed::Box<F,A> as core::ops::function::FnOnce<Args>>::call_once::h29d9cf65989426fe
                               at /rustc/4b85902b438f791c5bfcb6b1c5b476d5b88e2bef/library/alloc/src/boxed.rs:2007:9
  62:     0x7ab276377c25 - std::sys::unix::thread::Thread::new::thread_start::hca5c2231e710a46f
                               at /rustc/4b85902b438f791c5bfcb6b1c5b476d5b88e2bef/library/std/src/sys/unix/thread.rs:108:17
  63:     0x7ab276094ac3 - start_thread
                               at ./nptl/pthread_create.c:442:8
  64:     0x7ab2761268c0 - __GI___clone3
                               at ./misc/../sysdeps/unix/sysv/linux/x86_64/clone3.S:81
  65:                0x0 - <unknown>

note: we would appreciate a bug report: https://github.com/rust-lang/rust/issues/new?labels=C-bug%2C+I-ICE%2C+T-compiler&template=ice.md

note: please attach the file at `/data/zhangtianrong/projects/rustc-cbl/run/117628/rustc-ice-2026-01-16T15_17_37-1176435.txt` to your bug report

note: compiler flags: --crate-type bin -C embed-bitcode=no -C debuginfo=2 -C incremental=[REDACTED]

note: some of the compiler flags provided by cargo are hidden

query stack during panic:
#0 [evaluate_obligation] evaluating trait selection obligation `str: Trait1<'a>`
#1 [typeck] type-checking `main`
#2 [analysis] running analysis passes on this crate
end of query stack
Some errors have detailed explanations: E0567, E0658.
For more information about an error, try `rustc --explain E0567`.
error: could not compile `bug_117628` (bin "bug_117628") due to 2 previous errors
------------------------------------------------------------
Return code: 101
