=== START 2026-01-18 16:47:21 ===
Bug ID: 117761
Toolchain: nightly-2023-11-08
Source: /data/zhangtianrong/projects/rustc-cbl/rustcbugs/117761
Run dir: /data/zhangtianrong/projects/rustc-cbl/run/117761
CMD: rustup run nightly-2023-11-08 cargo build RUSTFLAGS='-Copt-level=0 -Zmir-opt-level=2 -Zinline-mir -Zmir-enable-passes=+GVN'
------------------------------------------------------------
   Compiling bug_117761 v0.1.0 (/data/zhangtianrong/projects/rustc-cbl/run/117761)
warning: fields `x` and `y` are never read
  --> src/main.rs:20:5
   |
19 | struct Vec2 {
   |        ---- fields in this struct
20 |     x: f32, 
   |     ^
21 |     y: f32, 
   |     ^
   |
   = note: `Vec2` has a derived impl for the trait `Clone`, but this is intentionally ignored during dead code analysis
   = note: `#[warn(dead_code)]` on by default

thread 'rustc' panicked at /rustc/7adc89b69b941afceadcf8609dd6b2999353e550/compiler/rustc_codegen_ssa/src/mir/operand.rs:135:9:
assertion `left == right` failed
  left: Align(8 bytes)
 right: Align(4 bytes)
stack backtrace:
   0:     0x7a086b369cfc - std::backtrace_rs::backtrace::libunwind::trace::h5537bbd154806f59
                               at /rustc/7adc89b69b941afceadcf8609dd6b2999353e550/library/std/src/../../backtrace/src/backtrace/libunwind.rs:104:5
   1:     0x7a086b369cfc - std::backtrace_rs::backtrace::trace_unsynchronized::hc161d98f857540db
                               at /rustc/7adc89b69b941afceadcf8609dd6b2999353e550/library/std/src/../../backtrace/src/backtrace/mod.rs:66:5
   2:     0x7a086b369cfc - std::sys_common::backtrace::_print_fmt::h4c1c3b705b28156a
                               at /rustc/7adc89b69b941afceadcf8609dd6b2999353e550/library/std/src/sys_common/backtrace.rs:67:5
   3:     0x7a086b369cfc - <std::sys_common::backtrace::_print::DisplayBacktrace as core::fmt::Display>::fmt::h0307538b827551fd
                               at /rustc/7adc89b69b941afceadcf8609dd6b2999353e550/library/std/src/sys_common/backtrace.rs:44:22
   4:     0x7a086b3cbf20 - core::fmt::rt::Argument::fmt::h478ea729acec0585
                               at /rustc/7adc89b69b941afceadcf8609dd6b2999353e550/library/core/src/fmt/rt.rs:142:9
   5:     0x7a086b3cbf20 - core::fmt::write::hd245c5370776cdd5
                               at /rustc/7adc89b69b941afceadcf8609dd6b2999353e550/library/core/src/fmt/mod.rs:1117:17
   6:     0x7a086b35dc1f - std::io::Write::write_fmt::hfbfb5cc218327f78
                               at /rustc/7adc89b69b941afceadcf8609dd6b2999353e550/library/std/src/io/mod.rs:1763:15
   7:     0x7a086b369ae4 - std::sys_common::backtrace::_print::hb0911569cc7c7f62
                               at /rustc/7adc89b69b941afceadcf8609dd6b2999353e550/library/std/src/sys_common/backtrace.rs:47:5
   8:     0x7a086b369ae4 - std::sys_common::backtrace::print::h726d39a9d4ba5a1b
                               at /rustc/7adc89b69b941afceadcf8609dd6b2999353e550/library/std/src/sys_common/backtrace.rs:34:9
   9:     0x7a086b36c777 - std::panicking::default_hook::{{closure}}::h82ba92f7be888d70
  10:     0x7a086b36c4df - std::panicking::default_hook::hc218ff80dc9e4cd7
                               at /rustc/7adc89b69b941afceadcf8609dd6b2999353e550/library/std/src/panicking.rs:292:9
  11:     0x7a086e0a67c0 - std[3218d6cd77b0d06f]::panicking::update_hook::<alloc[b3fb55f8a078529e]::boxed::Box<rustc_driver_impl[ddf04b8681d0fb7f]::install_ice_hook::{closure#0}>>::{closure#0}
  12:     0x7a086b36ceb8 - <alloc::boxed::Box<F,A> as core::ops::function::Fn<Args>>::call::hfd09a4f105e6083e
                               at /rustc/7adc89b69b941afceadcf8609dd6b2999353e550/library/alloc/src/boxed.rs:2021:9
  13:     0x7a086b36ceb8 - std::panicking::rust_panic_with_hook::h0290e6db2f0dd7a2
                               at /rustc/7adc89b69b941afceadcf8609dd6b2999353e550/library/std/src/panicking.rs:783:13
  14:     0x7a086b36cc0e - std::panicking::begin_panic_handler::{{closure}}::h7a45355f37d0a7a0
                               at /rustc/7adc89b69b941afceadcf8609dd6b2999353e550/library/std/src/panicking.rs:657:13
  15:     0x7a086b36a1c6 - std::sys_common::backtrace::__rust_end_short_backtrace::hefe3cc14b81c89c0
                               at /rustc/7adc89b69b941afceadcf8609dd6b2999353e550/library/std/src/sys_common/backtrace.rs:170:18
  16:     0x7a086b36c972 - rust_begin_unwind
                               at /rustc/7adc89b69b941afceadcf8609dd6b2999353e550/library/std/src/panicking.rs:645:5
  17:     0x7a086b3c8645 - core::panicking::panic_fmt::h46033962df62bf84
                               at /rustc/7adc89b69b941afceadcf8609dd6b2999353e550/library/core/src/panicking.rs:72:14
  18:     0x7a086b3c8bbb - core::panicking::assert_failed_inner::h1bbc9ad2bbcba8c2
  19:     0x7a086df30e03 - core[8a68bd8e0f0c6481]::panicking::assert_failed::<rustc_abi[78a66b97a6f5cc07]::Align, rustc_abi[78a66b97a6f5cc07]::Align>
  20:     0x7a086f50381a - <rustc_codegen_ssa[1aedc3416d28b980]::mir::FunctionCx<rustc_codegen_llvm[4f6287d33c037344]::builder::Builder>>::codegen_operand
  21:     0x7a086faf5877 - <rustc_codegen_ssa[1aedc3416d28b980]::mir::FunctionCx<rustc_codegen_llvm[4f6287d33c037344]::builder::Builder>>::codegen_block
  22:     0x7a086ff01f0e - rustc_codegen_ssa[1aedc3416d28b980]::mir::codegen_mir::<rustc_codegen_llvm[4f6287d33c037344]::builder::Builder>
  23:     0x7a086fef0622 - rustc_codegen_llvm[4f6287d33c037344]::base::compile_codegen_unit::module_codegen
  24:     0x7a0870235e83 - <rustc_codegen_llvm[4f6287d33c037344]::LlvmCodegenBackend as rustc_codegen_ssa[1aedc3416d28b980]::traits::backend::ExtraBackendMethods>::compile_codegen_unit
  25:     0x7a086fb4f483 - rustc_codegen_ssa[1aedc3416d28b980]::base::codegen_crate::<rustc_codegen_llvm[4f6287d33c037344]::LlvmCodegenBackend>
  26:     0x7a086fb4ebfa - <rustc_codegen_llvm[4f6287d33c037344]::LlvmCodegenBackend as rustc_codegen_ssa[1aedc3416d28b980]::traits::backend::CodegenBackend>::codegen_crate
  27:     0x7a086fb4d297 - rustc_interface[c2a09eed6a0b2444]::passes::start_codegen
  28:     0x7a086fb4cc63 - <rustc_interface[c2a09eed6a0b2444]::queries::Queries>::ongoing_codegen
  29:     0x7a08701c1085 - rustc_interface[c2a09eed6a0b2444]::interface::run_compiler::<core[8a68bd8e0f0c6481]::result::Result<(), rustc_span[84fcc9c9f755a0da]::ErrorGuaranteed>, rustc_driver_impl[ddf04b8681d0fb7f]::run_compiler::{closure#1}>::{closure#0}
  30:     0x7a08701eedca - std[3218d6cd77b0d06f]::sys_common::backtrace::__rust_begin_short_backtrace::<rustc_interface[c2a09eed6a0b2444]::util::run_in_thread_with_globals<rustc_interface[c2a09eed6a0b2444]::util::run_in_thread_pool_with_globals<rustc_interface[c2a09eed6a0b2444]::interface::run_compiler<core[8a68bd8e0f0c6481]::result::Result<(), rustc_span[84fcc9c9f755a0da]::ErrorGuaranteed>, rustc_driver_impl[ddf04b8681d0fb7f]::run_compiler::{closure#1}>::{closure#0}, core[8a68bd8e0f0c6481]::result::Result<(), rustc_span[84fcc9c9f755a0da]::ErrorGuaranteed>>::{closure#0}, core[8a68bd8e0f0c6481]::result::Result<(), rustc_span[84fcc9c9f755a0da]::ErrorGuaranteed>>::{closure#0}::{closure#0}, core[8a68bd8e0f0c6481]::result::Result<(), rustc_span[84fcc9c9f755a0da]::ErrorGuaranteed>>
  31:     0x7a08701eebf3 - <<std[3218d6cd77b0d06f]::thread::Builder>::spawn_unchecked_<rustc_interface[c2a09eed6a0b2444]::util::run_in_thread_with_globals<rustc_interface[c2a09eed6a0b2444]::util::run_in_thread_pool_with_globals<rustc_interface[c2a09eed6a0b2444]::interface::run_compiler<core[8a68bd8e0f0c6481]::result::Result<(), rustc_span[84fcc9c9f755a0da]::ErrorGuaranteed>, rustc_driver_impl[ddf04b8681d0fb7f]::run_compiler::{closure#1}>::{closure#0}, core[8a68bd8e0f0c6481]::result::Result<(), rustc_span[84fcc9c9f755a0da]::ErrorGuaranteed>>::{closure#0}, core[8a68bd8e0f0c6481]::result::Result<(), rustc_span[84fcc9c9f755a0da]::ErrorGuaranteed>>::{closure#0}::{closure#0}, core[8a68bd8e0f0c6481]::result::Result<(), rustc_span[84fcc9c9f755a0da]::ErrorGuaranteed>>::{closure#1} as core[8a68bd8e0f0c6481]::ops::function::FnOnce<()>>::call_once::{shim:vtable#0}
  32:     0x7a086b377c25 - <alloc::boxed::Box<F,A> as core::ops::function::FnOnce<Args>>::call_once::hafee0634ee8690ea
                               at /rustc/7adc89b69b941afceadcf8609dd6b2999353e550/library/alloc/src/boxed.rs:2007:9
  33:     0x7a086b377c25 - <alloc::boxed::Box<F,A> as core::ops::function::FnOnce<Args>>::call_once::h23cfdaad852345bd
                               at /rustc/7adc89b69b941afceadcf8609dd6b2999353e550/library/alloc/src/boxed.rs:2007:9
  34:     0x7a086b377c25 - std::sys::unix::thread::Thread::new::thread_start::h8311638266b07778
                               at /rustc/7adc89b69b941afceadcf8609dd6b2999353e550/library/std/src/sys/unix/thread.rs:108:17
  35:     0x7a086b094ac3 - start_thread
                               at ./nptl/pthread_create.c:442:8
  36:     0x7a086b1268c0 - __GI___clone3
                               at ./misc/../sysdeps/unix/sysv/linux/x86_64/clone3.S:81
  37:                0x0 - <unknown>

error: the compiler unexpectedly panicked. this is a bug.

note: we would appreciate a bug report: https://github.com/rust-lang/rust/issues/new?labels=C-bug%2C+I-ICE%2C+T-compiler&template=ice.md

note: please attach the file at `/data/zhangtianrong/projects/rustc-cbl/run/117761/rustc-ice-2026-01-18T08_47_21-302672.txt` to your bug report

note: compiler flags: --crate-type bin -C embed-bitcode=no -C debuginfo=2 -C incremental=[REDACTED] -C opt-level=0 -Z mir-opt-level=2 -Z inline-mir -Z mir-enable-passes=+GVN

note: some of the compiler flags provided by cargo are hidden

query stack during panic:
end of query stack
warning: `bug_117761` (bin "bug_117761") generated 1 warning
error: could not compile `bug_117761` (bin "bug_117761"); 1 warning emitted
------------------------------------------------------------
Return code: 101
