=== START 2026-01-18 16:34:15 ===
Bug ID: 117789
Toolchain: nightly-2023-11-10
Source: /data/zhangtianrong/projects/rustc-cbl/rustcbugs/117789
Run dir: /data/zhangtianrong/projects/rustc-cbl/run/117789
CMD: rustup run nightly-2023-11-10 cargo build
------------------------------------------------------------
   Compiling bug_117789 v0.1.0 (/data/zhangtianrong/projects/rustc-cbl/run/117789)
error: non-item in item list
  --> src/main.rs:11:6
   |
10 | impl<P> Trait<P> for () {
   |                         - item list starts here
11 |      ;
   |      ^ non-item starts here
12 | }
   | - item list ends here

error[E0567]: auto traits cannot have generic parameters
 --> src/main.rs:5:17
  |
5 | auto trait Trait<P> {
  |            -----^^^ help: remove the parameters
  |            |
  |            auto trait cannot have generic parameters

error[E0568]: auto traits cannot have super traits or lifetime bounds
  --> src/main.rs:16:17
   |
16 | auto trait Bound : Copy {}
   |            -----^^^^^^^ help: remove the super traits or lifetime bounds
   |            |
   |            auto traits cannot have super traits or lifetime bounds

error[E0568]: auto traits cannot have super traits or lifetime bounds
  --> src/main.rs:18:25
   |
18 | auto trait LifetimeBound : 'static {}
   |            -------------^^^^^^^^^^ help: remove the super traits or lifetime bounds
   |            |
   |            auto traits cannot have super traits or lifetime bounds

error[E0658]: auto traits are experimental and possibly buggy
 --> src/main.rs:5:1
  |
5 | / auto trait Trait<P> {
6 | |
7 | |
8 | | }
  | |_^
  |
  = note: see issue #13231 <https://github.com/rust-lang/rust/issues/13231> for more information
  = help: add `#![feature(auto_traits)]` to the crate attributes to enable

error[E0658]: auto traits are experimental and possibly buggy
  --> src/main.rs:16:1
   |
16 | auto trait Bound : Copy {}
   | ^^^^^^^^^^^^^^^^^^^^^^^^^^
   |
   = note: see issue #13231 <https://github.com/rust-lang/rust/issues/13231> for more information
   = help: add `#![feature(auto_traits)]` to the crate attributes to enable

error[E0658]: auto traits are experimental and possibly buggy
  --> src/main.rs:18:1
   |
18 | auto trait LifetimeBound : 'static {}
   | ^^^^^^^^^^^^^^^^^^^^^^^^^^^^^^^^^^^^^
   |
   = note: see issue #13231 <https://github.com/rust-lang/rust/issues/13231> for more information
   = help: add `#![feature(auto_traits)]` to the crate attributes to enable

error[E0658]: auto traits are experimental and possibly buggy
  --> src/main.rs:20:1
   |
20 | auto trait MyTrait {  }
   | ^^^^^^^^^^^^^^^^^^^^^^^
   |
   = note: see issue #13231 <https://github.com/rust-lang/rust/issues/13231> for more information
   = help: add `#![feature(auto_traits)]` to the crate attributes to enable

thread 'rustc' panicked at compiler/rustc_hir_analysis/src/coherence/orphan.rs:455:5:
assertion `left == right` failed
  left: 2
 right: 1
stack backtrace:
   0:     0x7ec53038b5bc - std::backtrace_rs::backtrace::libunwind::trace::h1b9bbd263165ad4f
                               at /rustc/0f44eb32f1123ac93ab404d74c295263ce468343/library/std/src/../../backtrace/src/backtrace/libunwind.rs:104:5
   1:     0x7ec53038b5bc - std::backtrace_rs::backtrace::trace_unsynchronized::h42bf1b9ede0ddb60
                               at /rustc/0f44eb32f1123ac93ab404d74c295263ce468343/library/std/src/../../backtrace/src/backtrace/mod.rs:66:5
   2:     0x7ec53038b5bc - std::sys_common::backtrace::_print_fmt::hb6cddee9aed4c0b5
                               at /rustc/0f44eb32f1123ac93ab404d74c295263ce468343/library/std/src/sys_common/backtrace.rs:67:5
   3:     0x7ec53038b5bc - <std::sys_common::backtrace::_print::DisplayBacktrace as core::fmt::Display>::fmt::h691ac77c875ffd83
                               at /rustc/0f44eb32f1123ac93ab404d74c295263ce468343/library/std/src/sys_common/backtrace.rs:44:22
   4:     0x7ec5303de580 - core::fmt::rt::Argument::fmt::h35d9a56c02c7e0d0
                               at /rustc/0f44eb32f1123ac93ab404d74c295263ce468343/library/core/src/fmt/rt.rs:142:9
   5:     0x7ec5303de580 - core::fmt::write::h58cde0a8859e1305
                               at /rustc/0f44eb32f1123ac93ab404d74c295263ce468343/library/core/src/fmt/mod.rs:1117:17
   6:     0x7ec53037f44f - std::io::Write::write_fmt::h0364cbf615d46e6d
                               at /rustc/0f44eb32f1123ac93ab404d74c295263ce468343/library/std/src/io/mod.rs:1762:15
   7:     0x7ec53038b3a4 - std::sys_common::backtrace::_print::h9a346daa409711b1
                               at /rustc/0f44eb32f1123ac93ab404d74c295263ce468343/library/std/src/sys_common/backtrace.rs:47:5
   8:     0x7ec53038b3a4 - std::sys_common::backtrace::print::h8f5e9965529d03f5
                               at /rustc/0f44eb32f1123ac93ab404d74c295263ce468343/library/std/src/sys_common/backtrace.rs:34:9
   9:     0x7ec53038e037 - std::panicking::default_hook::{{closure}}::hc75cfa0f3a8cfb3a
  10:     0x7ec53038dd9f - std::panicking::default_hook::hab20ad5f54c14d8c
                               at /rustc/0f44eb32f1123ac93ab404d74c295263ce468343/library/std/src/panicking.rs:292:9
  11:     0x7ec5330ef490 - std[7ede4b8f0fa17156]::panicking::update_hook::<alloc[627e63e2e9a7137d]::boxed::Box<rustc_driver_impl[30a45ee458d7fa69]::install_ice_hook::{closure#0}>>::{closure#0}
  12:     0x7ec53038e778 - <alloc::boxed::Box<F,A> as core::ops::function::Fn<Args>>::call::h0851583aee84235d
                               at /rustc/0f44eb32f1123ac93ab404d74c295263ce468343/library/alloc/src/boxed.rs:2021:9
  13:     0x7ec53038e778 - std::panicking::rust_panic_with_hook::hc02b926623339842
                               at /rustc/0f44eb32f1123ac93ab404d74c295263ce468343/library/std/src/panicking.rs:783:13
  14:     0x7ec53038e4ce - std::panicking::begin_panic_handler::{{closure}}::h3fcb21e06121e00c
                               at /rustc/0f44eb32f1123ac93ab404d74c295263ce468343/library/std/src/panicking.rs:657:13
  15:     0x7ec53038ba86 - std::sys_common::backtrace::__rust_end_short_backtrace::h6031ade6b338b0a3
                               at /rustc/0f44eb32f1123ac93ab404d74c295263ce468343/library/std/src/sys_common/backtrace.rs:170:18
  16:     0x7ec53038e232 - rust_begin_unwind
                               at /rustc/0f44eb32f1123ac93ab404d74c295263ce468343/library/std/src/panicking.rs:645:5
  17:     0x7ec5303daca5 - core::panicking::panic_fmt::h78c0e2e5ba10cc42
                               at /rustc/0f44eb32f1123ac93ab404d74c295263ce468343/library/core/src/panicking.rs:72:14
  18:     0x7ec5303db21b - core::panicking::assert_failed_inner::hd60b689f1b3d3e71
  19:     0x7ec5331bbb43 - core[b81150fec421a3a3]::panicking::assert_failed::<usize, usize>
  20:     0x7ec5346af587 - rustc_hir_analysis[fca2933f358992b1]::coherence::orphan::orphan_check_impl
  21:     0x7ec5346ae199 - rustc_query_impl[c6056f6f183f7a12]::plumbing::__rust_begin_short_backtrace::<rustc_query_impl[c6056f6f183f7a12]::query_impl::orphan_check_impl::dynamic_query::{closure#2}::{closure#0}, rustc_middle[a558041a150b415c]::query::erase::Erased<[u8; 1usize]>>
  22:     0x7ec5346acf8a - rustc_query_system[7312596c00d05fbd]::query::plumbing::try_execute_query::<rustc_query_impl[c6056f6f183f7a12]::DynamicConfig<rustc_query_system[7312596c00d05fbd]::query::caches::VecCache<rustc_span[f8ae96a3b337fce3]::def_id::LocalDefId, rustc_middle[a558041a150b415c]::query::erase::Erased<[u8; 1usize]>>, false, false, false>, rustc_query_impl[c6056f6f183f7a12]::plumbing::QueryCtxt, true>
  23:     0x7ec53488b933 - rustc_query_impl[c6056f6f183f7a12]::query_impl::orphan_check_impl::get_query_incr::__rust_end_short_backtrace
  24:     0x7ec5348884f6 - rustc_hir_analysis[fca2933f358992b1]::coherence::coherent_trait
  25:     0x7ec534888089 - rustc_query_impl[c6056f6f183f7a12]::plumbing::__rust_begin_short_backtrace::<rustc_query_impl[c6056f6f183f7a12]::query_impl::coherent_trait::dynamic_query::{closure#2}::{closure#0}, rustc_middle[a558041a150b415c]::query::erase::Erased<[u8; 0usize]>>
  26:     0x7ec534e0e8da - rustc_query_system[7312596c00d05fbd]::query::plumbing::try_execute_query::<rustc_query_impl[c6056f6f183f7a12]::DynamicConfig<rustc_query_system[7312596c00d05fbd]::query::caches::DefaultCache<rustc_span[f8ae96a3b337fce3]::def_id::DefId, rustc_middle[a558041a150b415c]::query::erase::Erased<[u8; 0usize]>>, false, false, false>, rustc_query_impl[c6056f6f183f7a12]::plumbing::QueryCtxt, true>
  27:     0x7ec53476e9e5 - rustc_query_impl[c6056f6f183f7a12]::query_impl::coherent_trait::get_query_incr::__rust_end_short_backtrace
  28:     0x7ec5347bcf29 - rustc_hir_analysis[fca2933f358992b1]::check_crate
  29:     0x7ec5347b1d17 - rustc_interface[7da581f85313fc04]::passes::analysis
  30:     0x7ec5347b1977 - rustc_query_impl[c6056f6f183f7a12]::plumbing::__rust_begin_short_backtrace::<rustc_query_impl[c6056f6f183f7a12]::query_impl::analysis::dynamic_query::{closure#2}::{closure#0}, rustc_middle[a558041a150b415c]::query::erase::Erased<[u8; 1usize]>>
  31:     0x7ec535399d4b - rustc_query_system[7312596c00d05fbd]::query::plumbing::try_execute_query::<rustc_query_impl[c6056f6f183f7a12]::DynamicConfig<rustc_query_system[7312596c00d05fbd]::query::caches::SingleCache<rustc_middle[a558041a150b415c]::query::erase::Erased<[u8; 1usize]>>, false, false, false>, rustc_query_impl[c6056f6f183f7a12]::plumbing::QueryCtxt, true>
  32:     0x7ec5353999f4 - rustc_query_impl[c6056f6f183f7a12]::query_impl::analysis::get_query_incr::__rust_end_short_backtrace
  33:     0x7ec5353a1a7f - rustc_interface[7da581f85313fc04]::interface::run_compiler::<core[b81150fec421a3a3]::result::Result<(), rustc_span[f8ae96a3b337fce3]::ErrorGuaranteed>, rustc_driver_impl[30a45ee458d7fa69]::run_compiler::{closure#1}>::{closure#0}
  34:     0x7ec5353a8d9a - std[7ede4b8f0fa17156]::sys_common::backtrace::__rust_begin_short_backtrace::<rustc_interface[7da581f85313fc04]::util::run_in_thread_with_globals<rustc_interface[7da581f85313fc04]::util::run_in_thread_pool_with_globals<rustc_interface[7da581f85313fc04]::interface::run_compiler<core[b81150fec421a3a3]::result::Result<(), rustc_span[f8ae96a3b337fce3]::ErrorGuaranteed>, rustc_driver_impl[30a45ee458d7fa69]::run_compiler::{closure#1}>::{closure#0}, core[b81150fec421a3a3]::result::Result<(), rustc_span[f8ae96a3b337fce3]::ErrorGuaranteed>>::{closure#0}, core[b81150fec421a3a3]::result::Result<(), rustc_span[f8ae96a3b337fce3]::ErrorGuaranteed>>::{closure#0}::{closure#0}, core[b81150fec421a3a3]::result::Result<(), rustc_span[f8ae96a3b337fce3]::ErrorGuaranteed>>
  35:     0x7ec5353a8bc3 - <<std[7ede4b8f0fa17156]::thread::Builder>::spawn_unchecked_<rustc_interface[7da581f85313fc04]::util::run_in_thread_with_globals<rustc_interface[7da581f85313fc04]::util::run_in_thread_pool_with_globals<rustc_interface[7da581f85313fc04]::interface::run_compiler<core[b81150fec421a3a3]::result::Result<(), rustc_span[f8ae96a3b337fce3]::ErrorGuaranteed>, rustc_driver_impl[30a45ee458d7fa69]::run_compiler::{closure#1}>::{closure#0}, core[b81150fec421a3a3]::result::Result<(), rustc_span[f8ae96a3b337fce3]::ErrorGuaranteed>>::{closure#0}, core[b81150fec421a3a3]::result::Result<(), rustc_span[f8ae96a3b337fce3]::ErrorGuaranteed>>::{closure#0}::{closure#0}, core[b81150fec421a3a3]::result::Result<(), rustc_span[f8ae96a3b337fce3]::ErrorGuaranteed>>::{closure#1} as core[b81150fec421a3a3]::ops::function::FnOnce<()>>::call_once::{shim:vtable#0}
  36:     0x7ec530398635 - <alloc::boxed::Box<F,A> as core::ops::function::FnOnce<Args>>::call_once::hb3bf19736a27bb04
                               at /rustc/0f44eb32f1123ac93ab404d74c295263ce468343/library/alloc/src/boxed.rs:2007:9
  37:     0x7ec530398635 - <alloc::boxed::Box<F,A> as core::ops::function::FnOnce<Args>>::call_once::hac318fbaf242bfca
                               at /rustc/0f44eb32f1123ac93ab404d74c295263ce468343/library/alloc/src/boxed.rs:2007:9
  38:     0x7ec530398635 - std::sys::unix::thread::Thread::new::thread_start::he5a596c06d494e2f
                               at /rustc/0f44eb32f1123ac93ab404d74c295263ce468343/library/std/src/sys/unix/thread.rs:108:17
  39:     0x7ec530094ac3 - start_thread
                               at ./nptl/pthread_create.c:442:8
  40:     0x7ec5301268c0 - __GI___clone3
                               at ./misc/../sysdeps/unix/sysv/linux/x86_64/clone3.S:81
  41:                0x0 - <unknown>

error: the compiler unexpectedly panicked. this is a bug.

note: we would appreciate a bug report: https://github.com/rust-lang/rust/issues/new?labels=C-bug%2C+I-ICE%2C+T-compiler&template=ice.md

note: please attach the file at `/data/zhangtianrong/projects/rustc-cbl/run/117789/rustc-ice-2026-01-18T08_34_15-3806818.txt` to your bug report

note: compiler flags: --crate-type bin -C embed-bitcode=no -C debuginfo=2 -C incremental=[REDACTED]

note: some of the compiler flags provided by cargo are hidden

query stack during panic:
#0 [orphan_check_impl] checking whether impl `<impl at src/main.rs:10:1: 10:24>` follows the orphan rules
#1 [coherent_trait] coherence checking all impls of trait `Trait`
#2 [analysis] running analysis passes on this crate
end of query stack
Some errors have detailed explanations: E0567, E0568, E0658.
For more information about an error, try `rustc --explain E0567`.
error: could not compile `bug_117789` (bin "bug_117789") due to 8 previous errors
------------------------------------------------------------
Return code: 101
