=== START 2026-01-16 23:03:26 ===
Bug ID: 117802
Toolchain: nightly-2023-11-08
Source: /data/zhangtianrong/projects/rustc-cbl/rustcbugs/117802
Run dir: /data/zhangtianrong/projects/rustc-cbl/run/117802
CMD: rustup run nightly-2023-11-08 cargo build
------------------------------------------------------------
   Compiling bug_117802 v0.1.0 (/data/zhangtianrong/projects/rustc-cbl/run/117802)
error[E0666]: nested `impl Trait` is not allowed
 --> src/main.rs:3:19
  |
3 | fn f() -> impl Fn(impl T) {
  |           --------^^^^^^-
  |           |       |
  |           |       nested `impl Trait` here
  |           outer `impl Trait`

error[E0562]: `impl Trait` only allowed in function and inherent method argument and return types, not in `Fn` trait params
 --> src/main.rs:3:19
  |
3 | fn f() -> impl Fn(impl T) {
  |                   ^^^^^^

thread 'rustc' panicked at compiler/rustc_mir_build/src/build/expr/as_place.rs:253:31:
called `Option::unwrap()` on a `None` value
stack backtrace:
   0:     0x77a003969cfc - std::backtrace_rs::backtrace::libunwind::trace::h5537bbd154806f59
                               at /rustc/7adc89b69b941afceadcf8609dd6b2999353e550/library/std/src/../../backtrace/src/backtrace/libunwind.rs:104:5
   1:     0x77a003969cfc - std::backtrace_rs::backtrace::trace_unsynchronized::hc161d98f857540db
                               at /rustc/7adc89b69b941afceadcf8609dd6b2999353e550/library/std/src/../../backtrace/src/backtrace/mod.rs:66:5
   2:     0x77a003969cfc - std::sys_common::backtrace::_print_fmt::h4c1c3b705b28156a
                               at /rustc/7adc89b69b941afceadcf8609dd6b2999353e550/library/std/src/sys_common/backtrace.rs:67:5
   3:     0x77a003969cfc - <std::sys_common::backtrace::_print::DisplayBacktrace as core::fmt::Display>::fmt::h0307538b827551fd
                               at /rustc/7adc89b69b941afceadcf8609dd6b2999353e550/library/std/src/sys_common/backtrace.rs:44:22
   4:     0x77a0039cbf20 - core::fmt::rt::Argument::fmt::h478ea729acec0585
                               at /rustc/7adc89b69b941afceadcf8609dd6b2999353e550/library/core/src/fmt/rt.rs:142:9
   5:     0x77a0039cbf20 - core::fmt::write::hd245c5370776cdd5
                               at /rustc/7adc89b69b941afceadcf8609dd6b2999353e550/library/core/src/fmt/mod.rs:1117:17
   6:     0x77a00395dc1f - std::io::Write::write_fmt::hfbfb5cc218327f78
                               at /rustc/7adc89b69b941afceadcf8609dd6b2999353e550/library/std/src/io/mod.rs:1763:15
   7:     0x77a003969ae4 - std::sys_common::backtrace::_print::hb0911569cc7c7f62
                               at /rustc/7adc89b69b941afceadcf8609dd6b2999353e550/library/std/src/sys_common/backtrace.rs:47:5
   8:     0x77a003969ae4 - std::sys_common::backtrace::print::h726d39a9d4ba5a1b
                               at /rustc/7adc89b69b941afceadcf8609dd6b2999353e550/library/std/src/sys_common/backtrace.rs:34:9
   9:     0x77a00396c777 - std::panicking::default_hook::{{closure}}::h82ba92f7be888d70
  10:     0x77a00396c4df - std::panicking::default_hook::hc218ff80dc9e4cd7
                               at /rustc/7adc89b69b941afceadcf8609dd6b2999353e550/library/std/src/panicking.rs:292:9
  11:     0x77a0066a67c0 - std[3218d6cd77b0d06f]::panicking::update_hook::<alloc[b3fb55f8a078529e]::boxed::Box<rustc_driver_impl[ddf04b8681d0fb7f]::install_ice_hook::{closure#0}>>::{closure#0}
  12:     0x77a00396ceb8 - <alloc::boxed::Box<F,A> as core::ops::function::Fn<Args>>::call::hfd09a4f105e6083e
                               at /rustc/7adc89b69b941afceadcf8609dd6b2999353e550/library/alloc/src/boxed.rs:2021:9
  13:     0x77a00396ceb8 - std::panicking::rust_panic_with_hook::h0290e6db2f0dd7a2
                               at /rustc/7adc89b69b941afceadcf8609dd6b2999353e550/library/std/src/panicking.rs:783:13
  14:     0x77a00396cbd9 - std::panicking::begin_panic_handler::{{closure}}::h7a45355f37d0a7a0
                               at /rustc/7adc89b69b941afceadcf8609dd6b2999353e550/library/std/src/panicking.rs:649:13
  15:     0x77a00396a1c6 - std::sys_common::backtrace::__rust_end_short_backtrace::hefe3cc14b81c89c0
                               at /rustc/7adc89b69b941afceadcf8609dd6b2999353e550/library/std/src/sys_common/backtrace.rs:170:18
  16:     0x77a00396c972 - rust_begin_unwind
                               at /rustc/7adc89b69b941afceadcf8609dd6b2999353e550/library/std/src/panicking.rs:645:5
  17:     0x77a0039c8645 - core::panicking::panic_fmt::h46033962df62bf84
                               at /rustc/7adc89b69b941afceadcf8609dd6b2999353e550/library/core/src/panicking.rs:72:14
  18:     0x77a0039c86e3 - core::panicking::panic::h3df56cba124c6fd8
                               at /rustc/7adc89b69b941afceadcf8609dd6b2999353e550/library/core/src/panicking.rs:127:5
  19:     0x77a007ee8188 - <rustc_mir_build[e7d25801bec1aa84]::build::Builder>::expr_into_dest
  20:     0x77a007ee1932 - <rustc_mir_build[e7d25801bec1aa84]::build::Builder>::expr_into_dest
  21:     0x77a007ee1932 - <rustc_mir_build[e7d25801bec1aa84]::build::Builder>::expr_into_dest
  22:     0x77a0082032a7 - rustc_mir_build[e7d25801bec1aa84]::build::mir_build::{closure#0}
  23:     0x77a007bd11b1 - rustc_mir_build[e7d25801bec1aa84]::build::mir_built
  24:     0x77a007bd0e0d - rustc_query_impl[4e47b2e9cc97378d]::plumbing::__rust_begin_short_backtrace::<rustc_query_impl[4e47b2e9cc97378d]::query_impl::mir_built::dynamic_query::{closure#2}::{closure#0}, rustc_middle[1d9f98b98706d2de]::query::erase::Erased<[u8; 8usize]>>
  25:     0x77a007e23ab9 - rustc_query_system[42a82f5a7de036a2]::query::plumbing::try_execute_query::<rustc_query_impl[4e47b2e9cc97378d]::DynamicConfig<rustc_query_system[42a82f5a7de036a2]::query::caches::VecCache<rustc_span[84fcc9c9f755a0da]::def_id::LocalDefId, rustc_middle[1d9f98b98706d2de]::query::erase::Erased<[u8; 8usize]>>, false, false, false>, rustc_query_impl[4e47b2e9cc97378d]::plumbing::QueryCtxt, true>
  26:     0x77a007e2143a - rustc_query_impl[4e47b2e9cc97378d]::query_impl::mir_built::get_query_incr::__rust_end_short_backtrace
  27:     0x77a004e45171 - rustc_mir_transform[1e933c70563f7db8]::check_unsafety::unsafety_check_result
  28:     0x77a00799f9c7 - rustc_query_impl[4e47b2e9cc97378d]::plumbing::__rust_begin_short_backtrace::<rustc_query_impl[4e47b2e9cc97378d]::query_impl::unsafety_check_result::dynamic_query::{closure#2}::{closure#0}, rustc_middle[1d9f98b98706d2de]::query::erase::Erased<[u8; 8usize]>>
  29:     0x77a007e23ab9 - rustc_query_system[42a82f5a7de036a2]::query::plumbing::try_execute_query::<rustc_query_impl[4e47b2e9cc97378d]::DynamicConfig<rustc_query_system[42a82f5a7de036a2]::query::caches::VecCache<rustc_span[84fcc9c9f755a0da]::def_id::LocalDefId, rustc_middle[1d9f98b98706d2de]::query::erase::Erased<[u8; 8usize]>>, false, false, false>, rustc_query_impl[4e47b2e9cc97378d]::plumbing::QueryCtxt, true>
  30:     0x77a007e2180c - rustc_query_impl[4e47b2e9cc97378d]::query_impl::unsafety_check_result::get_query_incr::__rust_end_short_backtrace
  31:     0x77a00799f45c - rustc_middle[1d9f98b98706d2de]::query::plumbing::query_get_at::<rustc_query_system[42a82f5a7de036a2]::query::caches::VecCache<rustc_span[84fcc9c9f755a0da]::def_id::LocalDefId, rustc_middle[1d9f98b98706d2de]::query::erase::Erased<[u8; 8usize]>>>
  32:     0x77a004e481c7 - rustc_mir_transform[1e933c70563f7db8]::check_unsafety::unsafety_check_result
  33:     0x77a00799f9c7 - rustc_query_impl[4e47b2e9cc97378d]::plumbing::__rust_begin_short_backtrace::<rustc_query_impl[4e47b2e9cc97378d]::query_impl::unsafety_check_result::dynamic_query::{closure#2}::{closure#0}, rustc_middle[1d9f98b98706d2de]::query::erase::Erased<[u8; 8usize]>>
  34:     0x77a007e23ab9 - rustc_query_system[42a82f5a7de036a2]::query::plumbing::try_execute_query::<rustc_query_impl[4e47b2e9cc97378d]::DynamicConfig<rustc_query_system[42a82f5a7de036a2]::query::caches::VecCache<rustc_span[84fcc9c9f755a0da]::def_id::LocalDefId, rustc_middle[1d9f98b98706d2de]::query::erase::Erased<[u8; 8usize]>>, false, false, false>, rustc_query_impl[4e47b2e9cc97378d]::plumbing::QueryCtxt, true>
  35:     0x77a007e2180c - rustc_query_impl[4e47b2e9cc97378d]::query_impl::unsafety_check_result::get_query_incr::__rust_end_short_backtrace
  36:     0x77a0079a0c36 - rustc_mir_transform[1e933c70563f7db8]::mir_const
  37:     0x77a0079a0b61 - rustc_query_impl[4e47b2e9cc97378d]::plumbing::__rust_begin_short_backtrace::<rustc_query_impl[4e47b2e9cc97378d]::query_impl::mir_const::dynamic_query::{closure#2}::{closure#0}, rustc_middle[1d9f98b98706d2de]::query::erase::Erased<[u8; 8usize]>>
  38:     0x77a007e23ab9 - rustc_query_system[42a82f5a7de036a2]::query::plumbing::try_execute_query::<rustc_query_impl[4e47b2e9cc97378d]::DynamicConfig<rustc_query_system[42a82f5a7de036a2]::query::caches::VecCache<rustc_span[84fcc9c9f755a0da]::def_id::LocalDefId, rustc_middle[1d9f98b98706d2de]::query::erase::Erased<[u8; 8usize]>>, false, false, false>, rustc_query_impl[4e47b2e9cc97378d]::plumbing::QueryCtxt, true>
  39:     0x77a007e2153c - rustc_query_impl[4e47b2e9cc97378d]::query_impl::mir_const::get_query_incr::__rust_end_short_backtrace
  40:     0x77a005c44201 - rustc_mir_transform[1e933c70563f7db8]::mir_promoted
  41:     0x77a007d56c12 - rustc_query_impl[4e47b2e9cc97378d]::plumbing::__rust_begin_short_backtrace::<rustc_query_impl[4e47b2e9cc97378d]::query_impl::mir_promoted::dynamic_query::{closure#2}::{closure#0}, rustc_middle[1d9f98b98706d2de]::query::erase::Erased<[u8; 16usize]>>
  42:     0x77a0081f7ea6 - rustc_query_system[42a82f5a7de036a2]::query::plumbing::try_execute_query::<rustc_query_impl[4e47b2e9cc97378d]::DynamicConfig<rustc_query_system[42a82f5a7de036a2]::query::caches::VecCache<rustc_span[84fcc9c9f755a0da]::def_id::LocalDefId, rustc_middle[1d9f98b98706d2de]::query::erase::Erased<[u8; 16usize]>>, false, false, false>, rustc_query_impl[4e47b2e9cc97378d]::plumbing::QueryCtxt, true>
  43:     0x77a00870a37d - rustc_query_impl[4e47b2e9cc97378d]::query_impl::mir_promoted::get_query_incr::__rust_end_short_backtrace
  44:     0x77a00870a4ad - rustc_borrowck[22352471f0e1667c]::mir_borrowck
  45:     0x77a00870a3ef - rustc_query_impl[4e47b2e9cc97378d]::plumbing::__rust_begin_short_backtrace::<rustc_query_impl[4e47b2e9cc97378d]::query_impl::mir_borrowck::dynamic_query::{closure#2}::{closure#0}, rustc_middle[1d9f98b98706d2de]::query::erase::Erased<[u8; 8usize]>>
  46:     0x77a007e23ab9 - rustc_query_system[42a82f5a7de036a2]::query::plumbing::try_execute_query::<rustc_query_impl[4e47b2e9cc97378d]::DynamicConfig<rustc_query_system[42a82f5a7de036a2]::query::caches::VecCache<rustc_span[84fcc9c9f755a0da]::def_id::LocalDefId, rustc_middle[1d9f98b98706d2de]::query::erase::Erased<[u8; 8usize]>>, false, false, false>, rustc_query_impl[4e47b2e9cc97378d]::plumbing::QueryCtxt, true>
  47:     0x77a007ad469b - rustc_query_impl[4e47b2e9cc97378d]::query_impl::mir_borrowck::get_query_incr::__rust_end_short_backtrace
  48:     0x77a00856eb32 - rustc_hir_analysis[515189cf58280d8d]::collect::type_of::type_of_opaque
  49:     0x77a00856e89b - rustc_query_impl[4e47b2e9cc97378d]::plumbing::__rust_begin_short_backtrace::<rustc_query_impl[4e47b2e9cc97378d]::query_impl::type_of_opaque::dynamic_query::{closure#2}::{closure#0}, rustc_middle[1d9f98b98706d2de]::query::erase::Erased<[u8; 8usize]>>
  50:     0x77a007b503c0 - rustc_query_system[42a82f5a7de036a2]::query::plumbing::try_execute_query::<rustc_query_impl[4e47b2e9cc97378d]::DynamicConfig<rustc_query_system[42a82f5a7de036a2]::query::caches::DefaultCache<rustc_span[84fcc9c9f755a0da]::def_id::DefId, rustc_middle[1d9f98b98706d2de]::query::erase::Erased<[u8; 8usize]>>, false, false, false>, rustc_query_impl[4e47b2e9cc97378d]::plumbing::QueryCtxt, true>
  51:     0x77a00888320b - rustc_query_impl[4e47b2e9cc97378d]::query_impl::type_of_opaque::get_query_incr::__rust_end_short_backtrace
  52:     0x77a00798e138 - rustc_middle[1d9f98b98706d2de]::query::plumbing::query_get_at::<rustc_query_system[42a82f5a7de036a2]::query::caches::DefaultCache<rustc_span[84fcc9c9f755a0da]::def_id::DefId, rustc_middle[1d9f98b98706d2de]::query::erase::Erased<[u8; 8usize]>>>
  53:     0x77a005ba980f - rustc_hir_analysis[515189cf58280d8d]::collect::type_of::type_of
  54:     0x77a0078843f6 - rustc_query_impl[4e47b2e9cc97378d]::plumbing::__rust_begin_short_backtrace::<rustc_query_impl[4e47b2e9cc97378d]::query_impl::type_of::dynamic_query::{closure#2}::{closure#0}, rustc_middle[1d9f98b98706d2de]::query::erase::Erased<[u8; 8usize]>>
  55:     0x77a007b503c0 - rustc_query_system[42a82f5a7de036a2]::query::plumbing::try_execute_query::<rustc_query_impl[4e47b2e9cc97378d]::DynamicConfig<rustc_query_system[42a82f5a7de036a2]::query::caches::DefaultCache<rustc_span[84fcc9c9f755a0da]::def_id::DefId, rustc_middle[1d9f98b98706d2de]::query::erase::Erased<[u8; 8usize]>>, false, false, false>, rustc_query_impl[4e47b2e9cc97378d]::plumbing::QueryCtxt, true>
  56:     0x77a007cadea9 - rustc_query_impl[4e47b2e9cc97378d]::query_impl::type_of::get_query_incr::__rust_end_short_backtrace
  57:     0x77a00798e138 - rustc_middle[1d9f98b98706d2de]::query::plumbing::query_get_at::<rustc_query_system[42a82f5a7de036a2]::query::caches::DefaultCache<rustc_span[84fcc9c9f755a0da]::def_id::DefId, rustc_middle[1d9f98b98706d2de]::query::erase::Erased<[u8; 8usize]>>>
  58:     0x77a007f26f0b - rustc_hir_analysis[515189cf58280d8d]::check::check::check_mod_item_types
  59:     0x77a007f25913 - rustc_query_impl[4e47b2e9cc97378d]::plumbing::__rust_begin_short_backtrace::<rustc_query_impl[4e47b2e9cc97378d]::query_impl::check_mod_item_types::dynamic_query::{closure#2}::{closure#0}, rustc_middle[1d9f98b98706d2de]::query::erase::Erased<[u8; 0usize]>>
  60:     0x77a0081fcf2b - rustc_query_system[42a82f5a7de036a2]::query::plumbing::try_execute_query::<rustc_query_impl[4e47b2e9cc97378d]::DynamicConfig<rustc_query_system[42a82f5a7de036a2]::query::caches::DefaultCache<rustc_span[84fcc9c9f755a0da]::def_id::LocalModDefId, rustc_middle[1d9f98b98706d2de]::query::erase::Erased<[u8; 0usize]>>, false, false, false>, rustc_query_impl[4e47b2e9cc97378d]::plumbing::QueryCtxt, true>
  61:     0x77a0081fca40 - rustc_query_impl[4e47b2e9cc97378d]::query_impl::check_mod_item_types::get_query_incr::__rust_end_short_backtrace
  62:     0x77a007e285d9 - rustc_hir_analysis[515189cf58280d8d]::check_crate
  63:     0x77a007ad4a95 - rustc_interface[c2a09eed6a0b2444]::passes::analysis
  64:     0x77a007ad46dd - rustc_query_impl[4e47b2e9cc97378d]::plumbing::__rust_begin_short_backtrace::<rustc_query_impl[4e47b2e9cc97378d]::query_impl::analysis::dynamic_query::{closure#2}::{closure#0}, rustc_middle[1d9f98b98706d2de]::query::erase::Erased<[u8; 1usize]>>
  65:     0x77a0084b150b - rustc_query_system[42a82f5a7de036a2]::query::plumbing::try_execute_query::<rustc_query_impl[4e47b2e9cc97378d]::DynamicConfig<rustc_query_system[42a82f5a7de036a2]::query::caches::SingleCache<rustc_middle[1d9f98b98706d2de]::query::erase::Erased<[u8; 1usize]>>, false, false, false>, rustc_query_impl[4e47b2e9cc97378d]::plumbing::QueryCtxt, true>
  66:     0x77a0084b11a0 - rustc_query_impl[4e47b2e9cc97378d]::query_impl::analysis::get_query_incr::__rust_end_short_backtrace
  67:     0x77a0087c1033 - rustc_interface[c2a09eed6a0b2444]::interface::run_compiler::<core[8a68bd8e0f0c6481]::result::Result<(), rustc_span[84fcc9c9f755a0da]::ErrorGuaranteed>, rustc_driver_impl[ddf04b8681d0fb7f]::run_compiler::{closure#1}>::{closure#0}
  68:     0x77a0087eedca - std[3218d6cd77b0d06f]::sys_common::backtrace::__rust_begin_short_backtrace::<rustc_interface[c2a09eed6a0b2444]::util::run_in_thread_with_globals<rustc_interface[c2a09eed6a0b2444]::util::run_in_thread_pool_with_globals<rustc_interface[c2a09eed6a0b2444]::interface::run_compiler<core[8a68bd8e0f0c6481]::result::Result<(), rustc_span[84fcc9c9f755a0da]::ErrorGuaranteed>, rustc_driver_impl[ddf04b8681d0fb7f]::run_compiler::{closure#1}>::{closure#0}, core[8a68bd8e0f0c6481]::result::Result<(), rustc_span[84fcc9c9f755a0da]::ErrorGuaranteed>>::{closure#0}, core[8a68bd8e0f0c6481]::result::Result<(), rustc_span[84fcc9c9f755a0da]::ErrorGuaranteed>>::{closure#0}::{closure#0}, core[8a68bd8e0f0c6481]::result::Result<(), rustc_span[84fcc9c9f755a0da]::ErrorGuaranteed>>
  69:     0x77a0087eebf3 - <<std[3218d6cd77b0d06f]::thread::Builder>::spawn_unchecked_<rustc_interface[c2a09eed6a0b2444]::util::run_in_thread_with_globals<rustc_interface[c2a09eed6a0b2444]::util::run_in_thread_pool_with_globals<rustc_interface[c2a09eed6a0b2444]::interface::run_compiler<core[8a68bd8e0f0c6481]::result::Result<(), rustc_span[84fcc9c9f755a0da]::ErrorGuaranteed>, rustc_driver_impl[ddf04b8681d0fb7f]::run_compiler::{closure#1}>::{closure#0}, core[8a68bd8e0f0c6481]::result::Result<(), rustc_span[84fcc9c9f755a0da]::ErrorGuaranteed>>::{closure#0}, core[8a68bd8e0f0c6481]::result::Result<(), rustc_span[84fcc9c9f755a0da]::ErrorGuaranteed>>::{closure#0}::{closure#0}, core[8a68bd8e0f0c6481]::result::Result<(), rustc_span[84fcc9c9f755a0da]::ErrorGuaranteed>>::{closure#1} as core[8a68bd8e0f0c6481]::ops::function::FnOnce<()>>::call_once::{shim:vtable#0}
  70:     0x77a003977c25 - <alloc::boxed::Box<F,A> as core::ops::function::FnOnce<Args>>::call_once::hafee0634ee8690ea
                               at /rustc/7adc89b69b941afceadcf8609dd6b2999353e550/library/alloc/src/boxed.rs:2007:9
  71:     0x77a003977c25 - <alloc::boxed::Box<F,A> as core::ops::function::FnOnce<Args>>::call_once::h23cfdaad852345bd
                               at /rustc/7adc89b69b941afceadcf8609dd6b2999353e550/library/alloc/src/boxed.rs:2007:9
  72:     0x77a003977c25 - std::sys::unix::thread::Thread::new::thread_start::h8311638266b07778
                               at /rustc/7adc89b69b941afceadcf8609dd6b2999353e550/library/std/src/sys/unix/thread.rs:108:17
  73:     0x77a003694ac3 - start_thread
                               at ./nptl/pthread_create.c:442:8
  74:     0x77a0037268c0 - __GI___clone3
                               at ./misc/../sysdeps/unix/sysv/linux/x86_64/clone3.S:81
  75:                0x0 - <unknown>

error: the compiler unexpectedly panicked. this is a bug.

note: we would appreciate a bug report: https://github.com/rust-lang/rust/issues/new?labels=C-bug%2C+I-ICE%2C+T-compiler&template=ice.md

note: please attach the file at `/data/zhangtianrong/projects/rustc-cbl/run/117802/rustc-ice-2026-01-16T15_03_26-544733.txt` to your bug report

note: compiler flags: --crate-type bin -C embed-bitcode=no -C debuginfo=2 -C incremental=[REDACTED]

note: some of the compiler flags provided by cargo are hidden

query stack during panic:
#0 [mir_built] building MIR for `f::{closure#0}`
#1 [unsafety_check_result] unsafety-checking `f::{closure#0}`
#2 [unsafety_check_result] unsafety-checking `f`
#3 [mir_const] preparing `f` for borrow checking
#4 [mir_promoted] promoting constants in MIR for `f`
#5 [mir_borrowck] borrow-checking `f`
#6 [type_of_opaque] computing type of opaque `f::{opaque#0}`
#7 [type_of] computing type of `f::{opaque#0}`
#8 [check_mod_item_types] checking item types in top-level module
#9 [analysis] running analysis passes on this crate
end of query stack
Some errors have detailed explanations: E0562, E0666.
For more information about an error, try `rustc --explain E0562`.
error: could not compile `bug_117802` (bin "bug_117802") due to 2 previous errors
------------------------------------------------------------
Return code: 101
