=== START 2026-02-02 19:20:50 ===
Bug ID: 117986
Toolchain: nightly-2023-11-15
Source: /data/zhangtianrong/projects/rustc-cbl/rustcbugs/117986
Run dir: /data/zhangtianrong/projects/rustc-cbl/run/117986
CMD: rustup run nightly-2023-11-15 cargo build
------------------------------------------------------------
   Compiling bug_117986 v0.1.0 (/data/zhangtianrong/projects/rustc-cbl/run/117986)
error: conflicting implementations of trait `FnMarker` for type `fn(&_)`
  --> src/main.rs:11:1
   |
10 | impl<T: ?Sized + Marker> FnMarker for fn(T) {}
   | ------------------------------------------- first implementation here
11 | impl<T: ?Sized> FnMarker for fn(&T) {}
   | ^^^^^^^^^^^^^^^^^^^^^^^^^^^^^^^^^^^ conflicting implementation for `fn(&_)`
   |
   = warning: this was previously accepted by the compiler but is being phased out; it will become a hard error in a future release!
   = note: for more information, see issue #56105 <https://github.com/rust-lang/rust/issues/56105>
   = note: this behavior recently changed as a result of a bug fix; see rust-lang/rust#56105 for details
note: the lint level is defined here
  --> src/main.rs:1:11
   |
1  | #![forbid(coherence_leak_check)]
   |           ^^^^^^^^^^^^^^^^^^^^

error: could not compile `bug_117986` (bin "bug_117986") due to previous error
------------------------------------------------------------
Return code: 101
