=== START 2026-01-18 16:32:17 ===
Bug ID: 118021
Toolchain: nightly-2023-11-17
Source: /data/zhangtianrong/projects/rustc-cbl/rustcbugs/118021
Run dir: /data/zhangtianrong/projects/rustc-cbl/run/118021
CMD: rustup run nightly-2023-11-17 cargo build
------------------------------------------------------------
   Compiling bug_118021 v0.1.0 (/data/zhangtianrong/projects/rustc-cbl/run/118021)
error[E0262]: invalid lifetime parameter name: `'static`
 --> src/main.rs:3:20
  |
3 | struct DataWrapper<'static> {
  |                    ^^^^^^^ 'static is a reserved lifetime name

error[E0261]: use of undeclared lifetime name `'a`
 --> src/main.rs:4:12
  |
3 | struct DataWrapper<'static> {
  |                    - help: consider introducing lifetime `'a` here: `'a,`
4 |     data: &'a [u8; Self::SIZE],
  |            ^^ undeclared lifetime

error[E0261]: use of undeclared lifetime name `'a`
 --> src/main.rs:7:18
  |
7 | impl DataWrapper<'a> {
  |     -            ^^ undeclared lifetime
  |     |
  |     help: consider introducing lifetime `'a` here: `<'a>`

warning: the feature `generic_const_exprs` is incomplete and may not be safe to use and/or cause compiler crashes
 --> src/main.rs:1:12
  |
1 | #![feature(generic_const_exprs)]
  |            ^^^^^^^^^^^^^^^^^^^
  |
  = note: see issue #76560 <https://github.com/rust-lang/rust/issues/76560> for more information
  = note: `#[warn(incomplete_features)]` on by default

thread 'rustc' panicked at compiler/rustc_borrowck/src/diagnostics/region_errors.rs:766:52:
called `Option::unwrap()` on a `None` value
stack backtrace:
   0:     0x7540aa78b89c - std::backtrace_rs::backtrace::libunwind::trace::h9837d8cc7db48e37
                               at /rustc/a57770440f1ebe5b992551d3bcc489ae211908d4/library/std/src/../../backtrace/src/backtrace/libunwind.rs:104:5
   1:     0x7540aa78b89c - std::backtrace_rs::backtrace::trace_unsynchronized::h28a72fb23801ef33
                               at /rustc/a57770440f1ebe5b992551d3bcc489ae211908d4/library/std/src/../../backtrace/src/backtrace/mod.rs:66:5
   2:     0x7540aa78b89c - std::sys_common::backtrace::_print_fmt::h6fa72b099b921165
                               at /rustc/a57770440f1ebe5b992551d3bcc489ae211908d4/library/std/src/sys_common/backtrace.rs:67:5
   3:     0x7540aa78b89c - <std::sys_common::backtrace::_print::DisplayBacktrace as core::fmt::Display>::fmt::he9138f3b386f9c3b
                               at /rustc/a57770440f1ebe5b992551d3bcc489ae211908d4/library/std/src/sys_common/backtrace.rs:44:22
   4:     0x7540aa7de8a0 - core::fmt::rt::Argument::fmt::ha045b2751e87b9b0
                               at /rustc/a57770440f1ebe5b992551d3bcc489ae211908d4/library/core/src/fmt/rt.rs:142:9
   5:     0x7540aa7de8a0 - core::fmt::write::h767ea95c4adc6a9d
                               at /rustc/a57770440f1ebe5b992551d3bcc489ae211908d4/library/core/src/fmt/mod.rs:1120:17
   6:     0x7540aa77f7bf - std::io::Write::write_fmt::ha8ce928f10051ff5
                               at /rustc/a57770440f1ebe5b992551d3bcc489ae211908d4/library/std/src/io/mod.rs:1762:15
   7:     0x7540aa78b684 - std::sys_common::backtrace::_print::ha0c01e411116bddd
                               at /rustc/a57770440f1ebe5b992551d3bcc489ae211908d4/library/std/src/sys_common/backtrace.rs:47:5
   8:     0x7540aa78b684 - std::sys_common::backtrace::print::hca7ff960c782ae41
                               at /rustc/a57770440f1ebe5b992551d3bcc489ae211908d4/library/std/src/sys_common/backtrace.rs:34:9
   9:     0x7540aa78e317 - std::panicking::default_hook::{{closure}}::h454f2e7524e4866d
  10:     0x7540aa78e07f - std::panicking::default_hook::h0b3fc3c0108bf5a8
                               at /rustc/a57770440f1ebe5b992551d3bcc489ae211908d4/library/std/src/panicking.rs:292:9
  11:     0x7540ad4e5d40 - std[de81cf9dbb691208]::panicking::update_hook::<alloc[a172c493805c4680]::boxed::Box<rustc_driver_impl[29c85b9b2f145ef4]::install_ice_hook::{closure#0}>>::{closure#0}
  12:     0x7540aa78ea58 - <alloc::boxed::Box<F,A> as core::ops::function::Fn<Args>>::call::hb65c1f1ed2d0124c
                               at /rustc/a57770440f1ebe5b992551d3bcc489ae211908d4/library/alloc/src/boxed.rs:2021:9
  13:     0x7540aa78ea58 - std::panicking::rust_panic_with_hook::hc207a5c828e8a697
                               at /rustc/a57770440f1ebe5b992551d3bcc489ae211908d4/library/std/src/panicking.rs:783:13
  14:     0x7540aa78e779 - std::panicking::begin_panic_handler::{{closure}}::hcf03e38cf5c5ecfb
                               at /rustc/a57770440f1ebe5b992551d3bcc489ae211908d4/library/std/src/panicking.rs:649:13
  15:     0x7540aa78bd66 - std::sys_common::backtrace::__rust_end_short_backtrace::h8c792587ac872d02
                               at /rustc/a57770440f1ebe5b992551d3bcc489ae211908d4/library/std/src/sys_common/backtrace.rs:170:18
  16:     0x7540aa78e512 - rust_begin_unwind
                               at /rustc/a57770440f1ebe5b992551d3bcc489ae211908d4/library/std/src/panicking.rs:645:5
  17:     0x7540aa7daf85 - core::panicking::panic_fmt::hb901d5c8b1917c97
                               at /rustc/a57770440f1ebe5b992551d3bcc489ae211908d4/library/core/src/panicking.rs:72:14
  18:     0x7540aa7db023 - core::panicking::panic::h6e69e30894c3317e
                               at /rustc/a57770440f1ebe5b992551d3bcc489ae211908d4/library/core/src/panicking.rs:127:5
  19:     0x7540ad2fd0eb - <rustc_borrowck[b5671deb18c9159]::MirBorrowckCtxt>::report_general_error
  20:     0x7540ad2f9dc5 - <rustc_borrowck[b5671deb18c9159]::MirBorrowckCtxt>::report_region_error
  21:     0x7540af64f51c - rustc_borrowck[b5671deb18c9159]::do_mir_borrowck
  22:     0x7540af613bca - rustc_borrowck[b5671deb18c9159]::mir_borrowck
  23:     0x7540af61366f - rustc_query_impl[41e40bb8e48b3e16]::plumbing::__rust_begin_short_backtrace::<rustc_query_impl[41e40bb8e48b3e16]::query_impl::mir_borrowck::dynamic_query::{closure#2}::{closure#0}, rustc_middle[5492c9303e1ae26]::query::erase::Erased<[u8; 8usize]>>
  24:     0x7540aedc37af - rustc_query_system[a5dd854fad9d12f]::query::plumbing::try_execute_query::<rustc_query_impl[41e40bb8e48b3e16]::DynamicConfig<rustc_query_system[a5dd854fad9d12f]::query::caches::VecCache<rustc_span[aece3de8e42f8850]::def_id::LocalDefId, rustc_middle[5492c9303e1ae26]::query::erase::Erased<[u8; 8usize]>>, false, false, false>, rustc_query_impl[41e40bb8e48b3e16]::plumbing::QueryCtxt, true>
  25:     0x7540aeb83adb - rustc_query_impl[41e40bb8e48b3e16]::query_impl::mir_borrowck::get_query_incr::__rust_end_short_backtrace
  26:     0x7540ac15a14b - rustc_mir_transform[f002da7dc9a51eea]::mir_drops_elaborated_and_const_checked
  27:     0x7540ae923735 - rustc_query_impl[41e40bb8e48b3e16]::plumbing::__rust_begin_short_backtrace::<rustc_query_impl[41e40bb8e48b3e16]::query_impl::mir_drops_elaborated_and_const_checked::dynamic_query::{closure#2}::{closure#0}, rustc_middle[5492c9303e1ae26]::query::erase::Erased<[u8; 8usize]>>
  28:     0x7540aedc37af - rustc_query_system[a5dd854fad9d12f]::query::plumbing::try_execute_query::<rustc_query_impl[41e40bb8e48b3e16]::DynamicConfig<rustc_query_system[a5dd854fad9d12f]::query::caches::VecCache<rustc_span[aece3de8e42f8850]::def_id::LocalDefId, rustc_middle[5492c9303e1ae26]::query::erase::Erased<[u8; 8usize]>>, false, false, false>, rustc_query_impl[41e40bb8e48b3e16]::plumbing::QueryCtxt, true>
  29:     0x7540aeb8396e - rustc_query_impl[41e40bb8e48b3e16]::query_impl::mir_drops_elaborated_and_const_checked::get_query_incr::__rust_end_short_backtrace
  30:     0x7540ae9231e3 - rustc_middle[5492c9303e1ae26]::query::plumbing::query_get_at::<rustc_query_system[a5dd854fad9d12f]::query::caches::VecCache<rustc_span[aece3de8e42f8850]::def_id::LocalDefId, rustc_middle[5492c9303e1ae26]::query::erase::Erased<[u8; 8usize]>>>
  31:     0x7540af119a11 - rustc_mir_transform[f002da7dc9a51eea]::mir_for_ctfe
  32:     0x7540ae854177 - rustc_query_impl[41e40bb8e48b3e16]::plumbing::__rust_begin_short_backtrace::<rustc_query_impl[41e40bb8e48b3e16]::query_impl::mir_for_ctfe::dynamic_query::{closure#2}::{closure#0}, rustc_middle[5492c9303e1ae26]::query::erase::Erased<[u8; 8usize]>>
  33:     0x7540aeb96900 - rustc_query_system[a5dd854fad9d12f]::query::plumbing::try_execute_query::<rustc_query_impl[41e40bb8e48b3e16]::DynamicConfig<rustc_query_system[a5dd854fad9d12f]::query::caches::DefaultCache<rustc_span[aece3de8e42f8850]::def_id::DefId, rustc_middle[5492c9303e1ae26]::query::erase::Erased<[u8; 8usize]>>, false, false, false>, rustc_query_impl[41e40bb8e48b3e16]::plumbing::QueryCtxt, true>
  34:     0x7540aeb94d89 - rustc_query_impl[41e40bb8e48b3e16]::query_impl::mir_for_ctfe::get_query_incr::__rust_end_short_backtrace
  35:     0x7540af6a4127 - rustc_const_eval[49684c84c784e75c]::const_eval::eval_queries::eval_in_interpreter
  36:     0x7540af6a3c9b - rustc_const_eval[49684c84c784e75c]::const_eval::eval_queries::eval_to_allocation_raw_provider
  37:     0x7540af6a3b3a - rustc_query_impl[41e40bb8e48b3e16]::plumbing::__rust_begin_short_backtrace::<rustc_query_impl[41e40bb8e48b3e16]::query_impl::eval_to_allocation_raw::dynamic_query::{closure#2}::{closure#0}, rustc_middle[5492c9303e1ae26]::query::erase::Erased<[u8; 24usize]>>
  38:     0x7540af6a3afb - <rustc_query_impl[41e40bb8e48b3e16]::query_impl::eval_to_allocation_raw::dynamic_query::{closure#2} as core[d802bf11ec88483a]::ops::function::FnOnce<(rustc_middle[5492c9303e1ae26]::ty::context::TyCtxt, rustc_middle[5492c9303e1ae26]::ty::ParamEnvAnd<rustc_middle[5492c9303e1ae26]::mir::interpret::GlobalId>)>>::call_once
  39:     0x7540af1a5071 - <rustc_query_system[a5dd854fad9d12f]::query::plumbing::execute_job_incr<rustc_query_impl[41e40bb8e48b3e16]::DynamicConfig<rustc_query_system[a5dd854fad9d12f]::query::caches::DefaultCache<rustc_middle[5492c9303e1ae26]::ty::ParamEnvAnd<rustc_middle[5492c9303e1ae26]::mir::interpret::GlobalId>, rustc_middle[5492c9303e1ae26]::query::erase::Erased<[u8; 24usize]>>, false, false, false>, rustc_query_impl[41e40bb8e48b3e16]::plumbing::QueryCtxt>::{closure#2}::{closure#2} as core[d802bf11ec88483a]::ops::function::FnOnce<((rustc_query_impl[41e40bb8e48b3e16]::plumbing::QueryCtxt, rustc_query_impl[41e40bb8e48b3e16]::DynamicConfig<rustc_query_system[a5dd854fad9d12f]::query::caches::DefaultCache<rustc_middle[5492c9303e1ae26]::ty::ParamEnvAnd<rustc_middle[5492c9303e1ae26]::mir::interpret::GlobalId>, rustc_middle[5492c9303e1ae26]::query::erase::Erased<[u8; 24usize]>>, false, false, false>), rustc_middle[5492c9303e1ae26]::ty::ParamEnvAnd<rustc_middle[5492c9303e1ae26]::mir::interpret::GlobalId>)>>::call_once
  40:     0x7540af1a5713 - rustc_query_system[a5dd854fad9d12f]::query::plumbing::try_execute_query::<rustc_query_impl[41e40bb8e48b3e16]::DynamicConfig<rustc_query_system[a5dd854fad9d12f]::query::caches::DefaultCache<rustc_middle[5492c9303e1ae26]::ty::ParamEnvAnd<rustc_middle[5492c9303e1ae26]::mir::interpret::GlobalId>, rustc_middle[5492c9303e1ae26]::query::erase::Erased<[u8; 24usize]>>, false, false, false>, rustc_query_impl[41e40bb8e48b3e16]::plumbing::QueryCtxt, true>
  41:     0x7540af1a4d9b - rustc_query_impl[41e40bb8e48b3e16]::query_impl::eval_to_allocation_raw::get_query_incr::__rust_end_short_backtrace
  42:     0x7540aefb7aa6 - rustc_middle[5492c9303e1ae26]::query::plumbing::query_get_at::<rustc_query_system[a5dd854fad9d12f]::query::caches::DefaultCache<rustc_middle[5492c9303e1ae26]::ty::ParamEnvAnd<rustc_middle[5492c9303e1ae26]::mir::interpret::GlobalId>, rustc_middle[5492c9303e1ae26]::query::erase::Erased<[u8; 24usize]>>>
  43:     0x7540aefb71e7 - rustc_const_eval[49684c84c784e75c]::const_eval::eval_to_valtree
  44:     0x7540aefb7162 - <rustc_const_eval[49684c84c784e75c]::provide::{closure#0} as core[d802bf11ec88483a]::ops::function::FnOnce<(rustc_middle[5492c9303e1ae26]::ty::context::TyCtxt, rustc_middle[5492c9303e1ae26]::ty::ParamEnvAnd<rustc_middle[5492c9303e1ae26]::mir::interpret::GlobalId>)>>::call_once
  45:     0x7540aefb7136 - rustc_query_impl[41e40bb8e48b3e16]::plumbing::__rust_begin_short_backtrace::<rustc_query_impl[41e40bb8e48b3e16]::query_impl::eval_to_valtree::dynamic_query::{closure#2}::{closure#0}, rustc_middle[5492c9303e1ae26]::query::erase::Erased<[u8; 24usize]>>
  46:     0x7540aefb70ef - <rustc_query_impl[41e40bb8e48b3e16]::query_impl::eval_to_valtree::dynamic_query::{closure#2} as core[d802bf11ec88483a]::ops::function::FnOnce<(rustc_middle[5492c9303e1ae26]::ty::context::TyCtxt, rustc_middle[5492c9303e1ae26]::ty::ParamEnvAnd<rustc_middle[5492c9303e1ae26]::mir::interpret::GlobalId>)>>::call_once
  47:     0x7540af1a5071 - <rustc_query_system[a5dd854fad9d12f]::query::plumbing::execute_job_incr<rustc_query_impl[41e40bb8e48b3e16]::DynamicConfig<rustc_query_system[a5dd854fad9d12f]::query::caches::DefaultCache<rustc_middle[5492c9303e1ae26]::ty::ParamEnvAnd<rustc_middle[5492c9303e1ae26]::mir::interpret::GlobalId>, rustc_middle[5492c9303e1ae26]::query::erase::Erased<[u8; 24usize]>>, false, false, false>, rustc_query_impl[41e40bb8e48b3e16]::plumbing::QueryCtxt>::{closure#2}::{closure#2} as core[d802bf11ec88483a]::ops::function::FnOnce<((rustc_query_impl[41e40bb8e48b3e16]::plumbing::QueryCtxt, rustc_query_impl[41e40bb8e48b3e16]::DynamicConfig<rustc_query_system[a5dd854fad9d12f]::query::caches::DefaultCache<rustc_middle[5492c9303e1ae26]::ty::ParamEnvAnd<rustc_middle[5492c9303e1ae26]::mir::interpret::GlobalId>, rustc_middle[5492c9303e1ae26]::query::erase::Erased<[u8; 24usize]>>, false, false, false>), rustc_middle[5492c9303e1ae26]::ty::ParamEnvAnd<rustc_middle[5492c9303e1ae26]::mir::interpret::GlobalId>)>>::call_once
  48:     0x7540af1a5713 - rustc_query_system[a5dd854fad9d12f]::query::plumbing::try_execute_query::<rustc_query_impl[41e40bb8e48b3e16]::DynamicConfig<rustc_query_system[a5dd854fad9d12f]::query::caches::DefaultCache<rustc_middle[5492c9303e1ae26]::ty::ParamEnvAnd<rustc_middle[5492c9303e1ae26]::mir::interpret::GlobalId>, rustc_middle[5492c9303e1ae26]::query::erase::Erased<[u8; 24usize]>>, false, false, false>, rustc_query_impl[41e40bb8e48b3e16]::plumbing::QueryCtxt, true>
  49:     0x7540af1a4ba9 - rustc_query_impl[41e40bb8e48b3e16]::query_impl::eval_to_valtree::get_query_incr::__rust_end_short_backtrace
  50:     0x7540af1a4428 - rustc_middle[5492c9303e1ae26]::query::plumbing::query_get_at::<rustc_query_system[a5dd854fad9d12f]::query::caches::DefaultCache<rustc_middle[5492c9303e1ae26]::ty::ParamEnvAnd<rustc_middle[5492c9303e1ae26]::mir::interpret::GlobalId>, rustc_middle[5492c9303e1ae26]::query::erase::Erased<[u8; 24usize]>>>
  51:     0x7540aef855fc - <rustc_middle[5492c9303e1ae26]::ty::context::TyCtxt>::const_eval_resolve_for_typeck
  52:     0x7540ace68d9f - <rustc_infer[7d846f1f310d024d]::infer::InferCtxt>::const_eval_resolve
  53:     0x7540af578f3e - rustc_trait_selection[fefdf83f529d462e]::traits::const_evaluatable::is_const_evaluatable
  54:     0x7540ab8e4691 - <rustc_trait_selection[fefdf83f529d462e]::traits::fulfill::FulfillProcessor as rustc_data_structures[7a7bdd63adf323db]::obligation_forest::ObligationProcessor>::process_obligation
  55:     0x7540ae80f892 - <rustc_data_structures[7a7bdd63adf323db]::obligation_forest::ObligationForest<rustc_trait_selection[fefdf83f529d462e]::traits::fulfill::PendingPredicateObligation>>::process_obligations::<rustc_trait_selection[fefdf83f529d462e]::traits::fulfill::FulfillProcessor>
  56:     0x7540aeb7ee9b - <rustc_trait_selection[fefdf83f529d462e]::traits::engine::ObligationCtxt>::select_all_or_error
  57:     0x7540aef045c2 - rustc_hir_analysis[4a74294c60b7a872]::check::wfcheck::check_type_defn
  58:     0x7540af00a2b0 - rustc_hir_analysis[4a74294c60b7a872]::check::wfcheck::check_well_formed
  59:     0x7540af009307 - rustc_query_impl[41e40bb8e48b3e16]::plumbing::__rust_begin_short_backtrace::<rustc_query_impl[41e40bb8e48b3e16]::query_impl::check_well_formed::dynamic_query::{closure#2}::{closure#0}, rustc_middle[5492c9303e1ae26]::query::erase::Erased<[u8; 1usize]>>
  60:     0x7540aed30a7b - rustc_query_system[a5dd854fad9d12f]::query::plumbing::try_execute_query::<rustc_query_impl[41e40bb8e48b3e16]::DynamicConfig<rustc_query_system[a5dd854fad9d12f]::query::caches::VecCache<rustc_hir[1b83b687054388de]::hir_id::OwnerId, rustc_middle[5492c9303e1ae26]::query::erase::Erased<[u8; 1usize]>>, false, false, false>, rustc_query_impl[41e40bb8e48b3e16]::plumbing::QueryCtxt, true>
  61:     0x7540aed30573 - rustc_query_impl[41e40bb8e48b3e16]::query_impl::check_well_formed::get_query_incr::__rust_end_short_backtrace
  62:     0x7540af007b86 - rustc_hir_analysis[4a74294c60b7a872]::check::wfcheck::check_mod_type_wf
  63:     0x7540af007abb - rustc_query_impl[41e40bb8e48b3e16]::plumbing::__rust_begin_short_backtrace::<rustc_query_impl[41e40bb8e48b3e16]::query_impl::check_mod_type_wf::dynamic_query::{closure#2}::{closure#0}, rustc_middle[5492c9303e1ae26]::query::erase::Erased<[u8; 1usize]>>
  64:     0x7540af005ea5 - rustc_query_system[a5dd854fad9d12f]::query::plumbing::try_execute_query::<rustc_query_impl[41e40bb8e48b3e16]::DynamicConfig<rustc_query_system[a5dd854fad9d12f]::query::caches::DefaultCache<rustc_span[aece3de8e42f8850]::def_id::LocalModDefId, rustc_middle[5492c9303e1ae26]::query::erase::Erased<[u8; 1usize]>>, false, false, false>, rustc_query_impl[41e40bb8e48b3e16]::plumbing::QueryCtxt, true>
  65:     0x7540aedc76c2 - rustc_query_impl[41e40bb8e48b3e16]::query_impl::check_mod_type_wf::get_query_incr::__rust_end_short_backtrace
  66:     0x7540aedc791a - <rustc_middle[5492c9303e1ae26]::hir::map::Map>::try_par_for_each_module::<rustc_hir_analysis[4a74294c60b7a872]::check_crate::{closure#4}::{closure#0}>::{closure#0}
  67:     0x7540aedc8115 - rustc_hir_analysis[4a74294c60b7a872]::check_crate
  68:     0x7540aeb83ed7 - rustc_interface[a613985da683c8bc]::passes::analysis
  69:     0x7540aeb83b1d - rustc_query_impl[41e40bb8e48b3e16]::plumbing::__rust_begin_short_backtrace::<rustc_query_impl[41e40bb8e48b3e16]::query_impl::analysis::dynamic_query::{closure#2}::{closure#0}, rustc_middle[5492c9303e1ae26]::query::erase::Erased<[u8; 1usize]>>
  70:     0x7540af78cdcb - rustc_query_system[a5dd854fad9d12f]::query::plumbing::try_execute_query::<rustc_query_impl[41e40bb8e48b3e16]::DynamicConfig<rustc_query_system[a5dd854fad9d12f]::query::caches::SingleCache<rustc_middle[5492c9303e1ae26]::query::erase::Erased<[u8; 1usize]>>, false, false, false>, rustc_query_impl[41e40bb8e48b3e16]::plumbing::QueryCtxt, true>
  71:     0x7540af78ca74 - rustc_query_impl[41e40bb8e48b3e16]::query_impl::analysis::get_query_incr::__rust_end_short_backtrace
  72:     0x7540af794b3f - rustc_interface[a613985da683c8bc]::interface::run_compiler::<core[d802bf11ec88483a]::result::Result<(), rustc_span[aece3de8e42f8850]::ErrorGuaranteed>, rustc_driver_impl[29c85b9b2f145ef4]::run_compiler::{closure#1}>::{closure#0}
  73:     0x7540af79be5a - std[de81cf9dbb691208]::sys_common::backtrace::__rust_begin_short_backtrace::<rustc_interface[a613985da683c8bc]::util::run_in_thread_with_globals<rustc_interface[a613985da683c8bc]::util::run_in_thread_pool_with_globals<rustc_interface[a613985da683c8bc]::interface::run_compiler<core[d802bf11ec88483a]::result::Result<(), rustc_span[aece3de8e42f8850]::ErrorGuaranteed>, rustc_driver_impl[29c85b9b2f145ef4]::run_compiler::{closure#1}>::{closure#0}, core[d802bf11ec88483a]::result::Result<(), rustc_span[aece3de8e42f8850]::ErrorGuaranteed>>::{closure#0}, core[d802bf11ec88483a]::result::Result<(), rustc_span[aece3de8e42f8850]::ErrorGuaranteed>>::{closure#0}::{closure#0}, core[d802bf11ec88483a]::result::Result<(), rustc_span[aece3de8e42f8850]::ErrorGuaranteed>>
  74:     0x7540af79bc83 - <<std[de81cf9dbb691208]::thread::Builder>::spawn_unchecked_<rustc_interface[a613985da683c8bc]::util::run_in_thread_with_globals<rustc_interface[a613985da683c8bc]::util::run_in_thread_pool_with_globals<rustc_interface[a613985da683c8bc]::interface::run_compiler<core[d802bf11ec88483a]::result::Result<(), rustc_span[aece3de8e42f8850]::ErrorGuaranteed>, rustc_driver_impl[29c85b9b2f145ef4]::run_compiler::{closure#1}>::{closure#0}, core[d802bf11ec88483a]::result::Result<(), rustc_span[aece3de8e42f8850]::ErrorGuaranteed>>::{closure#0}, core[d802bf11ec88483a]::result::Result<(), rustc_span[aece3de8e42f8850]::ErrorGuaranteed>>::{closure#0}::{closure#0}, core[d802bf11ec88483a]::result::Result<(), rustc_span[aece3de8e42f8850]::ErrorGuaranteed>>::{closure#1} as core[d802bf11ec88483a]::ops::function::FnOnce<()>>::call_once::{shim:vtable#0}
  75:     0x7540aa798915 - <alloc::boxed::Box<F,A> as core::ops::function::FnOnce<Args>>::call_once::h52efeac0842d526d
                               at /rustc/a57770440f1ebe5b992551d3bcc489ae211908d4/library/alloc/src/boxed.rs:2007:9
  76:     0x7540aa798915 - <alloc::boxed::Box<F,A> as core::ops::function::FnOnce<Args>>::call_once::hb2dec26d0b701166
                               at /rustc/a57770440f1ebe5b992551d3bcc489ae211908d4/library/alloc/src/boxed.rs:2007:9
  77:     0x7540aa798915 - std::sys::unix::thread::Thread::new::thread_start::h0f2ac351d038e158
                               at /rustc/a57770440f1ebe5b992551d3bcc489ae211908d4/library/std/src/sys/unix/thread.rs:108:17
  78:     0x7540aa494ac3 - start_thread
                               at ./nptl/pthread_create.c:442:8
  79:     0x7540aa5268c0 - __GI___clone3
                               at ./misc/../sysdeps/unix/sysv/linux/x86_64/clone3.S:81
  80:                0x0 - <unknown>

error: the compiler unexpectedly panicked. this is a bug.

note: we would appreciate a bug report: https://github.com/rust-lang/rust/issues/new?labels=C-bug%2C+I-ICE%2C+T-compiler&template=ice.md

note: please attach the file at `/data/zhangtianrong/projects/rustc-cbl/run/118021/rustc-ice-2026-01-18T08_32_17-3688093.txt` to your bug report

note: compiler flags: --crate-type bin -C embed-bitcode=no -C debuginfo=2 -C incremental=[REDACTED]

note: some of the compiler flags provided by cargo are hidden

query stack during panic:
#0 [mir_borrowck] borrow-checking `DataWrapper::data::{constant#0}`
#1 [mir_drops_elaborated_and_const_checked] elaborating drops for `DataWrapper::data::{constant#0}`
#2 [mir_for_ctfe] caching mir of `DataWrapper::data::{constant#0}` for CTFE
#3 [eval_to_allocation_raw] const-evaluating + checking `DataWrapper::data::{constant#0}`
#4 [eval_to_valtree] evaluating type-level constant
#5 [check_well_formed] checking that `DataWrapper` is well-formed
#6 [check_mod_type_wf] checking that types are well-formed in top-level module
#7 [analysis] running analysis passes on this crate
end of query stack
Some errors have detailed explanations: E0261, E0262.
For more information about an error, try `rustc --explain E0261`.
warning: `bug_118021` (bin "bug_118021") generated 1 warning
error: could not compile `bug_118021` (bin "bug_118021") due to 3 previous errors; 1 warning emitted
------------------------------------------------------------
Return code: 101
