=== START 2026-01-18 16:16:46 ===
Bug ID: 118144
Toolchain: nightly-2023-11-21
Source: /data/zhangtianrong/projects/rustc-cbl/rustcbugs/118144
Run dir: /data/zhangtianrong/projects/rustc-cbl/run/118144
CMD: rustup run nightly-2023-11-21 cargo build
------------------------------------------------------------
   Compiling bug_118144 v0.1.0 (/data/zhangtianrong/projects/rustc-cbl/run/118144)
error[E0425]: cannot find value `_o` in this scope
 --> src/main.rs:7:12
  |
7 |         V((_o,)) = v;
  |            ^^ not found in this scope

error[E0308]: mismatched types
 --> src/main.rs:7:9
  |
7 |         V((_o,)) = v;
  |         ^^^^^^^^   - this expression has type `&mut V<'_>`
  |         |
  |         expected `&mut V<'_>`, found `V<'_>`

error: internal compiler error: compiler/rustc_hir_typeck/src/upvar.rs:704:30: ProjectionKinds Deref and Field were mismatched: (Deref, Field(0, 0))

thread 'rustc' panicked at /rustc/3a85a5cfe7884f94e3cb29a606913d7989ad9b48/compiler/rustc_errors/src/lib.rs:1660:9:
Box<dyn Any>
stack backtrace:
   0:     0x714d37c3eafc - std::backtrace_rs::backtrace::libunwind::trace::h763934eab9920b03
                               at /rustc/3a85a5cfe7884f94e3cb29a606913d7989ad9b48/library/std/src/../../backtrace/src/backtrace/libunwind.rs:104:5
   1:     0x714d37c3eafc - std::backtrace_rs::backtrace::trace_unsynchronized::h21012bcfc815bb03
                               at /rustc/3a85a5cfe7884f94e3cb29a606913d7989ad9b48/library/std/src/../../backtrace/src/backtrace/mod.rs:66:5
   2:     0x714d37c3eafc - std::sys_common::backtrace::_print_fmt::h8f5501e37f53e475
                               at /rustc/3a85a5cfe7884f94e3cb29a606913d7989ad9b48/library/std/src/sys_common/backtrace.rs:68:5
   3:     0x714d37c3eafc - <std::sys_common::backtrace::_print::DisplayBacktrace as core::fmt::Display>::fmt::hbca29ea1ebad725a
                               at /rustc/3a85a5cfe7884f94e3cb29a606913d7989ad9b48/library/std/src/sys_common/backtrace.rs:44:22
   4:     0x714d37c91c80 - core::fmt::rt::Argument::fmt::h32fbd265b6aaf747
                               at /rustc/3a85a5cfe7884f94e3cb29a606913d7989ad9b48/library/core/src/fmt/rt.rs:142:9
   5:     0x714d37c91c80 - core::fmt::write::h3c044f4cb3a25a73
                               at /rustc/3a85a5cfe7884f94e3cb29a606913d7989ad9b48/library/core/src/fmt/mod.rs:1120:17
   6:     0x714d37c3291f - std::io::Write::write_fmt::h17be30a0abb9390e
                               at /rustc/3a85a5cfe7884f94e3cb29a606913d7989ad9b48/library/std/src/io/mod.rs:1762:15
   7:     0x714d37c3e8e4 - std::sys_common::backtrace::_print::h5d08b42b0292c1a0
                               at /rustc/3a85a5cfe7884f94e3cb29a606913d7989ad9b48/library/std/src/sys_common/backtrace.rs:47:5
   8:     0x714d37c3e8e4 - std::sys_common::backtrace::print::hcdf5fc1da6a4485f
                               at /rustc/3a85a5cfe7884f94e3cb29a606913d7989ad9b48/library/std/src/sys_common/backtrace.rs:34:9
   9:     0x714d37c41577 - std::panicking::default_hook::{{closure}}::hb32f0f4b46577902
  10:     0x714d37c412df - std::panicking::default_hook::hd3c745e4a4a03d48
                               at /rustc/3a85a5cfe7884f94e3cb29a606913d7989ad9b48/library/std/src/panicking.rs:292:9
  11:     0x714d348f0f40 - std[5d638caf98b5ba42]::panicking::update_hook::<alloc[cb88902311cca46a]::boxed::Box<rustc_driver_impl[f8e48bc2f6c7d3ec]::install_ice_hook::{closure#0}>>::{closure#0}
  12:     0x714d37c41cb8 - <alloc::boxed::Box<F,A> as core::ops::function::Fn<Args>>::call::hb33985b02b01aa42
                               at /rustc/3a85a5cfe7884f94e3cb29a606913d7989ad9b48/library/alloc/src/boxed.rs:2021:9
  13:     0x714d37c41cb8 - std::panicking::rust_panic_with_hook::h2d5cf68acee50620
                               at /rustc/3a85a5cfe7884f94e3cb29a606913d7989ad9b48/library/std/src/panicking.rs:783:13
  14:     0x714d34d3a7b4 - std[5d638caf98b5ba42]::panicking::begin_panic::<rustc_errors[84e121305b5fc0f]::ExplicitBug>::{closure#0}
  15:     0x714d34d2e726 - std[5d638caf98b5ba42]::sys_common::backtrace::__rust_end_short_backtrace::<std[5d638caf98b5ba42]::panicking::begin_panic<rustc_errors[84e121305b5fc0f]::ExplicitBug>::{closure#0}, !>
  16:     0x714d34d1cc16 - std[5d638caf98b5ba42]::panicking::begin_panic::<rustc_errors[84e121305b5fc0f]::ExplicitBug>
  17:     0x714d34d13d54 - <rustc_errors[84e121305b5fc0f]::HandlerInner>::bug::<alloc[cb88902311cca46a]::string::String>
  18:     0x714d34d13a5a - <rustc_errors[84e121305b5fc0f]::Handler>::bug::<alloc[cb88902311cca46a]::string::String>
  19:     0x714d34db637d - rustc_middle[60d7f0e0805bee9f]::util::bug::opt_span_bug_fmt::<rustc_span[e7be5c5836b15019]::span_encoding::Span>::{closure#0}
  20:     0x714d34d9d60a - rustc_middle[60d7f0e0805bee9f]::ty::context::tls::with_opt::<rustc_middle[60d7f0e0805bee9f]::util::bug::opt_span_bug_fmt<rustc_span[e7be5c5836b15019]::span_encoding::Span>::{closure#0}, !>::{closure#0}
  21:     0x714d34d9d4a8 - rustc_middle[60d7f0e0805bee9f]::ty::context::tls::with_context_opt::<rustc_middle[60d7f0e0805bee9f]::ty::context::tls::with_opt<rustc_middle[60d7f0e0805bee9f]::util::bug::opt_span_bug_fmt<rustc_span[e7be5c5836b15019]::span_encoding::Span>::{closure#0}, !>::{closure#0}, !>
  22:     0x714d32d3dc00 - rustc_middle[60d7f0e0805bee9f]::util::bug::bug_fmt
  23:     0x714d3720e81c - <[rustc_middle[60d7f0e0805bee9f]::ty::closure::CapturedPlace]>::sort_by::<<rustc_hir_typeck[241a4ef28057dc5a]::fn_ctxt::FnCtxt>::compute_min_captures::{closure#1}>::{closure#0}.cold.0
  24:     0x714d3688212b - core[68b429d73a2952c8]::slice::sort::insertion_sort_shift_left::<rustc_middle[60d7f0e0805bee9f]::ty::closure::CapturedPlace, <[rustc_middle[60d7f0e0805bee9f]::ty::closure::CapturedPlace]>::sort_by<<rustc_hir_typeck[241a4ef28057dc5a]::fn_ctxt::FnCtxt>::compute_min_captures::{closure#1}>::{closure#0}>
  25:     0x714d36880a9e - <rustc_hir_typeck[241a4ef28057dc5a]::fn_ctxt::FnCtxt>::compute_min_captures
  26:     0x714d365d0be5 - <rustc_hir_typeck[241a4ef28057dc5a]::fn_ctxt::FnCtxt>::analyze_closure
  27:     0x714d32a65512 - <rustc_hir_typeck[241a4ef28057dc5a]::upvar::InferBorrowKindVisitor as rustc_hir[a354f0c29d9612cc]::intravisit::Visitor>::visit_expr
  28:     0x714d32a6531a - <rustc_hir_typeck[241a4ef28057dc5a]::upvar::InferBorrowKindVisitor as rustc_hir[a354f0c29d9612cc]::intravisit::Visitor>::visit_expr
  29:     0x714d35e96e04 - <rustc_hir_typeck[241a4ef28057dc5a]::upvar::InferBorrowKindVisitor as rustc_hir[a354f0c29d9612cc]::intravisit::Visitor>::visit_block
  30:     0x714d35f47c09 - rustc_hir_typeck[241a4ef28057dc5a]::typeck
  31:     0x714d35f46c95 - rustc_query_impl[2d725f632328262f]::plumbing::__rust_begin_short_backtrace::<rustc_query_impl[2d725f632328262f]::query_impl::typeck::dynamic_query::{closure#2}::{closure#0}, rustc_middle[60d7f0e0805bee9f]::query::erase::Erased<[u8; 8usize]>>
  32:     0x714d3618ab48 - rustc_query_system[e6fdb7c3a36de7d3]::query::plumbing::try_execute_query::<rustc_query_impl[2d725f632328262f]::DynamicConfig<rustc_query_system[e6fdb7c3a36de7d3]::query::caches::VecCache<rustc_span[e7be5c5836b15019]::def_id::LocalDefId, rustc_middle[60d7f0e0805bee9f]::query::erase::Erased<[u8; 8usize]>>, false, false, false>, rustc_query_impl[2d725f632328262f]::plumbing::QueryCtxt, true>
  33:     0x714d3619950b - rustc_query_impl[2d725f632328262f]::query_impl::typeck::get_query_incr::__rust_end_short_backtrace
  34:     0x714d36198000 - rustc_hir_analysis[653d3cad403af5ff]::check_crate
  35:     0x714d35fb3097 - rustc_interface[32e1e4e415e6f769]::passes::analysis
  36:     0x714d35fb2cf7 - rustc_query_impl[2d725f632328262f]::plumbing::__rust_begin_short_backtrace::<rustc_query_impl[2d725f632328262f]::query_impl::analysis::dynamic_query::{closure#2}::{closure#0}, rustc_middle[60d7f0e0805bee9f]::query::erase::Erased<[u8; 1usize]>>
  37:     0x714d36b8a8cb - rustc_query_system[e6fdb7c3a36de7d3]::query::plumbing::try_execute_query::<rustc_query_impl[2d725f632328262f]::DynamicConfig<rustc_query_system[e6fdb7c3a36de7d3]::query::caches::SingleCache<rustc_middle[60d7f0e0805bee9f]::query::erase::Erased<[u8; 1usize]>>, false, false, false>, rustc_query_impl[2d725f632328262f]::plumbing::QueryCtxt, true>
  38:     0x714d36b8a574 - rustc_query_impl[2d725f632328262f]::query_impl::analysis::get_query_incr::__rust_end_short_backtrace
  39:     0x714d36c094f8 - rustc_interface[32e1e4e415e6f769]::interface::run_compiler::<core[68b429d73a2952c8]::result::Result<(), rustc_span[e7be5c5836b15019]::ErrorGuaranteed>, rustc_driver_impl[f8e48bc2f6c7d3ec]::run_compiler::{closure#0}>::{closure#0}
  40:     0x714d36ba5094 - std[5d638caf98b5ba42]::sys_common::backtrace::__rust_begin_short_backtrace::<rustc_interface[32e1e4e415e6f769]::util::run_in_thread_with_globals<rustc_interface[32e1e4e415e6f769]::util::run_in_thread_pool_with_globals<rustc_interface[32e1e4e415e6f769]::interface::run_compiler<core[68b429d73a2952c8]::result::Result<(), rustc_span[e7be5c5836b15019]::ErrorGuaranteed>, rustc_driver_impl[f8e48bc2f6c7d3ec]::run_compiler::{closure#0}>::{closure#0}, core[68b429d73a2952c8]::result::Result<(), rustc_span[e7be5c5836b15019]::ErrorGuaranteed>>::{closure#0}, core[68b429d73a2952c8]::result::Result<(), rustc_span[e7be5c5836b15019]::ErrorGuaranteed>>::{closure#0}::{closure#0}, core[68b429d73a2952c8]::result::Result<(), rustc_span[e7be5c5836b15019]::ErrorGuaranteed>>
  41:     0x714d36ba4ebd - <<std[5d638caf98b5ba42]::thread::Builder>::spawn_unchecked_<rustc_interface[32e1e4e415e6f769]::util::run_in_thread_with_globals<rustc_interface[32e1e4e415e6f769]::util::run_in_thread_pool_with_globals<rustc_interface[32e1e4e415e6f769]::interface::run_compiler<core[68b429d73a2952c8]::result::Result<(), rustc_span[e7be5c5836b15019]::ErrorGuaranteed>, rustc_driver_impl[f8e48bc2f6c7d3ec]::run_compiler::{closure#0}>::{closure#0}, core[68b429d73a2952c8]::result::Result<(), rustc_span[e7be5c5836b15019]::ErrorGuaranteed>>::{closure#0}, core[68b429d73a2952c8]::result::Result<(), rustc_span[e7be5c5836b15019]::ErrorGuaranteed>>::{closure#0}::{closure#0}, core[68b429d73a2952c8]::result::Result<(), rustc_span[e7be5c5836b15019]::ErrorGuaranteed>>::{closure#1} as core[68b429d73a2952c8]::ops::function::FnOnce<()>>::call_once::{shim:vtable#0}
  42:     0x714d37c4bb75 - <alloc::boxed::Box<F,A> as core::ops::function::FnOnce<Args>>::call_once::he9b12f47a7dc278f
                               at /rustc/3a85a5cfe7884f94e3cb29a606913d7989ad9b48/library/alloc/src/boxed.rs:2007:9
  43:     0x714d37c4bb75 - <alloc::boxed::Box<F,A> as core::ops::function::FnOnce<Args>>::call_once::h5827c2c26438c8dd
                               at /rustc/3a85a5cfe7884f94e3cb29a606913d7989ad9b48/library/alloc/src/boxed.rs:2007:9
  44:     0x714d37c4bb75 - std::sys::unix::thread::Thread::new::thread_start::h6c34f95013d1ff19
                               at /rustc/3a85a5cfe7884f94e3cb29a606913d7989ad9b48/library/std/src/sys/unix/thread.rs:108:17
  45:     0x714d31894ac3 - start_thread
                               at ./nptl/pthread_create.c:442:8
  46:     0x714d319268c0 - __GI___clone3
                               at ./misc/../sysdeps/unix/sysv/linux/x86_64/clone3.S:81
  47:                0x0 - <unknown>

note: we would appreciate a bug report: https://github.com/rust-lang/rust/issues/new?labels=C-bug%2C+I-ICE%2C+T-compiler&template=ice.md

note: please attach the file at `/data/zhangtianrong/projects/rustc-cbl/run/118144/rustc-ice-2026-01-18T08_16_46-2909467.txt` to your bug report

note: compiler flags: --crate-type bin -C embed-bitcode=no -C debuginfo=2 -C incremental=[REDACTED]

note: some of the compiler flags provided by cargo are hidden

query stack during panic:
#0 [typeck] type-checking `nested`
#1 [analysis] running analysis passes on this crate
end of query stack
Some errors have detailed explanations: E0308, E0425.
For more information about an error, try `rustc --explain E0308`.
error: could not compile `bug_118144` (bin "bug_118144") due to 2 previous errors
------------------------------------------------------------
Return code: 101
