=== START 2026-01-03 21:17:19 ===
Bug ID: 118876
Toolchain: nightly-2022-08-10
Source: /data/zhangtianrong/projects/rustc-cbl/rustcbugs/118876
Run dir: /data/zhangtianrong/projects/rustc-cbl/run/118876
CMD: rustup run nightly-2022-08-10 cargo build
------------------------------------------------------------
   Compiling bug_118876 v0.1.0 (/data/zhangtianrong/projects/rustc-cbl/run/118876)
warning: unnecessary lifetime parameter `'b`
 --> src/main.rs:2:24
  |
2 |     struct Bounded<'a, 'b: 'static, T>(&'a T, [&'b ();0]);
  |                        ^^
  |
  = help: you can use the `'static` lifetime directly, in place of `'b`

warning: unnecessary lifetime parameter `'b`
 --> src/main.rs:7:24
  |
7 |     struct Bounded<'a, 'b: 'static, T>(&'a mut T, [&'b ();0]);
  |                        ^^
  |
  = help: you can use the `'static` lifetime directly, in place of `'b`

warning: function `extend` is never used
 --> src/main.rs:1:4
  |
1 | fn extend<'a, T>(input: &'a T) -> &'static T {
  |    ^^^^^^
  |
  = note: `#[warn(dead_code)]` on by default

warning: function `extend_mut` is never used
 --> src/main.rs:6:4
  |
6 | fn extend_mut<'a, T>(input: &'a mut T) -> &'static mut T {
  |    ^^^^^^^^^^

warning: `bug_118876` (bin "bug_118876") generated 4 warnings
    Finished dev [unoptimized + debuginfo] target(s) in 1.70s
------------------------------------------------------------
Return code: 0
