=== START 2026-01-17 16:27:15 ===
Bug ID: 118990
Toolchain: nightly-2022-08-26
Source: /data/zhangtianrong/projects/rustc-cbl/rustcbugs/118990
Run dir: /data/zhangtianrong/projects/rustc-cbl/run/118990
CMD: rustup run nightly-2022-08-26 cargo build RUSTFLAGS=-Zvalidate-mir
------------------------------------------------------------
   Compiling bug_118990 v0.1.0 (/data/zhangtianrong/projects/rustc-cbl/run/118990)
warning: unreachable expression
  --> src/main.rs:14:9
   |
13 |         break 'code;
   |         ----------- any code following this expression is unreachable
14 |         CompileError.throw()
   |         ^^^^^^^^^^^^^^^^^^^^ unreachable expression
   |
   = note: `#[warn(unreachable_code)]` on by default

warning: Error finalizing incremental compilation session directory `/data/zhangtianrong/projects/rustc-cbl/run/118990/target/debug/incremental/bug_118990-f12eubmwgfhv/s-hexha3slon-1yj8z28-working`: No such file or directory (os error 2)

error: internal compiler error: no errors encountered even though `delay_span_bug` issued

error: internal compiler error: broken MIR in Item(WithOptConstParam { did: DefId(0:9 ~ bug_118990[1b74]::main), const_param_did: None }) (start of phase transition from Built) at bb4[0]:
                                use of local _3, which has no storage here
  --> src/main.rs:15:6
   |
15 |     };
   |      ^
   |
   = note: delayed at compiler/rustc_const_eval/src/transform/validate.rs:127:36

error: internal compiler error: broken MIR in Item(WithOptConstParam { did: DefId(0:9 ~ bug_118990[1b74]::main), const_param_did: None }) (after pass CheckPackedRef) at bb4[0]:
                                use of local _3, which has no storage here
  --> src/main.rs:15:6
   |
15 |     };
   |      ^
   |
   = note: delayed at compiler/rustc_const_eval/src/transform/validate.rs:127:36

error: internal compiler error: broken MIR in Item(WithOptConstParam { did: DefId(0:9 ~ bug_118990[1b74]::main), const_param_did: None }) (after pass CheckConstItemMutation) at bb4[0]:
                                use of local _3, which has no storage here
  --> src/main.rs:15:6
   |
15 |     };
   |      ^
   |
   = note: delayed at compiler/rustc_const_eval/src/transform/validate.rs:127:36

error: internal compiler error: broken MIR in Item(WithOptConstParam { did: DefId(0:9 ~ bug_118990[1b74]::main), const_param_did: None }) (after pass FunctionItemReferences) at bb4[0]:
                                use of local _3, which has no storage here
  --> src/main.rs:15:6
   |
15 |     };
   |      ^
   |
   = note: delayed at compiler/rustc_const_eval/src/transform/validate.rs:127:36

error: internal compiler error: broken MIR in Item(WithOptConstParam { did: DefId(0:9 ~ bug_118990[1b74]::main), const_param_did: None }) (after pass SimplifyCfg-initial) at bb0[2]:
                                use of local _3, which has no storage here
  --> src/main.rs:15:6
   |
15 |     };
   |      ^
   |
   = note: delayed at compiler/rustc_const_eval/src/transform/validate.rs:127:36

error: internal compiler error: broken MIR in Item(WithOptConstParam { did: DefId(0:9 ~ bug_118990[1b74]::main), const_param_did: None }) (after pass SanityCheck) at bb0[2]:
                                use of local _3, which has no storage here
  --> src/main.rs:15:6
   |
15 |     };
   |      ^
   |
   = note: delayed at compiler/rustc_const_eval/src/transform/validate.rs:127:36

error: internal compiler error: broken MIR in Item(WithOptConstParam { did: DefId(0:9 ~ bug_118990[1b74]::main), const_param_did: None }) (after pass PhaseChange-Const) at bb0[2]:
                                use of local _3, which has no storage here
  --> src/main.rs:15:6
   |
15 |     };
   |      ^
   |
   = note: delayed at compiler/rustc_const_eval/src/transform/validate.rs:127:36

error: internal compiler error: broken MIR in Item(WithOptConstParam { did: DefId(0:9 ~ bug_118990[1b74]::main), const_param_did: None }) (end of phase transition to Const) at bb0[2]:
                                use of local _3, which has no storage here
  --> src/main.rs:15:6
   |
15 |     };
   |      ^
   |
   = note: delayed at compiler/rustc_const_eval/src/transform/validate.rs:127:36

error: internal compiler error: broken MIR in Item(WithOptConstParam { did: DefId(0:9 ~ bug_118990[1b74]::main), const_param_did: None }) (start of phase transition from Const) at bb0[2]:
                                use of local _3, which has no storage here
  --> src/main.rs:15:6
   |
15 |     };
   |      ^
   |
   = note: delayed at compiler/rustc_const_eval/src/transform/validate.rs:127:36

error: internal compiler error: broken MIR in Item(WithOptConstParam { did: DefId(0:9 ~ bug_118990[1b74]::main), const_param_did: None }) (after pass PromoteTemps) at bb0[2]:
                                use of local _3, which has no storage here
  --> src/main.rs:15:6
   |
15 |     };
   |      ^
   |
   = note: delayed at compiler/rustc_const_eval/src/transform/validate.rs:127:36

error: internal compiler error: broken MIR in Item(WithOptConstParam { did: DefId(0:9 ~ bug_118990[1b74]::main), const_param_did: None }) (after pass SimplifyCfg-promote-consts) at bb0[2]:
                                use of local _3, which has no storage here
  --> src/main.rs:15:6
   |
15 |     };
   |      ^
   |
   = note: delayed at compiler/rustc_const_eval/src/transform/validate.rs:127:36

error: internal compiler error: broken MIR in Item(WithOptConstParam { did: DefId(0:9 ~ bug_118990[1b74]::main), const_param_did: None }) (end of phase transition to ConstsPromoted) at bb0[2]:
                                use of local _3, which has no storage here
  --> src/main.rs:15:6
   |
15 |     };
   |      ^
   |
   = note: delayed at compiler/rustc_const_eval/src/transform/validate.rs:127:36

error: internal compiler error: broken MIR in Item(WithOptConstParam { did: DefId(0:9 ~ bug_118990[1b74]::main), const_param_did: None }) (start of phase transition from ConstsPromoted) at bb0[2]:
                                use of local _3, which has no storage here
  --> src/main.rs:15:6
   |
15 |     };
   |      ^
   |
   = note: delayed at compiler/rustc_const_eval/src/transform/validate.rs:127:36

error: internal compiler error: broken MIR in Item(WithOptConstParam { did: DefId(0:9 ~ bug_118990[1b74]::main), const_param_did: None }) (after pass RemoveFalseEdges) at bb0[2]:
                                use of local _3, which has no storage here
  --> src/main.rs:15:6
   |
15 |     };
   |      ^
   |
   = note: delayed at compiler/rustc_const_eval/src/transform/validate.rs:127:36

error: internal compiler error: broken MIR in Item(WithOptConstParam { did: DefId(0:9 ~ bug_118990[1b74]::main), const_param_did: None }) (after pass SimplifyConstCondition-initial) at bb0[2]:
                                use of local _3, which has no storage here
  --> src/main.rs:15:6
   |
15 |     };
   |      ^
   |
   = note: delayed at compiler/rustc_const_eval/src/transform/validate.rs:127:36

error: internal compiler error: broken MIR in Item(WithOptConstParam { did: DefId(0:9 ~ bug_118990[1b74]::main), const_param_did: None }) (after pass RemoveNoopLandingPads) at bb0[2]:
                                use of local _3, which has no storage here
  --> src/main.rs:15:6
   |
15 |     };
   |      ^
   |
   = note: delayed at compiler/rustc_const_eval/src/transform/validate.rs:127:36

error: internal compiler error: broken MIR in Item(WithOptConstParam { did: DefId(0:9 ~ bug_118990[1b74]::main), const_param_did: None }) (after pass CleanupNonCodegenStatements) at bb0[2]:
                                use of local _3, which has no storage here
  --> src/main.rs:15:6
   |
15 |     };
   |      ^
   |
   = note: delayed at compiler/rustc_const_eval/src/transform/validate.rs:127:36

error: internal compiler error: broken MIR in Item(WithOptConstParam { did: DefId(0:9 ~ bug_118990[1b74]::main), const_param_did: None }) (after pass SimplifyCfg-early-opt) at bb0[2]:
                                use of local _3, which has no storage here
  --> src/main.rs:15:6
   |
15 |     };
   |      ^
   |
   = note: delayed at compiler/rustc_const_eval/src/transform/validate.rs:127:36

error: internal compiler error: broken MIR in Item(WithOptConstParam { did: DefId(0:9 ~ bug_118990[1b74]::main), const_param_did: None }) (after pass Derefer) at bb0[2]:
                                use of local _3, which has no storage here
  --> src/main.rs:15:6
   |
15 |     };
   |      ^
   |
   = note: delayed at compiler/rustc_const_eval/src/transform/validate.rs:127:36

error: internal compiler error: broken MIR in Item(WithOptConstParam { did: DefId(0:9 ~ bug_118990[1b74]::main), const_param_did: None }) (after pass AddCallGuards) at bb0[2]:
                                use of local _3, which has no storage here
  --> src/main.rs:15:6
   |
15 |     };
   |      ^
   |
   = note: delayed at compiler/rustc_const_eval/src/transform/validate.rs:127:36

thread 'rustc' panicked at 'Box<dyn Any>', compiler/rustc_errors/src/lib.rs:1487:13
stack backtrace:
   0:     0x72e6ed36e400 - std::backtrace_rs::backtrace::libunwind::trace::h2aab03b73f72c7df
                               at /rustc/7480389611f9d04bd34adf41a2b3029be4eb815e/library/std/src/../../backtrace/src/backtrace/mod.rs:66:5
   1:     0x72e6ed36e400 - std::backtrace_rs::backtrace::trace_unsynchronized::h3eca5d21f7d69aac
                               at /rustc/7480389611f9d04bd34adf41a2b3029be4eb815e/library/std/src/../../backtrace/src/backtrace/mod.rs:66:5
   2:     0x72e6ed36e400 - std::sys_common::backtrace::_print_fmt::hea9c617086d0512c
                               at /rustc/7480389611f9d04bd34adf41a2b3029be4eb815e/library/std/src/sys_common/backtrace.rs:66:5
   3:     0x72e6ed36e400 - <std::sys_common::backtrace::_print::DisplayBacktrace as core::fmt::Display>::fmt::hcd4c2c2cfdd5d0d6
                               at /rustc/7480389611f9d04bd34adf41a2b3029be4eb815e/library/std/src/sys_common/backtrace.rs:45:22
   4:     0x72e6ed3c912e - core::fmt::write::h10f610544bba85e2
                               at /rustc/7480389611f9d04bd34adf41a2b3029be4eb815e/library/core/src/fmt/mod.rs:1202:17
   5:     0x72e6ed35f295 - std::io::Write::write_fmt::had4054a873710e65
                               at /rustc/7480389611f9d04bd34adf41a2b3029be4eb815e/library/std/src/io/mod.rs:1672:15
   6:     0x72e6ed3710c3 - std::sys_common::backtrace::_print::h4dd267ef32d500e5
                               at /rustc/7480389611f9d04bd34adf41a2b3029be4eb815e/library/std/src/sys_common/backtrace.rs:48:5
   7:     0x72e6ed3710c3 - std::sys_common::backtrace::print::hd055a8f91e18a346
                               at /rustc/7480389611f9d04bd34adf41a2b3029be4eb815e/library/std/src/sys_common/backtrace.rs:35:9
   8:     0x72e6ed3710c3 - std::panicking::default_hook::{{closure}}::hd0c792ae4e63357e
                               at /rustc/7480389611f9d04bd34adf41a2b3029be4eb815e/library/std/src/panicking.rs:295:22
   9:     0x72e6ed370daf - std::panicking::default_hook::h22fbb26b98df9cc4
                               at /rustc/7480389611f9d04bd34adf41a2b3029be4eb815e/library/std/src/panicking.rs:314:9
  10:     0x72e6efb99331 - <rustc_driver[82175be88d0838b5]::DEFAULT_HOOK::{closure#0}::{closure#0} as core[200d113468b3e67d]::ops::function::FnOnce<(&core[200d113468b3e67d]::panic::panic_info::PanicInfo,)>>::call_once::{shim:vtable#0}
  11:     0x72e6ed3718fd - std::panicking::rust_panic_with_hook::ha5fcab7510d2c291
                               at /rustc/7480389611f9d04bd34adf41a2b3029be4eb815e/library/std/src/panicking.rs:702:17
  12:     0x72e6f0c31b81 - std[76b05c926e7310dd]::panicking::begin_panic::<rustc_errors[3aa815ae69db3b1c]::ExplicitBug>::{closure#0}
  13:     0x72e6f0c31b36 - std[76b05c926e7310dd]::sys_common::backtrace::__rust_end_short_backtrace::<std[76b05c926e7310dd]::panicking::begin_panic<rustc_errors[3aa815ae69db3b1c]::ExplicitBug>::{closure#0}, !>
  14:     0x72e6f0c2ca26 - std[76b05c926e7310dd]::panicking::begin_panic::<rustc_errors[3aa815ae69db3b1c]::ExplicitBug>
  15:     0x72e6f0c2f556 - std[76b05c926e7310dd]::panic::panic_any::<rustc_errors[3aa815ae69db3b1c]::ExplicitBug>
  16:     0x72e6ef6cc908 - <rustc_errors[3aa815ae69db3b1c]::HandlerInner as core[200d113468b3e67d]::ops::drop::Drop>::drop
  17:     0x72e6ef482e68 - core[200d113468b3e67d]::ptr::drop_in_place::<rustc_session[720028cef8e445d5]::parse::ParseSess>
  18:     0x72e6ef472a48 - <alloc[3b320fcdbc309927]::rc::Rc<rustc_session[720028cef8e445d5]::session::Session> as core[200d113468b3e67d]::ops::drop::Drop>::drop
  19:     0x72e6ef471ded - core[200d113468b3e67d]::ptr::drop_in_place::<rustc_interface[4cd9d1ba33da26b9]::interface::Compiler>
  20:     0x72e6ef4714b9 - rustc_span[58882ad2522b3487]::with_source_map::<core[200d113468b3e67d]::result::Result<(), rustc_errors[3aa815ae69db3b1c]::ErrorGuaranteed>, rustc_interface[4cd9d1ba33da26b9]::interface::create_compiler_and_run<core[200d113468b3e67d]::result::Result<(), rustc_errors[3aa815ae69db3b1c]::ErrorGuaranteed>, rustc_driver[82175be88d0838b5]::run_compiler::{closure#1}>::{closure#1}>
  21:     0x72e6ef470d82 - rustc_interface[4cd9d1ba33da26b9]::interface::create_compiler_and_run::<core[200d113468b3e67d]::result::Result<(), rustc_errors[3aa815ae69db3b1c]::ErrorGuaranteed>, rustc_driver[82175be88d0838b5]::run_compiler::{closure#1}>
  22:     0x72e6ef46f921 - <scoped_tls[b2ec032a876a0ff7]::ScopedKey<rustc_span[58882ad2522b3487]::SessionGlobals>>::set::<rustc_interface[4cd9d1ba33da26b9]::interface::run_compiler<core[200d113468b3e67d]::result::Result<(), rustc_errors[3aa815ae69db3b1c]::ErrorGuaranteed>, rustc_driver[82175be88d0838b5]::run_compiler::{closure#1}>::{closure#0}, core[200d113468b3e67d]::result::Result<(), rustc_errors[3aa815ae69db3b1c]::ErrorGuaranteed>>
  23:     0x72e6ef46f60f - std[76b05c926e7310dd]::sys_common::backtrace::__rust_begin_short_backtrace::<rustc_interface[4cd9d1ba33da26b9]::util::run_in_thread_pool_with_globals<rustc_interface[4cd9d1ba33da26b9]::interface::run_compiler<core[200d113468b3e67d]::result::Result<(), rustc_errors[3aa815ae69db3b1c]::ErrorGuaranteed>, rustc_driver[82175be88d0838b5]::run_compiler::{closure#1}>::{closure#0}, core[200d113468b3e67d]::result::Result<(), rustc_errors[3aa815ae69db3b1c]::ErrorGuaranteed>>::{closure#0}, core[200d113468b3e67d]::result::Result<(), rustc_errors[3aa815ae69db3b1c]::ErrorGuaranteed>>
  24:     0x72e6ef9b5549 - <<std[76b05c926e7310dd]::thread::Builder>::spawn_unchecked_<rustc_interface[4cd9d1ba33da26b9]::util::run_in_thread_pool_with_globals<rustc_interface[4cd9d1ba33da26b9]::interface::run_compiler<core[200d113468b3e67d]::result::Result<(), rustc_errors[3aa815ae69db3b1c]::ErrorGuaranteed>, rustc_driver[82175be88d0838b5]::run_compiler::{closure#1}>::{closure#0}, core[200d113468b3e67d]::result::Result<(), rustc_errors[3aa815ae69db3b1c]::ErrorGuaranteed>>::{closure#0}, core[200d113468b3e67d]::result::Result<(), rustc_errors[3aa815ae69db3b1c]::ErrorGuaranteed>>::{closure#1} as core[200d113468b3e67d]::ops::function::FnOnce<()>>::call_once::{shim:vtable#0}
  25:     0x72e6ed37b523 - <alloc::boxed::Box<F,A> as core::ops::function::FnOnce<Args>>::call_once::h234c9f70a7e6c5bd
                               at /rustc/7480389611f9d04bd34adf41a2b3029be4eb815e/library/alloc/src/boxed.rs:1940:9
  26:     0x72e6ed37b523 - <alloc::boxed::Box<F,A> as core::ops::function::FnOnce<Args>>::call_once::hae8fb94b47e06af2
                               at /rustc/7480389611f9d04bd34adf41a2b3029be4eb815e/library/alloc/src/boxed.rs:1940:9
  27:     0x72e6ed37b523 - std::sys::unix::thread::Thread::new::thread_start::hdbfed6a2cd9a6e41
                               at /rustc/7480389611f9d04bd34adf41a2b3029be4eb815e/library/std/src/sys/unix/thread.rs:108:17
  28:     0x72e6ed094ac3 - start_thread
                               at ./nptl/./nptl/pthread_create.c:442:8
  29:     0x72e6ed1268c0 - __GI___clone3
                               at ./misc/../sysdeps/unix/sysv/linux/x86_64/clone3.S:81
  30:                0x0 - <unknown>

note: the compiler unexpectedly panicked. this is a bug.

note: we would appreciate a bug report: https://github.com/rust-lang/rust/issues/new?labels=C-bug%2C+I-ICE%2C+T-compiler&template=ice.md

note: rustc 1.65.0-nightly (748038961 2022-08-25) running on x86_64-unknown-linux-gnu

note: compiler flags: --crate-type bin -C embed-bitcode=no -C debuginfo=2 -C incremental -Z validate-mir

note: some of the compiler flags provided by cargo are hidden

query stack during panic:
end of query stack
warning: `bug_118990` (bin "bug_118990") generated 2 warnings
error: could not compile `bug_118990`; 2 warnings emitted
------------------------------------------------------------
Return code: 101
