=== START 2026-01-17 16:23:06 ===
Bug ID: 118992
Toolchain: nightly-2023-12-15
Source: /data/zhangtianrong/projects/rustc-cbl/rustcbugs/118992
Run dir: /data/zhangtianrong/projects/rustc-cbl/run/118992
CMD: rustup run nightly-2023-12-15 cargo build RUSTFLAGS='-Zmir-opt-level=1 -Zmir-enable-passes=+GVN -Zinline-mir'
------------------------------------------------------------
   Compiling bug_118992 v0.1.0 (/data/zhangtianrong/projects/rustc-cbl/run/118992)
thread 'rustc' panicked at /rustc/de686cbc65478db53e3d51c52497685e852cc092/compiler/rustc_const_eval/src/interpret/projection.rs:282:13:
assertion failed: offset < min_length
stack backtrace:
   0:     0x777fc198b45c - std::backtrace_rs::backtrace::libunwind::trace::heeb1a1d1e2dbc154
                               at /rustc/de686cbc65478db53e3d51c52497685e852cc092/library/std/src/../../backtrace/src/backtrace/libunwind.rs:104:5
   1:     0x777fc198b45c - std::backtrace_rs::backtrace::trace_unsynchronized::h59b496b09972492a
                               at /rustc/de686cbc65478db53e3d51c52497685e852cc092/library/std/src/../../backtrace/src/backtrace/mod.rs:66:5
   2:     0x777fc198b45c - std::sys_common::backtrace::_print_fmt::h631ca1f36d52ecd9
                               at /rustc/de686cbc65478db53e3d51c52497685e852cc092/library/std/src/sys_common/backtrace.rs:68:5
   3:     0x777fc198b45c - <std::sys_common::backtrace::_print::DisplayBacktrace as core::fmt::Display>::fmt::h85f2f245f301e175
                               at /rustc/de686cbc65478db53e3d51c52497685e852cc092/library/std/src/sys_common/backtrace.rs:44:22
   4:     0x777fc19de510 - core::fmt::rt::Argument::fmt::h9831e66b475e77f1
                               at /rustc/de686cbc65478db53e3d51c52497685e852cc092/library/core/src/fmt/rt.rs:142:9
   5:     0x777fc19de510 - core::fmt::write::h71ec67cdb9af0e61
                               at /rustc/de686cbc65478db53e3d51c52497685e852cc092/library/core/src/fmt/mod.rs:1120:17
   6:     0x777fc197f2bf - std::io::Write::write_fmt::h8b25bd0d5f2ac350
                               at /rustc/de686cbc65478db53e3d51c52497685e852cc092/library/std/src/io/mod.rs:1810:15
   7:     0x777fc198b244 - std::sys_common::backtrace::_print::h0a1056d0c1625bcc
                               at /rustc/de686cbc65478db53e3d51c52497685e852cc092/library/std/src/sys_common/backtrace.rs:47:5
   8:     0x777fc198b244 - std::sys_common::backtrace::print::hdf3394ae0d908549
                               at /rustc/de686cbc65478db53e3d51c52497685e852cc092/library/std/src/sys_common/backtrace.rs:34:9
   9:     0x777fc198df47 - std::panicking::default_hook::{{closure}}::h928b4e3b4c00de43
  10:     0x777fc198dcaf - std::panicking::default_hook::h49e592e08bc00264
                               at /rustc/de686cbc65478db53e3d51c52497685e852cc092/library/std/src/panicking.rs:292:9
  11:     0x777fc4749f20 - std[7e57236d4cf722ab]::panicking::update_hook::<alloc[b67f4363825276b5]::boxed::Box<rustc_driver_impl[2cd48a31253fd2b4]::install_ice_hook::{closure#0}>>::{closure#0}
  12:     0x777fc198e688 - <alloc::boxed::Box<F,A> as core::ops::function::Fn<Args>>::call::h1388f84c45c66892
                               at /rustc/de686cbc65478db53e3d51c52497685e852cc092/library/alloc/src/boxed.rs:2029:9
  13:     0x777fc198e688 - std::panicking::rust_panic_with_hook::h7c4f66d28b1ecc76
                               at /rustc/de686cbc65478db53e3d51c52497685e852cc092/library/std/src/panicking.rs:783:13
  14:     0x777fc198e3a9 - std::panicking::begin_panic_handler::{{closure}}::h4c6f212c8a3345a6
                               at /rustc/de686cbc65478db53e3d51c52497685e852cc092/library/std/src/panicking.rs:649:13
  15:     0x777fc198b926 - std::sys_common::backtrace::__rust_end_short_backtrace::hca2125b9289465b6
                               at /rustc/de686cbc65478db53e3d51c52497685e852cc092/library/std/src/sys_common/backtrace.rs:171:18
  16:     0x777fc198e142 - rust_begin_unwind
                               at /rustc/de686cbc65478db53e3d51c52497685e852cc092/library/std/src/panicking.rs:645:5
  17:     0x777fc19dabd5 - core::panicking::panic_fmt::h1f0a3a584d873149
                               at /rustc/de686cbc65478db53e3d51c52497685e852cc092/library/core/src/panicking.rs:72:14
  18:     0x777fc19dac93 - core::panicking::panic::hd4ce2f9e2b84581a
                               at /rustc/de686cbc65478db53e3d51c52497685e852cc092/library/core/src/panicking.rs:144:5
  19:     0x777fc4d179e5 - <rustc_const_eval[3bc0cffbcdb30980]::interpret::eval_context::InterpCx<rustc_mir_transform[b4c1f4c00a3b70af]::dataflow_const_prop::DummyMachine>>::project::<rustc_const_eval[3bc0cffbcdb30980]::interpret::operand::OpTy>
  20:     0x777fc4dd241e - <rustc_mir_transform[b4c1f4c00a3b70af]::gvn::VnState>::eval_to_const::{closure#0}
  21:     0x777fc4dd1933 - <rustc_mir_transform[b4c1f4c00a3b70af]::gvn::VnState>::insert
  22:     0x777fc4dd5264 - <rustc_mir_transform[b4c1f4c00a3b70af]::gvn::VnState>::simplify_place_value
  23:     0x777fc4dd55fd - <rustc_mir_transform[b4c1f4c00a3b70af]::gvn::VnState>::simplify_operand
  24:     0x777fc4db3a76 - rustc_mir_transform[b4c1f4c00a3b70af]::gvn::propagate_ssa::{closure#0}
  25:     0x777fc4dd028b - <rustc_mir_transform[b4c1f4c00a3b70af]::gvn::GVN as rustc_middle[196e7cb20982c59e]::mir::MirPass>::run_pass
  26:     0x777fc5b1ab68 - rustc_mir_transform[b4c1f4c00a3b70af]::pass_manager::run_passes_inner
  27:     0x777fc5ede50b - rustc_mir_transform[b4c1f4c00a3b70af]::optimized_mir
  28:     0x777fc5a8245d - rustc_query_impl[265233e494cd0a10]::plumbing::__rust_begin_short_backtrace::<rustc_query_impl[265233e494cd0a10]::query_impl::optimized_mir::dynamic_query::{closure#2}::{closure#0}, rustc_middle[196e7cb20982c59e]::query::erase::Erased<[u8; 8usize]>>
  29:     0x777fc5d1bf2e - rustc_query_system[20160a5715e66ec3]::query::plumbing::try_execute_query::<rustc_query_impl[265233e494cd0a10]::DynamicConfig<rustc_query_system[20160a5715e66ec3]::query::caches::DefaultCache<rustc_span[17898b08fe0f9fc9]::def_id::DefId, rustc_middle[196e7cb20982c59e]::query::erase::Erased<[u8; 8usize]>>, false, false, false>, rustc_query_impl[265233e494cd0a10]::plumbing::QueryCtxt, true>
  30:     0x777fc5d1a8e1 - rustc_query_impl[265233e494cd0a10]::query_impl::optimized_mir::get_query_incr::__rust_end_short_backtrace
  31:     0x777fc2a3b555 - <rustc_middle[196e7cb20982c59e]::ty::context::TyCtxt>::instance_mir
  32:     0x777fc36b4557 - rustc_monomorphize[1a691017ffdb3c9]::collector::collect_items_rec::{closure#0}
  33:     0x777fc68e05fb - rustc_monomorphize[1a691017ffdb3c9]::collector::collect_items_rec
  34:     0x777fc68dc06e - rustc_monomorphize[1a691017ffdb3c9]::partitioning::collect_and_partition_mono_items
  35:     0x777fc68db5d6 - rustc_query_impl[265233e494cd0a10]::plumbing::__rust_begin_short_backtrace::<rustc_query_impl[265233e494cd0a10]::query_impl::collect_and_partition_mono_items::dynamic_query::{closure#2}::{closure#0}, rustc_middle[196e7cb20982c59e]::query::erase::Erased<[u8; 24usize]>>
  36:     0x777fc68db59f - <rustc_query_impl[265233e494cd0a10]::query_impl::collect_and_partition_mono_items::dynamic_query::{closure#2} as core[10bca3e69d00381c]::ops::function::FnOnce<(rustc_middle[196e7cb20982c59e]::ty::context::TyCtxt, ())>>::call_once
  37:     0x777fc68d9e55 - rustc_query_system[20160a5715e66ec3]::query::plumbing::try_execute_query::<rustc_query_impl[265233e494cd0a10]::DynamicConfig<rustc_query_system[20160a5715e66ec3]::query::caches::SingleCache<rustc_middle[196e7cb20982c59e]::query::erase::Erased<[u8; 24usize]>>, false, false, false>, rustc_query_impl[265233e494cd0a10]::plumbing::QueryCtxt, true>
  38:     0x777fc6aa114b - rustc_query_impl[265233e494cd0a10]::query_impl::collect_and_partition_mono_items::get_query_incr::__rust_end_short_backtrace
  39:     0x777fc68f1bbe - rustc_codegen_ssa[c18e0594f20f4f35]::base::codegen_crate::<rustc_codegen_llvm[42cf025a8cca4973]::LlvmCodegenBackend>
  40:     0x777fc68f19ba - <rustc_codegen_llvm[42cf025a8cca4973]::LlvmCodegenBackend as rustc_codegen_ssa[c18e0594f20f4f35]::traits::backend::CodegenBackend>::codegen_crate
  41:     0x777fc68efb85 - rustc_interface[7e6b194adc137d27]::passes::start_codegen
  42:     0x777fc68ef2dc - <rustc_interface[7e6b194adc137d27]::queries::Queries>::codegen_and_build_linker
  43:     0x777fc6997aad - rustc_interface[7e6b194adc137d27]::interface::run_compiler::<core[10bca3e69d00381c]::result::Result<(), rustc_span[17898b08fe0f9fc9]::ErrorGuaranteed>, rustc_driver_impl[2cd48a31253fd2b4]::run_compiler::{closure#0}>::{closure#0}
  44:     0x777fc690be9a - std[7e57236d4cf722ab]::sys_common::backtrace::__rust_begin_short_backtrace::<rustc_interface[7e6b194adc137d27]::util::run_in_thread_with_globals<rustc_interface[7e6b194adc137d27]::util::run_in_thread_pool_with_globals<rustc_interface[7e6b194adc137d27]::interface::run_compiler<core[10bca3e69d00381c]::result::Result<(), rustc_span[17898b08fe0f9fc9]::ErrorGuaranteed>, rustc_driver_impl[2cd48a31253fd2b4]::run_compiler::{closure#0}>::{closure#0}, core[10bca3e69d00381c]::result::Result<(), rustc_span[17898b08fe0f9fc9]::ErrorGuaranteed>>::{closure#0}, core[10bca3e69d00381c]::result::Result<(), rustc_span[17898b08fe0f9fc9]::ErrorGuaranteed>>::{closure#0}::{closure#0}, core[10bca3e69d00381c]::result::Result<(), rustc_span[17898b08fe0f9fc9]::ErrorGuaranteed>>
  45:     0x777fc690bcc3 - <<std[7e57236d4cf722ab]::thread::Builder>::spawn_unchecked_<rustc_interface[7e6b194adc137d27]::util::run_in_thread_with_globals<rustc_interface[7e6b194adc137d27]::util::run_in_thread_pool_with_globals<rustc_interface[7e6b194adc137d27]::interface::run_compiler<core[10bca3e69d00381c]::result::Result<(), rustc_span[17898b08fe0f9fc9]::ErrorGuaranteed>, rustc_driver_impl[2cd48a31253fd2b4]::run_compiler::{closure#0}>::{closure#0}, core[10bca3e69d00381c]::result::Result<(), rustc_span[17898b08fe0f9fc9]::ErrorGuaranteed>>::{closure#0}, core[10bca3e69d00381c]::result::Result<(), rustc_span[17898b08fe0f9fc9]::ErrorGuaranteed>>::{closure#0}::{closure#0}, core[10bca3e69d00381c]::result::Result<(), rustc_span[17898b08fe0f9fc9]::ErrorGuaranteed>>::{closure#1} as core[10bca3e69d00381c]::ops::function::FnOnce<()>>::call_once::{shim:vtable#0}
  46:     0x777fc1998515 - <alloc::boxed::Box<F,A> as core::ops::function::FnOnce<Args>>::call_once::h09e0db7d9b501bbd
                               at /rustc/de686cbc65478db53e3d51c52497685e852cc092/library/alloc/src/boxed.rs:2015:9
  47:     0x777fc1998515 - <alloc::boxed::Box<F,A> as core::ops::function::FnOnce<Args>>::call_once::h73546e65a74ff5ed
                               at /rustc/de686cbc65478db53e3d51c52497685e852cc092/library/alloc/src/boxed.rs:2015:9
  48:     0x777fc1998515 - std::sys::unix::thread::Thread::new::thread_start::hfec90e9d2c4dd4fc
                               at /rustc/de686cbc65478db53e3d51c52497685e852cc092/library/std/src/sys/unix/thread.rs:108:17
  49:     0x777fc1694ac3 - start_thread
                               at ./nptl/pthread_create.c:442:8
  50:     0x777fc17268c0 - __GI___clone3
                               at ./misc/../sysdeps/unix/sysv/linux/x86_64/clone3.S:81
  51:                0x0 - <unknown>

error: the compiler unexpectedly panicked. this is a bug.

note: we would appreciate a bug report: https://github.com/rust-lang/rust/issues/new?labels=C-bug%2C+I-ICE%2C+T-compiler&template=ice.md

note: please attach the file at `/data/zhangtianrong/projects/rustc-cbl/run/118992/rustc-ice-2026-01-17T08_23_06-603222.txt` to your bug report

note: compiler flags: --crate-type bin -C embed-bitcode=no -C debuginfo=2 -C incremental=[REDACTED] -Z mir-opt-level=1 -Z mir-enable-passes=+GVN -Z inline-mir

note: some of the compiler flags provided by cargo are hidden

query stack during panic:
#0 [optimized_mir] optimizing MIR for `main`
#1 [collect_and_partition_mono_items] collect_and_partition_mono_items
end of query stack
error: could not compile `bug_118992` (bin "bug_118992")
------------------------------------------------------------
Return code: 101
