=== START 2026-01-17 16:07:22 ===
Bug ID: 119064
Toolchain: nightly-2023-12-10
Source: /data/zhangtianrong/projects/rustc-cbl/rustcbugs/119064
Run dir: /data/zhangtianrong/projects/rustc-cbl/run/119064
CMD: rustup run nightly-2023-12-10 cargo build RUSTFLAGS='-Zinline-mir -Zcross-crate-inline-threshold=always -Zinline-mir-hint-threshold=10000 -Zinline-mir-threshold=10000'
------------------------------------------------------------
    Updating crates.io index
   Compiling proc-macro2 v1.0.105
   Compiling quote v1.0.43
   Compiling unicode-ident v1.0.22
   Compiling pin-project-lite v0.2.16
   Compiling futures-core v0.3.31
   Compiling slab v0.4.11
   Compiling pin-utils v0.1.0
   Compiling futures-io v0.3.31
   Compiling fastrand v2.3.0
   Compiling parking v2.2.1
   Compiling futures-task v0.3.31
   Compiling futures-lite v2.6.1
   Compiling syn v2.0.114
   Compiling futures-macro v0.3.31
   Compiling tokio-macros v2.6.0
   Compiling tokio v1.49.0
   Compiling futures-util v0.3.31
   Compiling bug_119064 v0.1.0 (/data/zhangtianrong/projects/rustc-cbl/run/119064)
error: internal compiler error: compiler/rustc_middle/src/ty/generic_args.rs:885:9: expected type for `T/#0` (T/#0/0) but found Lifetime(ReErased) when substituting, args=[ReErased, T/#0, (), Closure(DefId(0:14 ~ bug_119064[f5fa]::cancel_perform_async_boxed::{closure#0}::{closure#0}), [T/#0, i32, Binder(extern "RustCall" fn((&ReBound(DebruijnIndex(0), BoundRegion { var: 0, kind: BrAnon }) mut T/#0,)) -> std::pin::Pin<std::boxed::Box<dyn [Binder(Trait(futures_core::Future), []), Binder(Projection(ExistentialProjection { def_id: DefId(2:13005 ~ core[9adc]::future::future::Future::Output), args: [], term: Term::Ty(()) }), []), Binder(AutoTrait(DefId(2:2815 ~ core[9adc]::marker::Send)), [])] + ReBound(DebruijnIndex(0), BoundRegion { var: 0, kind: BrAnon }), std::alloc::Global>>, [Region(BrAnon)]), ()]), std::future::ResumeTy, (), (), CoroutineWitness(DefId(0:27 ~ bug_119064[f5fa]::{impl#0}::perform_async_boxed::{closure#0}), [ReErased, T/#0, (), Closure(DefId(0:14 ~ bug_119064[f5fa]::cancel_perform_async_boxed::{closure#0}::{closure#0}), [T/#0, i32, Binder(extern "RustCall" fn((&ReBound(DebruijnIndex(0), BoundRegion { var: 0, kind: BrAnon }) mut T/#0,)) -> std::pin::Pin<std::boxed::Box<dyn [Binder(Trait(futures_core::Future), []), Binder(Projection(ExistentialProjection { def_id: DefId(2:13005 ~ core[9adc]::future::future::Future::Output), args: [], term: Term::Ty(()) }), []), Binder(AutoTrait(DefId(2:2815 ~ core[9adc]::marker::Send)), [])] + ReBound(DebruijnIndex(0), BoundRegion { var: 0, kind: BrAnon }), std::alloc::Global>>, [Region(BrAnon)]), ()])]), (ActionPermit<ReErased, T/#0>, Closure(DefId(0:14 ~ bug_119064[f5fa]::cancel_perform_async_boxed::{closure#0}::{closure#0}), [T/#0, i32, Binder(extern "RustCall" fn((&ReBound(DebruijnIndex(0), BoundRegion { var: 0, kind: BrAnon }) mut T/#0,)) -> std::pin::Pin<std::boxed::Box<dyn [Binder(Trait(futures_core::Future), []), Binder(Projection(ExistentialProjection { def_id: DefId(2:13005 ~ core[9adc]::future::future::Future::Output), args: [], term: Term::Ty(()) }), []), Binder(AutoTrait(DefId(2:2815 ~ core[9adc]::marker::Send)), [])] + ReBound(DebruijnIndex(0), BoundRegion { var: 0, kind: BrAnon }), std::alloc::Global>>, [Region(BrAnon)]), ()]))]

thread 'rustc' panicked at /rustc/06e02d5b259c1e88cbf0c74366d9e0a4c7cfd6d9/compiler/rustc_errors/src/lib.rs:1113:75:
Box<dyn Any>
stack backtrace:
   0:     0x73eda858b45c - std::backtrace_rs::backtrace::libunwind::trace::h647894ced53dc4d7
                               at /rustc/06e02d5b259c1e88cbf0c74366d9e0a4c7cfd6d9/library/std/src/../../backtrace/src/backtrace/libunwind.rs:104:5
   1:     0x73eda858b45c - std::backtrace_rs::backtrace::trace_unsynchronized::hacbec77cf1823209
                               at /rustc/06e02d5b259c1e88cbf0c74366d9e0a4c7cfd6d9/library/std/src/../../backtrace/src/backtrace/mod.rs:66:5
   2:     0x73eda858b45c - std::sys_common::backtrace::_print_fmt::h75e444b2b638aaec
                               at /rustc/06e02d5b259c1e88cbf0c74366d9e0a4c7cfd6d9/library/std/src/sys_common/backtrace.rs:68:5
   3:     0x73eda858b45c - <std::sys_common::backtrace::_print::DisplayBacktrace as core::fmt::Display>::fmt::h122a7471b38fc565
                               at /rustc/06e02d5b259c1e88cbf0c74366d9e0a4c7cfd6d9/library/std/src/sys_common/backtrace.rs:44:22
   4:     0x73eda85de4a0 - core::fmt::rt::Argument::fmt::he98a84e6eb169f9f
                               at /rustc/06e02d5b259c1e88cbf0c74366d9e0a4c7cfd6d9/library/core/src/fmt/rt.rs:142:9
   5:     0x73eda85de4a0 - core::fmt::write::he26188aecf8512b0
                               at /rustc/06e02d5b259c1e88cbf0c74366d9e0a4c7cfd6d9/library/core/src/fmt/mod.rs:1120:17
   6:     0x73eda857f2bf - std::io::Write::write_fmt::h365ff6ed21d531ac
                               at /rustc/06e02d5b259c1e88cbf0c74366d9e0a4c7cfd6d9/library/std/src/io/mod.rs:1810:15
   7:     0x73eda858b244 - std::sys_common::backtrace::_print::h71769e173a4e75a6
                               at /rustc/06e02d5b259c1e88cbf0c74366d9e0a4c7cfd6d9/library/std/src/sys_common/backtrace.rs:47:5
   8:     0x73eda858b244 - std::sys_common::backtrace::print::h3013491173a698a2
                               at /rustc/06e02d5b259c1e88cbf0c74366d9e0a4c7cfd6d9/library/std/src/sys_common/backtrace.rs:34:9
   9:     0x73eda858ded7 - std::panicking::default_hook::{{closure}}::he5540779468870f9
  10:     0x73eda858dc3f - std::panicking::default_hook::h0ccbde576110e8be
                               at /rustc/06e02d5b259c1e88cbf0c74366d9e0a4c7cfd6d9/library/std/src/panicking.rs:292:9
  11:     0x73edab3197f0 - std[1800e4c5f0dedc14]::panicking::update_hook::<alloc[76a2da9f48b489ea]::boxed::Box<rustc_driver_impl[846be4ce6ca2bc76]::install_ice_hook::{closure#0}>>::{closure#0}
  12:     0x73eda858e618 - <alloc::boxed::Box<F,A> as core::ops::function::Fn<Args>>::call::hb5aed85006908a0e
                               at /rustc/06e02d5b259c1e88cbf0c74366d9e0a4c7cfd6d9/library/alloc/src/boxed.rs:2029:9
  13:     0x73eda858e618 - std::panicking::rust_panic_with_hook::h382e764f213a869a
                               at /rustc/06e02d5b259c1e88cbf0c74366d9e0a4c7cfd6d9/library/std/src/panicking.rs:783:13
  14:     0x73edab351ca4 - std[1800e4c5f0dedc14]::panicking::begin_panic::<rustc_errors[2e2a92685d653ff]::ExplicitBug>::{closure#0}
  15:     0x73edab34e136 - std[1800e4c5f0dedc14]::sys_common::backtrace::__rust_end_short_backtrace::<std[1800e4c5f0dedc14]::panicking::begin_panic<rustc_errors[2e2a92685d653ff]::ExplicitBug>::{closure#0}, !>
  16:     0x73edab349456 - std[1800e4c5f0dedc14]::panicking::begin_panic::<rustc_errors[2e2a92685d653ff]::ExplicitBug>
  17:     0x73edab35ce49 - <rustc_errors[2e2a92685d653ff]::diagnostic_builder::Bug as rustc_errors[2e2a92685d653ff]::diagnostic_builder::EmissionGuarantee>::diagnostic_builder_emit_producing_guarantee
  18:     0x73edab7390f5 - <rustc_errors[2e2a92685d653ff]::Handler>::bug::<alloc[76a2da9f48b489ea]::string::String>
  19:     0x73edab7d3a0d - rustc_middle[c97c0cf825d2b54a]::util::bug::opt_span_bug_fmt::<rustc_span[4a07b0ba3a7f3540]::span_encoding::Span>::{closure#0}
  20:     0x73edab7bccfa - rustc_middle[c97c0cf825d2b54a]::ty::context::tls::with_opt::<rustc_middle[c97c0cf825d2b54a]::util::bug::opt_span_bug_fmt<rustc_span[4a07b0ba3a7f3540]::span_encoding::Span>::{closure#0}, !>::{closure#0}
  21:     0x73edab7bcb78 - rustc_middle[c97c0cf825d2b54a]::ty::context::tls::with_context_opt::<rustc_middle[c97c0cf825d2b54a]::ty::context::tls::with_opt<rustc_middle[c97c0cf825d2b54a]::util::bug::opt_span_bug_fmt<rustc_span[4a07b0ba3a7f3540]::span_encoding::Span>::{closure#0}, !>::{closure#0}, !>
  22:     0x73eda9747fb0 - rustc_middle[c97c0cf825d2b54a]::util::bug::bug_fmt
  23:     0x73edab7c9872 - <rustc_middle[c97c0cf825d2b54a]::ty::generic_args::ArgFolder>::type_param_expected
  24:     0x73edac607c41 - <rustc_middle[c97c0cf825d2b54a]::ty::generic_args::ArgFolder as rustc_type_ir[38a29f1108c72e]::fold::TypeFolder<rustc_middle[c97c0cf825d2b54a]::ty::context::TyCtxt>>::fold_ty
  25:     0x73edac602c27 - <rustc_middle[c97c0cf825d2b54a]::ty::generic_args::ArgFolder as rustc_type_ir[38a29f1108c72e]::fold::TypeFolder<rustc_middle[c97c0cf825d2b54a]::ty::context::TyCtxt>>::fold_ty
  26:     0x73edaa0981e1 - rustc_const_eval[27ff5adb9511dc97]::transform::validate::validate_types
  27:     0x73edacf663be - <rustc_mir_transform[c1ae50ffc4a19015]::inline::Inliner>::try_inlining
  28:     0x73edaced8256 - <rustc_mir_transform[c1ae50ffc4a19015]::inline::Inliner>::process_blocks
  29:     0x73edac83da47 - <rustc_mir_transform[c1ae50ffc4a19015]::inline::Inline as rustc_middle[c97c0cf825d2b54a]::mir::MirPass>::run_pass
  30:     0x73edac6da2a8 - rustc_mir_transform[c1ae50ffc4a19015]::pass_manager::run_passes_inner
  31:     0x73edac94bd36 - rustc_mir_transform[c1ae50ffc4a19015]::optimized_mir
  32:     0x73edac65121d - rustc_query_impl[aabb908701111694]::plumbing::__rust_begin_short_backtrace::<rustc_query_impl[aabb908701111694]::query_impl::optimized_mir::dynamic_query::{closure#2}::{closure#0}, rustc_middle[c97c0cf825d2b54a]::query::erase::Erased<[u8; 8usize]>>
  33:     0x73edaca1e62e - rustc_query_system[68479d14ee5aef5e]::query::plumbing::try_execute_query::<rustc_query_impl[aabb908701111694]::DynamicConfig<rustc_query_system[68479d14ee5aef5e]::query::caches::DefaultCache<rustc_span[4a07b0ba3a7f3540]::def_id::DefId, rustc_middle[c97c0cf825d2b54a]::query::erase::Erased<[u8; 8usize]>>, false, false, false>, rustc_query_impl[aabb908701111694]::plumbing::QueryCtxt, true>
  34:     0x73edaca1cfe1 - rustc_query_impl[aabb908701111694]::query_impl::optimized_mir::get_query_incr::__rust_end_short_backtrace
  35:     0x73eda962dc02 - <rustc_middle[c97c0cf825d2b54a]::ty::context::TyCtxt>::instance_mir
  36:     0x73edaa345e77 - rustc_monomorphize[a7eb1572fd74d9eb]::collector::collect_items_rec::{closure#0}
  37:     0x73edad58665d - rustc_monomorphize[a7eb1572fd74d9eb]::collector::collect_items_rec
  38:     0x73edad586b58 - rustc_monomorphize[a7eb1572fd74d9eb]::collector::collect_items_rec
  39:     0x73edad586b58 - rustc_monomorphize[a7eb1572fd74d9eb]::collector::collect_items_rec
  40:     0x73edad586b58 - rustc_monomorphize[a7eb1572fd74d9eb]::collector::collect_items_rec
  41:     0x73edad586b58 - rustc_monomorphize[a7eb1572fd74d9eb]::collector::collect_items_rec
  42:     0x73edad586b58 - rustc_monomorphize[a7eb1572fd74d9eb]::collector::collect_items_rec
  43:     0x73edad586b58 - rustc_monomorphize[a7eb1572fd74d9eb]::collector::collect_items_rec
  44:     0x73edad5820ae - rustc_monomorphize[a7eb1572fd74d9eb]::partitioning::collect_and_partition_mono_items
  45:     0x73edad581616 - rustc_query_impl[aabb908701111694]::plumbing::__rust_begin_short_backtrace::<rustc_query_impl[aabb908701111694]::query_impl::collect_and_partition_mono_items::dynamic_query::{closure#2}::{closure#0}, rustc_middle[c97c0cf825d2b54a]::query::erase::Erased<[u8; 24usize]>>
  46:     0x73edad5815df - <rustc_query_impl[aabb908701111694]::query_impl::collect_and_partition_mono_items::dynamic_query::{closure#2} as core[9adc4209bd10aa1b]::ops::function::FnOnce<(rustc_middle[c97c0cf825d2b54a]::ty::context::TyCtxt, ())>>::call_once
  47:     0x73edad57fe95 - rustc_query_system[68479d14ee5aef5e]::query::plumbing::try_execute_query::<rustc_query_impl[aabb908701111694]::DynamicConfig<rustc_query_system[68479d14ee5aef5e]::query::caches::SingleCache<rustc_middle[c97c0cf825d2b54a]::query::erase::Erased<[u8; 24usize]>>, false, false, false>, rustc_query_impl[aabb908701111694]::plumbing::QueryCtxt, true>
  48:     0x73edad68b14b - rustc_query_impl[aabb908701111694]::query_impl::collect_and_partition_mono_items::get_query_incr::__rust_end_short_backtrace
  49:     0x73edad41867e - rustc_codegen_ssa[55026893025ba6c1]::base::codegen_crate::<rustc_codegen_llvm[5fc9370d703f1ed9]::LlvmCodegenBackend>
  50:     0x73edad41847a - <rustc_codegen_llvm[5fc9370d703f1ed9]::LlvmCodegenBackend as rustc_codegen_ssa[55026893025ba6c1]::traits::backend::CodegenBackend>::codegen_crate
  51:     0x73edad416645 - rustc_interface[7f88154c83aaa02c]::passes::start_codegen
  52:     0x73edad415d9c - <rustc_interface[7f88154c83aaa02c]::queries::Queries>::codegen_and_build_linker
  53:     0x73edad61592d - rustc_interface[7f88154c83aaa02c]::interface::run_compiler::<core[9adc4209bd10aa1b]::result::Result<(), rustc_span[4a07b0ba3a7f3540]::ErrorGuaranteed>, rustc_driver_impl[846be4ce6ca2bc76]::run_compiler::{closure#0}>::{closure#0}
  54:     0x73edad5a7edf - std[1800e4c5f0dedc14]::sys_common::backtrace::__rust_begin_short_backtrace::<rustc_interface[7f88154c83aaa02c]::util::run_in_thread_with_globals<rustc_interface[7f88154c83aaa02c]::util::run_in_thread_pool_with_globals<rustc_interface[7f88154c83aaa02c]::interface::run_compiler<core[9adc4209bd10aa1b]::result::Result<(), rustc_span[4a07b0ba3a7f3540]::ErrorGuaranteed>, rustc_driver_impl[846be4ce6ca2bc76]::run_compiler::{closure#0}>::{closure#0}, core[9adc4209bd10aa1b]::result::Result<(), rustc_span[4a07b0ba3a7f3540]::ErrorGuaranteed>>::{closure#0}, core[9adc4209bd10aa1b]::result::Result<(), rustc_span[4a07b0ba3a7f3540]::ErrorGuaranteed>>::{closure#0}::{closure#0}, core[9adc4209bd10aa1b]::result::Result<(), rustc_span[4a07b0ba3a7f3540]::ErrorGuaranteed>>
  55:     0x73edad5a7d09 - <<std[1800e4c5f0dedc14]::thread::Builder>::spawn_unchecked_<rustc_interface[7f88154c83aaa02c]::util::run_in_thread_with_globals<rustc_interface[7f88154c83aaa02c]::util::run_in_thread_pool_with_globals<rustc_interface[7f88154c83aaa02c]::interface::run_compiler<core[9adc4209bd10aa1b]::result::Result<(), rustc_span[4a07b0ba3a7f3540]::ErrorGuaranteed>, rustc_driver_impl[846be4ce6ca2bc76]::run_compiler::{closure#0}>::{closure#0}, core[9adc4209bd10aa1b]::result::Result<(), rustc_span[4a07b0ba3a7f3540]::ErrorGuaranteed>>::{closure#0}, core[9adc4209bd10aa1b]::result::Result<(), rustc_span[4a07b0ba3a7f3540]::ErrorGuaranteed>>::{closure#0}::{closure#0}, core[9adc4209bd10aa1b]::result::Result<(), rustc_span[4a07b0ba3a7f3540]::ErrorGuaranteed>>::{closure#1} as core[9adc4209bd10aa1b]::ops::function::FnOnce<()>>::call_once::{shim:vtable#0}
  56:     0x73eda85984a5 - <alloc::boxed::Box<F,A> as core::ops::function::FnOnce<Args>>::call_once::h45ba3c5d42899d7c
                               at /rustc/06e02d5b259c1e88cbf0c74366d9e0a4c7cfd6d9/library/alloc/src/boxed.rs:2015:9
  57:     0x73eda85984a5 - <alloc::boxed::Box<F,A> as core::ops::function::FnOnce<Args>>::call_once::h022011ecbfe93669
                               at /rustc/06e02d5b259c1e88cbf0c74366d9e0a4c7cfd6d9/library/alloc/src/boxed.rs:2015:9
  58:     0x73eda85984a5 - std::sys::unix::thread::Thread::new::thread_start::hff906bf5eb91cb9e
                               at /rustc/06e02d5b259c1e88cbf0c74366d9e0a4c7cfd6d9/library/std/src/sys/unix/thread.rs:108:17
  59:     0x73eda8294ac3 - start_thread
                               at ./nptl/pthread_create.c:442:8
  60:     0x73eda83268c0 - __GI___clone3
                               at ./misc/../sysdeps/unix/sysv/linux/x86_64/clone3.S:81
  61:                0x0 - <unknown>

note: we would appreciate a bug report: https://github.com/rust-lang/rust/issues/new?labels=C-bug%2C+I-ICE%2C+T-compiler&template=ice.md

note: please attach the file at `/data/zhangtianrong/projects/rustc-cbl/run/119064/rustc-ice-2026-01-17T08_07_42-4056583.txt` to your bug report

note: compiler flags: --crate-type bin -C embed-bitcode=no -C debuginfo=2 -C incremental=[REDACTED] -Z inline-mir -Z cross-crate-inline-threshold=always -Z inline-mir-hint-threshold=10000 -Z inline-mir-threshold=10000

note: some of the compiler flags provided by cargo are hidden

query stack during panic:
#0 [optimized_mir] optimizing MIR for `cancel_perform_async_boxed::{closure#0}::{closure#1}`
#1 [collect_and_partition_mono_items] collect_and_partition_mono_items
end of query stack
error: could not compile `bug_119064` (bin "bug_119064")
------------------------------------------------------------
Return code: 101
