=== START 2026-02-01 22:08:43 ===
Bug ID: 119564
Toolchain: nightly-2024-01-04
Source: /data/zhangtianrong/projects/rustc-cbl/rustcbugs/119564
Run dir: /data/zhangtianrong/projects/rustc-cbl/run/119564
CMD: rustup run nightly-2024-01-04 cargo build
------------------------------------------------------------
    Blocking waiting for file lock on package cache
   Compiling bug_119564 v0.1.0 (/data/zhangtianrong/projects/rustc-cbl/run/119564)
warning: unused variable: `a`
  --> src/main.rs:10:13
   |
10 |         let a: Invariant<'b> = yield ();
   |             ^ help: if this is intentional, prefix it with an underscore: `_a`
   |
   = note: `#[warn(unused_variables)]` on by default

warning: struct `Invariant` is never constructed
 --> src/main.rs:6:8
  |
6 | struct Invariant<'a>(fn(&'a ()) -> &'a ());
  |        ^^^^^^^^^
  |
  = note: `#[warn(dead_code)]` on by default

warning: function `x` is never used
 --> src/main.rs:8:4
  |
8 | fn x<'a, 'b>() -> impl Coroutine<Invariant<'a>> {
  |    ^

warning: `bug_119564` (bin "bug_119564") generated 3 warnings (run `cargo fix --bin "bug_119564"` to apply 1 suggestion)
    Finished dev [unoptimized + debuginfo] target(s) in 1.20s
------------------------------------------------------------
Return code: 0
