=== START 2026-01-16 22:03:14 ===
Bug ID: 120648
Toolchain: nightly-2024-01-19
Source: /data/zhangtianrong/projects/rustc-cbl/rustcbugs/120648
Run dir: /data/zhangtianrong/projects/rustc-cbl/run/120648
CMD: rustup run nightly-2024-01-19 cargo build
------------------------------------------------------------
   Compiling jewel v0.1.0 (/data/zhangtianrong/projects/rustc-cbl/run/120648/jewel)
   Compiling bug_120648 v0.1.0 (/data/zhangtianrong/projects/rustc-cbl/run/120648)
error[E0726]: implicit elided lifetime not allowed here
 --> src/main.rs:9:6
  |
9 | impl BleRadio for Radio {
  |      ^^^^^^^^ expected lifetime parameter
  |
help: indicate the anonymous lifetime
  |
9 | impl BleRadio<'_> for Radio {
  |              ++++

error: `#[panic_handler]` function required, but not found

error: unwinding panics are not supported without std
  |
  = help: using nightly cargo, use -Zbuild-std with panic="abort" to avoid unwinding
  = note: since the core library is usually precompiled with panic="unwind", rebuilding your crate with panic="abort" may not be enough to fix the problem

thread 'rustc' panicked at compiler/rustc_middle/src/ty/context.rs:1196:53:
DefId::expect_local: `DefId(4:12 ~ jewel[8d71]::BleRadio::transmit::{opaque#0}::'a)` isn't local
stack backtrace:
   0:     0x7167d678c806 - std::backtrace_rs::backtrace::libunwind::trace::hce2ff2dd0136ec44
                               at /rustc/25f8d01fd8bda339612d0c0a8844173a09205f7c/library/std/src/../../backtrace/src/backtrace/libunwind.rs:104:5
   1:     0x7167d678c806 - std::backtrace_rs::backtrace::trace_unsynchronized::h8cebf0cc62c9f0a2
                               at /rustc/25f8d01fd8bda339612d0c0a8844173a09205f7c/library/std/src/../../backtrace/src/backtrace/mod.rs:66:5
   2:     0x7167d678c806 - std::sys_common::backtrace::_print_fmt::h20e3fe31ecbea421
                               at /rustc/25f8d01fd8bda339612d0c0a8844173a09205f7c/library/std/src/sys_common/backtrace.rs:68:5
   3:     0x7167d678c806 - <std::sys_common::backtrace::_print::DisplayBacktrace as core::fmt::Display>::fmt::h854e3d9599d23b9b
                               at /rustc/25f8d01fd8bda339612d0c0a8844173a09205f7c/library/std/src/sys_common/backtrace.rs:44:22
   4:     0x7167d67dee00 - core::fmt::rt::Argument::fmt::hc268c919e009c64d
                               at /rustc/25f8d01fd8bda339612d0c0a8844173a09205f7c/library/core/src/fmt/rt.rs:142:9
   5:     0x7167d67dee00 - core::fmt::write::hdaa13832d911494b
                               at /rustc/25f8d01fd8bda339612d0c0a8844173a09205f7c/library/core/src/fmt/mod.rs:1120:17
   6:     0x7167d67801cf - std::io::Write::write_fmt::ha2d6d8f909a702b7
                               at /rustc/25f8d01fd8bda339612d0c0a8844173a09205f7c/library/std/src/io/mod.rs:1810:15
   7:     0x7167d678c5e4 - std::sys_common::backtrace::_print::hd2ff46e45d74b1ac
                               at /rustc/25f8d01fd8bda339612d0c0a8844173a09205f7c/library/std/src/sys_common/backtrace.rs:47:5
   8:     0x7167d678c5e4 - std::sys_common::backtrace::print::h78d1eab0d976c677
                               at /rustc/25f8d01fd8bda339612d0c0a8844173a09205f7c/library/std/src/sys_common/backtrace.rs:34:9
   9:     0x7167d678f377 - std::panicking::default_hook::{{closure}}::h3f8628a95270c213
  10:     0x7167d678f0d9 - std::panicking::default_hook::h4ae38485be7f6b43
                               at /rustc/25f8d01fd8bda339612d0c0a8844173a09205f7c/library/std/src/panicking.rs:292:9
  11:     0x7167d957a39c - std[18cf201b9d44cf5d]::panicking::update_hook::<alloc[32cf7e9e92d175b2]::boxed::Box<rustc_driver_impl[9d2146f084006642]::install_ice_hook::{closure#0}>>::{closure#0}
  12:     0x7167d678fac6 - <alloc::boxed::Box<F,A> as core::ops::function::Fn<Args>>::call::h4373623a5f229292
                               at /rustc/25f8d01fd8bda339612d0c0a8844173a09205f7c/library/alloc/src/boxed.rs:2030:9
  13:     0x7167d678fac6 - std::panicking::rust_panic_with_hook::hd1b06f3095c8ec01
                               at /rustc/25f8d01fd8bda339612d0c0a8844173a09205f7c/library/std/src/panicking.rs:785:13
  14:     0x7167d678f812 - std::panicking::begin_panic_handler::{{closure}}::hb82004c56d4db4fa
                               at /rustc/25f8d01fd8bda339612d0c0a8844173a09205f7c/library/std/src/panicking.rs:659:13
  15:     0x7167d678cd06 - std::sys_common::backtrace::__rust_end_short_backtrace::h17b40b71bb1ece3d
                               at /rustc/25f8d01fd8bda339612d0c0a8844173a09205f7c/library/std/src/sys_common/backtrace.rs:171:18
  16:     0x7167d678f564 - rust_begin_unwind
                               at /rustc/25f8d01fd8bda339612d0c0a8844173a09205f7c/library/std/src/panicking.rs:647:5
  17:     0x7167d67db505 - core::panicking::panic_fmt::h9bd50ad4fc2ca95e
                               at /rustc/25f8d01fd8bda339612d0c0a8844173a09205f7c/library/core/src/panicking.rs:72:14
  18:     0x7167d99f374d - <rustc_middle[25176b600bc4c99]::ty::context::TyCtxt>::is_suitable_region
  19:     0x7167d98274a4 - <rustc_infer[fdfd6c05ce33e14f]::infer::error_reporting::nice_region_error::NiceRegionError>::try_report
  20:     0x7167d9826421 - <rustc_infer[fdfd6c05ce33e14f]::infer::error_reporting::TypeErrCtxt>::try_report_nice_region_error
  21:     0x7167d982ed3d - <rustc_infer[fdfd6c05ce33e14f]::infer::error_reporting::TypeErrCtxt>::report_region_errors
  22:     0x7167db01ca15 - <rustc_trait_selection[87389bc79674c46e]::traits::engine::ObligationCtxt>::resolve_regions_and_report_errors
  23:     0x7167db3777a6 - rustc_hir_analysis[42ad5f9f097dc2fb]::check::check::check_item_type
  24:     0x7167db13e7ba - rustc_hir_analysis[42ad5f9f097dc2fb]::check::wfcheck::check_well_formed
  25:     0x7167db13d799 - rustc_query_impl[247bd9bce201ed76]::plumbing::__rust_begin_short_backtrace::<rustc_query_impl[247bd9bce201ed76]::query_impl::check_well_formed::dynamic_query::{closure#2}::{closure#0}, rustc_middle[25176b600bc4c99]::query::erase::Erased<[u8; 1usize]>>
  26:     0x7167dadb6043 - rustc_query_system[96113f6d5c87c6e4]::query::plumbing::try_execute_query::<rustc_query_impl[247bd9bce201ed76]::DynamicConfig<rustc_query_system[96113f6d5c87c6e4]::query::caches::VecCache<rustc_hir[b2e651e7aad06b4]::hir_id::OwnerId, rustc_middle[25176b600bc4c99]::query::erase::Erased<[u8; 1usize]>>, false, false, false>, rustc_query_impl[247bd9bce201ed76]::plumbing::QueryCtxt, true>
  27:     0x7167dadb5b41 - rustc_query_impl[247bd9bce201ed76]::query_impl::check_well_formed::get_query_incr::__rust_end_short_backtrace
  28:     0x7167db13a677 - rustc_hir_analysis[42ad5f9f097dc2fb]::check::wfcheck::check_mod_type_wf
  29:     0x7167db13a5b7 - rustc_query_impl[247bd9bce201ed76]::plumbing::__rust_begin_short_backtrace::<rustc_query_impl[247bd9bce201ed76]::query_impl::check_mod_type_wf::dynamic_query::{closure#2}::{closure#0}, rustc_middle[25176b600bc4c99]::query::erase::Erased<[u8; 1usize]>>
  30:     0x7167db138737 - rustc_query_system[96113f6d5c87c6e4]::query::plumbing::try_execute_query::<rustc_query_impl[247bd9bce201ed76]::DynamicConfig<rustc_query_system[96113f6d5c87c6e4]::query::caches::DefaultCache<rustc_span[f4c64533882a522f]::def_id::LocalModDefId, rustc_middle[25176b600bc4c99]::query::erase::Erased<[u8; 1usize]>>, false, false, false>, rustc_query_impl[247bd9bce201ed76]::plumbing::QueryCtxt, true>
  31:     0x7167db139442 - rustc_query_impl[247bd9bce201ed76]::query_impl::check_mod_type_wf::get_query_incr::__rust_end_short_backtrace
  32:     0x7167db13955a - <rustc_middle[25176b600bc4c99]::hir::map::Map>::try_par_for_each_module::<rustc_hir_analysis[42ad5f9f097dc2fb]::check_crate::{closure#4}::{closure#0}>::{closure#0}
  33:     0x7167dab15fdd - rustc_hir_analysis[42ad5f9f097dc2fb]::check_crate
  34:     0x7167db173852 - rustc_interface[4ba967a3e0948cea]::passes::analysis
  35:     0x7167db17349f - rustc_query_impl[247bd9bce201ed76]::plumbing::__rust_begin_short_backtrace::<rustc_query_impl[247bd9bce201ed76]::query_impl::analysis::dynamic_query::{closure#2}::{closure#0}, rustc_middle[25176b600bc4c99]::query::erase::Erased<[u8; 1usize]>>
  36:     0x7167db7daf53 - rustc_query_system[96113f6d5c87c6e4]::query::plumbing::try_execute_query::<rustc_query_impl[247bd9bce201ed76]::DynamicConfig<rustc_query_system[96113f6d5c87c6e4]::query::caches::SingleCache<rustc_middle[25176b600bc4c99]::query::erase::Erased<[u8; 1usize]>>, false, false, false>, rustc_query_impl[247bd9bce201ed76]::plumbing::QueryCtxt, true>
  37:     0x7167db7dabe0 - rustc_query_impl[247bd9bce201ed76]::query_impl::analysis::get_query_incr::__rust_end_short_backtrace
  38:     0x7167db574f73 - rustc_interface[4ba967a3e0948cea]::interface::run_compiler::<core[a8eead29cee1ad7c]::result::Result<(), rustc_span[f4c64533882a522f]::ErrorGuaranteed>, rustc_driver_impl[9d2146f084006642]::run_compiler::{closure#0}>::{closure#0}
  39:     0x7167db7de6da - std[18cf201b9d44cf5d]::sys_common::backtrace::__rust_begin_short_backtrace::<rustc_interface[4ba967a3e0948cea]::util::run_in_thread_with_globals<rustc_interface[4ba967a3e0948cea]::util::run_in_thread_pool_with_globals<rustc_interface[4ba967a3e0948cea]::interface::run_compiler<core[a8eead29cee1ad7c]::result::Result<(), rustc_span[f4c64533882a522f]::ErrorGuaranteed>, rustc_driver_impl[9d2146f084006642]::run_compiler::{closure#0}>::{closure#0}, core[a8eead29cee1ad7c]::result::Result<(), rustc_span[f4c64533882a522f]::ErrorGuaranteed>>::{closure#0}, core[a8eead29cee1ad7c]::result::Result<(), rustc_span[f4c64533882a522f]::ErrorGuaranteed>>::{closure#0}::{closure#0}, core[a8eead29cee1ad7c]::result::Result<(), rustc_span[f4c64533882a522f]::ErrorGuaranteed>>
  40:     0x7167db7de509 - <<std[18cf201b9d44cf5d]::thread::Builder>::spawn_unchecked_<rustc_interface[4ba967a3e0948cea]::util::run_in_thread_with_globals<rustc_interface[4ba967a3e0948cea]::util::run_in_thread_pool_with_globals<rustc_interface[4ba967a3e0948cea]::interface::run_compiler<core[a8eead29cee1ad7c]::result::Result<(), rustc_span[f4c64533882a522f]::ErrorGuaranteed>, rustc_driver_impl[9d2146f084006642]::run_compiler::{closure#0}>::{closure#0}, core[a8eead29cee1ad7c]::result::Result<(), rustc_span[f4c64533882a522f]::ErrorGuaranteed>>::{closure#0}, core[a8eead29cee1ad7c]::result::Result<(), rustc_span[f4c64533882a522f]::ErrorGuaranteed>>::{closure#0}::{closure#0}, core[a8eead29cee1ad7c]::result::Result<(), rustc_span[f4c64533882a522f]::ErrorGuaranteed>>::{closure#1} as core[a8eead29cee1ad7c]::ops::function::FnOnce<()>>::call_once::{shim:vtable#0}
  41:     0x7167d67993b5 - <alloc::boxed::Box<F,A> as core::ops::function::FnOnce<Args>>::call_once::ha19809dc203cad51
                               at /rustc/25f8d01fd8bda339612d0c0a8844173a09205f7c/library/alloc/src/boxed.rs:2016:9
  42:     0x7167d67993b5 - <alloc::boxed::Box<F,A> as core::ops::function::FnOnce<Args>>::call_once::h7ea7a8c76f06fa70
                               at /rustc/25f8d01fd8bda339612d0c0a8844173a09205f7c/library/alloc/src/boxed.rs:2016:9
  43:     0x7167d67993b5 - std::sys::pal::unix::thread::Thread::new::thread_start::hd551cfa6ba15fff0
                               at /rustc/25f8d01fd8bda339612d0c0a8844173a09205f7c/library/std/src/sys/pal/unix/thread.rs:108:17
  44:     0x7167d6494ac3 - start_thread
                               at ./nptl/pthread_create.c:442:8
  45:     0x7167d65268c0 - __GI___clone3
                               at ./misc/../sysdeps/unix/sysv/linux/x86_64/clone3.S:81
  46:                0x0 - <unknown>

error: the compiler unexpectedly panicked. this is a bug.

note: we would appreciate a bug report: https://github.com/rust-lang/rust/issues/new?labels=C-bug%2C+I-ICE%2C+T-compiler&template=ice.md

note: please attach the file at `/data/zhangtianrong/projects/rustc-cbl/run/120648/rustc-ice-2026-01-16T14_03_14-2006606.txt` to your bug report

note: compiler flags: --crate-type bin -C embed-bitcode=no -C debuginfo=2 -C incremental=[REDACTED]

note: some of the compiler flags provided by cargo are hidden

query stack during panic:
#0 [check_well_formed] checking that `<impl at src/main.rs:9:1: 9:24>` is well-formed
#1 [check_mod_type_wf] checking that types are well-formed in top-level module
#2 [analysis] running analysis passes on this crate
end of query stack
For more information about this error, try `rustc --explain E0726`.
error: could not compile `bug_120648` (bin "bug_120648") due to 3 previous errors
------------------------------------------------------------
Return code: 101
