=== START 2026-01-18 15:32:14 ===
Bug ID: 121151
Toolchain: nightly-2024-02-15
Source: /data/zhangtianrong/projects/rustc-cbl/rustcbugs/121151
Run dir: /data/zhangtianrong/projects/rustc-cbl/run/121151
CMD: rustup run nightly-2024-02-15 cargo build
------------------------------------------------------------
   Compiling bug_121151 v0.1.0 (/data/zhangtianrong/projects/rustc-cbl/run/121151)
error[E0658]: unnamed fields are not yet fully implemented
 --> src/main.rs:2:5
  |
2 |     _: i32,
  |     ^
  |
  = note: see issue #49804 <https://github.com/rust-lang/rust/issues/49804> for more information
  = help: add `#![feature(unnamed_fields)]` to the crate attributes to enable
  = note: this compiler was built on 2024-02-14; consider upgrading it if it is out of date

thread 'rustc' panicked at /rustc/ee9c7c940c07d8b67c9a6b2ec930db70dcd23a46/compiler/rustc_hir/src/def.rs:653:45:
attempted .def_id() on invalid res: PrimTy(Int(I32))
stack backtrace:
   0:     0x7af0a698ce46 - std::backtrace_rs::backtrace::libunwind::trace::h5168cb64cb843b87
                               at /rustc/ee9c7c940c07d8b67c9a6b2ec930db70dcd23a46/library/std/src/../../backtrace/src/backtrace/libunwind.rs:104:5
   1:     0x7af0a698ce46 - std::backtrace_rs::backtrace::trace_unsynchronized::hbbff473666b784c6
                               at /rustc/ee9c7c940c07d8b67c9a6b2ec930db70dcd23a46/library/std/src/../../backtrace/src/backtrace/mod.rs:66:5
   2:     0x7af0a698ce46 - std::sys_common::backtrace::_print_fmt::h6c61b632e6cc7949
                               at /rustc/ee9c7c940c07d8b67c9a6b2ec930db70dcd23a46/library/std/src/sys_common/backtrace.rs:68:5
   3:     0x7af0a698ce46 - <std::sys_common::backtrace::_print::DisplayBacktrace as core::fmt::Display>::fmt::h974a6b559c2b8d41
                               at /rustc/ee9c7c940c07d8b67c9a6b2ec930db70dcd23a46/library/std/src/sys_common/backtrace.rs:44:22
   4:     0x7af0a69dd46c - core::fmt::rt::Argument::fmt::hf6a5273aff56768c
                               at /rustc/ee9c7c940c07d8b67c9a6b2ec930db70dcd23a46/library/core/src/fmt/rt.rs:142:9
   5:     0x7af0a69dd46c - core::fmt::write::h1caffe3a78971207
                               at /rustc/ee9c7c940c07d8b67c9a6b2ec930db70dcd23a46/library/core/src/fmt/mod.rs:1120:17
   6:     0x7af0a69807ef - std::io::Write::write_fmt::h2caf2bb3485e27a5
                               at /rustc/ee9c7c940c07d8b67c9a6b2ec930db70dcd23a46/library/std/src/io/mod.rs:1854:15
   7:     0x7af0a698cbf4 - std::sys_common::backtrace::_print::h0414d95b24b9ea44
                               at /rustc/ee9c7c940c07d8b67c9a6b2ec930db70dcd23a46/library/std/src/sys_common/backtrace.rs:47:5
   8:     0x7af0a698cbf4 - std::sys_common::backtrace::print::hfdf60e3b3d06625d
                               at /rustc/ee9c7c940c07d8b67c9a6b2ec930db70dcd23a46/library/std/src/sys_common/backtrace.rs:34:9
   9:     0x7af0a698f93b - std::panicking::default_hook::{{closure}}::h3c1109072cde0ade
  10:     0x7af0a698f689 - std::panicking::default_hook::hfe3c076d4f24ecbe
                               at /rustc/ee9c7c940c07d8b67c9a6b2ec930db70dcd23a46/library/std/src/panicking.rs:292:9
  11:     0x7af0a97f563c - std[2308076c1424b998]::panicking::update_hook::<alloc[33ce0ef41c101337]::boxed::Box<rustc_driver_impl[d317596fd5f90102]::install_ice_hook::{closure#0}>>::{closure#0}
  12:     0x7af0a69900a0 - <alloc::boxed::Box<F,A> as core::ops::function::Fn<Args>>::call::h8a55f98e23703736
                               at /rustc/ee9c7c940c07d8b67c9a6b2ec930db70dcd23a46/library/alloc/src/boxed.rs:2030:9
  13:     0x7af0a69900a0 - std::panicking::rust_panic_with_hook::hc147efcd5d482f2c
                               at /rustc/ee9c7c940c07d8b67c9a6b2ec930db70dcd23a46/library/std/src/panicking.rs:785:13
  14:     0x7af0a698fde2 - std::panicking::begin_panic_handler::{{closure}}::h6174f0cd2a065d90
                               at /rustc/ee9c7c940c07d8b67c9a6b2ec930db70dcd23a46/library/std/src/panicking.rs:659:13
  15:     0x7af0a698d326 - std::sys_common::backtrace::__rust_end_short_backtrace::h770b1c8f4d2029d4
                               at /rustc/ee9c7c940c07d8b67c9a6b2ec930db70dcd23a46/library/std/src/sys_common/backtrace.rs:171:18
  16:     0x7af0a698fb14 - rust_begin_unwind
                               at /rustc/ee9c7c940c07d8b67c9a6b2ec930db70dcd23a46/library/std/src/panicking.rs:647:5
  17:     0x7af0a69d9975 - core::panicking::panic_fmt::h66e8ea0facb42563
                               at /rustc/ee9c7c940c07d8b67c9a6b2ec930db70dcd23a46/library/core/src/panicking.rs:72:14
  18:     0x7af0a98d6bf3 - <rustc_hir[c51b72b0757a6cb2]::def::Res>::def_id
  19:     0x7af0abf104a1 - <rustc_hir_analysis[2f1fe9f85dc7c390]::collect::FieldUniquenessCheckContext>::check_field.cold.0
  20:     0x7af0ab373ebc - rustc_hir_analysis[2f1fe9f85dc7c390]::collect::convert_variant
  21:     0x7af0ab3737d9 - rustc_hir_analysis[2f1fe9f85dc7c390]::collect::adt_def
  22:     0x7af0aaa92955 - rustc_query_impl[ecef4a4fa1cc3689]::plumbing::__rust_begin_short_backtrace::<rustc_query_impl[ecef4a4fa1cc3689]::query_impl::adt_def::dynamic_query::{closure#2}::{closure#0}, rustc_middle[efc8e2d5742a68dd]::query::erase::Erased<[u8; 8usize]>>
  23:     0x7af0aae4404c - rustc_query_system[8b26caae5283da17]::query::plumbing::try_execute_query::<rustc_query_impl[ecef4a4fa1cc3689]::DynamicConfig<rustc_query_system[8b26caae5283da17]::query::caches::DefIdCache<rustc_middle[efc8e2d5742a68dd]::query::erase::Erased<[u8; 8usize]>>, false, false, false>, rustc_query_impl[ecef4a4fa1cc3689]::plumbing::QueryCtxt, true>
  24:     0x7af0aaf56647 - rustc_query_impl[ecef4a4fa1cc3689]::query_impl::adt_def::get_query_incr::__rust_end_short_backtrace
  25:     0x7af0aac61d12 - rustc_middle[efc8e2d5742a68dd]::query::plumbing::query_get_at::<rustc_query_system[8b26caae5283da17]::query::caches::DefIdCache<rustc_middle[efc8e2d5742a68dd]::query::erase::Erased<[u8; 8usize]>>>
  26:     0x7af0a8df67e9 - rustc_hir_analysis[2f1fe9f85dc7c390]::collect::type_of::type_of
  27:     0x7af0aaa9437a - rustc_query_impl[ecef4a4fa1cc3689]::plumbing::__rust_begin_short_backtrace::<rustc_query_impl[ecef4a4fa1cc3689]::query_impl::type_of::dynamic_query::{closure#2}::{closure#0}, rustc_middle[efc8e2d5742a68dd]::query::erase::Erased<[u8; 8usize]>>
  28:     0x7af0aae4404c - rustc_query_system[8b26caae5283da17]::query::plumbing::try_execute_query::<rustc_query_impl[ecef4a4fa1cc3689]::DynamicConfig<rustc_query_system[8b26caae5283da17]::query::caches::DefIdCache<rustc_middle[efc8e2d5742a68dd]::query::erase::Erased<[u8; 8usize]>>, false, false, false>, rustc_query_impl[ecef4a4fa1cc3689]::plumbing::QueryCtxt, true>
  29:     0x7af0aab68119 - rustc_query_impl[ecef4a4fa1cc3689]::query_impl::type_of::get_query_incr::__rust_end_short_backtrace
  30:     0x7af0aadde0a3 - <rustc_hir_analysis[2f1fe9f85dc7c390]::collect::CollectItemTypesVisitor as rustc_hir[c51b72b0757a6cb2]::intravisit::Visitor>::visit_item
  31:     0x7af0aaddd0b6 - rustc_hir_analysis[2f1fe9f85dc7c390]::collect::collect_mod_item_types
  32:     0x7af0aaddd049 - rustc_query_impl[ecef4a4fa1cc3689]::plumbing::__rust_begin_short_backtrace::<rustc_query_impl[ecef4a4fa1cc3689]::query_impl::collect_mod_item_types::dynamic_query::{closure#2}::{closure#0}, rustc_middle[efc8e2d5742a68dd]::query::erase::Erased<[u8; 0usize]>>
  33:     0x7af0ab30f7c2 - rustc_query_system[8b26caae5283da17]::query::plumbing::try_execute_query::<rustc_query_impl[ecef4a4fa1cc3689]::DynamicConfig<rustc_query_system[8b26caae5283da17]::query::caches::DefaultCache<rustc_span[e043cedf16fd8748]::def_id::LocalModDefId, rustc_middle[efc8e2d5742a68dd]::query::erase::Erased<[u8; 0usize]>>, false, false, false>, rustc_query_impl[ecef4a4fa1cc3689]::plumbing::QueryCtxt, true>
  34:     0x7af0ab6635bc - rustc_query_impl[ecef4a4fa1cc3689]::query_impl::collect_mod_item_types::get_query_incr::__rust_end_short_backtrace
  35:     0x7af0aab8a4e8 - rustc_hir_analysis[2f1fe9f85dc7c390]::check_crate
  36:     0x7af0ab3fb5d3 - rustc_interface[e88069c12facd435]::passes::analysis
  37:     0x7af0ab3fb229 - rustc_query_impl[ecef4a4fa1cc3689]::plumbing::__rust_begin_short_backtrace::<rustc_query_impl[ecef4a4fa1cc3689]::query_impl::analysis::dynamic_query::{closure#2}::{closure#0}, rustc_middle[efc8e2d5742a68dd]::query::erase::Erased<[u8; 1usize]>>
  38:     0x7af0ab83bde2 - rustc_query_system[8b26caae5283da17]::query::plumbing::try_execute_query::<rustc_query_impl[ecef4a4fa1cc3689]::DynamicConfig<rustc_query_system[8b26caae5283da17]::query::caches::SingleCache<rustc_middle[efc8e2d5742a68dd]::query::erase::Erased<[u8; 1usize]>>, false, false, false>, rustc_query_impl[ecef4a4fa1cc3689]::plumbing::QueryCtxt, true>
  39:     0x7af0ab83b9dc - rustc_query_impl[ecef4a4fa1cc3689]::query_impl::analysis::get_query_incr::__rust_end_short_backtrace
  40:     0x7af0ab844695 - rustc_interface[e88069c12facd435]::interface::run_compiler::<core[db7e23408f407db6]::result::Result<(), rustc_span[e043cedf16fd8748]::ErrorGuaranteed>, rustc_driver_impl[d317596fd5f90102]::run_compiler::{closure#0}>::{closure#0}
  41:     0x7af0ab9c5ad8 - std[2308076c1424b998]::sys_common::backtrace::__rust_begin_short_backtrace::<rustc_interface[e88069c12facd435]::util::run_in_thread_with_globals<rustc_interface[e88069c12facd435]::util::run_in_thread_pool_with_globals<rustc_interface[e88069c12facd435]::interface::run_compiler<core[db7e23408f407db6]::result::Result<(), rustc_span[e043cedf16fd8748]::ErrorGuaranteed>, rustc_driver_impl[d317596fd5f90102]::run_compiler::{closure#0}>::{closure#0}, core[db7e23408f407db6]::result::Result<(), rustc_span[e043cedf16fd8748]::ErrorGuaranteed>>::{closure#0}, core[db7e23408f407db6]::result::Result<(), rustc_span[e043cedf16fd8748]::ErrorGuaranteed>>::{closure#0}::{closure#0}, core[db7e23408f407db6]::result::Result<(), rustc_span[e043cedf16fd8748]::ErrorGuaranteed>>
  42:     0x7af0ab9c5904 - <<std[2308076c1424b998]::thread::Builder>::spawn_unchecked_<rustc_interface[e88069c12facd435]::util::run_in_thread_with_globals<rustc_interface[e88069c12facd435]::util::run_in_thread_pool_with_globals<rustc_interface[e88069c12facd435]::interface::run_compiler<core[db7e23408f407db6]::result::Result<(), rustc_span[e043cedf16fd8748]::ErrorGuaranteed>, rustc_driver_impl[d317596fd5f90102]::run_compiler::{closure#0}>::{closure#0}, core[db7e23408f407db6]::result::Result<(), rustc_span[e043cedf16fd8748]::ErrorGuaranteed>>::{closure#0}, core[db7e23408f407db6]::result::Result<(), rustc_span[e043cedf16fd8748]::ErrorGuaranteed>>::{closure#0}::{closure#0}, core[db7e23408f407db6]::result::Result<(), rustc_span[e043cedf16fd8748]::ErrorGuaranteed>>::{closure#1} as core[db7e23408f407db6]::ops::function::FnOnce<()>>::call_once::{shim:vtable#0}
  43:     0x7af0a69991e5 - <alloc::boxed::Box<F,A> as core::ops::function::FnOnce<Args>>::call_once::hbe12538a3d7e111d
                               at /rustc/ee9c7c940c07d8b67c9a6b2ec930db70dcd23a46/library/alloc/src/boxed.rs:2016:9
  44:     0x7af0a69991e5 - <alloc::boxed::Box<F,A> as core::ops::function::FnOnce<Args>>::call_once::h306728bac30291a0
                               at /rustc/ee9c7c940c07d8b67c9a6b2ec930db70dcd23a46/library/alloc/src/boxed.rs:2016:9
  45:     0x7af0a69991e5 - std::sys::pal::unix::thread::Thread::new::thread_start::hec142a176366d167
                               at /rustc/ee9c7c940c07d8b67c9a6b2ec930db70dcd23a46/library/std/src/sys/pal/unix/thread.rs:108:17
  46:     0x7af0a6694ac3 - start_thread
                               at ./nptl/pthread_create.c:442:8
  47:     0x7af0a67268c0 - __GI___clone3
                               at ./misc/../sysdeps/unix/sysv/linux/x86_64/clone3.S:81
  48:                0x0 - <unknown>

error: the compiler unexpectedly panicked. this is a bug.

note: we would appreciate a bug report: https://github.com/rust-lang/rust/issues/new?labels=C-bug%2C+I-ICE%2C+T-compiler&template=ice.md

note: please attach the file at `/data/zhangtianrong/projects/rustc-cbl/run/121151/rustc-ice-2026-01-18T07_32_14-667276.txt` to your bug report

note: compiler flags: --crate-type bin -C embed-bitcode=no -C debuginfo=2 -C incremental=[REDACTED]

note: some of the compiler flags provided by cargo are hidden

query stack during panic:
#0 [adt_def] computing ADT definition for `D`
#1 [type_of] computing type of `D`
#2 [collect_mod_item_types] collecting item types in top-level module
#3 [analysis] running analysis passes on this crate
end of query stack
For more information about this error, try `rustc --explain E0658`.
error: could not compile `bug_121151` (bin "bug_121151") due to 1 previous error
------------------------------------------------------------
Return code: 101
