=== START 2026-01-18 15:48:54 ===
Bug ID: 121103
Toolchain: nightly-2024-02-15
Source: /data/zhangtianrong/projects/rustc-cbl/rustcbugs/121103
Run dir: /data/zhangtianrong/projects/rustc-cbl/run/121103
CMD: rustup run nightly-2024-02-15 cargo build
------------------------------------------------------------
   Compiling bug_121103 v0.1.0 (/data/zhangtianrong/projects/rustc-cbl/run/121103)
thread 'rustc' panicked at compiler/rustc_mir_transform/src/lib.rs:268:9:
mir_const_qualif: MIR had errors
stack backtrace:
   0:     0x7f967123de46 - std::backtrace_rs::backtrace::libunwind::trace::h5168cb64cb843b87
                               at /rustc/ee9c7c940c07d8b67c9a6b2ec930db70dcd23a46/library/std/src/../../backtrace/src/backtrace/libunwind.rs:104:5
   1:     0x7f967123de46 - std::backtrace_rs::backtrace::trace_unsynchronized::hbbff473666b784c6
                               at /rustc/ee9c7c940c07d8b67c9a6b2ec930db70dcd23a46/library/std/src/../../backtrace/src/backtrace/mod.rs:66:5
   2:     0x7f967123de46 - std::sys_common::backtrace::_print_fmt::h6c61b632e6cc7949
                               at /rustc/ee9c7c940c07d8b67c9a6b2ec930db70dcd23a46/library/std/src/sys_common/backtrace.rs:68:5
   3:     0x7f967123de46 - <std::sys_common::backtrace::_print::DisplayBacktrace as core::fmt::Display>::fmt::h974a6b559c2b8d41
                               at /rustc/ee9c7c940c07d8b67c9a6b2ec930db70dcd23a46/library/std/src/sys_common/backtrace.rs:44:22
   4:     0x7f967128e46c - core::fmt::rt::Argument::fmt::hf6a5273aff56768c
                               at /rustc/ee9c7c940c07d8b67c9a6b2ec930db70dcd23a46/library/core/src/fmt/rt.rs:142:9
   5:     0x7f967128e46c - core::fmt::write::h1caffe3a78971207
                               at /rustc/ee9c7c940c07d8b67c9a6b2ec930db70dcd23a46/library/core/src/fmt/mod.rs:1120:17
   6:     0x7f96712317ef - std::io::Write::write_fmt::h2caf2bb3485e27a5
                               at /rustc/ee9c7c940c07d8b67c9a6b2ec930db70dcd23a46/library/std/src/io/mod.rs:1854:15
   7:     0x7f967123dbf4 - std::sys_common::backtrace::_print::h0414d95b24b9ea44
                               at /rustc/ee9c7c940c07d8b67c9a6b2ec930db70dcd23a46/library/std/src/sys_common/backtrace.rs:47:5
   8:     0x7f967123dbf4 - std::sys_common::backtrace::print::hfdf60e3b3d06625d
                               at /rustc/ee9c7c940c07d8b67c9a6b2ec930db70dcd23a46/library/std/src/sys_common/backtrace.rs:34:9
   9:     0x7f967124093b - std::panicking::default_hook::{{closure}}::h3c1109072cde0ade
  10:     0x7f9671240689 - std::panicking::default_hook::hfe3c076d4f24ecbe
                               at /rustc/ee9c7c940c07d8b67c9a6b2ec930db70dcd23a46/library/std/src/panicking.rs:292:9
  11:     0x7f966dff563c - std[2308076c1424b998]::panicking::update_hook::<alloc[33ce0ef41c101337]::boxed::Box<rustc_driver_impl[d317596fd5f90102]::install_ice_hook::{closure#0}>>::{closure#0}
  12:     0x7f96712410a0 - <alloc::boxed::Box<F,A> as core::ops::function::Fn<Args>>::call::h8a55f98e23703736
                               at /rustc/ee9c7c940c07d8b67c9a6b2ec930db70dcd23a46/library/alloc/src/boxed.rs:2030:9
  13:     0x7f96712410a0 - std::panicking::rust_panic_with_hook::hc147efcd5d482f2c
                               at /rustc/ee9c7c940c07d8b67c9a6b2ec930db70dcd23a46/library/std/src/panicking.rs:785:13
  14:     0x7f9671240da9 - std::panicking::begin_panic_handler::{{closure}}::h6174f0cd2a065d90
                               at /rustc/ee9c7c940c07d8b67c9a6b2ec930db70dcd23a46/library/std/src/panicking.rs:651:13
  15:     0x7f967123e326 - std::sys_common::backtrace::__rust_end_short_backtrace::h770b1c8f4d2029d4
                               at /rustc/ee9c7c940c07d8b67c9a6b2ec930db70dcd23a46/library/std/src/sys_common/backtrace.rs:171:18
  16:     0x7f9671240b14 - rust_begin_unwind
                               at /rustc/ee9c7c940c07d8b67c9a6b2ec930db70dcd23a46/library/std/src/panicking.rs:647:5
  17:     0x7f967128a975 - core::panicking::panic_fmt::h66e8ea0facb42563
                               at /rustc/ee9c7c940c07d8b67c9a6b2ec930db70dcd23a46/library/core/src/panicking.rs:72:14
  18:     0x7f966f555d71 - rustc_mir_transform[c0673d0b3c528a53]::mir_const_qualif
  19:     0x7f966f555aa1 - rustc_query_impl[ecef4a4fa1cc3689]::plumbing::__rust_begin_short_backtrace::<rustc_query_impl[ecef4a4fa1cc3689]::query_impl::mir_const_qualif::dynamic_query::{closure#2}::{closure#0}, rustc_middle[efc8e2d5742a68dd]::query::erase::Erased<[u8; 4usize]>>
  20:     0x7f966fb12c45 - rustc_query_system[8b26caae5283da17]::query::plumbing::try_execute_query::<rustc_query_impl[ecef4a4fa1cc3689]::DynamicConfig<rustc_query_system[8b26caae5283da17]::query::caches::DefIdCache<rustc_middle[efc8e2d5742a68dd]::query::erase::Erased<[u8; 4usize]>>, false, false, false>, rustc_query_impl[ecef4a4fa1cc3689]::plumbing::QueryCtxt, true>
  21:     0x7f966fb125fa - rustc_query_impl[ecef4a4fa1cc3689]::query_impl::mir_const_qualif::get_query_incr::__rust_end_short_backtrace
  22:     0x7f966f55497e - rustc_middle[efc8e2d5742a68dd]::query::plumbing::query_get_at::<rustc_query_system[8b26caae5283da17]::query::caches::DefIdCache<rustc_middle[efc8e2d5742a68dd]::query::erase::Erased<[u8; 4usize]>>>
  23:     0x7f966d5916e7 - rustc_mir_transform[c0673d0b3c528a53]::mir_promoted
  24:     0x7f966f804692 - rustc_query_impl[ecef4a4fa1cc3689]::plumbing::__rust_begin_short_backtrace::<rustc_query_impl[ecef4a4fa1cc3689]::query_impl::mir_promoted::dynamic_query::{closure#2}::{closure#0}, rustc_middle[efc8e2d5742a68dd]::query::erase::Erased<[u8; 16usize]>>
  25:     0x7f966fc274e9 - rustc_query_system[8b26caae5283da17]::query::plumbing::try_execute_query::<rustc_query_impl[ecef4a4fa1cc3689]::DynamicConfig<rustc_query_system[8b26caae5283da17]::query::caches::VecCache<rustc_span[e043cedf16fd8748]::def_id::LocalDefId, rustc_middle[efc8e2d5742a68dd]::query::erase::Erased<[u8; 16usize]>>, false, false, false>, rustc_query_impl[ecef4a4fa1cc3689]::plumbing::QueryCtxt, true>
  26:     0x7f966fc26b3c - rustc_query_impl[ecef4a4fa1cc3689]::query_impl::mir_promoted::get_query_incr::__rust_end_short_backtrace
  27:     0x7f96700bd62e - rustc_borrowck[6196199a33380a9]::mir_borrowck
  28:     0x7f96700bd565 - rustc_query_impl[ecef4a4fa1cc3689]::plumbing::__rust_begin_short_backtrace::<rustc_query_impl[ecef4a4fa1cc3689]::query_impl::mir_borrowck::dynamic_query::{closure#2}::{closure#0}, rustc_middle[efc8e2d5742a68dd]::query::erase::Erased<[u8; 8usize]>>
  29:     0x7f966f6747ee - rustc_query_system[8b26caae5283da17]::query::plumbing::try_execute_query::<rustc_query_impl[ecef4a4fa1cc3689]::DynamicConfig<rustc_query_system[8b26caae5283da17]::query::caches::VecCache<rustc_span[e043cedf16fd8748]::def_id::LocalDefId, rustc_middle[efc8e2d5742a68dd]::query::erase::Erased<[u8; 8usize]>>, false, false, false>, rustc_query_impl[ecef4a4fa1cc3689]::plumbing::QueryCtxt, true>
  30:     0x7f966fbfb1e8 - rustc_query_impl[ecef4a4fa1cc3689]::query_impl::mir_borrowck::get_query_incr::__rust_end_short_backtrace
  31:     0x7f966fbfb730 - rustc_interface[e88069c12facd435]::passes::analysis
  32:     0x7f966fbfb229 - rustc_query_impl[ecef4a4fa1cc3689]::plumbing::__rust_begin_short_backtrace::<rustc_query_impl[ecef4a4fa1cc3689]::query_impl::analysis::dynamic_query::{closure#2}::{closure#0}, rustc_middle[efc8e2d5742a68dd]::query::erase::Erased<[u8; 1usize]>>
  33:     0x7f967003bde2 - rustc_query_system[8b26caae5283da17]::query::plumbing::try_execute_query::<rustc_query_impl[ecef4a4fa1cc3689]::DynamicConfig<rustc_query_system[8b26caae5283da17]::query::caches::SingleCache<rustc_middle[efc8e2d5742a68dd]::query::erase::Erased<[u8; 1usize]>>, false, false, false>, rustc_query_impl[ecef4a4fa1cc3689]::plumbing::QueryCtxt, true>
  34:     0x7f967003b9dc - rustc_query_impl[ecef4a4fa1cc3689]::query_impl::analysis::get_query_incr::__rust_end_short_backtrace
  35:     0x7f9670044695 - rustc_interface[e88069c12facd435]::interface::run_compiler::<core[db7e23408f407db6]::result::Result<(), rustc_span[e043cedf16fd8748]::ErrorGuaranteed>, rustc_driver_impl[d317596fd5f90102]::run_compiler::{closure#0}>::{closure#0}
  36:     0x7f96701c5ad8 - std[2308076c1424b998]::sys_common::backtrace::__rust_begin_short_backtrace::<rustc_interface[e88069c12facd435]::util::run_in_thread_with_globals<rustc_interface[e88069c12facd435]::util::run_in_thread_pool_with_globals<rustc_interface[e88069c12facd435]::interface::run_compiler<core[db7e23408f407db6]::result::Result<(), rustc_span[e043cedf16fd8748]::ErrorGuaranteed>, rustc_driver_impl[d317596fd5f90102]::run_compiler::{closure#0}>::{closure#0}, core[db7e23408f407db6]::result::Result<(), rustc_span[e043cedf16fd8748]::ErrorGuaranteed>>::{closure#0}, core[db7e23408f407db6]::result::Result<(), rustc_span[e043cedf16fd8748]::ErrorGuaranteed>>::{closure#0}::{closure#0}, core[db7e23408f407db6]::result::Result<(), rustc_span[e043cedf16fd8748]::ErrorGuaranteed>>
  37:     0x7f96701c5904 - <<std[2308076c1424b998]::thread::Builder>::spawn_unchecked_<rustc_interface[e88069c12facd435]::util::run_in_thread_with_globals<rustc_interface[e88069c12facd435]::util::run_in_thread_pool_with_globals<rustc_interface[e88069c12facd435]::interface::run_compiler<core[db7e23408f407db6]::result::Result<(), rustc_span[e043cedf16fd8748]::ErrorGuaranteed>, rustc_driver_impl[d317596fd5f90102]::run_compiler::{closure#0}>::{closure#0}, core[db7e23408f407db6]::result::Result<(), rustc_span[e043cedf16fd8748]::ErrorGuaranteed>>::{closure#0}, core[db7e23408f407db6]::result::Result<(), rustc_span[e043cedf16fd8748]::ErrorGuaranteed>>::{closure#0}::{closure#0}, core[db7e23408f407db6]::result::Result<(), rustc_span[e043cedf16fd8748]::ErrorGuaranteed>>::{closure#1} as core[db7e23408f407db6]::ops::function::FnOnce<()>>::call_once::{shim:vtable#0}
  38:     0x7f967124a1e5 - <alloc::boxed::Box<F,A> as core::ops::function::FnOnce<Args>>::call_once::hbe12538a3d7e111d
                               at /rustc/ee9c7c940c07d8b67c9a6b2ec930db70dcd23a46/library/alloc/src/boxed.rs:2016:9
  39:     0x7f967124a1e5 - <alloc::boxed::Box<F,A> as core::ops::function::FnOnce<Args>>::call_once::h306728bac30291a0
                               at /rustc/ee9c7c940c07d8b67c9a6b2ec930db70dcd23a46/library/alloc/src/boxed.rs:2016:9
  40:     0x7f967124a1e5 - std::sys::pal::unix::thread::Thread::new::thread_start::hec142a176366d167
                               at /rustc/ee9c7c940c07d8b67c9a6b2ec930db70dcd23a46/library/std/src/sys/pal/unix/thread.rs:108:17
  41:     0x7f966ae94ac3 - start_thread
                               at ./nptl/pthread_create.c:442:8
  42:     0x7f966af268c0 - __GI___clone3
                               at ./misc/../sysdeps/unix/sysv/linux/x86_64/clone3.S:81
  43:                0x0 - <unknown>

error: the compiler unexpectedly panicked. this is a bug.

note: we would appreciate a bug report: https://github.com/rust-lang/rust/issues/new?labels=C-bug%2C+I-ICE%2C+T-compiler&template=ice.md

note: please attach the file at `/data/zhangtianrong/projects/rustc-cbl/run/121103/rustc-ice-2026-01-18T07_48_54-1501972.txt` to your bug report

note: compiler flags: --crate-type bin -C embed-bitcode=no -C debuginfo=2 -C incremental=[REDACTED]

note: some of the compiler flags provided by cargo are hidden

query stack during panic:
#0 [mir_const_qualif] const checking `reify_to_extern_c_fn_hrt_bridge`
#1 [mir_promoted] promoting constants in MIR for `reify_to_extern_c_fn_hrt_bridge`
#2 [mir_borrowck] borrow-checking `reify_to_extern_c_fn_hrt_bridge`
#3 [analysis] running analysis passes on this crate
end of query stack
error[E0433]: failed to resolve: there are too many leading `super` keywords
  --> src/main.rs:39:69
   |
39 |     fn reify_to_extern_c_fn_hrt_bridge<R> for extern "C" fn(bridge: super::BridgeConfig<'_>) -> R;
   |                                                                     ^^^^^ there are too many leading `super` keywords

For more information about this error, try `rustc --explain E0433`.
error: could not compile `bug_121103` (bin "bug_121103") due to 1 previous error
------------------------------------------------------------
Return code: 101
