=== START 2026-01-18 15:27:53 ===
Bug ID: 121414
Toolchain: nightly-2024-02-22
Source: /data/zhangtianrong/projects/rustc-cbl/rustcbugs/121414
Run dir: /data/zhangtianrong/projects/rustc-cbl/run/121414
CMD: rustup run nightly-2024-02-22 cargo build
------------------------------------------------------------
   Compiling bug_121414 v0.1.0 (/data/zhangtianrong/projects/rustc-cbl/run/121414)
error[E0261]: use of undeclared lifetime name `'f`
 --> src/main.rs:5:22
  |
5 | impl<'a> Bar for Foo<'f> {}
  |      -               ^^ undeclared lifetime
  |      |
  |      help: consider introducing lifetime `'f` here: `'f,`

error[E0046]: not all trait items implemented, missing: `Type`
 --> src/main.rs:5:1
  |
2 |     type Type;
  |     --------- `Type` from trait
...
5 | impl<'a> Bar for Foo<'f> {}
  | ^^^^^^^^^^^^^^^^^^^^^^^^ missing `Type` in implementation

error: internal compiler error: failed region resolution while normalizing ParamEnv { caller_bounds: [Binder { value: TraitPredicate(<<Foo<'a> as Bar>::Type as std::marker::Sized>, polarity:Positive), bound_vars: [Region(BrNamed(DefId(0:12 ~ bug_121414[f376]::test::'a), 'a))] }], reveal: UserFacing }: [ConcreteFailure(Subtype(TypeTrace { cause: ObligationCause { span: src/main.rs:7:1: 9:43 (#0), body_id: DefId(0:11 ~ bug_121414[f376]::test), code: MatchImpl(ObligationCause { span: src/main.rs:7:1: 9:43 (#0), body_id: DefId(0:11 ~ bug_121414[f376]::test), code: MiscObligation }, DefId(0:9 ~ bug_121414[f376]::{impl#0})) }, values: PolyTraitRefs(ExpectedFound { expected: Binder { value: <Foo<'a> as Bar>, bound_vars: [] }, found: Binder { value: <Foo<'_> as Bar>, bound_vars: [] } }) }), ReError, RePlaceholder(!1_BoundRegion { var: 0, kind: BrNamed(DefId(0:12 ~ bug_121414[f376]::test::'a), 'a) }))]
 --> src/main.rs:7:1
  |
7 | / fn test()
8 | | where
9 | |     for<'a> <Foo<'a> as Bar>::Type: Sized,
  | |__________________________________________^

thread 'rustc' panicked at compiler/rustc_trait_selection/src/traits/mod.rs:177:19:
Box<dyn Any>
stack backtrace:
   0:     0x7915443ceaf6 - std::backtrace_rs::backtrace::libunwind::trace::hf298c77755f5b12e
                               at /rustc/3406ada96f8e16e49e947a91db3eba0db45245fa/library/std/src/../../backtrace/src/backtrace/libunwind.rs:104:5
   1:     0x7915443ceaf6 - std::backtrace_rs::backtrace::trace_unsynchronized::h4da6a489ce2db74e
                               at /rustc/3406ada96f8e16e49e947a91db3eba0db45245fa/library/std/src/../../backtrace/src/backtrace/mod.rs:66:5
   2:     0x7915443ceaf6 - std::sys_common::backtrace::_print_fmt::h051beca4a6f5cb98
                               at /rustc/3406ada96f8e16e49e947a91db3eba0db45245fa/library/std/src/sys_common/backtrace.rs:68:5
   3:     0x7915443ceaf6 - <std::sys_common::backtrace::_print::DisplayBacktrace as core::fmt::Display>::fmt::hcb86488900881a45
                               at /rustc/3406ada96f8e16e49e947a91db3eba0db45245fa/library/std/src/sys_common/backtrace.rs:44:22
   4:     0x79154441fa7c - core::fmt::rt::Argument::fmt::haf43875fa4a971bb
                               at /rustc/3406ada96f8e16e49e947a91db3eba0db45245fa/library/core/src/fmt/rt.rs:142:9
   5:     0x79154441fa7c - core::fmt::write::h44c7f32ae3be5535
                               at /rustc/3406ada96f8e16e49e947a91db3eba0db45245fa/library/core/src/fmt/mod.rs:1120:17
   6:     0x7915443c34bf - std::io::Write::write_fmt::hc3fec0223f64c010
                               at /rustc/3406ada96f8e16e49e947a91db3eba0db45245fa/library/std/src/io/mod.rs:1846:15
   7:     0x7915443ce8a4 - std::sys_common::backtrace::_print::h7c03376d42fd745a
                               at /rustc/3406ada96f8e16e49e947a91db3eba0db45245fa/library/std/src/sys_common/backtrace.rs:47:5
   8:     0x7915443ce8a4 - std::sys_common::backtrace::print::h9ff10455f68b06c1
                               at /rustc/3406ada96f8e16e49e947a91db3eba0db45245fa/library/std/src/sys_common/backtrace.rs:34:9
   9:     0x7915443d15eb - std::panicking::default_hook::{{closure}}::he4f9865f1b72b2d5
  10:     0x7915443d1339 - std::panicking::default_hook::h3d59f13a05d49fe6
                               at /rustc/3406ada96f8e16e49e947a91db3eba0db45245fa/library/std/src/panicking.rs:292:9
  11:     0x7915410731ec - std[19d33715048712a6]::panicking::update_hook::<alloc[6fc58ab69ba746fe]::boxed::Box<rustc_driver_impl[4c01069949ad96dd]::install_ice_hook::{closure#0}>>::{closure#0}
  12:     0x7915443d1d50 - <alloc::boxed::Box<F,A> as core::ops::function::Fn<Args>>::call::hf41c577e6ac4b0df
                               at /rustc/3406ada96f8e16e49e947a91db3eba0db45245fa/library/alloc/src/boxed.rs:2030:9
  13:     0x7915443d1d50 - std::panicking::rust_panic_with_hook::h70f59ab226ae2c5c
                               at /rustc/3406ada96f8e16e49e947a91db3eba0db45245fa/library/std/src/panicking.rs:786:13
  14:     0x79154109fdc4 - std[19d33715048712a6]::panicking::begin_panic::<rustc_errors[59443abce0bd3010]::ExplicitBug>::{closure#0}
  15:     0x79154109ca16 - std[19d33715048712a6]::sys_common::backtrace::__rust_end_short_backtrace::<std[19d33715048712a6]::panicking::begin_panic<rustc_errors[59443abce0bd3010]::ExplicitBug>::{closure#0}, !>
  16:     0x7915410981d6 - std[19d33715048712a6]::panicking::begin_panic::<rustc_errors[59443abce0bd3010]::ExplicitBug>
  17:     0x79153fa0b281 - <rustc_errors[59443abce0bd3010]::diagnostic::BugAbort as rustc_errors[59443abce0bd3010]::diagnostic::EmissionGuarantee>::emit_producing_guarantee
  18:     0x7915400ed319 - rustc_trait_selection[efd6c1898b99ba52]::traits::do_normalize_predicates
  19:     0x7915400da598 - rustc_trait_selection[efd6c1898b99ba52]::traits::normalize_param_env_or_error
  20:     0x791542846680 - rustc_ty_utils[736d503b5146b638]::ty::param_env
  21:     0x7915428462ef - rustc_query_impl[80d5b36ddf5440ab]::plumbing::__rust_begin_short_backtrace::<rustc_query_impl[80d5b36ddf5440ab]::query_impl::param_env::dynamic_query::{closure#2}::{closure#0}, rustc_middle[3375709bf24a03bb]::query::erase::Erased<[u8; 8usize]>>
  22:     0x7915428c640c - rustc_query_system[3c4b6c562f3523cb]::query::plumbing::try_execute_query::<rustc_query_impl[80d5b36ddf5440ab]::DynamicConfig<rustc_query_system[3c4b6c562f3523cb]::query::caches::DefIdCache<rustc_middle[3375709bf24a03bb]::query::erase::Erased<[u8; 8usize]>>, false, false, false>, rustc_query_impl[80d5b36ddf5440ab]::plumbing::QueryCtxt, true>
  23:     0x7915428c5947 - rustc_query_impl[80d5b36ddf5440ab]::query_impl::param_env::get_query_incr::__rust_end_short_backtrace
  24:     0x791542637056 - rustc_middle[3375709bf24a03bb]::query::plumbing::query_get_at::<rustc_query_system[3c4b6c562f3523cb]::query::caches::DefIdCache<rustc_middle[3375709bf24a03bb]::query::erase::Erased<[u8; 8usize]>>>
  25:     0x79154255047c - rustc_hir_analysis[111fc78e3bc47c48]::check::wfcheck::check_item_fn
  26:     0x791542b3bfb0 - rustc_hir_analysis[111fc78e3bc47c48]::check::wfcheck::check_well_formed
  27:     0x791542b3ae9d - rustc_query_impl[80d5b36ddf5440ab]::plumbing::__rust_begin_short_backtrace::<rustc_query_impl[80d5b36ddf5440ab]::query_impl::check_well_formed::dynamic_query::{closure#2}::{closure#0}, rustc_middle[3375709bf24a03bb]::query::erase::Erased<[u8; 1usize]>>
  28:     0x791542b36c5b - rustc_query_system[3c4b6c562f3523cb]::query::plumbing::try_execute_query::<rustc_query_impl[80d5b36ddf5440ab]::DynamicConfig<rustc_query_system[3c4b6c562f3523cb]::query::caches::VecCache<rustc_hir[9ace93772c87fb15]::hir_id::OwnerId, rustc_middle[3375709bf24a03bb]::query::erase::Erased<[u8; 1usize]>>, false, false, false>, rustc_query_impl[80d5b36ddf5440ab]::plumbing::QueryCtxt, true>
  29:     0x791542b3676f - rustc_query_impl[80d5b36ddf5440ab]::query_impl::check_well_formed::get_query_incr::__rust_end_short_backtrace
  30:     0x791542b381c1 - rustc_hir_analysis[111fc78e3bc47c48]::check::wfcheck::check_mod_type_wf
  31:     0x791542b38109 - rustc_query_impl[80d5b36ddf5440ab]::plumbing::__rust_begin_short_backtrace::<rustc_query_impl[80d5b36ddf5440ab]::query_impl::check_mod_type_wf::dynamic_query::{closure#2}::{closure#0}, rustc_middle[3375709bf24a03bb]::query::erase::Erased<[u8; 1usize]>>
  32:     0x791542db2f17 - rustc_query_system[3c4b6c562f3523cb]::query::plumbing::try_execute_query::<rustc_query_impl[80d5b36ddf5440ab]::DynamicConfig<rustc_query_system[3c4b6c562f3523cb]::query::caches::DefaultCache<rustc_span[a2e62ba9c1d34a9a]::def_id::LocalModDefId, rustc_middle[3375709bf24a03bb]::query::erase::Erased<[u8; 1usize]>>, false, false, false>, rustc_query_impl[80d5b36ddf5440ab]::plumbing::QueryCtxt, true>
  33:     0x791542db4bbe - rustc_query_impl[80d5b36ddf5440ab]::query_impl::check_mod_type_wf::get_query_incr::__rust_end_short_backtrace
  34:     0x791542db4ebc - rustc_middle[3375709bf24a03bb]::query::plumbing::query_ensure_error_guaranteed::<rustc_query_system[3c4b6c562f3523cb]::query::caches::DefaultCache<rustc_span[a2e62ba9c1d34a9a]::def_id::LocalModDefId, rustc_middle[3375709bf24a03bb]::query::erase::Erased<[u8; 1usize]>>, ()>
  35:     0x791542db56f1 - rustc_hir_analysis[111fc78e3bc47c48]::check_crate
  36:     0x791542ea2a13 - rustc_interface[3868b2f10de3354]::passes::analysis
  37:     0x791542ea2669 - rustc_query_impl[80d5b36ddf5440ab]::plumbing::__rust_begin_short_backtrace::<rustc_query_impl[80d5b36ddf5440ab]::query_impl::analysis::dynamic_query::{closure#2}::{closure#0}, rustc_middle[3375709bf24a03bb]::query::erase::Erased<[u8; 1usize]>>
  38:     0x791543132aa2 - rustc_query_system[3c4b6c562f3523cb]::query::plumbing::try_execute_query::<rustc_query_impl[80d5b36ddf5440ab]::DynamicConfig<rustc_query_system[3c4b6c562f3523cb]::query::caches::SingleCache<rustc_middle[3375709bf24a03bb]::query::erase::Erased<[u8; 1usize]>>, false, false, false>, rustc_query_impl[80d5b36ddf5440ab]::plumbing::QueryCtxt, true>
  39:     0x79154313269c - rustc_query_impl[80d5b36ddf5440ab]::query_impl::analysis::get_query_incr::__rust_end_short_backtrace
  40:     0x791543142f59 - rustc_interface[3868b2f10de3354]::interface::run_compiler::<core[a9f526eb09c6e7cd]::result::Result<(), rustc_span[a2e62ba9c1d34a9a]::ErrorGuaranteed>, rustc_driver_impl[4c01069949ad96dd]::run_compiler::{closure#0}>::{closure#0}
  41:     0x7915433bdc45 - std[19d33715048712a6]::sys_common::backtrace::__rust_begin_short_backtrace::<rustc_interface[3868b2f10de3354]::util::run_in_thread_with_globals<rustc_interface[3868b2f10de3354]::util::run_in_thread_pool_with_globals<rustc_interface[3868b2f10de3354]::interface::run_compiler<core[a9f526eb09c6e7cd]::result::Result<(), rustc_span[a2e62ba9c1d34a9a]::ErrorGuaranteed>, rustc_driver_impl[4c01069949ad96dd]::run_compiler::{closure#0}>::{closure#0}, core[a9f526eb09c6e7cd]::result::Result<(), rustc_span[a2e62ba9c1d34a9a]::ErrorGuaranteed>>::{closure#0}, core[a9f526eb09c6e7cd]::result::Result<(), rustc_span[a2e62ba9c1d34a9a]::ErrorGuaranteed>>::{closure#0}::{closure#0}, core[a9f526eb09c6e7cd]::result::Result<(), rustc_span[a2e62ba9c1d34a9a]::ErrorGuaranteed>>
  42:     0x7915433bda72 - <<std[19d33715048712a6]::thread::Builder>::spawn_unchecked_<rustc_interface[3868b2f10de3354]::util::run_in_thread_with_globals<rustc_interface[3868b2f10de3354]::util::run_in_thread_pool_with_globals<rustc_interface[3868b2f10de3354]::interface::run_compiler<core[a9f526eb09c6e7cd]::result::Result<(), rustc_span[a2e62ba9c1d34a9a]::ErrorGuaranteed>, rustc_driver_impl[4c01069949ad96dd]::run_compiler::{closure#0}>::{closure#0}, core[a9f526eb09c6e7cd]::result::Result<(), rustc_span[a2e62ba9c1d34a9a]::ErrorGuaranteed>>::{closure#0}, core[a9f526eb09c6e7cd]::result::Result<(), rustc_span[a2e62ba9c1d34a9a]::ErrorGuaranteed>>::{closure#0}::{closure#0}, core[a9f526eb09c6e7cd]::result::Result<(), rustc_span[a2e62ba9c1d34a9a]::ErrorGuaranteed>>::{closure#1} as core[a9f526eb09c6e7cd]::ops::function::FnOnce<()>>::call_once::{shim:vtable#0}
  43:     0x7915443db725 - <alloc::boxed::Box<F,A> as core::ops::function::FnOnce<Args>>::call_once::h79a9e4aa91d71737
                               at /rustc/3406ada96f8e16e49e947a91db3eba0db45245fa/library/alloc/src/boxed.rs:2016:9
  44:     0x7915443db725 - <alloc::boxed::Box<F,A> as core::ops::function::FnOnce<Args>>::call_once::h6eabe626cfdc74a5
                               at /rustc/3406ada96f8e16e49e947a91db3eba0db45245fa/library/alloc/src/boxed.rs:2016:9
  45:     0x7915443db725 - std::sys::pal::unix::thread::Thread::new::thread_start::h8428b71c070d7cf2
                               at /rustc/3406ada96f8e16e49e947a91db3eba0db45245fa/library/std/src/sys/pal/unix/thread.rs:108:17
  46:     0x79153de94ac3 - start_thread
                               at ./nptl/pthread_create.c:442:8
  47:     0x79153df268c0 - __GI___clone3
                               at ./misc/../sysdeps/unix/sysv/linux/x86_64/clone3.S:81
  48:                0x0 - <unknown>

note: we would appreciate a bug report: https://github.com/rust-lang/rust/issues/new?labels=C-bug%2C+I-ICE%2C+T-compiler&template=ice.md

note: please attach the file at `/data/zhangtianrong/projects/rustc-cbl/run/121414/rustc-ice-2026-01-18T07_27_53-409846.txt` to your bug report

note: compiler flags: --crate-type bin -C embed-bitcode=no -C debuginfo=2 -C incremental=[REDACTED]

note: some of the compiler flags provided by cargo are hidden

query stack during panic:
#0 [param_env] computing normalized predicates of `test`
#1 [check_well_formed] checking that `test` is well-formed
#2 [check_mod_type_wf] checking that types are well-formed in top-level module
#3 [analysis] running analysis passes on this crate
end of query stack
Some errors have detailed explanations: E0046, E0261.
For more information about an error, try `rustc --explain E0046`.
error: could not compile `bug_121414` (bin "bug_121414") due to 2 previous errors
------------------------------------------------------------
Return code: 101
