=== START 2026-01-18 15:25:15 ===
Bug ID: 121431
Toolchain: nightly-2024-02-22
Source: /data/zhangtianrong/projects/rustc-cbl/rustcbugs/121431
Run dir: /data/zhangtianrong/projects/rustc-cbl/run/121431
CMD: rustup run nightly-2024-02-22 cargo build
------------------------------------------------------------
   Compiling bug_121431 v0.1.0 (/data/zhangtianrong/projects/rustc-cbl/run/121431)
error[E0405]: cannot find trait `CallbackMarker` in this scope
 --> src/main.rs:1:21
  |
1 | fn bug<T>() -> impl CallbackMarker<
  |                     ^^^^^^^^^^^^^^ not found in this scope

error[E0425]: cannot find value `x` in this scope
 --> src/main.rs:3:29
  |
3 |                |_: &mut ()| x;
  |                             ^ not found in this scope

error: internal compiler error: no def-id for fresh lifetime
 --> src/main.rs:3:20
  |
3 |                |_: &mut ()| x;
  |                    ^^^^^^^

thread 'rustc' panicked at compiler/rustc_ast_lowering/src/lib.rs:1639:36:
Box<dyn Any>
stack backtrace:
   0:     0x74be17db3af6 - std::backtrace_rs::backtrace::libunwind::trace::hf298c77755f5b12e
                               at /rustc/3406ada96f8e16e49e947a91db3eba0db45245fa/library/std/src/../../backtrace/src/backtrace/libunwind.rs:104:5
   1:     0x74be17db3af6 - std::backtrace_rs::backtrace::trace_unsynchronized::h4da6a489ce2db74e
                               at /rustc/3406ada96f8e16e49e947a91db3eba0db45245fa/library/std/src/../../backtrace/src/backtrace/mod.rs:66:5
   2:     0x74be17db3af6 - std::sys_common::backtrace::_print_fmt::h051beca4a6f5cb98
                               at /rustc/3406ada96f8e16e49e947a91db3eba0db45245fa/library/std/src/sys_common/backtrace.rs:68:5
   3:     0x74be17db3af6 - <std::sys_common::backtrace::_print::DisplayBacktrace as core::fmt::Display>::fmt::hcb86488900881a45
                               at /rustc/3406ada96f8e16e49e947a91db3eba0db45245fa/library/std/src/sys_common/backtrace.rs:44:22
   4:     0x74be17e04a7c - core::fmt::rt::Argument::fmt::haf43875fa4a971bb
                               at /rustc/3406ada96f8e16e49e947a91db3eba0db45245fa/library/core/src/fmt/rt.rs:142:9
   5:     0x74be17e04a7c - core::fmt::write::h44c7f32ae3be5535
                               at /rustc/3406ada96f8e16e49e947a91db3eba0db45245fa/library/core/src/fmt/mod.rs:1120:17
   6:     0x74be17da84bf - std::io::Write::write_fmt::hc3fec0223f64c010
                               at /rustc/3406ada96f8e16e49e947a91db3eba0db45245fa/library/std/src/io/mod.rs:1846:15
   7:     0x74be17db38a4 - std::sys_common::backtrace::_print::h7c03376d42fd745a
                               at /rustc/3406ada96f8e16e49e947a91db3eba0db45245fa/library/std/src/sys_common/backtrace.rs:47:5
   8:     0x74be17db38a4 - std::sys_common::backtrace::print::h9ff10455f68b06c1
                               at /rustc/3406ada96f8e16e49e947a91db3eba0db45245fa/library/std/src/sys_common/backtrace.rs:34:9
   9:     0x74be17db65eb - std::panicking::default_hook::{{closure}}::he4f9865f1b72b2d5
  10:     0x74be17db6339 - std::panicking::default_hook::h3d59f13a05d49fe6
                               at /rustc/3406ada96f8e16e49e947a91db3eba0db45245fa/library/std/src/panicking.rs:292:9
  11:     0x74be14a731ec - std[19d33715048712a6]::panicking::update_hook::<alloc[6fc58ab69ba746fe]::boxed::Box<rustc_driver_impl[4c01069949ad96dd]::install_ice_hook::{closure#0}>>::{closure#0}
  12:     0x74be17db6d50 - <alloc::boxed::Box<F,A> as core::ops::function::Fn<Args>>::call::hf41c577e6ac4b0df
                               at /rustc/3406ada96f8e16e49e947a91db3eba0db45245fa/library/alloc/src/boxed.rs:2030:9
  13:     0x74be17db6d50 - std::panicking::rust_panic_with_hook::h70f59ab226ae2c5c
                               at /rustc/3406ada96f8e16e49e947a91db3eba0db45245fa/library/std/src/panicking.rs:786:13
  14:     0x74be14a9fdc4 - std[19d33715048712a6]::panicking::begin_panic::<rustc_errors[59443abce0bd3010]::ExplicitBug>::{closure#0}
  15:     0x74be14a9ca16 - std[19d33715048712a6]::sys_common::backtrace::__rust_end_short_backtrace::<std[19d33715048712a6]::panicking::begin_panic<rustc_errors[59443abce0bd3010]::ExplicitBug>::{closure#0}, !>
  16:     0x74be14a981d6 - std[19d33715048712a6]::panicking::begin_panic::<rustc_errors[59443abce0bd3010]::ExplicitBug>
  17:     0x74be1340b281 - <rustc_errors[59443abce0bd3010]::diagnostic::BugAbort as rustc_errors[59443abce0bd3010]::diagnostic::EmissionGuarantee>::emit_producing_guarantee
  18:     0x74be16dc5bdd - <rustc_ast_lowering[12484bf436df66c6]::LoweringContext>::lower_opaque_impl_trait
  19:     0x74be1671b635 - <rustc_ast_lowering[12484bf436df66c6]::LoweringContext>::lower_ty_direct
  20:     0x74be1671758f - <rustc_ast_lowering[12484bf436df66c6]::LoweringContext>::lower_fn_decl
  21:     0x74be16ab10c4 - <rustc_ast_lowering[12484bf436df66c6]::LoweringContext>::lower_item_kind
  22:     0x74be160ce2a6 - <rustc_ast_lowering[12484bf436df66c6]::item::ItemLowerer>::lower_node
  23:     0x74be16e404c2 - rustc_ast_lowering[12484bf436df66c6]::lower_to_hir
  24:     0x74be16e3fc3c - rustc_query_impl[80d5b36ddf5440ab]::plumbing::__rust_begin_short_backtrace::<rustc_query_impl[80d5b36ddf5440ab]::query_impl::hir_crate::dynamic_query::{closure#2}::{closure#0}, rustc_middle[3375709bf24a03bb]::query::erase::Erased<[u8; 8usize]>>
  25:     0x74be16e3d9a6 - rustc_query_system[3c4b6c562f3523cb]::query::plumbing::try_execute_query::<rustc_query_impl[80d5b36ddf5440ab]::DynamicConfig<rustc_query_system[3c4b6c562f3523cb]::query::caches::SingleCache<rustc_middle[3375709bf24a03bb]::query::erase::Erased<[u8; 8usize]>>, false, false, false>, rustc_query_impl[80d5b36ddf5440ab]::plumbing::QueryCtxt, true>
  26:     0x74be16e89d8a - rustc_query_impl[80d5b36ddf5440ab]::query_impl::hir_crate::get_query_incr::__rust_end_short_backtrace
  27:     0x74be160f5843 - rustc_query_impl[80d5b36ddf5440ab]::plumbing::__rust_begin_short_backtrace::<rustc_query_impl[80d5b36ddf5440ab]::query_impl::hir_attrs::dynamic_query::{closure#2}::{closure#0}, rustc_middle[3375709bf24a03bb]::query::erase::Erased<[u8; 8usize]>>
  28:     0x74be165ae23a - rustc_query_system[3c4b6c562f3523cb]::query::plumbing::try_execute_query::<rustc_query_impl[80d5b36ddf5440ab]::DynamicConfig<rustc_query_system[3c4b6c562f3523cb]::query::caches::VecCache<rustc_hir[9ace93772c87fb15]::hir_id::OwnerId, rustc_middle[3375709bf24a03bb]::query::erase::Erased<[u8; 8usize]>>, false, false, false>, rustc_query_impl[80d5b36ddf5440ab]::plumbing::QueryCtxt, true>
  29:     0x74be165ada46 - rustc_query_impl[80d5b36ddf5440ab]::query_impl::hir_attrs::get_query_incr::__rust_end_short_backtrace
  30:     0x74be15e1a9aa - <rustc_middle[3375709bf24a03bb]::hir::map::Map>::attrs
  31:     0x74be16e06c43 - rustc_passes[ce2c09ff0d9f8670]::entry::entry_fn
  32:     0x74be16e06bd8 - rustc_query_impl[80d5b36ddf5440ab]::plumbing::__rust_begin_short_backtrace::<rustc_query_impl[80d5b36ddf5440ab]::query_impl::entry_fn::dynamic_query::{closure#2}::{closure#0}, rustc_middle[3375709bf24a03bb]::query::erase::Erased<[u8; 12usize]>>
  33:     0x74be16e06bb3 - <rustc_query_impl[80d5b36ddf5440ab]::query_impl::entry_fn::dynamic_query::{closure#2} as core[a9f526eb09c6e7cd]::ops::function::FnOnce<(rustc_middle[3375709bf24a03bb]::ty::context::TyCtxt, ())>>::call_once
  34:     0x74be16e05666 - rustc_query_system[3c4b6c562f3523cb]::query::plumbing::try_execute_query::<rustc_query_impl[80d5b36ddf5440ab]::DynamicConfig<rustc_query_system[3c4b6c562f3523cb]::query::caches::SingleCache<rustc_middle[3375709bf24a03bb]::query::erase::Erased<[u8; 12usize]>>, false, false, false>, rustc_query_impl[80d5b36ddf5440ab]::plumbing::QueryCtxt, true>
  35:     0x74be16e051c8 - rustc_query_impl[80d5b36ddf5440ab]::query_impl::entry_fn::get_query_incr::__rust_end_short_backtrace
  36:     0x74be168a2758 - rustc_interface[3868b2f10de3354]::passes::analysis
  37:     0x74be168a2669 - rustc_query_impl[80d5b36ddf5440ab]::plumbing::__rust_begin_short_backtrace::<rustc_query_impl[80d5b36ddf5440ab]::query_impl::analysis::dynamic_query::{closure#2}::{closure#0}, rustc_middle[3375709bf24a03bb]::query::erase::Erased<[u8; 1usize]>>
  38:     0x74be16b32aa2 - rustc_query_system[3c4b6c562f3523cb]::query::plumbing::try_execute_query::<rustc_query_impl[80d5b36ddf5440ab]::DynamicConfig<rustc_query_system[3c4b6c562f3523cb]::query::caches::SingleCache<rustc_middle[3375709bf24a03bb]::query::erase::Erased<[u8; 1usize]>>, false, false, false>, rustc_query_impl[80d5b36ddf5440ab]::plumbing::QueryCtxt, true>
  39:     0x74be16b3269c - rustc_query_impl[80d5b36ddf5440ab]::query_impl::analysis::get_query_incr::__rust_end_short_backtrace
  40:     0x74be16b42f59 - rustc_interface[3868b2f10de3354]::interface::run_compiler::<core[a9f526eb09c6e7cd]::result::Result<(), rustc_span[a2e62ba9c1d34a9a]::ErrorGuaranteed>, rustc_driver_impl[4c01069949ad96dd]::run_compiler::{closure#0}>::{closure#0}
  41:     0x74be16dbdc45 - std[19d33715048712a6]::sys_common::backtrace::__rust_begin_short_backtrace::<rustc_interface[3868b2f10de3354]::util::run_in_thread_with_globals<rustc_interface[3868b2f10de3354]::util::run_in_thread_pool_with_globals<rustc_interface[3868b2f10de3354]::interface::run_compiler<core[a9f526eb09c6e7cd]::result::Result<(), rustc_span[a2e62ba9c1d34a9a]::ErrorGuaranteed>, rustc_driver_impl[4c01069949ad96dd]::run_compiler::{closure#0}>::{closure#0}, core[a9f526eb09c6e7cd]::result::Result<(), rustc_span[a2e62ba9c1d34a9a]::ErrorGuaranteed>>::{closure#0}, core[a9f526eb09c6e7cd]::result::Result<(), rustc_span[a2e62ba9c1d34a9a]::ErrorGuaranteed>>::{closure#0}::{closure#0}, core[a9f526eb09c6e7cd]::result::Result<(), rustc_span[a2e62ba9c1d34a9a]::ErrorGuaranteed>>
  42:     0x74be16dbda72 - <<std[19d33715048712a6]::thread::Builder>::spawn_unchecked_<rustc_interface[3868b2f10de3354]::util::run_in_thread_with_globals<rustc_interface[3868b2f10de3354]::util::run_in_thread_pool_with_globals<rustc_interface[3868b2f10de3354]::interface::run_compiler<core[a9f526eb09c6e7cd]::result::Result<(), rustc_span[a2e62ba9c1d34a9a]::ErrorGuaranteed>, rustc_driver_impl[4c01069949ad96dd]::run_compiler::{closure#0}>::{closure#0}, core[a9f526eb09c6e7cd]::result::Result<(), rustc_span[a2e62ba9c1d34a9a]::ErrorGuaranteed>>::{closure#0}, core[a9f526eb09c6e7cd]::result::Result<(), rustc_span[a2e62ba9c1d34a9a]::ErrorGuaranteed>>::{closure#0}::{closure#0}, core[a9f526eb09c6e7cd]::result::Result<(), rustc_span[a2e62ba9c1d34a9a]::ErrorGuaranteed>>::{closure#1} as core[a9f526eb09c6e7cd]::ops::function::FnOnce<()>>::call_once::{shim:vtable#0}
  43:     0x74be17dc0725 - <alloc::boxed::Box<F,A> as core::ops::function::FnOnce<Args>>::call_once::h79a9e4aa91d71737
                               at /rustc/3406ada96f8e16e49e947a91db3eba0db45245fa/library/alloc/src/boxed.rs:2016:9
  44:     0x74be17dc0725 - <alloc::boxed::Box<F,A> as core::ops::function::FnOnce<Args>>::call_once::h6eabe626cfdc74a5
                               at /rustc/3406ada96f8e16e49e947a91db3eba0db45245fa/library/alloc/src/boxed.rs:2016:9
  45:     0x74be17dc0725 - std::sys::pal::unix::thread::Thread::new::thread_start::h8428b71c070d7cf2
                               at /rustc/3406ada96f8e16e49e947a91db3eba0db45245fa/library/std/src/sys/pal/unix/thread.rs:108:17
  46:     0x74be11894ac3 - start_thread
                               at ./nptl/pthread_create.c:442:8
  47:     0x74be119268c0 - __GI___clone3
                               at ./misc/../sysdeps/unix/sysv/linux/x86_64/clone3.S:81
  48:                0x0 - <unknown>

note: we would appreciate a bug report: https://github.com/rust-lang/rust/issues/new?labels=C-bug%2C+I-ICE%2C+T-compiler&template=ice.md

note: please attach the file at `/data/zhangtianrong/projects/rustc-cbl/run/121431/rustc-ice-2026-01-18T07_25_16-257349.txt` to your bug report

note: compiler flags: --crate-type bin -C embed-bitcode=no -C debuginfo=2 -C incremental=[REDACTED]

note: some of the compiler flags provided by cargo are hidden

query stack during panic:
#0 [hir_crate] getting the crate HIR
#1 [hir_attrs] getting HIR owner attributes in ``
#2 [entry_fn] looking up the entry function of a crate
#3 [analysis] running analysis passes on this crate
end of query stack
Some errors have detailed explanations: E0405, E0425.
For more information about an error, try `rustc --explain E0405`.
error: could not compile `bug_121431` (bin "bug_121431") due to 2 previous errors
------------------------------------------------------------
Return code: 101
