=== START 2026-01-18 15:20:44 ===
Bug ID: 121457
Toolchain: nightly-2024-02-22
Source: /data/zhangtianrong/projects/rustc-cbl/rustcbugs/121457
Run dir: /data/zhangtianrong/projects/rustc-cbl/run/121457
CMD: rustup run nightly-2024-02-22 cargo build
------------------------------------------------------------
   Compiling bug_121457 v0.1.0 (/data/zhangtianrong/projects/rustc-cbl/run/121457)
error: at least one trait must be specified
 --> src/main.rs:6:23
  |
6 |     fn iter(&self) -> impl '_;
  |                       ^^^^^^^

error: associated type in `impl` without body
  --> src/main.rs:10:5
   |
10 |     type Item<'a>: 'a;
   |     ^^^^^^^^^^^^^^^^^-
   |                      |
   |                      help: provide a definition for the type: `= <type>;`

error: bounds on `type`s in `impl`s have no effect
  --> src/main.rs:10:20
   |
10 |     type Item<'a>: 'a;
   |                    ^^

error: associated function in `impl` without body
  --> src/main.rs:12:5
   |
12 |     fn iter(&self) -> impl Iterator<Item = Self::Item<'missing>>;
   |     ^^^^^^^^^^^^^^^^^^^^^^^^^^^^^^^^^^^^^^^^^^^^^^^^^^^^^^^^^^^^-
   |                                                                 |
   |                                                                 help: provide a definition for the function: `{ <body> }`

error[E0496]: lifetime name `'a` shadows a lifetime name that is already in scope
  --> src/main.rs:10:15
   |
9  | impl<'a, I: 'a + Iterable> Iterable for &'a I {
   |      -- first declared here
10 |     type Item<'a>: 'a;
   |               ^^ lifetime `'a` already in scope

error[E0261]: use of undeclared lifetime name `'missing`
  --> src/main.rs:12:55
   |
12 |     fn iter(&self) -> impl Iterator<Item = Self::Item<'missing>>;
   |                                                       ^^^^^^^^ undeclared lifetime
   |
   = note: for more information on higher-ranked polymorphism, visit https://doc.rust-lang.org/nomicon/hrtb.html
help: consider making the bound lifetime-generic with a new `'missing` lifetime
   |
12 |     fn iter(&self) -> impl for<'missing> Iterator<Item = Self::Item<'missing>>;
   |                            +++++++++++++
help: consider introducing lifetime `'missing` here
   |
12 |     fn iter<'missing>(&self) -> impl Iterator<Item = Self::Item<'missing>>;
   |            ++++++++++
help: consider introducing lifetime `'missing` here
   |
9  | impl<'missing, 'a, I: 'a + Iterable> Iterable for &'a I {
   |      +++++++++

error[E0477]: the type `&'a I` does not fulfill the required lifetime
  --> src/main.rs:10:5
   |
2  |     type Item<'a>
   |     ------------- definition of `Item` from trait
...
10 |     type Item<'a>: 'a;
   |     ^^^^^^^^^^^^^^^^^^
   |
note: type must outlive the anonymous lifetime as defined here
  --> src/main.rs:10:15
   |
10 |     type Item<'a>: 'a;
   |               ^^
help: copy the `where` clause predicates from the trait
   |
10 |     type Item<'a>: 'a where Self: '_;
   |                       ++++++++++++++

error: internal compiler error: encountered errors when checking RPITIT refinement (regions)

thread 'rustc' panicked at compiler/rustc_hir_analysis/src/check/compare_impl_item/refine.rs:171:19:
Box<dyn Any>
stack backtrace:
   0:     0x7246cfa25af6 - std::backtrace_rs::backtrace::libunwind::trace::hf298c77755f5b12e
                               at /rustc/3406ada96f8e16e49e947a91db3eba0db45245fa/library/std/src/../../backtrace/src/backtrace/libunwind.rs:104:5
   1:     0x7246cfa25af6 - std::backtrace_rs::backtrace::trace_unsynchronized::h4da6a489ce2db74e
                               at /rustc/3406ada96f8e16e49e947a91db3eba0db45245fa/library/std/src/../../backtrace/src/backtrace/mod.rs:66:5
   2:     0x7246cfa25af6 - std::sys_common::backtrace::_print_fmt::h051beca4a6f5cb98
                               at /rustc/3406ada96f8e16e49e947a91db3eba0db45245fa/library/std/src/sys_common/backtrace.rs:68:5
   3:     0x7246cfa25af6 - <std::sys_common::backtrace::_print::DisplayBacktrace as core::fmt::Display>::fmt::hcb86488900881a45
                               at /rustc/3406ada96f8e16e49e947a91db3eba0db45245fa/library/std/src/sys_common/backtrace.rs:44:22
   4:     0x7246cfa76a7c - core::fmt::rt::Argument::fmt::haf43875fa4a971bb
                               at /rustc/3406ada96f8e16e49e947a91db3eba0db45245fa/library/core/src/fmt/rt.rs:142:9
   5:     0x7246cfa76a7c - core::fmt::write::h44c7f32ae3be5535
                               at /rustc/3406ada96f8e16e49e947a91db3eba0db45245fa/library/core/src/fmt/mod.rs:1120:17
   6:     0x7246cfa1a4bf - std::io::Write::write_fmt::hc3fec0223f64c010
                               at /rustc/3406ada96f8e16e49e947a91db3eba0db45245fa/library/std/src/io/mod.rs:1846:15
   7:     0x7246cfa258a4 - std::sys_common::backtrace::_print::h7c03376d42fd745a
                               at /rustc/3406ada96f8e16e49e947a91db3eba0db45245fa/library/std/src/sys_common/backtrace.rs:47:5
   8:     0x7246cfa258a4 - std::sys_common::backtrace::print::h9ff10455f68b06c1
                               at /rustc/3406ada96f8e16e49e947a91db3eba0db45245fa/library/std/src/sys_common/backtrace.rs:34:9
   9:     0x7246cfa285eb - std::panicking::default_hook::{{closure}}::he4f9865f1b72b2d5
  10:     0x7246cfa28339 - std::panicking::default_hook::h3d59f13a05d49fe6
                               at /rustc/3406ada96f8e16e49e947a91db3eba0db45245fa/library/std/src/panicking.rs:292:9
  11:     0x7246cc6731ec - std[19d33715048712a6]::panicking::update_hook::<alloc[6fc58ab69ba746fe]::boxed::Box<rustc_driver_impl[4c01069949ad96dd]::install_ice_hook::{closure#0}>>::{closure#0}
  12:     0x7246cfa28d50 - <alloc::boxed::Box<F,A> as core::ops::function::Fn<Args>>::call::hf41c577e6ac4b0df
                               at /rustc/3406ada96f8e16e49e947a91db3eba0db45245fa/library/alloc/src/boxed.rs:2030:9
  13:     0x7246cfa28d50 - std::panicking::rust_panic_with_hook::h70f59ab226ae2c5c
                               at /rustc/3406ada96f8e16e49e947a91db3eba0db45245fa/library/std/src/panicking.rs:786:13
  14:     0x7246cc69fdc4 - std[19d33715048712a6]::panicking::begin_panic::<rustc_errors[59443abce0bd3010]::ExplicitBug>::{closure#0}
  15:     0x7246cc69ca16 - std[19d33715048712a6]::sys_common::backtrace::__rust_end_short_backtrace::<std[19d33715048712a6]::panicking::begin_panic<rustc_errors[59443abce0bd3010]::ExplicitBug>::{closure#0}, !>
  16:     0x7246cc6981d6 - std[19d33715048712a6]::panicking::begin_panic::<rustc_errors[59443abce0bd3010]::ExplicitBug>
  17:     0x7246cb00b281 - <rustc_errors[59443abce0bd3010]::diagnostic::BugAbort as rustc_errors[59443abce0bd3010]::diagnostic::EmissionGuarantee>::emit_producing_guarantee
  18:     0x7246cc719c0b - <rustc_errors[59443abce0bd3010]::DiagCtxt>::bug::<&str>
  19:     0x7246ce26017b - rustc_hir_analysis[111fc78e3bc47c48]::check::compare_impl_item::refine::check_refining_return_position_impl_trait_in_trait
  20:     0x7246ce54b907 - rustc_hir_analysis[111fc78e3bc47c48]::check::check::check_item_type
  21:     0x7246ce13be31 - rustc_hir_analysis[111fc78e3bc47c48]::check::wfcheck::check_well_formed
  22:     0x7246ce13ae9d - rustc_query_impl[80d5b36ddf5440ab]::plumbing::__rust_begin_short_backtrace::<rustc_query_impl[80d5b36ddf5440ab]::query_impl::check_well_formed::dynamic_query::{closure#2}::{closure#0}, rustc_middle[3375709bf24a03bb]::query::erase::Erased<[u8; 1usize]>>
  23:     0x7246ce136c5b - rustc_query_system[3c4b6c562f3523cb]::query::plumbing::try_execute_query::<rustc_query_impl[80d5b36ddf5440ab]::DynamicConfig<rustc_query_system[3c4b6c562f3523cb]::query::caches::VecCache<rustc_hir[9ace93772c87fb15]::hir_id::OwnerId, rustc_middle[3375709bf24a03bb]::query::erase::Erased<[u8; 1usize]>>, false, false, false>, rustc_query_impl[80d5b36ddf5440ab]::plumbing::QueryCtxt, true>
  24:     0x7246ce13676f - rustc_query_impl[80d5b36ddf5440ab]::query_impl::check_well_formed::get_query_incr::__rust_end_short_backtrace
  25:     0x7246ce1381c1 - rustc_hir_analysis[111fc78e3bc47c48]::check::wfcheck::check_mod_type_wf
  26:     0x7246ce138109 - rustc_query_impl[80d5b36ddf5440ab]::plumbing::__rust_begin_short_backtrace::<rustc_query_impl[80d5b36ddf5440ab]::query_impl::check_mod_type_wf::dynamic_query::{closure#2}::{closure#0}, rustc_middle[3375709bf24a03bb]::query::erase::Erased<[u8; 1usize]>>
  27:     0x7246ce3b2f17 - rustc_query_system[3c4b6c562f3523cb]::query::plumbing::try_execute_query::<rustc_query_impl[80d5b36ddf5440ab]::DynamicConfig<rustc_query_system[3c4b6c562f3523cb]::query::caches::DefaultCache<rustc_span[a2e62ba9c1d34a9a]::def_id::LocalModDefId, rustc_middle[3375709bf24a03bb]::query::erase::Erased<[u8; 1usize]>>, false, false, false>, rustc_query_impl[80d5b36ddf5440ab]::plumbing::QueryCtxt, true>
  28:     0x7246ce3b4bbe - rustc_query_impl[80d5b36ddf5440ab]::query_impl::check_mod_type_wf::get_query_incr::__rust_end_short_backtrace
  29:     0x7246ce3b4ebc - rustc_middle[3375709bf24a03bb]::query::plumbing::query_ensure_error_guaranteed::<rustc_query_system[3c4b6c562f3523cb]::query::caches::DefaultCache<rustc_span[a2e62ba9c1d34a9a]::def_id::LocalModDefId, rustc_middle[3375709bf24a03bb]::query::erase::Erased<[u8; 1usize]>>, ()>
  30:     0x7246ce3b56f1 - rustc_hir_analysis[111fc78e3bc47c48]::check_crate
  31:     0x7246ce4a2a13 - rustc_interface[3868b2f10de3354]::passes::analysis
  32:     0x7246ce4a2669 - rustc_query_impl[80d5b36ddf5440ab]::plumbing::__rust_begin_short_backtrace::<rustc_query_impl[80d5b36ddf5440ab]::query_impl::analysis::dynamic_query::{closure#2}::{closure#0}, rustc_middle[3375709bf24a03bb]::query::erase::Erased<[u8; 1usize]>>
  33:     0x7246ce732aa2 - rustc_query_system[3c4b6c562f3523cb]::query::plumbing::try_execute_query::<rustc_query_impl[80d5b36ddf5440ab]::DynamicConfig<rustc_query_system[3c4b6c562f3523cb]::query::caches::SingleCache<rustc_middle[3375709bf24a03bb]::query::erase::Erased<[u8; 1usize]>>, false, false, false>, rustc_query_impl[80d5b36ddf5440ab]::plumbing::QueryCtxt, true>
  34:     0x7246ce73269c - rustc_query_impl[80d5b36ddf5440ab]::query_impl::analysis::get_query_incr::__rust_end_short_backtrace
  35:     0x7246ce742f59 - rustc_interface[3868b2f10de3354]::interface::run_compiler::<core[a9f526eb09c6e7cd]::result::Result<(), rustc_span[a2e62ba9c1d34a9a]::ErrorGuaranteed>, rustc_driver_impl[4c01069949ad96dd]::run_compiler::{closure#0}>::{closure#0}
  36:     0x7246ce9bdc45 - std[19d33715048712a6]::sys_common::backtrace::__rust_begin_short_backtrace::<rustc_interface[3868b2f10de3354]::util::run_in_thread_with_globals<rustc_interface[3868b2f10de3354]::util::run_in_thread_pool_with_globals<rustc_interface[3868b2f10de3354]::interface::run_compiler<core[a9f526eb09c6e7cd]::result::Result<(), rustc_span[a2e62ba9c1d34a9a]::ErrorGuaranteed>, rustc_driver_impl[4c01069949ad96dd]::run_compiler::{closure#0}>::{closure#0}, core[a9f526eb09c6e7cd]::result::Result<(), rustc_span[a2e62ba9c1d34a9a]::ErrorGuaranteed>>::{closure#0}, core[a9f526eb09c6e7cd]::result::Result<(), rustc_span[a2e62ba9c1d34a9a]::ErrorGuaranteed>>::{closure#0}::{closure#0}, core[a9f526eb09c6e7cd]::result::Result<(), rustc_span[a2e62ba9c1d34a9a]::ErrorGuaranteed>>
  37:     0x7246ce9bda72 - <<std[19d33715048712a6]::thread::Builder>::spawn_unchecked_<rustc_interface[3868b2f10de3354]::util::run_in_thread_with_globals<rustc_interface[3868b2f10de3354]::util::run_in_thread_pool_with_globals<rustc_interface[3868b2f10de3354]::interface::run_compiler<core[a9f526eb09c6e7cd]::result::Result<(), rustc_span[a2e62ba9c1d34a9a]::ErrorGuaranteed>, rustc_driver_impl[4c01069949ad96dd]::run_compiler::{closure#0}>::{closure#0}, core[a9f526eb09c6e7cd]::result::Result<(), rustc_span[a2e62ba9c1d34a9a]::ErrorGuaranteed>>::{closure#0}, core[a9f526eb09c6e7cd]::result::Result<(), rustc_span[a2e62ba9c1d34a9a]::ErrorGuaranteed>>::{closure#0}::{closure#0}, core[a9f526eb09c6e7cd]::result::Result<(), rustc_span[a2e62ba9c1d34a9a]::ErrorGuaranteed>>::{closure#1} as core[a9f526eb09c6e7cd]::ops::function::FnOnce<()>>::call_once::{shim:vtable#0}
  38:     0x7246cfa32725 - <alloc::boxed::Box<F,A> as core::ops::function::FnOnce<Args>>::call_once::h79a9e4aa91d71737
                               at /rustc/3406ada96f8e16e49e947a91db3eba0db45245fa/library/alloc/src/boxed.rs:2016:9
  39:     0x7246cfa32725 - <alloc::boxed::Box<F,A> as core::ops::function::FnOnce<Args>>::call_once::h6eabe626cfdc74a5
                               at /rustc/3406ada96f8e16e49e947a91db3eba0db45245fa/library/alloc/src/boxed.rs:2016:9
  40:     0x7246cfa32725 - std::sys::pal::unix::thread::Thread::new::thread_start::h8428b71c070d7cf2
                               at /rustc/3406ada96f8e16e49e947a91db3eba0db45245fa/library/std/src/sys/pal/unix/thread.rs:108:17
  41:     0x7246c9494ac3 - start_thread
                               at ./nptl/pthread_create.c:442:8
  42:     0x7246c95268c0 - __GI___clone3
                               at ./misc/../sysdeps/unix/sysv/linux/x86_64/clone3.S:81
  43:                0x0 - <unknown>

note: we would appreciate a bug report: https://github.com/rust-lang/rust/issues/new?labels=C-bug%2C+I-ICE%2C+T-compiler&template=ice.md

note: please attach the file at `/data/zhangtianrong/projects/rustc-cbl/run/121457/rustc-ice-2026-01-18T07_20_44-24623.txt` to your bug report

note: compiler flags: --crate-type bin -C embed-bitcode=no -C debuginfo=2 -C incremental=[REDACTED]

note: some of the compiler flags provided by cargo are hidden

query stack during panic:
#0 [check_well_formed] checking that `<impl at src/main.rs:9:1: 9:46>` is well-formed
#1 [check_mod_type_wf] checking that types are well-formed in top-level module
#2 [analysis] running analysis passes on this crate
end of query stack
Some errors have detailed explanations: E0261, E0477, E0496.
For more information about an error, try `rustc --explain E0261`.
error: could not compile `bug_121457` (bin "bug_121457") due to 7 previous errors
------------------------------------------------------------
Return code: 101
