=== START 2026-01-18 15:15:34 ===
Bug ID: 121613
Toolchain: nightly-2024-02-25
Source: /data/zhangtianrong/projects/rustc-cbl/rustcbugs/121613
Run dir: /data/zhangtianrong/projects/rustc-cbl/run/121613
CMD: rustup run nightly-2024-02-25 cargo build
------------------------------------------------------------
   Compiling bug_121613 v0.1.0 (/data/zhangtianrong/projects/rustc-cbl/run/121613)
error[E0658]: usage of qualified paths in this context is experimental
 --> src/main.rs:2:13
  |
2 |     let _ = <Foo as A>::Assoc { br: 2 };
  |             ^^^^^^^^^^^^^^^^^
  |
  = note: see issue #86935 <https://github.com/rust-lang/rust/issues/86935> for more information
  = help: add `#![feature(more_qualified_paths)]` to the crate attributes to enable
  = note: this compiler was built on 2024-02-24; consider upgrading it if it is out of date

error[E0658]: usage of qualified paths in this context is experimental
 --> src/main.rs:4:9
  |
4 |     let <E>::V(..) = E::V(|a, b| a.cmp(b));
  |         ^^^^^^
  |
  = note: see issue #86935 <https://github.com/rust-lang/rust/issues/86935> for more information
  = help: add `#![feature(more_qualified_paths)]` to the crate attributes to enable
  = note: this compiler was built on 2024-02-24; consider upgrading it if it is out of date

thread 'rustc' panicked at compiler/rustc_middle/src/ty/generics.rs:360:45:
range end index 1 out of range for slice of length 0
stack backtrace:
   0:     0x785f98b8caf6 - std::backtrace_rs::backtrace::libunwind::trace::h109bf01707803b21
                               at /rustc/381d69953bb7c3390cec0fee200f24529cb6320f/library/std/src/../../backtrace/src/backtrace/libunwind.rs:104:5
   1:     0x785f98b8caf6 - std::backtrace_rs::backtrace::trace_unsynchronized::hefcf68af32ee251e
                               at /rustc/381d69953bb7c3390cec0fee200f24529cb6320f/library/std/src/../../backtrace/src/backtrace/mod.rs:66:5
   2:     0x785f98b8caf6 - std::sys_common::backtrace::_print_fmt::h31a90ba3e667b38a
                               at /rustc/381d69953bb7c3390cec0fee200f24529cb6320f/library/std/src/sys_common/backtrace.rs:68:5
   3:     0x785f98b8caf6 - <std::sys_common::backtrace::_print::DisplayBacktrace as core::fmt::Display>::fmt::he4f0cdaaa4ef639a
                               at /rustc/381d69953bb7c3390cec0fee200f24529cb6320f/library/std/src/sys_common/backtrace.rs:44:22
   4:     0x785f98bdda7c - core::fmt::rt::Argument::fmt::h1ec5088860cf50b0
                               at /rustc/381d69953bb7c3390cec0fee200f24529cb6320f/library/core/src/fmt/rt.rs:142:9
   5:     0x785f98bdda7c - core::fmt::write::h689bbff3655bb9d8
                               at /rustc/381d69953bb7c3390cec0fee200f24529cb6320f/library/core/src/fmt/mod.rs:1120:17
   6:     0x785f98b8142f - std::io::Write::write_fmt::h7ecff4baaa465710
                               at /rustc/381d69953bb7c3390cec0fee200f24529cb6320f/library/std/src/io/mod.rs:1846:15
   7:     0x785f98b8c8a4 - std::sys_common::backtrace::_print::h9485e3dec28344ea
                               at /rustc/381d69953bb7c3390cec0fee200f24529cb6320f/library/std/src/sys_common/backtrace.rs:47:5
   8:     0x785f98b8c8a4 - std::sys_common::backtrace::print::heeebf1d6105a1e60
                               at /rustc/381d69953bb7c3390cec0fee200f24529cb6320f/library/std/src/sys_common/backtrace.rs:34:9
   9:     0x785f98b8f5eb - std::panicking::default_hook::{{closure}}::h88c7af55bc049fb9
  10:     0x785f98b8f339 - std::panicking::default_hook::haa382d9c5bfbc23c
                               at /rustc/381d69953bb7c3390cec0fee200f24529cb6320f/library/std/src/panicking.rs:292:9
  11:     0x785f9ba82fdc - std[c7add3eab026fdb7]::panicking::update_hook::<alloc[2ba798d9f5e2777d]::boxed::Box<rustc_driver_impl[4d7390d1e092a0cc]::install_ice_hook::{closure#0}>>::{closure#0}
  12:     0x785f98b8fd50 - <alloc::boxed::Box<F,A> as core::ops::function::Fn<Args>>::call::h8d3a037cf4dab9e8
                               at /rustc/381d69953bb7c3390cec0fee200f24529cb6320f/library/alloc/src/boxed.rs:2030:9
  13:     0x785f98b8fd50 - std::panicking::rust_panic_with_hook::hd9ee0be535a8506e
                               at /rustc/381d69953bb7c3390cec0fee200f24529cb6320f/library/std/src/panicking.rs:783:13
  14:     0x785f98b8fa92 - std::panicking::begin_panic_handler::{{closure}}::h68a8f56dc216071f
                               at /rustc/381d69953bb7c3390cec0fee200f24529cb6320f/library/std/src/panicking.rs:657:13
  15:     0x785f98b8cfd6 - std::sys_common::backtrace::__rust_end_short_backtrace::h6d2f61b909cc18f6
                               at /rustc/381d69953bb7c3390cec0fee200f24529cb6320f/library/std/src/sys_common/backtrace.rs:171:18
  16:     0x785f98b8f7c4 - rust_begin_unwind
                               at /rustc/381d69953bb7c3390cec0fee200f24529cb6320f/library/std/src/panicking.rs:645:5
  17:     0x785f98bd9f95 - core::panicking::panic_fmt::h1771cb6a138bf784
                               at /rustc/381d69953bb7c3390cec0fee200f24529cb6320f/library/core/src/panicking.rs:72:14
  18:     0x785f98be0332 - core::slice::index::slice_end_index_len_fail_rt::h72ec9bbc28681e96
                               at /rustc/381d69953bb7c3390cec0fee200f24529cb6320f/library/core/src/slice/index.rs:76:5
  19:     0x785f98be02b6 - core::slice::index::slice_end_index_len_fail::hb732fcb5710c0151
                               at /rustc/381d69953bb7c3390cec0fee200f24529cb6320f/library/core/src/slice/index.rs:68:9
  20:     0x785f9bf276c3 - <rustc_middle[be2fc7c2c4a6d89d]::ty::generics::Generics>::own_args
  21:     0x785f9bd6f64f - <rustc_infer[20174fdd60d64281]::infer::error_reporting::need_type_info::FindInferSourceVisitor as rustc_hir[54d089fe68af4196]::intravisit::Visitor>::visit_expr
  22:     0x785f9bd3ae75 - <rustc_infer[20174fdd60d64281]::infer::error_reporting::need_type_info::FindInferSourceVisitor as rustc_hir[54d089fe68af4196]::intravisit::Visitor>::visit_local
  23:     0x785f9bd27732 - <rustc_infer[20174fdd60d64281]::infer::error_reporting::need_type_info::FindInferSourceVisitor as rustc_hir[54d089fe68af4196]::intravisit::Visitor>::visit_block
  24:     0x785f9bd6fda7 - <rustc_infer[20174fdd60d64281]::infer::error_reporting::need_type_info::FindInferSourceVisitor as rustc_hir[54d089fe68af4196]::intravisit::Visitor>::visit_expr
  25:     0x785f9bd6d112 - <rustc_infer[20174fdd60d64281]::infer::error_reporting::TypeErrCtxt>::emit_inference_failure_err
  26:     0x785f9d8506e4 - <rustc_hir_typeck[4809bf69d3356469]::fn_ctxt::FnCtxt>::check_expr_with_expectation_and_args
  27:     0x785f9d6f7388 - rustc_hir_typeck[4809bf69d3356469]::check::check_fn
  28:     0x785f9d8213a2 - <rustc_hir_typeck[4809bf69d3356469]::fn_ctxt::FnCtxt>::check_expr_closure
  29:     0x785f9d849309 - <rustc_hir_typeck[4809bf69d3356469]::fn_ctxt::FnCtxt>::check_expr_with_expectation_and_args
  30:     0x785f9d92f892 - <rustc_hir_typeck[4809bf69d3356469]::fn_ctxt::FnCtxt>::check_argument_types
  31:     0x785f9d76398b - <rustc_hir_typeck[4809bf69d3356469]::fn_ctxt::FnCtxt>::check_call
  32:     0x785f9d846712 - <rustc_hir_typeck[4809bf69d3356469]::fn_ctxt::FnCtxt>::check_expr_with_expectation_and_args
  33:     0x785f9d341cb0 - <rustc_hir_typeck[4809bf69d3356469]::fn_ctxt::FnCtxt>::check_decl
  34:     0x785f9d40240d - <rustc_hir_typeck[4809bf69d3356469]::fn_ctxt::FnCtxt>::check_block_with_expected
  35:     0x785f9d846be9 - <rustc_hir_typeck[4809bf69d3356469]::fn_ctxt::FnCtxt>::check_expr_with_expectation_and_args
  36:     0x785f9d6f7388 - rustc_hir_typeck[4809bf69d3356469]::check::check_fn
  37:     0x785f9cf3820d - rustc_hir_typeck[4809bf69d3356469]::typeck
  38:     0x785f9cf374d9 - rustc_query_impl[3dbe716596c9e9df]::plumbing::__rust_begin_short_backtrace::<rustc_query_impl[3dbe716596c9e9df]::query_impl::typeck::dynamic_query::{closure#2}::{closure#0}, rustc_middle[be2fc7c2c4a6d89d]::query::erase::Erased<[u8; 8usize]>>
  39:     0x785f9d29b8fa - rustc_query_system[c21ecc0bfee3e160]::query::plumbing::try_execute_query::<rustc_query_impl[3dbe716596c9e9df]::DynamicConfig<rustc_query_system[c21ecc0bfee3e160]::query::caches::VecCache<rustc_span[e3ed1f921c615197]::def_id::LocalDefId, rustc_middle[be2fc7c2c4a6d89d]::query::erase::Erased<[u8; 8usize]>>, false, false, false>, rustc_query_impl[3dbe716596c9e9df]::plumbing::QueryCtxt, true>
  40:     0x785f9d7c0a09 - rustc_query_impl[3dbe716596c9e9df]::query_impl::typeck::get_query_incr::__rust_end_short_backtrace
  41:     0x785f9d7bfd92 - <rustc_middle[be2fc7c2c4a6d89d]::hir::map::Map>::par_body_owners::<rustc_hir_analysis[e2f07673b365730]::check_crate::{closure#6}>::{closure#0}
  42:     0x785f9d7be65d - rustc_hir_analysis[e2f07673b365730]::check_crate
  43:     0x785f9d9c9f2f - rustc_interface[a8e077c2594aedc9]::passes::analysis
  44:     0x785f9d9c9b99 - rustc_query_impl[3dbe716596c9e9df]::plumbing::__rust_begin_short_backtrace::<rustc_query_impl[3dbe716596c9e9df]::query_impl::analysis::dynamic_query::{closure#2}::{closure#0}, rustc_middle[be2fc7c2c4a6d89d]::query::erase::Erased<[u8; 1usize]>>
  45:     0x785f9dbd1822 - rustc_query_system[c21ecc0bfee3e160]::query::plumbing::try_execute_query::<rustc_query_impl[3dbe716596c9e9df]::DynamicConfig<rustc_query_system[c21ecc0bfee3e160]::query::caches::SingleCache<rustc_middle[be2fc7c2c4a6d89d]::query::erase::Erased<[u8; 1usize]>>, false, false, false>, rustc_query_impl[3dbe716596c9e9df]::plumbing::QueryCtxt, true>
  46:     0x785f9dbd141c - rustc_query_impl[3dbe716596c9e9df]::query_impl::analysis::get_query_incr::__rust_end_short_backtrace
  47:     0x785f9dafa256 - rustc_interface[a8e077c2594aedc9]::interface::run_compiler::<core[53164db537a29558]::result::Result<(), rustc_span[e3ed1f921c615197]::ErrorGuaranteed>, rustc_driver_impl[4d7390d1e092a0cc]::run_compiler::{closure#0}>::{closure#0}
  48:     0x785f9ddc7cc5 - std[c7add3eab026fdb7]::sys_common::backtrace::__rust_begin_short_backtrace::<rustc_interface[a8e077c2594aedc9]::util::run_in_thread_with_globals<rustc_interface[a8e077c2594aedc9]::util::run_in_thread_pool_with_globals<rustc_interface[a8e077c2594aedc9]::interface::run_compiler<core[53164db537a29558]::result::Result<(), rustc_span[e3ed1f921c615197]::ErrorGuaranteed>, rustc_driver_impl[4d7390d1e092a0cc]::run_compiler::{closure#0}>::{closure#0}, core[53164db537a29558]::result::Result<(), rustc_span[e3ed1f921c615197]::ErrorGuaranteed>>::{closure#0}, core[53164db537a29558]::result::Result<(), rustc_span[e3ed1f921c615197]::ErrorGuaranteed>>::{closure#0}::{closure#0}, core[53164db537a29558]::result::Result<(), rustc_span[e3ed1f921c615197]::ErrorGuaranteed>>
  49:     0x785f9ddc7af2 - <<std[c7add3eab026fdb7]::thread::Builder>::spawn_unchecked_<rustc_interface[a8e077c2594aedc9]::util::run_in_thread_with_globals<rustc_interface[a8e077c2594aedc9]::util::run_in_thread_pool_with_globals<rustc_interface[a8e077c2594aedc9]::interface::run_compiler<core[53164db537a29558]::result::Result<(), rustc_span[e3ed1f921c615197]::ErrorGuaranteed>, rustc_driver_impl[4d7390d1e092a0cc]::run_compiler::{closure#0}>::{closure#0}, core[53164db537a29558]::result::Result<(), rustc_span[e3ed1f921c615197]::ErrorGuaranteed>>::{closure#0}, core[53164db537a29558]::result::Result<(), rustc_span[e3ed1f921c615197]::ErrorGuaranteed>>::{closure#0}::{closure#0}, core[53164db537a29558]::result::Result<(), rustc_span[e3ed1f921c615197]::ErrorGuaranteed>>::{closure#1} as core[53164db537a29558]::ops::function::FnOnce<()>>::call_once::{shim:vtable#0}
  50:     0x785f98b99725 - <alloc::boxed::Box<F,A> as core::ops::function::FnOnce<Args>>::call_once::h160bc5962de4c385
                               at /rustc/381d69953bb7c3390cec0fee200f24529cb6320f/library/alloc/src/boxed.rs:2016:9
  51:     0x785f98b99725 - <alloc::boxed::Box<F,A> as core::ops::function::FnOnce<Args>>::call_once::h55e504807a34477d
                               at /rustc/381d69953bb7c3390cec0fee200f24529cb6320f/library/alloc/src/boxed.rs:2016:9
  52:     0x785f98b99725 - std::sys::pal::unix::thread::Thread::new::thread_start::h61059cf7b19988e2
                               at /rustc/381d69953bb7c3390cec0fee200f24529cb6320f/library/std/src/sys/pal/unix/thread.rs:108:17
  53:     0x785f98894ac3 - start_thread
                               at ./nptl/pthread_create.c:442:8
  54:     0x785f989268c0 - __GI___clone3
                               at ./misc/../sysdeps/unix/sysv/linux/x86_64/clone3.S:81
  55:                0x0 - <unknown>

error: the compiler unexpectedly panicked. this is a bug.

note: we would appreciate a bug report: https://github.com/rust-lang/rust/issues/new?labels=C-bug%2C+I-ICE%2C+T-compiler&template=ice.md

note: please attach the file at `/data/zhangtianrong/projects/rustc-cbl/run/121613/rustc-ice-2026-01-18T07_15_34-3943867.txt` to your bug report

note: compiler flags: --crate-type bin -C embed-bitcode=no -C debuginfo=2 -C incremental=[REDACTED]

note: some of the compiler flags provided by cargo are hidden

query stack during panic:
#0 [typeck] type-checking `main`
#1 [analysis] running analysis passes on this crate
end of query stack
For more information about this error, try `rustc --explain E0658`.
error: could not compile `bug_121613` (bin "bug_121613") due to 2 previous errors
------------------------------------------------------------
Return code: 101
