=== START 2026-02-02 19:06:30 ===
Bug ID: 121643
Toolchain: nightly-2024-02-26
Source: /data/zhangtianrong/projects/rustc-cbl/rustcbugs/121643
Run dir: /data/zhangtianrong/projects/rustc-cbl/run/121643
CMD: rustup run nightly-2024-02-26 cargo build
------------------------------------------------------------
   Compiling bug_121643 v0.1.0 (/data/zhangtianrong/projects/rustc-cbl/run/121643)
error[E0599]: no method named `method2` found for struct `Foo` in the current scope
  --> src/main.rs:31:9
   |
12 | struct Foo;
   | ---------- method `method2` not found for this struct
...
20 |     fn method2(self: Id<Self>);
   |                      -------- the method might not be found because of this arbitrary self type
...
31 |     foo.method2(); // doesn't work
   |         ^^^^^^^
   |
help: there is a method `method` with a similar name
   |
31 |     foo.method(); // doesn't work
   |         ~~~~~~

For more information about this error, try `rustc --explain E0599`.
error: could not compile `bug_121643` (bin "bug_121643") due to 1 previous error
------------------------------------------------------------
Return code: 101
