=== START 2026-01-18 15:11:56 ===
Bug ID: 121722
Toolchain: nightly-2024-02-27
Source: /data/zhangtianrong/projects/rustc-cbl/rustcbugs/121722
Run dir: /data/zhangtianrong/projects/rustc-cbl/run/121722
CMD: rustup run nightly-2024-02-27 cargo build
------------------------------------------------------------
   Compiling bug_121722 v0.1.0 (/data/zhangtianrong/projects/rustc-cbl/run/121722)
error: expected identifier, found `,`
  --> src/main.rs:36:13
   |
34 |         _: union {
   |            ----- while parsing this union
35 |             
36 |             ,
   |             ^ expected identifier

error: expected `:`, found `,`
  --> src/main.rs:54:18
   |
33 |     _: struct {
   |        ------ while parsing this struct
...
54 |           union  ,
   |                  ^ expected `:`

error: expected `:`, found `,`
  --> src/main.rs:57:13
   |
32 | union C {
   |       - while parsing this union
...
57 |       union ,
   |             ^ expected `:`

error: expected `,`, or `}`, found `union`
  --> src/main.rs:72:6
   |
72 |     }  union ,
   |      ^ help: try adding a comma: `,`

error: expected `:`, found `,`
  --> src/main.rs:72:14
   |
63 | struct D {
   |        - while parsing this struct
...
72 |     }  union ,
   |              ^ expected `:`

error: expected `,`, or `}`, found `union`
  --> src/main.rs:87:6
   |
87 |     }  union ,
   |      ^ help: try adding a comma: `,`

error: expected `:`, found `,`
  --> src/main.rs:87:14
   |
78 | union D2 {
   |       -- while parsing this union
...
87 |     }  union ,
   |              ^ expected `:`

error: expected identifier, found `,`
  --> src/main.rs:96:9
   |
94 |     _: struct {
   |        ------ while parsing this struct
95 |         
96 |         ,
   |         ^ expected identifier

error: expected `:`, found `,`
   --> src/main.rs:105:13
    |
93  | struct E {
    |        - while parsing this struct
...
105 |       union ,
    |             ^ expected `:`

error: expected identifier, found `,`
   --> src/main.rs:114:9
    |
112 |     _: struct {
    |        ------ while parsing this struct
113 |         
114 |         ,
    |         ^ expected identifier

error: expected `:`, found `,`
   --> src/main.rs:123:13
    |
111 | union E2 {
    |       -- while parsing this union
...
123 |       union ,
    |             ^ expected `:`

error: cannot find attribute `main` in this scope
  --> src/main.rs:26:3
   |
26 | #[main(C)]
   |   ^^^^
   |
   = note: `main` is in scope, but it is a function, not an attribute

error[E0658]: unnamed fields are not yet fully implemented
 --> src/main.rs:7:5
  |
7 |     _: u8,
  |     ^
  |
  = note: see issue #49804 <https://github.com/rust-lang/rust/issues/49804> for more information
  = help: add `#![feature(unnamed_fields)]` to the crate attributes to enable
  = note: this compiler was built on 2024-02-26; consider upgrading it if it is out of date

error[E0658]: unnamed fields are not yet fully implemented
  --> src/main.rs:13:5
   |
13 |     _: union {
   |     ^
   |
   = note: see issue #49804 <https://github.com/rust-lang/rust/issues/49804> for more information
   = help: add `#![feature(unnamed_fields)]` to the crate attributes to enable
   = note: this compiler was built on 2024-02-26; consider upgrading it if it is out of date

error[E0658]: unnamed fields are not yet fully implemented
  --> src/main.rs:13:8
   |
13 |       _: union {
   |  ________^
14 | |         a: u8,
15 | |     },
   | |_____^
   |
   = note: see issue #49804 <https://github.com/rust-lang/rust/issues/49804> for more information
   = help: add `#![feature(unnamed_fields)]` to the crate attributes to enable
   = note: this compiler was built on 2024-02-26; consider upgrading it if it is out of date

error[E0658]: unnamed fields are not yet fully implemented
  --> src/main.rs:33:5
   |
33 |     _: struct {
   |     ^
   |
   = note: see issue #49804 <https://github.com/rust-lang/rust/issues/49804> for more information
   = help: add `#![feature(unnamed_fields)]` to the crate attributes to enable
   = note: this compiler was built on 2024-02-26; consider upgrading it if it is out of date

error[E0658]: unnamed fields are not yet fully implemented
  --> src/main.rs:34:9
   |
34 |         _: union {
   |         ^
   |
   = note: see issue #49804 <https://github.com/rust-lang/rust/issues/49804> for more information
   = help: add `#![feature(unnamed_fields)]` to the crate attributes to enable
   = note: this compiler was built on 2024-02-26; consider upgrading it if it is out of date

error[E0658]: unnamed fields are not yet fully implemented
  --> src/main.rs:34:12
   |
34 |           _: union {
   |  ____________^
35 | |             
36 | |             ,
37 | |
...  |
50 | |             _: struct ,
51 | |         },
   | |_________^
   |
   = note: see issue #49804 <https://github.com/rust-lang/rust/issues/49804> for more information
   = help: add `#![feature(unnamed_fields)]` to the crate attributes to enable
   = note: this compiler was built on 2024-02-26; consider upgrading it if it is out of date

error[E0658]: unnamed fields are not yet fully implemented
  --> src/main.rs:33:8
   |
33 |       _: struct {
   |  ________^
34 | |         _: union {
35 | |             
36 | |             ,
...  |
54 | |           union  ,
55 | |     },
   | |_____^
   |
   = note: see issue #49804 <https://github.com/rust-lang/rust/issues/49804> for more information
   = help: add `#![feature(unnamed_fields)]` to the crate attributes to enable
   = note: this compiler was built on 2024-02-26; consider upgrading it if it is out of date

error[E0658]: unnamed fields are not yet fully implemented
  --> src/main.rs:65:5
   |
65 |     _: Foo,
   |     ^
   |
   = note: see issue #49804 <https://github.com/rust-lang/rust/issues/49804> for more information
   = help: add `#![feature(unnamed_fields)]` to the crate attributes to enable
   = note: this compiler was built on 2024-02-26; consider upgrading it if it is out of date

error[E0658]: unnamed fields are not yet fully implemented
  --> src/main.rs:70:5
   |
70 |     _: union {
   |     ^
   |
   = note: see issue #49804 <https://github.com/rust-lang/rust/issues/49804> for more information
   = help: add `#![feature(unnamed_fields)]` to the crate attributes to enable
   = note: this compiler was built on 2024-02-26; consider upgrading it if it is out of date

error[E0658]: unnamed fields are not yet fully implemented
  --> src/main.rs:70:8
   |
70 |       _: union {
   |  ________^
71 | |         a: u8, 
72 | |     }  union ,
   | |_____^
   |
   = note: see issue #49804 <https://github.com/rust-lang/rust/issues/49804> for more information
   = help: add `#![feature(unnamed_fields)]` to the crate attributes to enable
   = note: this compiler was built on 2024-02-26; consider upgrading it if it is out of date

error[E0658]: unnamed fields are not yet fully implemented
  --> src/main.rs:80:5
   |
80 |     _: Bar,
   |     ^
   |
   = note: see issue #49804 <https://github.com/rust-lang/rust/issues/49804> for more information
   = help: add `#![feature(unnamed_fields)]` to the crate attributes to enable
   = note: this compiler was built on 2024-02-26; consider upgrading it if it is out of date

error[E0658]: unnamed fields are not yet fully implemented
  --> src/main.rs:85:5
   |
85 |     _: union {
   |     ^
   |
   = note: see issue #49804 <https://github.com/rust-lang/rust/issues/49804> for more information
   = help: add `#![feature(unnamed_fields)]` to the crate attributes to enable
   = note: this compiler was built on 2024-02-26; consider upgrading it if it is out of date

error[E0658]: unnamed fields are not yet fully implemented
  --> src/main.rs:85:8
   |
85 |       _: union {
   |  ________^
86 | |         a: u8, 
87 | |     }  union ,
   | |_____^
   |
   = note: see issue #49804 <https://github.com/rust-lang/rust/issues/49804> for more information
   = help: add `#![feature(unnamed_fields)]` to the crate attributes to enable
   = note: this compiler was built on 2024-02-26; consider upgrading it if it is out of date

error[E0658]: unnamed fields are not yet fully implemented
  --> src/main.rs:94:5
   |
94 |     _: struct {
   |     ^
   |
   = note: see issue #49804 <https://github.com/rust-lang/rust/issues/49804> for more information
   = help: add `#![feature(unnamed_fields)]` to the crate attributes to enable
   = note: this compiler was built on 2024-02-26; consider upgrading it if it is out of date

error[E0658]: unnamed fields are not yet fully implemented
   --> src/main.rs:94:8
    |
94  |       _: struct {
    |  ________^
95  | |         
96  | |         ,
97  | |
...   |
101 | |           union  ,
102 | |     },
    | |_____^
    |
    = note: see issue #49804 <https://github.com/rust-lang/rust/issues/49804> for more information
    = help: add `#![feature(unnamed_fields)]` to the crate attributes to enable
    = note: this compiler was built on 2024-02-26; consider upgrading it if it is out of date

error[E0658]: unnamed fields are not yet fully implemented
   --> src/main.rs:112:5
    |
112 |     _: struct {
    |     ^
    |
    = note: see issue #49804 <https://github.com/rust-lang/rust/issues/49804> for more information
    = help: add `#![feature(unnamed_fields)]` to the crate attributes to enable
    = note: this compiler was built on 2024-02-26; consider upgrading it if it is out of date

error[E0658]: unnamed fields are not yet fully implemented
   --> src/main.rs:112:8
    |
112 |       _: struct {
    |  ________^
113 | |         
114 | |         ,
115 | |
...   |
119 | |           union  ,
120 | |     },
    | |_____^
    |
    = note: see issue #49804 <https://github.com/rust-lang/rust/issues/49804> for more information
    = help: add `#![feature(unnamed_fields)]` to the crate attributes to enable
    = note: this compiler was built on 2024-02-26; consider upgrading it if it is out of date

error: internal compiler error: compiler/rustc_hir_analysis/src/collect.rs:906:32: Unexpected TyKind in FieldUniquenessCheckContext::check_field_in_nested_adt(): u8
 --> src/main.rs:7:5
  |
7 |     _: u8,
  |     ^^^^^

thread 'rustc' panicked at /rustc/fc3800f65777a365b5125706d60f97e4d0675efe/compiler/rustc_middle/src/util/bug.rs:34:50:
Box<dyn Any>
stack backtrace:
   0:     0x792f8198ca06 - std::backtrace_rs::backtrace::libunwind::trace::h897f614a5c54abf5
                               at /rustc/fc3800f65777a365b5125706d60f97e4d0675efe/library/std/src/../../backtrace/src/backtrace/libunwind.rs:104:5
   1:     0x792f8198ca06 - std::backtrace_rs::backtrace::trace_unsynchronized::ha07ca3e1f9b9accd
                               at /rustc/fc3800f65777a365b5125706d60f97e4d0675efe/library/std/src/../../backtrace/src/backtrace/mod.rs:66:5
   2:     0x792f8198ca06 - std::sys_common::backtrace::_print_fmt::h9057a2c67e4a571a
                               at /rustc/fc3800f65777a365b5125706d60f97e4d0675efe/library/std/src/sys_common/backtrace.rs:68:5
   3:     0x792f8198ca06 - <std::sys_common::backtrace::_print::DisplayBacktrace as core::fmt::Display>::fmt::h8ce9754c70d092cc
                               at /rustc/fc3800f65777a365b5125706d60f97e4d0675efe/library/std/src/sys_common/backtrace.rs:44:22
   4:     0x792f819dd98c - core::fmt::rt::Argument::fmt::hf09070140e87d7cb
                               at /rustc/fc3800f65777a365b5125706d60f97e4d0675efe/library/core/src/fmt/rt.rs:142:9
   5:     0x792f819dd98c - core::fmt::write::h7464ab53ee519c5a
                               at /rustc/fc3800f65777a365b5125706d60f97e4d0675efe/library/core/src/fmt/mod.rs:1120:17
   6:     0x792f8198133f - std::io::Write::write_fmt::hb6c369e265d2f778
                               at /rustc/fc3800f65777a365b5125706d60f97e4d0675efe/library/std/src/io/mod.rs:1846:15
   7:     0x792f8198c7b4 - std::sys_common::backtrace::_print::h3df17c44fc2056b0
                               at /rustc/fc3800f65777a365b5125706d60f97e4d0675efe/library/std/src/sys_common/backtrace.rs:47:5
   8:     0x792f8198c7b4 - std::sys_common::backtrace::print::hb6b87ad25037aca8
                               at /rustc/fc3800f65777a365b5125706d60f97e4d0675efe/library/std/src/sys_common/backtrace.rs:34:9
   9:     0x792f8198f4fb - std::panicking::default_hook::{{closure}}::he18ee206e433f0ce
  10:     0x792f8198f249 - std::panicking::default_hook::h03bf843f6389163a
                               at /rustc/fc3800f65777a365b5125706d60f97e4d0675efe/library/std/src/panicking.rs:292:9
  11:     0x792f8489edfc - std[f92a88bd87681e23]::panicking::update_hook::<alloc[343fb8d002b75d60]::boxed::Box<rustc_driver_impl[e646bc2c37d34ca8]::install_ice_hook::{closure#0}>>::{closure#0}
  12:     0x792f8198fc60 - <alloc::boxed::Box<F,A> as core::ops::function::Fn<Args>>::call::h714c50999bd84945
                               at /rustc/fc3800f65777a365b5125706d60f97e4d0675efe/library/alloc/src/boxed.rs:2030:9
  13:     0x792f8198fc60 - std::panicking::rust_panic_with_hook::h9a60490ac66caebe
                               at /rustc/fc3800f65777a365b5125706d60f97e4d0675efe/library/std/src/panicking.rs:783:13
  14:     0x792f848cae34 - std[f92a88bd87681e23]::panicking::begin_panic::<rustc_errors[2180b68cac143a13]::ExplicitBug>::{closure#0}
  15:     0x792f848c7d56 - std[f92a88bd87681e23]::sys_common::backtrace::__rust_end_short_backtrace::<std[f92a88bd87681e23]::panicking::begin_panic<rustc_errors[2180b68cac143a13]::ExplicitBug>::{closure#0}, !>
  16:     0x792f848c7a36 - std[f92a88bd87681e23]::panicking::begin_panic::<rustc_errors[2180b68cac143a13]::ExplicitBug>
  17:     0x792f848d4991 - <rustc_errors[2180b68cac143a13]::diagnostic::BugAbort as rustc_errors[2180b68cac143a13]::diagnostic::EmissionGuarantee>::emit_producing_guarantee
  18:     0x792f8497a520 - rustc_middle[9bf74739d8164068]::util::bug::opt_span_bug_fmt::<rustc_span[214fbc2545e6984b]::span_encoding::Span>::{closure#0}
  19:     0x792f8497a54a - rustc_middle[9bf74739d8164068]::ty::context::tls::with_opt::<rustc_middle[9bf74739d8164068]::util::bug::opt_span_bug_fmt<rustc_span[214fbc2545e6984b]::span_encoding::Span>::{closure#0}, !>::{closure#0}
  20:     0x792f84963a08 - rustc_middle[9bf74739d8164068]::ty::context::tls::with_context_opt::<rustc_middle[9bf74739d8164068]::ty::context::tls::with_opt<rustc_middle[9bf74739d8164068]::util::bug::opt_span_bug_fmt<rustc_span[214fbc2545e6984b]::span_encoding::Span>::{closure#0}, !>::{closure#0}, !>
  21:     0x792f8495fdb4 - rustc_middle[9bf74739d8164068]::util::bug::span_bug_fmt::<rustc_span[214fbc2545e6984b]::span_encoding::Span>
  22:     0x792f849cd4eb - <rustc_hir_analysis[94b2cf466d0c5332]::collect::FieldUniquenessCheckContext>::check_field_in_nested_adt
  23:     0x792f86119511 - rustc_hir_analysis[94b2cf466d0c5332]::collect::convert_variant
  24:     0x792f86118d6a - rustc_hir_analysis[94b2cf466d0c5332]::collect::adt_def
  25:     0x792f85c8bbd5 - rustc_query_impl[ec3b69200ec3e59f]::plumbing::__rust_begin_short_backtrace::<rustc_query_impl[ec3b69200ec3e59f]::query_impl::adt_def::dynamic_query::{closure#2}::{closure#0}, rustc_middle[9bf74739d8164068]::query::erase::Erased<[u8; 8usize]>>
  26:     0x792f8604a1cc - rustc_query_system[14bfac5267aee8ee]::query::plumbing::try_execute_query::<rustc_query_impl[ec3b69200ec3e59f]::DynamicConfig<rustc_query_system[14bfac5267aee8ee]::query::caches::DefIdCache<rustc_middle[9bf74739d8164068]::query::erase::Erased<[u8; 8usize]>>, false, false, false>, rustc_query_impl[ec3b69200ec3e59f]::plumbing::QueryCtxt, true>
  27:     0x792f86047d07 - rustc_query_impl[ec3b69200ec3e59f]::query_impl::adt_def::get_query_incr::__rust_end_short_backtrace
  28:     0x792f85e0d6d2 - rustc_middle[9bf74739d8164068]::query::plumbing::query_get_at::<rustc_query_system[14bfac5267aee8ee]::query::caches::DefIdCache<rustc_middle[9bf74739d8164068]::query::erase::Erased<[u8; 8usize]>>>
  29:     0x792f8665b209 - rustc_hir_analysis[94b2cf466d0c5332]::outlives::inferred_outlives_crate
  30:     0x792f8665a0a0 - rustc_query_impl[ec3b69200ec3e59f]::plumbing::__rust_begin_short_backtrace::<rustc_query_impl[ec3b69200ec3e59f]::query_impl::inferred_outlives_crate::dynamic_query::{closure#2}::{closure#0}, rustc_middle[9bf74739d8164068]::query::erase::Erased<[u8; 8usize]>>
  31:     0x792f86c64f44 - rustc_query_system[14bfac5267aee8ee]::query::plumbing::try_execute_query::<rustc_query_impl[ec3b69200ec3e59f]::DynamicConfig<rustc_query_system[14bfac5267aee8ee]::query::caches::SingleCache<rustc_middle[9bf74739d8164068]::query::erase::Erased<[u8; 8usize]>>, false, false, false>, rustc_query_impl[ec3b69200ec3e59f]::plumbing::QueryCtxt, true>
  32:     0x792f86cc564a - rustc_query_impl[ec3b69200ec3e59f]::query_impl::inferred_outlives_crate::get_query_incr::__rust_end_short_backtrace
  33:     0x792f85f3c8e3 - rustc_query_impl[ec3b69200ec3e59f]::plumbing::__rust_begin_short_backtrace::<rustc_query_impl[ec3b69200ec3e59f]::query_impl::inferred_outlives_of::dynamic_query::{closure#2}::{closure#0}, rustc_middle[9bf74739d8164068]::query::erase::Erased<[u8; 16usize]>>
  34:     0x792f861ac278 - rustc_query_system[14bfac5267aee8ee]::query::plumbing::try_execute_query::<rustc_query_impl[ec3b69200ec3e59f]::DynamicConfig<rustc_query_system[14bfac5267aee8ee]::query::caches::DefIdCache<rustc_middle[9bf74739d8164068]::query::erase::Erased<[u8; 16usize]>>, false, false, false>, rustc_query_impl[ec3b69200ec3e59f]::plumbing::QueryCtxt, true>
  35:     0x792f861aa851 - rustc_query_impl[ec3b69200ec3e59f]::query_impl::inferred_outlives_of::get_query_incr::__rust_end_short_backtrace
  36:     0x792f85cf9795 - rustc_hir_analysis[94b2cf466d0c5332]::collect::predicates_defined_on
  37:     0x792f85cf95d3 - rustc_query_impl[ec3b69200ec3e59f]::plumbing::__rust_begin_short_backtrace::<rustc_query_impl[ec3b69200ec3e59f]::query_impl::predicates_defined_on::dynamic_query::{closure#2}::{closure#0}, rustc_middle[9bf74739d8164068]::query::erase::Erased<[u8; 24usize]>>
  38:     0x792f8620ffe2 - rustc_query_system[14bfac5267aee8ee]::query::plumbing::try_execute_query::<rustc_query_impl[ec3b69200ec3e59f]::DynamicConfig<rustc_query_system[14bfac5267aee8ee]::query::caches::DefIdCache<rustc_middle[9bf74739d8164068]::query::erase::Erased<[u8; 24usize]>>, false, false, false>, rustc_query_impl[ec3b69200ec3e59f]::plumbing::QueryCtxt, true>
  39:     0x792f8620df04 - rustc_query_impl[ec3b69200ec3e59f]::query_impl::predicates_defined_on::get_query_incr::__rust_end_short_backtrace
  40:     0x792f85cf73cc - rustc_hir_analysis[94b2cf466d0c5332]::collect::predicates_of::predicates_of
  41:     0x792f85cf72d3 - rustc_query_impl[ec3b69200ec3e59f]::plumbing::__rust_begin_short_backtrace::<rustc_query_impl[ec3b69200ec3e59f]::query_impl::predicates_of::dynamic_query::{closure#2}::{closure#0}, rustc_middle[9bf74739d8164068]::query::erase::Erased<[u8; 24usize]>>
  42:     0x792f8620e68e - rustc_query_system[14bfac5267aee8ee]::query::plumbing::try_execute_query::<rustc_query_impl[ec3b69200ec3e59f]::DynamicConfig<rustc_query_system[14bfac5267aee8ee]::query::caches::DefIdCache<rustc_middle[9bf74739d8164068]::query::erase::Erased<[u8; 24usize]>>, false, false, false>, rustc_query_impl[ec3b69200ec3e59f]::plumbing::QueryCtxt, true>
  43:     0x792f85d68d54 - rustc_query_impl[ec3b69200ec3e59f]::query_impl::predicates_of::get_query_incr::__rust_end_short_backtrace
  44:     0x792f85fdd8ea - <rustc_hir_analysis[94b2cf466d0c5332]::collect::CollectItemTypesVisitor as rustc_hir[37bd1212b186212f]::intravisit::Visitor>::visit_item
  45:     0x792f85fdcbaa - rustc_hir_analysis[94b2cf466d0c5332]::collect::collect_mod_item_types
  46:     0x792f85fdcb37 - rustc_query_impl[ec3b69200ec3e59f]::plumbing::__rust_begin_short_backtrace::<rustc_query_impl[ec3b69200ec3e59f]::query_impl::collect_mod_item_types::dynamic_query::{closure#2}::{closure#0}, rustc_middle[9bf74739d8164068]::query::erase::Erased<[u8; 0usize]>>
  47:     0x792f8600cb54 - rustc_query_system[14bfac5267aee8ee]::query::plumbing::try_execute_query::<rustc_query_impl[ec3b69200ec3e59f]::DynamicConfig<rustc_query_system[14bfac5267aee8ee]::query::caches::DefaultCache<rustc_span[214fbc2545e6984b]::def_id::LocalModDefId, rustc_middle[9bf74739d8164068]::query::erase::Erased<[u8; 0usize]>>, false, false, false>, rustc_query_impl[ec3b69200ec3e59f]::plumbing::QueryCtxt, true>
  48:     0x792f8676b7fc - rustc_query_impl[ec3b69200ec3e59f]::query_impl::collect_mod_item_types::get_query_incr::__rust_end_short_backtrace
  49:     0x792f864cd068 - rustc_hir_analysis[94b2cf466d0c5332]::check_crate
  50:     0x792f86763aef - rustc_interface[6aee5a19bc2b6d64]::passes::analysis
  51:     0x792f86763759 - rustc_query_impl[ec3b69200ec3e59f]::plumbing::__rust_begin_short_backtrace::<rustc_query_impl[ec3b69200ec3e59f]::query_impl::analysis::dynamic_query::{closure#2}::{closure#0}, rustc_middle[9bf74739d8164068]::query::erase::Erased<[u8; 1usize]>>
  52:     0x792f869350e2 - rustc_query_system[14bfac5267aee8ee]::query::plumbing::try_execute_query::<rustc_query_impl[ec3b69200ec3e59f]::DynamicConfig<rustc_query_system[14bfac5267aee8ee]::query::caches::SingleCache<rustc_middle[9bf74739d8164068]::query::erase::Erased<[u8; 1usize]>>, false, false, false>, rustc_query_impl[ec3b69200ec3e59f]::plumbing::QueryCtxt, true>
  53:     0x792f86934cdc - rustc_query_impl[ec3b69200ec3e59f]::query_impl::analysis::get_query_incr::__rust_end_short_backtrace
  54:     0x792f8693dc16 - rustc_interface[6aee5a19bc2b6d64]::interface::run_compiler::<core[cf0ab25acd46a93d]::result::Result<(), rustc_span[214fbc2545e6984b]::ErrorGuaranteed>, rustc_driver_impl[e646bc2c37d34ca8]::run_compiler::{closure#0}>::{closure#0}
  55:     0x792f86be3c45 - std[f92a88bd87681e23]::sys_common::backtrace::__rust_begin_short_backtrace::<rustc_interface[6aee5a19bc2b6d64]::util::run_in_thread_with_globals<rustc_interface[6aee5a19bc2b6d64]::util::run_in_thread_pool_with_globals<rustc_interface[6aee5a19bc2b6d64]::interface::run_compiler<core[cf0ab25acd46a93d]::result::Result<(), rustc_span[214fbc2545e6984b]::ErrorGuaranteed>, rustc_driver_impl[e646bc2c37d34ca8]::run_compiler::{closure#0}>::{closure#0}, core[cf0ab25acd46a93d]::result::Result<(), rustc_span[214fbc2545e6984b]::ErrorGuaranteed>>::{closure#0}, core[cf0ab25acd46a93d]::result::Result<(), rustc_span[214fbc2545e6984b]::ErrorGuaranteed>>::{closure#0}::{closure#0}, core[cf0ab25acd46a93d]::result::Result<(), rustc_span[214fbc2545e6984b]::ErrorGuaranteed>>
  56:     0x792f86be3a72 - <<std[f92a88bd87681e23]::thread::Builder>::spawn_unchecked_<rustc_interface[6aee5a19bc2b6d64]::util::run_in_thread_with_globals<rustc_interface[6aee5a19bc2b6d64]::util::run_in_thread_pool_with_globals<rustc_interface[6aee5a19bc2b6d64]::interface::run_compiler<core[cf0ab25acd46a93d]::result::Result<(), rustc_span[214fbc2545e6984b]::ErrorGuaranteed>, rustc_driver_impl[e646bc2c37d34ca8]::run_compiler::{closure#0}>::{closure#0}, core[cf0ab25acd46a93d]::result::Result<(), rustc_span[214fbc2545e6984b]::ErrorGuaranteed>>::{closure#0}, core[cf0ab25acd46a93d]::result::Result<(), rustc_span[214fbc2545e6984b]::ErrorGuaranteed>>::{closure#0}::{closure#0}, core[cf0ab25acd46a93d]::result::Result<(), rustc_span[214fbc2545e6984b]::ErrorGuaranteed>>::{closure#1} as core[cf0ab25acd46a93d]::ops::function::FnOnce<()>>::call_once::{shim:vtable#0}
  57:     0x792f81999635 - <alloc::boxed::Box<F,A> as core::ops::function::FnOnce<Args>>::call_once::ha1695fe0be816259
                               at /rustc/fc3800f65777a365b5125706d60f97e4d0675efe/library/alloc/src/boxed.rs:2016:9
  58:     0x792f81999635 - <alloc::boxed::Box<F,A> as core::ops::function::FnOnce<Args>>::call_once::ha64e49f73fb4b1b4
                               at /rustc/fc3800f65777a365b5125706d60f97e4d0675efe/library/alloc/src/boxed.rs:2016:9
  59:     0x792f81999635 - std::sys::pal::unix::thread::Thread::new::thread_start::h2ecaeb7829e7ce39
                               at /rustc/fc3800f65777a365b5125706d60f97e4d0675efe/library/std/src/sys/pal/unix/thread.rs:108:17
  60:     0x792f81694ac3 - start_thread
                               at ./nptl/pthread_create.c:442:8
  61:     0x792f817268c0 - __GI___clone3
                               at ./misc/../sysdeps/unix/sysv/linux/x86_64/clone3.S:81
  62:                0x0 - <unknown>

note: we would appreciate a bug report: https://github.com/rust-lang/rust/issues/new?labels=C-bug%2C+I-ICE%2C+T-compiler&template=ice.md

note: please attach the file at `/data/zhangtianrong/projects/rustc-cbl/run/121722/rustc-ice-2026-01-18T07_11_56-3762609.txt` to your bug report

note: compiler flags: --crate-type bin -C embed-bitcode=no -C debuginfo=2 -C incremental=[REDACTED]

note: some of the compiler flags provided by cargo are hidden

query stack during panic:
#0 [adt_def] computing ADT definition for `D`
#1 [inferred_outlives_crate] computing the inferred outlives predicates for items in this crate
#2 [inferred_outlives_of] computing inferred outlives predicates of `Foo`
#3 [predicates_defined_on] computing predicates of `Foo`
#4 [predicates_of] computing predicates of `Foo`
#5 [collect_mod_item_types] collecting item types in top-level module
#6 [analysis] running analysis passes on this crate
end of query stack
For more information about this error, try `rustc --explain E0658`.
error: could not compile `bug_121722` (bin "bug_121722") due to 29 previous errors
------------------------------------------------------------
Return code: 101
