=== START 2026-01-20 13:31:03 ===
Bug ID: 122230
Toolchain: nightly-2024-03-07
Source: /data/zhangtianrong/projects/rustc-cbl/rustcbugs/122230
Run dir: /data/zhangtianrong/projects/rustc-cbl/run/122230
CMD: rustup run nightly-2024-03-07 cargo build
------------------------------------------------------------
   Compiling bug_122230 v0.1.0 (/data/zhangtianrong/projects/rustc-cbl/run/122230)
error: lifetime may not live long enough
 --> src/main.rs:7:9
  |
6 |     fn field<'field>(&self) -> impl Iterator<Item = &&'field str> {
  |              ------  - let's call the lifetime of this reference `'1`
  |              |
  |              lifetime `'field` defined here
7 |         self.field.iter()
  |         ^^^^^^^^^^^^^^^^^ method was supposed to return data with lifetime `'1` but it is returning data with lifetime `'field`

error: could not compile `bug_122230` (bin "bug_122230") due to 1 previous error
------------------------------------------------------------
Return code: 101
