=== START 2026-02-02 13:04:06 ===
Bug ID: 122659
Toolchain: nightly-2024-03-18
Source: /data/zhangtianrong/projects/rustc-cbl/rustcbugs/122659
Run dir: /data/zhangtianrong/projects/rustc-cbl/run/122659
CMD: rustup run nightly-2024-03-18 cargo build
------------------------------------------------------------
   Compiling bug_122659 v0.1.0 (/data/zhangtianrong/projects/rustc-cbl/run/122659)
warning: the feature `core_intrinsics` is internal to the compiler or standard library
 --> src/main.rs:1:12
  |
1 | #![feature(core_intrinsics)]
  |            ^^^^^^^^^^^^^^^
  |
  = note: using it is strongly discouraged
  = note: `#[warn(internal_features)]` on by default

warning: `bug_122659` (bin "bug_122659") generated 1 warning
    Finished `dev` profile [unoptimized + debuginfo] target(s) in 0.20s
------------------------------------------------------------
Return code: 0
