=== START 2026-01-20 13:12:55 ===
Bug ID: 122622
Toolchain: nightly-2024-03-16
Source: /data/zhangtianrong/projects/rustc-cbl/rustcbugs/122622
Run dir: /data/zhangtianrong/projects/rustc-cbl/run/122622
CMD: rustup run nightly-2024-03-16 cargo build
------------------------------------------------------------
   Compiling bug_122622 v0.1.0 (/data/zhangtianrong/projects/rustc-cbl/run/122622)
error[E0261]: use of undeclared lifetime name `'a`
 --> src/main.rs:7:31
  |
6 | struct Foo<T: SomeTrait> {
  |            - help: consider introducing lifetime `'a` here: `'a,`
7 |     x: for<'a> fn(T::SomeType<'a>)
  |                               ^^ undeclared lifetime
  |
  = note: for more information on higher-ranked polymorphism, visit https://doc.rust-lang.org/nomicon/hrtb.html

For more information about this error, try `rustc --explain E0261`.
error: could not compile `bug_122622` (bin "bug_122622") due to 1 previous error
------------------------------------------------------------
Return code: 101
