=== START 2026-01-15 23:09:43 ===
Bug ID: 122861
Toolchain: nightly-2024-03-22
Source: /data/zhangtianrong/projects/rustc-cbl/rustcbugs/122861
Run dir: /data/zhangtianrong/projects/rustc-cbl/run/122861
CMD: rustup run nightly-2024-03-22 cargo build RUSTFLAGS=-Znext-solver=coherence
------------------------------------------------------------
   Compiling bug_122861 v0.1.0 (/data/zhangtianrong/projects/rustc-cbl/run/122861)
error[E0261]: use of undeclared lifetime name `'a`
 --> src/main.rs:9:33
  |
9 | impl<B: ?Sized> Display for Cow<'a, B> {}
  |      -                          ^^ undeclared lifetime
  |      |
  |      help: consider introducing lifetime `'a` here: `'a,`

warning: unused import: `self`
 --> src/main.rs:1:16
  |
1 | use std::fmt::{self, Display};
  |                ^^^^
  |
  = note: `#[warn(unused_imports)]` on by default

error[E0392]: lifetime parameter `'a` is never used
 --> src/main.rs:3:14
  |
3 | pub enum Cow<'a, B: ?Sized + 'a, O = <B as ToOwned>::Owned> {
  |              ^^ unused lifetime parameter
  |
  = help: consider removing `'a`, referring to it in a field, or using a marker such as `PhantomData`

error[E0392]: type parameter `B` is never used
 --> src/main.rs:3:18
  |
3 | pub enum Cow<'a, B: ?Sized + 'a, O = <B as ToOwned>::Owned> {
  |                  ^ unused type parameter
  |
  = help: consider removing `B`, referring to it in a field, or using a marker such as `PhantomData`

error: internal compiler error: compiler/rustc_trait_selection/src/solve/fulfill.rs:253:17: did not expect successful goal when collecting ambiguity errors

thread 'rustc' panicked at compiler/rustc_trait_selection/src/solve/fulfill.rs:253:17:
Box<dyn Any>
stack backtrace:
   0:     0x73d6bd1acfa5 - std::backtrace_rs::backtrace::libunwind::trace::h679d01c861932e9e
                               at /rustc/0ad927c0c07b65fc0dae37105e09c877c87c296a/library/std/src/../../backtrace/src/backtrace/libunwind.rs:105:5
   1:     0x73d6bd1acfa5 - std::backtrace_rs::backtrace::trace_unsynchronized::h844ab42216481d11
                               at /rustc/0ad927c0c07b65fc0dae37105e09c877c87c296a/library/std/src/../../backtrace/src/backtrace/mod.rs:66:5
   2:     0x73d6bd1acfa5 - std::sys_common::backtrace::_print_fmt::hded996a88eb0ebe5
                               at /rustc/0ad927c0c07b65fc0dae37105e09c877c87c296a/library/std/src/sys_common/backtrace.rs:68:5
   3:     0x73d6bd1acfa5 - <std::sys_common::backtrace::_print::DisplayBacktrace as core::fmt::Display>::fmt::h5cbf4ae00ce2987b
                               at /rustc/0ad927c0c07b65fc0dae37105e09c877c87c296a/library/std/src/sys_common/backtrace.rs:44:22
   4:     0x73d6bd1fdfeb - core::fmt::rt::Argument::fmt::h63860774c6cb96d8
                               at /rustc/0ad927c0c07b65fc0dae37105e09c877c87c296a/library/core/src/fmt/rt.rs:142:9
   5:     0x73d6bd1fdfeb - core::fmt::write::h50de0697b18b6c58
                               at /rustc/0ad927c0c07b65fc0dae37105e09c877c87c296a/library/core/src/fmt/mod.rs:1153:17
   6:     0x73d6bd1a1d3f - std::io::Write::write_fmt::hfc015a285764248e
                               at /rustc/0ad927c0c07b65fc0dae37105e09c877c87c296a/library/std/src/io/mod.rs:1843:15
   7:     0x73d6bd1acd7e - std::sys_common::backtrace::_print::heb3c50b6ebbd2629
                               at /rustc/0ad927c0c07b65fc0dae37105e09c877c87c296a/library/std/src/sys_common/backtrace.rs:47:5
   8:     0x73d6bd1acd7e - std::sys_common::backtrace::print::h16dc64233af0ecc0
                               at /rustc/0ad927c0c07b65fc0dae37105e09c877c87c296a/library/std/src/sys_common/backtrace.rs:34:9
   9:     0x73d6bd1af9f9 - std::panicking::default_hook::{{closure}}::he761602674a90188
  10:     0x73d6bd1af763 - std::panicking::default_hook::hf0f68f006b5fc67a
                               at /rustc/0ad927c0c07b65fc0dae37105e09c877c87c296a/library/std/src/panicking.rs:292:9
  11:     0x73d6b9bce28e - std[a6d3664d074e4e2d]::panicking::update_hook::<alloc[e5204ed3b0e852a7]::boxed::Box<rustc_driver_impl[177aae33245cb812]::install_ice_hook::{closure#0}>>::{closure#0}
  12:     0x73d6bd1b0150 - <alloc::boxed::Box<F,A> as core::ops::function::Fn<Args>>::call::h910de5d7d29c18e7
                               at /rustc/0ad927c0c07b65fc0dae37105e09c877c87c296a/library/alloc/src/boxed.rs:2029:9
  13:     0x73d6bd1b0150 - std::panicking::rust_panic_with_hook::h2cb61026c897c737
                               at /rustc/0ad927c0c07b65fc0dae37105e09c877c87c296a/library/std/src/panicking.rs:783:13
  14:     0x73d6b9bfe024 - std[a6d3664d074e4e2d]::panicking::begin_panic::<rustc_errors[fe6a19821cc4e620]::ExplicitBug>::{closure#0}
  15:     0x73d6b9bfac76 - std[a6d3664d074e4e2d]::sys_common::backtrace::__rust_end_short_backtrace::<std[a6d3664d074e4e2d]::panicking::begin_panic<rustc_errors[fe6a19821cc4e620]::ExplicitBug>::{closure#0}, !>
  16:     0x73d6b9bf6156 - std[a6d3664d074e4e2d]::panicking::begin_panic::<rustc_errors[fe6a19821cc4e620]::ExplicitBug>
  17:     0x73d6b9c074a1 - <rustc_errors[fe6a19821cc4e620]::diagnostic::BugAbort as rustc_errors[fe6a19821cc4e620]::diagnostic::EmissionGuarantee>::emit_producing_guarantee
  18:     0x73d6ba099fbc - rustc_middle[3c0f42ae630e8f10]::util::bug::opt_span_bug_fmt::<rustc_span[3935dbab7cef6955]::span_encoding::Span>::{closure#0}
  19:     0x73d6ba07d46a - rustc_middle[3c0f42ae630e8f10]::ty::context::tls::with_opt::<rustc_middle[3c0f42ae630e8f10]::util::bug::opt_span_bug_fmt<rustc_span[3935dbab7cef6955]::span_encoding::Span>::{closure#0}, !>::{closure#0}
  20:     0x73d6ba07d2eb - rustc_middle[3c0f42ae630e8f10]::ty::context::tls::with_context_opt::<rustc_middle[3c0f42ae630e8f10]::ty::context::tls::with_opt<rustc_middle[3c0f42ae630e8f10]::util::bug::opt_span_bug_fmt<rustc_span[3935dbab7cef6955]::span_encoding::Span>::{closure#0}, !>::{closure#0}, !>
  21:     0x73d6b7c512a0 - rustc_middle[3c0f42ae630e8f10]::util::bug::bug_fmt
  22:     0x73d6ba697119 - <rustc_trait_selection[9aafb7628398eed1]::solve::fulfill::FulfillmentCtxt as rustc_infer[4284f17e25aada11]::traits::engine::TraitEngine>::collect_remaining_errors
  23:     0x73d6bb81c4f0 - rustc_trait_selection[9aafb7628398eed1]::traits::coherence::overlap
  24:     0x73d6bb8126fe - <rustc_middle[3c0f42ae630e8f10]::traits::specialization_graph::Children as rustc_trait_selection[9aafb7628398eed1]::traits::specialize::specialization_graph::ChildrenExt>::insert
  25:     0x73d6b8c3ea7b - <rustc_middle[3c0f42ae630e8f10]::traits::specialization_graph::Graph as rustc_trait_selection[9aafb7628398eed1]::traits::specialize::specialization_graph::GraphExt>::insert
  26:     0x73d6bb1c5669 - rustc_trait_selection[9aafb7628398eed1]::traits::specialize::specialization_graph_provider
  27:     0x73d6bb1c51ef - rustc_query_impl[3d32d7d6f9825ea7]::plumbing::__rust_begin_short_backtrace::<rustc_query_impl[3d32d7d6f9825ea7]::query_impl::specialization_graph_of::dynamic_query::{closure#2}::{closure#0}, rustc_middle[3c0f42ae630e8f10]::query::erase::Erased<[u8; 8usize]>>
  28:     0x73d6bb1b78e5 - rustc_query_system[e7e333fc838440db]::query::plumbing::try_execute_query::<rustc_query_impl[3d32d7d6f9825ea7]::DynamicConfig<rustc_query_system[e7e333fc838440db]::query::caches::DefIdCache<rustc_middle[3c0f42ae630e8f10]::query::erase::Erased<[u8; 8usize]>>, false, false, false>, rustc_query_impl[3d32d7d6f9825ea7]::plumbing::QueryCtxt, true>
  29:     0x73d6bbac7307 - rustc_query_impl[3d32d7d6f9825ea7]::query_impl::specialization_graph_of::get_query_incr::__rust_end_short_backtrace
  30:     0x73d6bb716cb5 - rustc_hir_analysis[1f1590225f3c0153]::coherence::coherent_trait
  31:     0x73d6bb7169b7 - rustc_query_impl[3d32d7d6f9825ea7]::plumbing::__rust_begin_short_backtrace::<rustc_query_impl[3d32d7d6f9825ea7]::query_impl::coherent_trait::dynamic_query::{closure#2}::{closure#0}, rustc_middle[3c0f42ae630e8f10]::query::erase::Erased<[u8; 1usize]>>
  32:     0x73d6bb4c36de - rustc_query_system[e7e333fc838440db]::query::plumbing::try_execute_query::<rustc_query_impl[3d32d7d6f9825ea7]::DynamicConfig<rustc_query_system[e7e333fc838440db]::query::caches::DefIdCache<rustc_middle[3c0f42ae630e8f10]::query::erase::Erased<[u8; 1usize]>>, false, false, false>, rustc_query_impl[3d32d7d6f9825ea7]::plumbing::QueryCtxt, true>
  33:     0x73d6bb52c907 - rustc_query_impl[3d32d7d6f9825ea7]::query_impl::coherent_trait::get_query_incr::__rust_end_short_backtrace
  34:     0x73d6bb73f9f2 - rustc_hir_analysis[1f1590225f3c0153]::check::wfcheck::check_well_formed
  35:     0x73d6bb73d7b5 - rustc_query_impl[3d32d7d6f9825ea7]::plumbing::__rust_begin_short_backtrace::<rustc_query_impl[3d32d7d6f9825ea7]::query_impl::check_well_formed::dynamic_query::{closure#2}::{closure#0}, rustc_middle[3c0f42ae630e8f10]::query::erase::Erased<[u8; 1usize]>>
  36:     0x73d6bb4bd7e4 - rustc_query_system[e7e333fc838440db]::query::plumbing::try_execute_query::<rustc_query_impl[3d32d7d6f9825ea7]::DynamicConfig<rustc_query_system[e7e333fc838440db]::query::caches::VecCache<rustc_hir[cba94727af164eae]::hir_id::OwnerId, rustc_middle[3c0f42ae630e8f10]::query::erase::Erased<[u8; 1usize]>>, false, false, false>, rustc_query_impl[3d32d7d6f9825ea7]::plumbing::QueryCtxt, true>
  37:     0x73d6bb4bd2f7 - rustc_query_impl[3d32d7d6f9825ea7]::query_impl::check_well_formed::get_query_incr::__rust_end_short_backtrace
  38:     0x73d6bb73abfa - rustc_hir_analysis[1f1590225f3c0153]::check::wfcheck::check_mod_type_wf
  39:     0x73d6bb73aa21 - rustc_query_impl[3d32d7d6f9825ea7]::plumbing::__rust_begin_short_backtrace::<rustc_query_impl[3d32d7d6f9825ea7]::query_impl::check_mod_type_wf::dynamic_query::{closure#2}::{closure#0}, rustc_middle[3c0f42ae630e8f10]::query::erase::Erased<[u8; 1usize]>>
  40:     0x73d6bbae180d - rustc_query_system[e7e333fc838440db]::query::plumbing::try_execute_query::<rustc_query_impl[3d32d7d6f9825ea7]::DynamicConfig<rustc_query_system[e7e333fc838440db]::query::caches::DefaultCache<rustc_span[3935dbab7cef6955]::def_id::LocalModDefId, rustc_middle[3c0f42ae630e8f10]::query::erase::Erased<[u8; 1usize]>>, false, false, false>, rustc_query_impl[3d32d7d6f9825ea7]::plumbing::QueryCtxt, true>
  41:     0x73d6bbae247e - rustc_query_impl[3d32d7d6f9825ea7]::query_impl::check_mod_type_wf::get_query_incr::__rust_end_short_backtrace
  42:     0x73d6bb27097b - rustc_hir_analysis[1f1590225f3c0153]::check_crate
  43:     0x73d6bb4aebaa - rustc_interface[773e0c8b9ac0b15a]::passes::analysis
  44:     0x73d6bb4ae707 - rustc_query_impl[3d32d7d6f9825ea7]::plumbing::__rust_begin_short_backtrace::<rustc_query_impl[3d32d7d6f9825ea7]::query_impl::analysis::dynamic_query::{closure#2}::{closure#0}, rustc_middle[3c0f42ae630e8f10]::query::erase::Erased<[u8; 1usize]>>
  45:     0x73d6bbf88322 - rustc_query_system[e7e333fc838440db]::query::plumbing::try_execute_query::<rustc_query_impl[3d32d7d6f9825ea7]::DynamicConfig<rustc_query_system[e7e333fc838440db]::query::caches::SingleCache<rustc_middle[3c0f42ae630e8f10]::query::erase::Erased<[u8; 1usize]>>, false, false, false>, rustc_query_impl[3d32d7d6f9825ea7]::plumbing::QueryCtxt, true>
  46:     0x73d6bbf87f1c - rustc_query_impl[3d32d7d6f9825ea7]::query_impl::analysis::get_query_incr::__rust_end_short_backtrace
  47:     0x73d6bbc8c099 - rustc_interface[773e0c8b9ac0b15a]::interface::run_compiler::<core[f542d2235e74f536]::result::Result<(), rustc_span[3935dbab7cef6955]::ErrorGuaranteed>, rustc_driver_impl[177aae33245cb812]::run_compiler::{closure#0}>::{closure#0}
  48:     0x73d6bbd55987 - std[a6d3664d074e4e2d]::sys_common::backtrace::__rust_begin_short_backtrace::<rustc_interface[773e0c8b9ac0b15a]::util::run_in_thread_with_globals<rustc_interface[773e0c8b9ac0b15a]::util::run_in_thread_pool_with_globals<rustc_interface[773e0c8b9ac0b15a]::interface::run_compiler<core[f542d2235e74f536]::result::Result<(), rustc_span[3935dbab7cef6955]::ErrorGuaranteed>, rustc_driver_impl[177aae33245cb812]::run_compiler::{closure#0}>::{closure#0}, core[f542d2235e74f536]::result::Result<(), rustc_span[3935dbab7cef6955]::ErrorGuaranteed>>::{closure#0}, core[f542d2235e74f536]::result::Result<(), rustc_span[3935dbab7cef6955]::ErrorGuaranteed>>::{closure#0}::{closure#0}, core[f542d2235e74f536]::result::Result<(), rustc_span[3935dbab7cef6955]::ErrorGuaranteed>>
  49:     0x73d6bbd557b4 - <<std[a6d3664d074e4e2d]::thread::Builder>::spawn_unchecked_<rustc_interface[773e0c8b9ac0b15a]::util::run_in_thread_with_globals<rustc_interface[773e0c8b9ac0b15a]::util::run_in_thread_pool_with_globals<rustc_interface[773e0c8b9ac0b15a]::interface::run_compiler<core[f542d2235e74f536]::result::Result<(), rustc_span[3935dbab7cef6955]::ErrorGuaranteed>, rustc_driver_impl[177aae33245cb812]::run_compiler::{closure#0}>::{closure#0}, core[f542d2235e74f536]::result::Result<(), rustc_span[3935dbab7cef6955]::ErrorGuaranteed>>::{closure#0}, core[f542d2235e74f536]::result::Result<(), rustc_span[3935dbab7cef6955]::ErrorGuaranteed>>::{closure#0}::{closure#0}, core[f542d2235e74f536]::result::Result<(), rustc_span[3935dbab7cef6955]::ErrorGuaranteed>>::{closure#1} as core[f542d2235e74f536]::ops::function::FnOnce<()>>::call_once::{shim:vtable#0}
  50:     0x73d6bd1b9919 - <alloc::boxed::Box<F,A> as core::ops::function::FnOnce<Args>>::call_once::h1c605e92c63edbd9
                               at /rustc/0ad927c0c07b65fc0dae37105e09c877c87c296a/library/alloc/src/boxed.rs:2015:9
  51:     0x73d6bd1b9919 - <alloc::boxed::Box<F,A> as core::ops::function::FnOnce<Args>>::call_once::h17dff47eba1ee89b
                               at /rustc/0ad927c0c07b65fc0dae37105e09c877c87c296a/library/alloc/src/boxed.rs:2015:9
  52:     0x73d6bd1b9919 - std::sys::pal::unix::thread::Thread::new::thread_start::h9a9d47ad2c64592d
                               at /rustc/0ad927c0c07b65fc0dae37105e09c877c87c296a/library/std/src/sys/pal/unix/thread.rs:108:17
  53:     0x73d6b6894ac3 - start_thread
                               at ./nptl/pthread_create.c:442:8
  54:     0x73d6b69268c0 - __GI___clone3
                               at ./misc/../sysdeps/unix/sysv/linux/x86_64/clone3.S:81
  55:                0x0 - <unknown>

note: it seems that this compiler `1.79.0-nightly (0ad927c0c 2024-03-21)` is outdated, a newer nightly should have been released in the mean time
  |
  = note: please consider running `rustup update nightly` to update the nightly channel and check if this problem still persists
  = note: if the problem still persists, we would appreciate a bug report: https://github.com/rust-lang/rust/issues/new?labels=C-bug%2C+I-ICE%2C+T-compiler&template=ice.md

note: please attach the file at `/data/zhangtianrong/projects/rustc-cbl/run/122861/rustc-ice-2026-01-15T15_09_43-2427694.txt` to your bug report

note: compiler flags: --crate-type bin -C embed-bitcode=no -C debuginfo=2 -C incremental=[REDACTED] -Z next-solver=coherence

note: some of the compiler flags provided by cargo are hidden

query stack during panic:
#0 [specialization_graph_of] building specialization graph of trait `alloc::string::ToString`
#1 [coherent_trait] coherence checking all impls of trait `alloc::string::ToString`
#2 [check_well_formed] checking that `<impl at src/main.rs:7:1: 7:31>` is well-formed
#3 [check_mod_type_wf] checking that types are well-formed in top-level module
#4 [analysis] running analysis passes on this crate
end of query stack
Some errors have detailed explanations: E0261, E0392.
For more information about an error, try `rustc --explain E0261`.
warning: `bug_122861` (bin "bug_122861") generated 1 warning
error: could not compile `bug_122861` (bin "bug_122861") due to 3 previous errors; 1 warning emitted
------------------------------------------------------------
Return code: 101
