=== START 2026-01-20 13:05:35 ===
Bug ID: 122859
Toolchain: nightly-2024-03-20
Source: /data/zhangtianrong/projects/rustc-cbl/rustcbugs/122859
Run dir: /data/zhangtianrong/projects/rustc-cbl/run/122859
CMD: rustup run nightly-2024-03-20 cargo build
------------------------------------------------------------
   Compiling crate_b v0.1.0 (/data/zhangtianrong/projects/rustc-cbl/run/122859/crate_b)
   Compiling bug_122859 v0.1.0 (/data/zhangtianrong/projects/rustc-cbl/run/122859)
error[E0277]: the trait bound `<<T as Foo>::FooAssoc as Super>::SuperAssoc: Unsatisfied` is not satisfied
 --> src/main.rs:4:18
  |
4 |    unsatisfied::<<T::FooAssoc as Super>::SuperAssoc>()
  |                  ^^^^^^^^^^^^^^^^^^^^^^^^^^^^^^^^^^ the trait `Unsatisfied` is not implemented for `<<T as Foo>::FooAssoc as Super>::SuperAssoc`
  |
note: required by a bound in `unsatisfied`
 --> src/main.rs:7:19
  |
7 | fn unsatisfied<B: Unsatisfied>() {}
  |                   ^^^^^^^^^^^ required by this bound in `unsatisfied`
help: consider further restricting the associated type
  |
3 | fn foo<T: Foo>() where <<T as Foo>::FooAssoc as Super>::SuperAssoc: Unsatisfied {
  |                  ++++++++++++++++++++++++++++++++++++++++++++++++++++++++++++++

For more information about this error, try `rustc --explain E0277`.
error: could not compile `bug_122859` (bin "bug_122859") due to 1 previous error
------------------------------------------------------------
Return code: 101
