=== START 2026-01-15 23:05:47 ===
Bug ID: 122989
Toolchain: nightly-2024-03-24
Source: /data/zhangtianrong/projects/rustc-cbl/rustcbugs/122989
Run dir: /data/zhangtianrong/projects/rustc-cbl/run/122989
CMD: rustup run nightly-2024-03-24 cargo build
------------------------------------------------------------
   Compiling bug_122989 v0.1.0 (/data/zhangtianrong/projects/rustc-cbl/run/122989)
error: expected one of `:`, `@`, or `|`, found `)`
 --> src/main.rs:2:12
  |
2 |     fn N(&N) -> N<2> {
  |            ^ expected one of `:`, `@`, or `|`
  |
  = note: anonymous parameters are removed in the 2018 edition (see RFC 1685)
help: if this is a `self` type, give it a parameter name
  |
2 |     fn N(self: &N) -> N<2> {
  |          +++++
help: if this is a parameter name, give it a type
  |
2 |     fn N(N: &TypeName) -> N<2> {
  |          ~~~~~~~~~~~~
help: if this is a type, explicitly ignore the parameter name
  |
2 |     fn N(_: &N) -> N<2> {
  |          ++

error[E0403]: the name `N` is already used for a generic parameter in this item's generic parameters
 --> src/main.rs:1:40
  |
1 | trait Traitor<const N: N<2> = 1, const N: N<2> = N> {
  |                     - first use of `N` ^ already used

error[E0425]: cannot find value `M` in this scope
 --> src/main.rs:3:9
  |
3 |         M
  |         ^ help: a local variable with a similar name exists: `N`

error[E0391]: cycle detected when computing type of `Traitor::N`
 --> src/main.rs:1:15
  |
1 | trait Traitor<const N: N<2> = 1, const N: N<2> = N> {
  |               ^^^^^^^^^^^^^^^^^
  |
note: ...which requires computing type of `N::N`...
 --> src/main.rs:7:9
  |
7 | trait N<const N: Traitor<2> = 12> {}
  |         ^^^^^^^^^^^^^^^^^^^^^^^^
  = note: ...which again requires computing type of `Traitor::N`, completing the cycle
note: cycle used when computing explicit predicates of trait `Traitor`
 --> src/main.rs:1:1
  |
1 | trait Traitor<const N: N<2> = 1, const N: N<2> = N> {
  | ^^^^^^^^^^^^^^^^^^^^^^^^^^^^^^^^^^^^^^^^^^^^^^^^^^^
  = note: see https://rustc-dev-guide.rust-lang.org/overview.html#queries and https://rustc-dev-guide.rust-lang.org/query.html for more information

error[E0391]: cycle detected when computing type of `N::N`
 --> src/main.rs:7:18
  |
7 | trait N<const N: Traitor<2> = 12> {}
  |                  ^^^^^^^^^^
  |
note: ...which requires computing type of `Traitor::N`...
 --> src/main.rs:1:34
  |
1 | trait Traitor<const N: N<2> = 1, const N: N<2> = N> {
  |                                  ^^^^^^^^^^^^^^^^^
  = note: ...which again requires computing type of `N::N`, completing the cycle
note: cycle used when computing type of `Traitor::N`
 --> src/main.rs:1:15
  |
1 | trait Traitor<const N: N<2> = 1, const N: N<2> = N> {
  |               ^^^^^^^^^^^^^^^^^
  = note: see https://rustc-dev-guide.rust-lang.org/overview.html#queries and https://rustc-dev-guide.rust-lang.org/query.html for more information

error: internal compiler error: compiler/rustc_hir_analysis/src/hir_wf_check.rs:176:25: Unexpected node AnonConst(AnonConst { hir_id: HirId(DefId(0:3 ~ bug_122989[99c4]::Traitor).1), def_id: DefId(0:5 ~ bug_122989[99c4]::Traitor::{constant#0}), body: BodyId { hir_id: HirId(DefId(0:3 ~ bug_122989[99c4]::Traitor).2) } })

thread 'rustc' panicked at compiler/rustc_hir_analysis/src/hir_wf_check.rs:176:25:
Box<dyn Any>
stack backtrace:
   0:     0x70cb0cd8bfd5 - std::backtrace_rs::backtrace::libunwind::trace::h3a9d45e1b8c03229
                               at /rustc/2f090c30ddd6b3bbe5c81c087579a5166e7c7278/library/std/src/../../backtrace/src/backtrace/libunwind.rs:105:5
   1:     0x70cb0cd8bfd5 - std::backtrace_rs::backtrace::trace_unsynchronized::hb81075003aac3342
                               at /rustc/2f090c30ddd6b3bbe5c81c087579a5166e7c7278/library/std/src/../../backtrace/src/backtrace/mod.rs:66:5
   2:     0x70cb0cd8bfd5 - std::sys_common::backtrace::_print_fmt::h12c3091fdb445339
                               at /rustc/2f090c30ddd6b3bbe5c81c087579a5166e7c7278/library/std/src/sys_common/backtrace.rs:68:5
   3:     0x70cb0cd8bfd5 - <std::sys_common::backtrace::_print::DisplayBacktrace as core::fmt::Display>::fmt::hb3c0319dc68a6a30
                               at /rustc/2f090c30ddd6b3bbe5c81c087579a5166e7c7278/library/std/src/sys_common/backtrace.rs:44:22
   4:     0x70cb0cddd07b - core::fmt::rt::Argument::fmt::h4be3db386d94acd4
                               at /rustc/2f090c30ddd6b3bbe5c81c087579a5166e7c7278/library/core/src/fmt/rt.rs:142:9
   5:     0x70cb0cddd07b - core::fmt::write::hb14763971b0bd8c4
                               at /rustc/2f090c30ddd6b3bbe5c81c087579a5166e7c7278/library/core/src/fmt/mod.rs:1153:17
   6:     0x70cb0cd80cef - std::io::Write::write_fmt::h3c5041f109c6aad1
                               at /rustc/2f090c30ddd6b3bbe5c81c087579a5166e7c7278/library/std/src/io/mod.rs:1843:15
   7:     0x70cb0cd8bdae - std::sys_common::backtrace::_print::h9bcb3e991ce0e936
                               at /rustc/2f090c30ddd6b3bbe5c81c087579a5166e7c7278/library/std/src/sys_common/backtrace.rs:47:5
   8:     0x70cb0cd8bdae - std::sys_common::backtrace::print::hfe2b50a3b7e451ea
                               at /rustc/2f090c30ddd6b3bbe5c81c087579a5166e7c7278/library/std/src/sys_common/backtrace.rs:34:9
   9:     0x70cb0cd8ea29 - std::panicking::default_hook::{{closure}}::hd45cb8593a5f217f
  10:     0x70cb0cd8e793 - std::panicking::default_hook::hab40557b5791d76b
                               at /rustc/2f090c30ddd6b3bbe5c81c087579a5166e7c7278/library/std/src/panicking.rs:292:9
  11:     0x70cb0fdca75f - std[c6137b842b039b9c]::panicking::update_hook::<alloc[6507a21133592989]::boxed::Box<rustc_driver_impl[c8791899bfc93667]::install_ice_hook::{closure#0}>>::{closure#0}
  12:     0x70cb0cd8f1c8 - <alloc::boxed::Box<F,A> as core::ops::function::Fn<Args>>::call::h590bf7f3bbdb3074
                               at /rustc/2f090c30ddd6b3bbe5c81c087579a5166e7c7278/library/alloc/src/boxed.rs:2029:9
  13:     0x70cb0cd8f1c8 - std::panicking::rust_panic_with_hook::h7019e963bee9c774
                               at /rustc/2f090c30ddd6b3bbe5c81c087579a5166e7c7278/library/std/src/panicking.rs:789:13
  14:     0x70cb0fdfacd4 - std[c6137b842b039b9c]::panicking::begin_panic::<rustc_errors[69ac79f586bd4061]::ExplicitBug>::{closure#0}
  15:     0x70cb0fdf7a46 - std[c6137b842b039b9c]::sys_common::backtrace::__rust_end_short_backtrace::<std[c6137b842b039b9c]::panicking::begin_panic<rustc_errors[69ac79f586bd4061]::ExplicitBug>::{closure#0}, !>
  16:     0x70cb0fdf7726 - std[c6137b842b039b9c]::panicking::begin_panic::<rustc_errors[69ac79f586bd4061]::ExplicitBug>
  17:     0x70cb0fe03fa1 - <rustc_errors[69ac79f586bd4061]::diagnostic::BugAbort as rustc_errors[69ac79f586bd4061]::diagnostic::EmissionGuarantee>::emit_producing_guarantee
  18:     0x70cb10295b6c - rustc_middle[50693f396bf8ba]::util::bug::opt_span_bug_fmt::<rustc_span[5c8c1d2776d81648]::span_encoding::Span>::{closure#0}
  19:     0x70cb102798da - rustc_middle[50693f396bf8ba]::ty::context::tls::with_opt::<rustc_middle[50693f396bf8ba]::util::bug::opt_span_bug_fmt<rustc_span[5c8c1d2776d81648]::span_encoding::Span>::{closure#0}, !>::{closure#0}
  20:     0x70cb1027975b - rustc_middle[50693f396bf8ba]::ty::context::tls::with_context_opt::<rustc_middle[50693f396bf8ba]::ty::context::tls::with_opt<rustc_middle[50693f396bf8ba]::util::bug::opt_span_bug_fmt<rustc_span[5c8c1d2776d81648]::span_encoding::Span>::{closure#0}, !>::{closure#0}, !>
  21:     0x70cb0e735250 - rustc_middle[50693f396bf8ba]::util::bug::bug_fmt
  22:     0x70cb0ff03daa - rustc_hir_analysis[5946af921d694acd]::hir_wf_check::diagnostic_hir_wf_check
  23:     0x70cb1060da04 - rustc_query_impl[1cbd4b311cdae1ef]::plumbing::__rust_begin_short_backtrace::<rustc_query_impl[1cbd4b311cdae1ef]::query_impl::diagnostic_hir_wf_check::dynamic_query::{closure#2}::{closure#0}, rustc_middle[50693f396bf8ba]::query::erase::Erased<[u8; 8usize]>>
  24:     0x70cb105f1bcb - <rustc_query_impl[1cbd4b311cdae1ef]::query_impl::diagnostic_hir_wf_check::dynamic_query::{closure#2} as core[538b8a97dfb8cd96]::ops::function::FnOnce<(rustc_middle[50693f396bf8ba]::ty::context::TyCtxt, (rustc_middle[50693f396bf8ba]::ty::predicate::Predicate, rustc_middle[50693f396bf8ba]::traits::WellFormedLoc))>>::call_once
  25:     0x70cb1198029d - <rustc_query_system[2b7d96694884e052]::query::plumbing::execute_job_incr<rustc_query_impl[1cbd4b311cdae1ef]::DynamicConfig<rustc_query_system[2b7d96694884e052]::query::caches::DefaultCache<(rustc_middle[50693f396bf8ba]::ty::predicate::Predicate, rustc_middle[50693f396bf8ba]::traits::WellFormedLoc), rustc_middle[50693f396bf8ba]::query::erase::Erased<[u8; 8usize]>>, false, false, false>, rustc_query_impl[1cbd4b311cdae1ef]::plumbing::QueryCtxt>::{closure#2}::{closure#2} as core[538b8a97dfb8cd96]::ops::function::FnOnce<((rustc_query_impl[1cbd4b311cdae1ef]::plumbing::QueryCtxt, rustc_query_impl[1cbd4b311cdae1ef]::DynamicConfig<rustc_query_system[2b7d96694884e052]::query::caches::DefaultCache<(rustc_middle[50693f396bf8ba]::ty::predicate::Predicate, rustc_middle[50693f396bf8ba]::traits::WellFormedLoc), rustc_middle[50693f396bf8ba]::query::erase::Erased<[u8; 8usize]>>, false, false, false>), (rustc_middle[50693f396bf8ba]::ty::predicate::Predicate, rustc_middle[50693f396bf8ba]::traits::WellFormedLoc))>>::call_once
  26:     0x70cb10578415 - <rustc_middle[50693f396bf8ba]::dep_graph::DepsType as rustc_query_system[2b7d96694884e052]::dep_graph::Deps>::with_deps::<<rustc_query_system[2b7d96694884e052]::dep_graph::graph::DepGraphData<rustc_middle[50693f396bf8ba]::dep_graph::DepsType>>::with_task<(rustc_query_impl[1cbd4b311cdae1ef]::plumbing::QueryCtxt, rustc_query_impl[1cbd4b311cdae1ef]::DynamicConfig<rustc_query_system[2b7d96694884e052]::query::caches::DefaultCache<(rustc_middle[50693f396bf8ba]::ty::predicate::Predicate, rustc_middle[50693f396bf8ba]::traits::WellFormedLoc), rustc_middle[50693f396bf8ba]::query::erase::Erased<[u8; 8usize]>>, false, false, false>), (rustc_middle[50693f396bf8ba]::ty::predicate::Predicate, rustc_middle[50693f396bf8ba]::traits::WellFormedLoc), rustc_middle[50693f396bf8ba]::query::erase::Erased<[u8; 8usize]>>::{closure#0}::{closure#0}, rustc_middle[50693f396bf8ba]::query::erase::Erased<[u8; 8usize]>>
  27:     0x70cb10573333 - rustc_query_system[2b7d96694884e052]::query::plumbing::try_execute_query::<rustc_query_impl[1cbd4b311cdae1ef]::DynamicConfig<rustc_query_system[2b7d96694884e052]::query::caches::DefaultCache<(rustc_middle[50693f396bf8ba]::ty::predicate::Predicate, rustc_middle[50693f396bf8ba]::traits::WellFormedLoc), rustc_middle[50693f396bf8ba]::query::erase::Erased<[u8; 8usize]>>, false, false, false>, rustc_query_impl[1cbd4b311cdae1ef]::plumbing::QueryCtxt, true>
  28:     0x70cb10638f3e - rustc_query_impl[1cbd4b311cdae1ef]::query_impl::diagnostic_hir_wf_check::get_query_incr::__rust_end_short_backtrace
  29:     0x70cb109014ee - <rustc_infer[ad516dd7feba4740]::infer::error_reporting::TypeErrCtxt as rustc_trait_selection[26a48bf3fa0abf37]::traits::error_reporting::type_err_ctxt_ext::TypeErrCtxtExt>::report_selection_error
  30:     0x70cb109152d1 - <rustc_infer[ad516dd7feba4740]::infer::error_reporting::TypeErrCtxt as rustc_trait_selection[26a48bf3fa0abf37]::traits::error_reporting::type_err_ctxt_ext::InferCtxtPrivExt>::report_fulfillment_error
  31:     0x70cb108feaad - <rustc_infer[ad516dd7feba4740]::infer::error_reporting::TypeErrCtxt as rustc_trait_selection[26a48bf3fa0abf37]::traits::error_reporting::type_err_ctxt_ext::TypeErrCtxtExt>::report_fulfillment_errors
  32:     0x70cb11290b46 - <rustc_hir_typeck[58b145b72dd54198]::fn_ctxt::FnCtxt>::coerce
  33:     0x70cb1128956f - <rustc_hir_typeck[58b145b72dd54198]::fn_ctxt::FnCtxt>::demand_coerce
  34:     0x70cb114099f7 - rustc_hir_typeck[58b145b72dd54198]::typeck
  35:     0x70cb1140754d - rustc_query_impl[1cbd4b311cdae1ef]::plumbing::__rust_begin_short_backtrace::<rustc_query_impl[1cbd4b311cdae1ef]::query_impl::typeck::dynamic_query::{closure#2}::{closure#0}, rustc_middle[50693f396bf8ba]::query::erase::Erased<[u8; 8usize]>>
  36:     0x70cb113f8a6e - rustc_query_system[2b7d96694884e052]::query::plumbing::try_execute_query::<rustc_query_impl[1cbd4b311cdae1ef]::DynamicConfig<rustc_query_system[2b7d96694884e052]::query::caches::VecCache<rustc_span[5c8c1d2776d81648]::def_id::LocalDefId, rustc_middle[50693f396bf8ba]::query::erase::Erased<[u8; 8usize]>>, false, false, false>, rustc_query_impl[1cbd4b311cdae1ef]::plumbing::QueryCtxt, true>
  37:     0x70cb116afc4f - rustc_query_impl[1cbd4b311cdae1ef]::query_impl::typeck::get_query_incr::__rust_end_short_backtrace
  38:     0x70cb1161851c - rustc_mir_build[4a4c21cddcce511a]::thir::pattern::check_match::check_match
  39:     0x70cb116176bb - rustc_query_impl[1cbd4b311cdae1ef]::plumbing::__rust_begin_short_backtrace::<rustc_query_impl[1cbd4b311cdae1ef]::query_impl::check_match::dynamic_query::{closure#2}::{closure#0}, rustc_middle[50693f396bf8ba]::query::erase::Erased<[u8; 1usize]>>
  40:     0x70cb116bd420 - rustc_query_system[2b7d96694884e052]::query::plumbing::try_execute_query::<rustc_query_impl[1cbd4b311cdae1ef]::DynamicConfig<rustc_query_system[2b7d96694884e052]::query::caches::VecCache<rustc_span[5c8c1d2776d81648]::def_id::LocalDefId, rustc_middle[50693f396bf8ba]::query::erase::Erased<[u8; 1usize]>>, false, false, false>, rustc_query_impl[1cbd4b311cdae1ef]::plumbing::QueryCtxt, true>
  41:     0x70cb112c312c - rustc_query_impl[1cbd4b311cdae1ef]::query_impl::check_match::get_query_incr::__rust_end_short_backtrace
  42:     0x70cb116071ff - rustc_mir_build[4a4c21cddcce511a]::build::mir_built
  43:     0x70cb116070d5 - rustc_query_impl[1cbd4b311cdae1ef]::plumbing::__rust_begin_short_backtrace::<rustc_query_impl[1cbd4b311cdae1ef]::query_impl::mir_built::dynamic_query::{closure#2}::{closure#0}, rustc_middle[50693f396bf8ba]::query::erase::Erased<[u8; 8usize]>>
  44:     0x70cb113f8a6e - rustc_query_system[2b7d96694884e052]::query::plumbing::try_execute_query::<rustc_query_impl[1cbd4b311cdae1ef]::DynamicConfig<rustc_query_system[2b7d96694884e052]::query::caches::VecCache<rustc_span[5c8c1d2776d81648]::def_id::LocalDefId, rustc_middle[50693f396bf8ba]::query::erase::Erased<[u8; 8usize]>>, false, false, false>, rustc_query_impl[1cbd4b311cdae1ef]::plumbing::QueryCtxt, true>
  45:     0x70cb116af9ca - rustc_query_impl[1cbd4b311cdae1ef]::query_impl::mir_built::get_query_incr::__rust_end_short_backtrace
  46:     0x70cb119b68f9 - rustc_mir_transform[86a959fba29dc658]::mir_const
  47:     0x70cb119b65af - rustc_query_impl[1cbd4b311cdae1ef]::plumbing::__rust_begin_short_backtrace::<rustc_query_impl[1cbd4b311cdae1ef]::query_impl::mir_const::dynamic_query::{closure#2}::{closure#0}, rustc_middle[50693f396bf8ba]::query::erase::Erased<[u8; 8usize]>>
  48:     0x70cb113f8a6e - rustc_query_system[2b7d96694884e052]::query::plumbing::try_execute_query::<rustc_query_impl[1cbd4b311cdae1ef]::DynamicConfig<rustc_query_system[2b7d96694884e052]::query::caches::VecCache<rustc_span[5c8c1d2776d81648]::def_id::LocalDefId, rustc_middle[50693f396bf8ba]::query::erase::Erased<[u8; 8usize]>>, false, false, false>, rustc_query_impl[1cbd4b311cdae1ef]::plumbing::QueryCtxt, true>
  49:     0x70cb113f720c - rustc_query_impl[1cbd4b311cdae1ef]::query_impl::mir_const::get_query_incr::__rust_end_short_backtrace
  50:     0x70cb113f4e99 - rustc_middle[50693f396bf8ba]::query::plumbing::query_get_at::<rustc_query_system[2b7d96694884e052]::query::caches::VecCache<rustc_span[5c8c1d2776d81648]::def_id::LocalDefId, rustc_middle[50693f396bf8ba]::query::erase::Erased<[u8; 8usize]>>>
  51:     0x70cb119aa841 - rustc_mir_transform[86a959fba29dc658]::mir_const_qualif
  52:     0x70cb119aa7f5 - rustc_query_impl[1cbd4b311cdae1ef]::plumbing::__rust_begin_short_backtrace::<rustc_query_impl[1cbd4b311cdae1ef]::query_impl::mir_const_qualif::dynamic_query::{closure#2}::{closure#0}, rustc_middle[50693f396bf8ba]::query::erase::Erased<[u8; 4usize]>>
  53:     0x70cb119a9279 - rustc_query_system[2b7d96694884e052]::query::plumbing::try_execute_query::<rustc_query_impl[1cbd4b311cdae1ef]::DynamicConfig<rustc_query_system[2b7d96694884e052]::query::caches::DefIdCache<rustc_middle[50693f396bf8ba]::query::erase::Erased<[u8; 4usize]>>, false, false, false>, rustc_query_impl[1cbd4b311cdae1ef]::plumbing::QueryCtxt, true>
  54:     0x70cb119a8c2e - rustc_query_impl[1cbd4b311cdae1ef]::query_impl::mir_const_qualif::get_query_incr::__rust_end_short_backtrace
  55:     0x70cb119a9e8c - rustc_middle[50693f396bf8ba]::query::plumbing::query_get_at::<rustc_query_system[2b7d96694884e052]::query::caches::DefIdCache<rustc_middle[50693f396bf8ba]::query::erase::Erased<[u8; 4usize]>>>
  56:     0x70cb0ec78c63 - rustc_mir_transform[86a959fba29dc658]::mir_promoted
  57:     0x70cb11524eda - rustc_query_impl[1cbd4b311cdae1ef]::plumbing::__rust_begin_short_backtrace::<rustc_query_impl[1cbd4b311cdae1ef]::query_impl::mir_promoted::dynamic_query::{closure#2}::{closure#0}, rustc_middle[50693f396bf8ba]::query::erase::Erased<[u8; 16usize]>>
  58:     0x70cb116ba49c - rustc_query_system[2b7d96694884e052]::query::plumbing::try_execute_query::<rustc_query_impl[1cbd4b311cdae1ef]::DynamicConfig<rustc_query_system[2b7d96694884e052]::query::caches::VecCache<rustc_span[5c8c1d2776d81648]::def_id::LocalDefId, rustc_middle[50693f396bf8ba]::query::erase::Erased<[u8; 16usize]>>, false, false, false>, rustc_query_impl[1cbd4b311cdae1ef]::plumbing::QueryCtxt, true>
  59:     0x70cb116b9af8 - rustc_query_impl[1cbd4b311cdae1ef]::query_impl::mir_promoted::get_query_incr::__rust_end_short_backtrace
  60:     0x70cb113f3750 - rustc_borrowck[748f776fa818fcb8]::mir_borrowck
  61:     0x70cb113f3697 - rustc_query_impl[1cbd4b311cdae1ef]::plumbing::__rust_begin_short_backtrace::<rustc_query_impl[1cbd4b311cdae1ef]::query_impl::mir_borrowck::dynamic_query::{closure#2}::{closure#0}, rustc_middle[50693f396bf8ba]::query::erase::Erased<[u8; 8usize]>>
  62:     0x70cb113f8a6e - rustc_query_system[2b7d96694884e052]::query::plumbing::try_execute_query::<rustc_query_impl[1cbd4b311cdae1ef]::DynamicConfig<rustc_query_system[2b7d96694884e052]::query::caches::VecCache<rustc_span[5c8c1d2776d81648]::def_id::LocalDefId, rustc_middle[50693f396bf8ba]::query::erase::Erased<[u8; 8usize]>>, false, false, false>, rustc_query_impl[1cbd4b311cdae1ef]::plumbing::QueryCtxt, true>
  63:     0x70cb116afdae - rustc_query_impl[1cbd4b311cdae1ef]::query_impl::mir_borrowck::get_query_incr::__rust_end_short_backtrace
  64:     0x70cb119b1beb - rustc_mir_transform[86a959fba29dc658]::mir_drops_elaborated_and_const_checked
  65:     0x70cb119b12e1 - rustc_query_impl[1cbd4b311cdae1ef]::plumbing::__rust_begin_short_backtrace::<rustc_query_impl[1cbd4b311cdae1ef]::query_impl::mir_drops_elaborated_and_const_checked::dynamic_query::{closure#2}::{closure#0}, rustc_middle[50693f396bf8ba]::query::erase::Erased<[u8; 8usize]>>
  66:     0x70cb113f8a6e - rustc_query_system[2b7d96694884e052]::query::plumbing::try_execute_query::<rustc_query_impl[1cbd4b311cdae1ef]::DynamicConfig<rustc_query_system[2b7d96694884e052]::query::caches::VecCache<rustc_span[5c8c1d2776d81648]::def_id::LocalDefId, rustc_middle[50693f396bf8ba]::query::erase::Erased<[u8; 8usize]>>, false, false, false>, rustc_query_impl[1cbd4b311cdae1ef]::plumbing::QueryCtxt, true>
  67:     0x70cb116b0271 - rustc_query_impl[1cbd4b311cdae1ef]::query_impl::mir_drops_elaborated_and_const_checked::get_query_incr::__rust_end_short_backtrace
  68:     0x70cb113f4e99 - rustc_middle[50693f396bf8ba]::query::plumbing::query_get_at::<rustc_query_system[2b7d96694884e052]::query::caches::VecCache<rustc_span[5c8c1d2776d81648]::def_id::LocalDefId, rustc_middle[50693f396bf8ba]::query::erase::Erased<[u8; 8usize]>>>
  69:     0x70cb119b00ac - rustc_mir_transform[86a959fba29dc658]::mir_for_ctfe
  70:     0x70cb119b0025 - rustc_query_impl[1cbd4b311cdae1ef]::plumbing::__rust_begin_short_backtrace::<rustc_query_impl[1cbd4b311cdae1ef]::query_impl::mir_for_ctfe::dynamic_query::{closure#2}::{closure#0}, rustc_middle[50693f396bf8ba]::query::erase::Erased<[u8; 8usize]>>
  71:     0x70cb113d0762 - rustc_query_system[2b7d96694884e052]::query::plumbing::try_execute_query::<rustc_query_impl[1cbd4b311cdae1ef]::DynamicConfig<rustc_query_system[2b7d96694884e052]::query::caches::DefIdCache<rustc_middle[50693f396bf8ba]::query::erase::Erased<[u8; 8usize]>>, false, false, false>, rustc_query_impl[1cbd4b311cdae1ef]::plumbing::QueryCtxt, true>
  72:     0x70cb113cd965 - rustc_query_impl[1cbd4b311cdae1ef]::query_impl::mir_for_ctfe::get_query_incr::__rust_end_short_backtrace
  73:     0x70cb11d7544a - <rustc_const_eval[406d3339ef761cac]::interpret::eval_context::InterpCx<rustc_const_eval[406d3339ef761cac]::const_eval::machine::CompileTimeInterpreter>>::load_mir
  74:     0x70cb11d77256 - rustc_const_eval[406d3339ef761cac]::const_eval::eval_queries::eval_to_allocation_raw_provider
  75:     0x70cb11d76fc0 - rustc_query_impl[1cbd4b311cdae1ef]::plumbing::__rust_begin_short_backtrace::<rustc_query_impl[1cbd4b311cdae1ef]::query_impl::eval_to_allocation_raw::dynamic_query::{closure#2}::{closure#0}, rustc_middle[50693f396bf8ba]::query::erase::Erased<[u8; 24usize]>>
  76:     0x70cb11d76f81 - <rustc_query_impl[1cbd4b311cdae1ef]::query_impl::eval_to_allocation_raw::dynamic_query::{closure#2} as core[538b8a97dfb8cd96]::ops::function::FnOnce<(rustc_middle[50693f396bf8ba]::ty::context::TyCtxt, rustc_middle[50693f396bf8ba]::ty::ParamEnvAnd<rustc_middle[50693f396bf8ba]::mir::interpret::GlobalId>)>>::call_once
  77:     0x70cb11d71b7b - <rustc_query_system[2b7d96694884e052]::query::plumbing::execute_job_incr<rustc_query_impl[1cbd4b311cdae1ef]::DynamicConfig<rustc_query_system[2b7d96694884e052]::query::caches::DefaultCache<rustc_middle[50693f396bf8ba]::ty::ParamEnvAnd<rustc_middle[50693f396bf8ba]::mir::interpret::GlobalId>, rustc_middle[50693f396bf8ba]::query::erase::Erased<[u8; 24usize]>>, false, false, false>, rustc_query_impl[1cbd4b311cdae1ef]::plumbing::QueryCtxt>::{closure#2}::{closure#2} as core[538b8a97dfb8cd96]::ops::function::FnOnce<((rustc_query_impl[1cbd4b311cdae1ef]::plumbing::QueryCtxt, rustc_query_impl[1cbd4b311cdae1ef]::DynamicConfig<rustc_query_system[2b7d96694884e052]::query::caches::DefaultCache<rustc_middle[50693f396bf8ba]::ty::ParamEnvAnd<rustc_middle[50693f396bf8ba]::mir::interpret::GlobalId>, rustc_middle[50693f396bf8ba]::query::erase::Erased<[u8; 24usize]>>, false, false, false>), rustc_middle[50693f396bf8ba]::ty::ParamEnvAnd<rustc_middle[50693f396bf8ba]::mir::interpret::GlobalId>)>>::call_once
  78:     0x70cb11d53a38 - rustc_query_system[2b7d96694884e052]::query::plumbing::try_execute_query::<rustc_query_impl[1cbd4b311cdae1ef]::DynamicConfig<rustc_query_system[2b7d96694884e052]::query::caches::DefaultCache<rustc_middle[50693f396bf8ba]::ty::ParamEnvAnd<rustc_middle[50693f396bf8ba]::mir::interpret::GlobalId>, rustc_middle[50693f396bf8ba]::query::erase::Erased<[u8; 24usize]>>, false, false, false>, rustc_query_impl[1cbd4b311cdae1ef]::plumbing::QueryCtxt, true>
  79:     0x70cb11d531a0 - rustc_query_impl[1cbd4b311cdae1ef]::query_impl::eval_to_allocation_raw::get_query_incr::__rust_end_short_backtrace
  80:     0x70cb11d73754 - rustc_middle[50693f396bf8ba]::query::plumbing::query_get_at::<rustc_query_system[2b7d96694884e052]::query::caches::DefaultCache<rustc_middle[50693f396bf8ba]::ty::ParamEnvAnd<rustc_middle[50693f396bf8ba]::mir::interpret::GlobalId>, rustc_middle[50693f396bf8ba]::query::erase::Erased<[u8; 24usize]>>>
  81:     0x70cb11d51121 - rustc_const_eval[406d3339ef761cac]::const_eval::valtrees::eval_to_valtree
  82:     0x70cb11d510a2 - <rustc_const_eval[406d3339ef761cac]::provide::{closure#0} as core[538b8a97dfb8cd96]::ops::function::FnOnce<(rustc_middle[50693f396bf8ba]::ty::context::TyCtxt, rustc_middle[50693f396bf8ba]::ty::ParamEnvAnd<rustc_middle[50693f396bf8ba]::mir::interpret::GlobalId>)>>::call_once
  83:     0x70cb11d51076 - rustc_query_impl[1cbd4b311cdae1ef]::plumbing::__rust_begin_short_backtrace::<rustc_query_impl[1cbd4b311cdae1ef]::query_impl::eval_to_valtree::dynamic_query::{closure#2}::{closure#0}, rustc_middle[50693f396bf8ba]::query::erase::Erased<[u8; 24usize]>>
  84:     0x70cb11d5102f - <rustc_query_impl[1cbd4b311cdae1ef]::query_impl::eval_to_valtree::dynamic_query::{closure#2} as core[538b8a97dfb8cd96]::ops::function::FnOnce<(rustc_middle[50693f396bf8ba]::ty::context::TyCtxt, rustc_middle[50693f396bf8ba]::ty::ParamEnvAnd<rustc_middle[50693f396bf8ba]::mir::interpret::GlobalId>)>>::call_once
  85:     0x70cb11d71b7b - <rustc_query_system[2b7d96694884e052]::query::plumbing::execute_job_incr<rustc_query_impl[1cbd4b311cdae1ef]::DynamicConfig<rustc_query_system[2b7d96694884e052]::query::caches::DefaultCache<rustc_middle[50693f396bf8ba]::ty::ParamEnvAnd<rustc_middle[50693f396bf8ba]::mir::interpret::GlobalId>, rustc_middle[50693f396bf8ba]::query::erase::Erased<[u8; 24usize]>>, false, false, false>, rustc_query_impl[1cbd4b311cdae1ef]::plumbing::QueryCtxt>::{closure#2}::{closure#2} as core[538b8a97dfb8cd96]::ops::function::FnOnce<((rustc_query_impl[1cbd4b311cdae1ef]::plumbing::QueryCtxt, rustc_query_impl[1cbd4b311cdae1ef]::DynamicConfig<rustc_query_system[2b7d96694884e052]::query::caches::DefaultCache<rustc_middle[50693f396bf8ba]::ty::ParamEnvAnd<rustc_middle[50693f396bf8ba]::mir::interpret::GlobalId>, rustc_middle[50693f396bf8ba]::query::erase::Erased<[u8; 24usize]>>, false, false, false>), rustc_middle[50693f396bf8ba]::ty::ParamEnvAnd<rustc_middle[50693f396bf8ba]::mir::interpret::GlobalId>)>>::call_once
  86:     0x70cb11d53a38 - rustc_query_system[2b7d96694884e052]::query::plumbing::try_execute_query::<rustc_query_impl[1cbd4b311cdae1ef]::DynamicConfig<rustc_query_system[2b7d96694884e052]::query::caches::DefaultCache<rustc_middle[50693f396bf8ba]::ty::ParamEnvAnd<rustc_middle[50693f396bf8ba]::mir::interpret::GlobalId>, rustc_middle[50693f396bf8ba]::query::erase::Erased<[u8; 24usize]>>, false, false, false>, rustc_query_impl[1cbd4b311cdae1ef]::plumbing::QueryCtxt, true>
  87:     0x70cb1215fe5c - rustc_query_impl[1cbd4b311cdae1ef]::query_impl::eval_to_valtree::get_query_incr::__rust_end_short_backtrace
  88:     0x70cb1157e614 - rustc_middle[50693f396bf8ba]::query::plumbing::query_get_at::<rustc_query_system[2b7d96694884e052]::query::caches::DefaultCache<rustc_middle[50693f396bf8ba]::ty::ParamEnvAnd<rustc_middle[50693f396bf8ba]::mir::interpret::GlobalId>, rustc_middle[50693f396bf8ba]::query::erase::Erased<[u8; 24usize]>>>
  89:     0x70cb1157f9e0 - <rustc_middle[50693f396bf8ba]::ty::context::TyCtxt>::const_eval_global_id_for_typeck
  90:     0x70cb11ad98d1 - <rustc_middle[50693f396bf8ba]::ty::context::TyCtxt>::const_eval_resolve_for_typeck
  91:     0x70cb11ad9656 - <rustc_middle[50693f396bf8ba]::ty::consts::Const>::eval
  92:     0x70cb11ad94b6 - <rustc_trait_selection[26a48bf3fa0abf37]::traits::normalize_param_env_or_error::{closure#0}::ConstNormalizer as rustc_type_ir[1e44b774cc025362]::fold::TypeFolder<rustc_middle[50693f396bf8ba]::ty::context::TyCtxt>>::fold_const
  93:     0x70cb112d4231 - <&rustc_middle[50693f396bf8ba]::ty::list::List<rustc_middle[50693f396bf8ba]::ty::generic_args::GenericArg> as rustc_type_ir[1e44b774cc025362]::fold::TypeFoldable<rustc_middle[50693f396bf8ba]::ty::context::TyCtxt>>::try_fold_with::<rustc_trait_selection[26a48bf3fa0abf37]::traits::normalize_param_env_or_error::{closure#0}::ConstNormalizer>
  94:     0x70cb112d4c46 - <rustc_middle[50693f396bf8ba]::ty::Ty as rustc_type_ir[1e44b774cc025362]::fold::TypeSuperFoldable<rustc_middle[50693f396bf8ba]::ty::context::TyCtxt>>::try_super_fold_with::<rustc_trait_selection[26a48bf3fa0abf37]::traits::normalize_param_env_or_error::{closure#0}::ConstNormalizer>
  95:     0x70cb0e61a8df - rustc_trait_selection[26a48bf3fa0abf37]::traits::normalize_param_env_or_error
  96:     0x70cb113d9d74 - rustc_ty_utils[c32687c50bb3e62b]::ty::param_env
  97:     0x70cb113d99ab - rustc_query_impl[1cbd4b311cdae1ef]::plumbing::__rust_begin_short_backtrace::<rustc_query_impl[1cbd4b311cdae1ef]::query_impl::param_env::dynamic_query::{closure#2}::{closure#0}, rustc_middle[50693f396bf8ba]::query::erase::Erased<[u8; 8usize]>>
  98:     0x70cb113d0762 - rustc_query_system[2b7d96694884e052]::query::plumbing::try_execute_query::<rustc_query_impl[1cbd4b311cdae1ef]::DynamicConfig<rustc_query_system[2b7d96694884e052]::query::caches::DefIdCache<rustc_middle[50693f396bf8ba]::query::erase::Erased<[u8; 8usize]>>, false, false, false>, rustc_query_impl[1cbd4b311cdae1ef]::plumbing::QueryCtxt, true>
  99:     0x70cb113cfdc7 - rustc_query_impl[1cbd4b311cdae1ef]::query_impl::param_env::get_query_incr::__rust_end_short_backtrace
 100:     0x70cb118c9c96 - rustc_middle[50693f396bf8ba]::query::plumbing::query_get_at::<rustc_query_system[2b7d96694884e052]::query::caches::DefIdCache<rustc_middle[50693f396bf8ba]::query::erase::Erased<[u8; 8usize]>>>
 101:     0x70cb118eeab7 - rustc_hir_analysis[5946af921d694acd]::check::wfcheck::check_trait
 102:     0x70cb118ddb69 - rustc_hir_analysis[5946af921d694acd]::check::wfcheck::check_well_formed
 103:     0x70cb118dc335 - rustc_query_impl[1cbd4b311cdae1ef]::plumbing::__rust_begin_short_backtrace::<rustc_query_impl[1cbd4b311cdae1ef]::query_impl::check_well_formed::dynamic_query::{closure#2}::{closure#0}, rustc_middle[50693f396bf8ba]::query::erase::Erased<[u8; 1usize]>>
 104:     0x70cb116ac2e4 - rustc_query_system[2b7d96694884e052]::query::plumbing::try_execute_query::<rustc_query_impl[1cbd4b311cdae1ef]::DynamicConfig<rustc_query_system[2b7d96694884e052]::query::caches::VecCache<rustc_hir[9cba22034eebada1]::hir_id::OwnerId, rustc_middle[50693f396bf8ba]::query::erase::Erased<[u8; 1usize]>>, false, false, false>, rustc_query_impl[1cbd4b311cdae1ef]::plumbing::QueryCtxt, true>
 105:     0x70cb116abdf7 - rustc_query_impl[1cbd4b311cdae1ef]::query_impl::check_well_formed::get_query_incr::__rust_end_short_backtrace
 106:     0x70cb118d977a - rustc_hir_analysis[5946af921d694acd]::check::wfcheck::check_mod_type_wf
 107:     0x70cb118d95a1 - rustc_query_impl[1cbd4b311cdae1ef]::plumbing::__rust_begin_short_backtrace::<rustc_query_impl[1cbd4b311cdae1ef]::query_impl::check_mod_type_wf::dynamic_query::{closure#2}::{closure#0}, rustc_middle[50693f396bf8ba]::query::erase::Erased<[u8; 1usize]>>
 108:     0x70cb11ca7c8d - rustc_query_system[2b7d96694884e052]::query::plumbing::try_execute_query::<rustc_query_impl[1cbd4b311cdae1ef]::DynamicConfig<rustc_query_system[2b7d96694884e052]::query::caches::DefaultCache<rustc_span[5c8c1d2776d81648]::def_id::LocalModDefId, rustc_middle[50693f396bf8ba]::query::erase::Erased<[u8; 1usize]>>, false, false, false>, rustc_query_impl[1cbd4b311cdae1ef]::plumbing::QueryCtxt, true>
 109:     0x70cb11ca88fe - rustc_query_impl[1cbd4b311cdae1ef]::query_impl::check_mod_type_wf::get_query_incr::__rust_end_short_backtrace
 110:     0x70cb113efefb - rustc_hir_analysis[5946af921d694acd]::check_crate
 111:     0x70cb1169e8aa - rustc_interface[e1f0298d19bc4b71]::passes::analysis
 112:     0x70cb1169e419 - rustc_query_impl[1cbd4b311cdae1ef]::plumbing::__rust_begin_short_backtrace::<rustc_query_impl[1cbd4b311cdae1ef]::query_impl::analysis::dynamic_query::{closure#2}::{closure#0}, rustc_middle[50693f396bf8ba]::query::erase::Erased<[u8; 1usize]>>
 113:     0x70cb1216a662 - rustc_query_system[2b7d96694884e052]::query::plumbing::try_execute_query::<rustc_query_impl[1cbd4b311cdae1ef]::DynamicConfig<rustc_query_system[2b7d96694884e052]::query::caches::SingleCache<rustc_middle[50693f396bf8ba]::query::erase::Erased<[u8; 1usize]>>, false, false, false>, rustc_query_impl[1cbd4b311cdae1ef]::plumbing::QueryCtxt, true>
 114:     0x70cb1216a25c - rustc_query_impl[1cbd4b311cdae1ef]::query_impl::analysis::get_query_incr::__rust_end_short_backtrace
 115:     0x70cb11e52199 - rustc_interface[e1f0298d19bc4b71]::interface::run_compiler::<core[538b8a97dfb8cd96]::result::Result<(), rustc_span[5c8c1d2776d81648]::ErrorGuaranteed>, rustc_driver_impl[c8791899bfc93667]::run_compiler::{closure#0}>::{closure#0}
 116:     0x70cb11f39e23 - std[c6137b842b039b9c]::sys_common::backtrace::__rust_begin_short_backtrace::<rustc_interface[e1f0298d19bc4b71]::util::run_in_thread_with_globals<rustc_interface[e1f0298d19bc4b71]::util::run_in_thread_pool_with_globals<rustc_interface[e1f0298d19bc4b71]::interface::run_compiler<core[538b8a97dfb8cd96]::result::Result<(), rustc_span[5c8c1d2776d81648]::ErrorGuaranteed>, rustc_driver_impl[c8791899bfc93667]::run_compiler::{closure#0}>::{closure#0}, core[538b8a97dfb8cd96]::result::Result<(), rustc_span[5c8c1d2776d81648]::ErrorGuaranteed>>::{closure#0}, core[538b8a97dfb8cd96]::result::Result<(), rustc_span[5c8c1d2776d81648]::ErrorGuaranteed>>::{closure#0}::{closure#0}, core[538b8a97dfb8cd96]::result::Result<(), rustc_span[5c8c1d2776d81648]::ErrorGuaranteed>>
 117:     0x70cb11f39c50 - <<std[c6137b842b039b9c]::thread::Builder>::spawn_unchecked_<rustc_interface[e1f0298d19bc4b71]::util::run_in_thread_with_globals<rustc_interface[e1f0298d19bc4b71]::util::run_in_thread_pool_with_globals<rustc_interface[e1f0298d19bc4b71]::interface::run_compiler<core[538b8a97dfb8cd96]::result::Result<(), rustc_span[5c8c1d2776d81648]::ErrorGuaranteed>, rustc_driver_impl[c8791899bfc93667]::run_compiler::{closure#0}>::{closure#0}, core[538b8a97dfb8cd96]::result::Result<(), rustc_span[5c8c1d2776d81648]::ErrorGuaranteed>>::{closure#0}, core[538b8a97dfb8cd96]::result::Result<(), rustc_span[5c8c1d2776d81648]::ErrorGuaranteed>>::{closure#0}::{closure#0}, core[538b8a97dfb8cd96]::result::Result<(), rustc_span[5c8c1d2776d81648]::ErrorGuaranteed>>::{closure#1} as core[538b8a97dfb8cd96]::ops::function::FnOnce<()>>::call_once::{shim:vtable#0}
 118:     0x70cb0cd98989 - <alloc::boxed::Box<F,A> as core::ops::function::FnOnce<Args>>::call_once::h3c29ce2e08aff0f2
                               at /rustc/2f090c30ddd6b3bbe5c81c087579a5166e7c7278/library/alloc/src/boxed.rs:2015:9
 119:     0x70cb0cd98989 - <alloc::boxed::Box<F,A> as core::ops::function::FnOnce<Args>>::call_once::hfd7de007db754644
                               at /rustc/2f090c30ddd6b3bbe5c81c087579a5166e7c7278/library/alloc/src/boxed.rs:2015:9
 120:     0x70cb0cd98989 - std::sys::pal::unix::thread::Thread::new::thread_start::hd114416927dd9b45
                               at /rustc/2f090c30ddd6b3bbe5c81c087579a5166e7c7278/library/std/src/sys/pal/unix/thread.rs:108:17
 121:     0x70cb0ca94ac3 - start_thread
                               at ./nptl/pthread_create.c:442:8
 122:     0x70cb0cb268c0 - __GI___clone3
                               at ./misc/../sysdeps/unix/sysv/linux/x86_64/clone3.S:81
 123:                0x0 - <unknown>

note: it seems that this compiler `1.79.0-nightly (2f090c30d 2024-03-23)` is outdated, a newer nightly should have been released in the mean time
  |
  = note: please consider running `rustup update nightly` to update the nightly channel and check if this problem still persists
  = note: if the problem still persists, we would appreciate a bug report: https://github.com/rust-lang/rust/issues/new?labels=C-bug%2C+I-ICE%2C+T-compiler&template=ice.md

note: please attach the file at `/data/zhangtianrong/projects/rustc-cbl/run/122989/rustc-ice-2026-01-15T15_05_47-2262881.txt` to your bug report

note: compiler flags: --crate-type bin -C embed-bitcode=no -C debuginfo=2 -C incremental=[REDACTED]

note: some of the compiler flags provided by cargo are hidden

query stack during panic:
#0 [diagnostic_hir_wf_check] performing HIR wf-checking for predicate `Binder { value: ObjectSafe(DefId(0:3 ~ bug_122989[99c4]::Traitor)), bound_vars: [] }` at item `Ty(DefId(0:5 ~ bug_122989[99c4]::Traitor::{constant#0}))`
#1 [typeck] type-checking `Traitor::{constant#0}`
#2 [check_match] match-checking `Traitor::{constant#0}`
#3 [mir_built] building MIR for `Traitor::{constant#0}`
#4 [mir_const] preparing `Traitor::{constant#0}` for borrow checking
#5 [mir_const_qualif] const checking `Traitor::{constant#0}`
#6 [mir_promoted] promoting constants in MIR for `Traitor::{constant#0}`
#7 [mir_borrowck] borrow-checking `Traitor::{constant#0}`
#8 [mir_drops_elaborated_and_const_checked] elaborating drops for `Traitor::{constant#0}`
#9 [mir_for_ctfe] caching mir of `Traitor::{constant#0}` for CTFE
#10 [eval_to_allocation_raw] const-evaluating + checking `Traitor::{constant#0}`
#11 [eval_to_valtree] evaluating type-level constant
#12 [param_env] computing normalized predicates of `Traitor`
#13 [check_well_formed] checking that `Traitor` is well-formed
#14 [check_mod_type_wf] checking that types are well-formed in top-level module
#15 [analysis] running analysis passes on this crate
end of query stack
error[E0038]: the trait `Traitor` cannot be made into an object
 --> src/main.rs:7:18
  |
7 | trait N<const N: Traitor<2> = 12> {}
  |                  ^^^^^^^^^^ `Traitor` cannot be made into an object
  |
note: for a trait to be "object safe" it needs to allow building a vtable to allow the call to be resolvable dynamically; for more information visit <https://doc.rust-lang.org/reference/items/traits.html#object-safety>
 --> src/main.rs:2:8
  |
1 | trait Traitor<const N: N<2> = 1, const N: N<2> = N> {
  |       ------- this trait cannot be made into an object...
2 |     fn N(&N) -> N<2> {
  |        ^ ...because associated function `N` has no `self` parameter
help: consider turning `N` into a method by giving it a `&self` argument
  |
2 |     fn N(&self, &N) -> N<2> {
  |          ++++++
help: alternatively, consider constraining `N` so it does not apply to trait objects
  |
2 |     fn N(&N) -> N<2> where Self: Sized {
  |                      +++++++++++++++++

error[E0038]: the trait `Traitor` cannot be made into an object
 --> src/main.rs:7:9
  |
7 | trait N<const N: Traitor<2> = 12> {}
  |         ^^^^^^^^^^^^^^^^^^^^^^^^ `Traitor` cannot be made into an object
  |
note: for a trait to be "object safe" it needs to allow building a vtable to allow the call to be resolvable dynamically; for more information visit <https://doc.rust-lang.org/reference/items/traits.html#object-safety>
 --> src/main.rs:2:8
  |
1 | trait Traitor<const N: N<2> = 1, const N: N<2> = N> {
  |       ------- this trait cannot be made into an object...
2 |     fn N(&N) -> N<2> {
  |        ^ ...because associated function `N` has no `self` parameter
help: consider turning `N` into a method by giving it a `&self` argument
  |
2 |     fn N(&self, &N) -> N<2> {
  |          ++++++
help: alternatively, consider constraining `N` so it does not apply to trait objects
  |
2 |     fn N(&N) -> N<2> where Self: Sized {
  |                      +++++++++++++++++

error: `(dyn Traitor<2, {const error}> + 'static)` is forbidden as the type of a const generic parameter
 --> src/main.rs:7:18
  |
7 | trait N<const N: Traitor<2> = 12> {}
  |                  ^^^^^^^^^^
  |
  = note: the only supported types are integers, `bool` and `char`

error[E0782]: trait objects must include the `dyn` keyword
 --> src/main.rs:1:24
  |
1 | trait Traitor<const N: N<2> = 1, const N: N<2> = N> {
  |                        ^^^^
  |
help: add `dyn` keyword before this trait
  |
1 | trait Traitor<const N: dyn N<2> = 1, const N: N<2> = N> {
  |                        +++

error[E0782]: trait objects must include the `dyn` keyword
 --> src/main.rs:7:18
  |
7 | trait N<const N: Traitor<2> = 12> {}
  |                  ^^^^^^^^^^
  |
help: add `dyn` keyword before this trait
  |
7 | trait N<const N: dyn Traitor<2> = 12> {}
  |                  +++

error[E0782]: trait objects must include the `dyn` keyword
 --> src/main.rs:1:43
  |
1 | trait Traitor<const N: N<2> = 1, const N: N<2> = N> {
  |                                           ^^^^
  |
help: add `dyn` keyword before this trait
  |
1 | trait Traitor<const N: N<2> = 1, const N: dyn N<2> = N> {
  |                                           +++

error[E0782]: trait objects must include the `dyn` keyword
 --> src/main.rs:2:17
  |
2 |     fn N(&N) -> N<2> {
  |                 ^^^^
  |
help: use `impl N<2>` to return an opaque type, as long as you return a single underlying type
  |
2 |     fn N(&N) -> impl N<2> {
  |                 ++++
help: alternatively, you can return an owned trait object
  |
2 |     fn N(&N) -> Box<dyn N<2>> {
  |                 +++++++     +

Some errors have detailed explanations: E0038, E0391, E0403, E0425, E0782.
For more information about an error, try `rustc --explain E0038`.
error: could not compile `bug_122989` (bin "bug_122989") due to 12 previous errors
------------------------------------------------------------
Return code: 101
