=== START 2026-01-18 20:04:11 ===
Bug ID: 123077
Toolchain: nightly-2024-03-25
Source: /data/zhangtianrong/projects/rustc-cbl/rustcbugs/123077
Run dir: /data/zhangtianrong/projects/rustc-cbl/run/123077
CMD: rustup run nightly-2024-03-25 cargo build
------------------------------------------------------------
   Compiling bug_123077 v0.1.0 (/data/zhangtianrong/projects/rustc-cbl/run/123077)
error: expected `{`, found `}`
 --> src/main.rs:5:44
  |
5 |         _mm_blend_ps(x, y, { |x, y| unsafe })
  |                              ------ ------ ^ expected `{`
  |                              |      |
  |                              |      while parsing this `unsafe` expression
  |                              while parsing the body of this closure
  |
help: you might have meant to open the body of the closure, instead of enclosing the closure in a block
  |
5 -         _mm_blend_ps(x, y, { |x, y| unsafe })
5 +         _mm_blend_ps(x, y,  |x, y| { unsafe })
  |

error[E0425]: cannot find value `x` in this scope
 --> src/main.rs:7:7
  |
7 |     f(x, y)
  |       ^ help: a local variable with a similar name exists: `f`

error[E0425]: cannot find value `y` in this scope
 --> src/main.rs:7:10
  |
7 |     f(x, y)
  |          ^ help: a local variable with a similar name exists: `f`

thread 'rustc' panicked at compiler/rustc_mir_build/src/thir/cx/mod.rs:80:58:
LocalTableInContext: key not found
stack backtrace:
   0:     0x7b8c21798fd5 - std::backtrace_rs::backtrace::libunwind::trace::h5938969a36dd883d
                               at /rustc/0824b300eb0dae5d9ed59719d3f2732016683d66/library/std/src/../../backtrace/src/backtrace/libunwind.rs:105:5
   1:     0x7b8c21798fd5 - std::backtrace_rs::backtrace::trace_unsynchronized::h50eb6b6aa249e025
                               at /rustc/0824b300eb0dae5d9ed59719d3f2732016683d66/library/std/src/../../backtrace/src/backtrace/mod.rs:66:5
   2:     0x7b8c21798fd5 - std::sys_common::backtrace::_print_fmt::h15c01d7c70e5d62a
                               at /rustc/0824b300eb0dae5d9ed59719d3f2732016683d66/library/std/src/sys_common/backtrace.rs:68:5
   3:     0x7b8c21798fd5 - <std::sys_common::backtrace::_print::DisplayBacktrace as core::fmt::Display>::fmt::hb719958e43d60f2d
                               at /rustc/0824b300eb0dae5d9ed59719d3f2732016683d66/library/std/src/sys_common/backtrace.rs:44:22
   4:     0x7b8c217ea13b - core::fmt::rt::Argument::fmt::h7338e8d27c4428db
                               at /rustc/0824b300eb0dae5d9ed59719d3f2732016683d66/library/core/src/fmt/rt.rs:142:9
   5:     0x7b8c217ea13b - core::fmt::write::hbb76c6f66e4ed42e
                               at /rustc/0824b300eb0dae5d9ed59719d3f2732016683d66/library/core/src/fmt/mod.rs:1153:17
   6:     0x7b8c2178dd6f - std::io::Write::write_fmt::h6a1ace94501ba205
                               at /rustc/0824b300eb0dae5d9ed59719d3f2732016683d66/library/std/src/io/mod.rs:1843:15
   7:     0x7b8c21798dae - std::sys_common::backtrace::_print::ha165f0a2502e1a93
                               at /rustc/0824b300eb0dae5d9ed59719d3f2732016683d66/library/std/src/sys_common/backtrace.rs:47:5
   8:     0x7b8c21798dae - std::sys_common::backtrace::print::hefbe84e08a280f70
                               at /rustc/0824b300eb0dae5d9ed59719d3f2732016683d66/library/std/src/sys_common/backtrace.rs:34:9
   9:     0x7b8c2179ba29 - std::panicking::default_hook::{{closure}}::h3bf223bf65484ec2
  10:     0x7b8c2179b793 - std::panicking::default_hook::h5d4995d167d688c7
                               at /rustc/0824b300eb0dae5d9ed59719d3f2732016683d66/library/std/src/panicking.rs:292:9
  11:     0x7b8c1e1cf98f - std[aca912f18be40d2b]::panicking::update_hook::<alloc[e30ee6224fc85562]::boxed::Box<rustc_driver_impl[8731a6ab559903fa]::install_ice_hook::{closure#0}>>::{closure#0}
  12:     0x7b8c2179c12c - <alloc::boxed::Box<F,A> as core::ops::function::Fn<Args>>::call::h7d8594fa62686967
                               at /rustc/0824b300eb0dae5d9ed59719d3f2732016683d66/library/alloc/src/boxed.rs:2029:9
  13:     0x7b8c2179c12c - std::panicking::rust_panic_with_hook::hdff9d7616d8fa7d6
                               at /rustc/0824b300eb0dae5d9ed59719d3f2732016683d66/library/std/src/panicking.rs:793:13
  14:     0x7b8c2179bed6 - std::panicking::begin_panic_handler::{{closure}}::h810edca04a471f94
                               at /rustc/0824b300eb0dae5d9ed59719d3f2732016683d66/library/std/src/panicking.rs:658:13
  15:     0x7b8c21799499 - std::sys_common::backtrace::__rust_end_short_backtrace::hce33b7710ea8d88d
                               at /rustc/0824b300eb0dae5d9ed59719d3f2732016683d66/library/std/src/sys_common/backtrace.rs:171:18
  16:     0x7b8c2179bc07 - rust_begin_unwind
                               at /rustc/0824b300eb0dae5d9ed59719d3f2732016683d66/library/std/src/panicking.rs:646:5
  17:     0x7b8c217e65d6 - core::panicking::panic_fmt::h8dc90def9582d9e3
                               at /rustc/0824b300eb0dae5d9ed59719d3f2732016683d66/library/core/src/panicking.rs:72:14
  18:     0x7b8c217e678c - core::panicking::panic_display::h3afc8e733cbe51c5
                               at /rustc/0824b300eb0dae5d9ed59719d3f2732016683d66/library/core/src/panicking.rs:193:5
  19:     0x7b8c217e637c - core::panicking::panic_str::hb48eeefbb1bb1862
                               at /rustc/0824b300eb0dae5d9ed59719d3f2732016683d66/library/core/src/panicking.rs:168:5
  20:     0x7b8c217e637c - core::option::expect_failed::h6284ae7d9b3e265a
                               at /rustc/0824b300eb0dae5d9ed59719d3f2732016683d66/library/core/src/option.rs:1994:5
  21:     0x7b8c1fa1485f - rustc_mir_build[7b12319d834a5bcf]::thir::cx::thir_body
  22:     0x7b8c1fa131d2 - rustc_query_impl[c53a59ca6b290a7d]::plumbing::__rust_begin_short_backtrace::<rustc_query_impl[c53a59ca6b290a7d]::query_impl::thir_body::dynamic_query::{closure#2}::{closure#0}, rustc_middle[71f34cfdf648c905]::query::erase::Erased<[u8; 16usize]>>
  23:     0x7b8c1fab7e35 - rustc_query_system[19fdeaa44c23bb51]::query::plumbing::try_execute_query::<rustc_query_impl[c53a59ca6b290a7d]::DynamicConfig<rustc_query_system[19fdeaa44c23bb51]::query::caches::VecCache<rustc_span[44459a3ac9e57d0f]::def_id::LocalDefId, rustc_middle[71f34cfdf648c905]::query::erase::Erased<[u8; 16usize]>>, false, false, false>, rustc_query_impl[c53a59ca6b290a7d]::plumbing::QueryCtxt, true>
  24:     0x7b8c1fab7608 - rustc_query_impl[c53a59ca6b290a7d]::query_impl::thir_body::get_query_incr::__rust_end_short_backtrace
  25:     0x7b8c1fa19f99 - rustc_mir_build[7b12319d834a5bcf]::thir::pattern::check_match::check_match
  26:     0x7b8c1fa1916f - rustc_query_impl[c53a59ca6b290a7d]::plumbing::__rust_begin_short_backtrace::<rustc_query_impl[c53a59ca6b290a7d]::query_impl::check_match::dynamic_query::{closure#2}::{closure#0}, rustc_middle[71f34cfdf648c905]::query::erase::Erased<[u8; 1usize]>>
  27:     0x7b8c1fabae23 - rustc_query_system[19fdeaa44c23bb51]::query::plumbing::try_execute_query::<rustc_query_impl[c53a59ca6b290a7d]::DynamicConfig<rustc_query_system[19fdeaa44c23bb51]::query::caches::VecCache<rustc_span[44459a3ac9e57d0f]::def_id::LocalDefId, rustc_middle[71f34cfdf648c905]::query::erase::Erased<[u8; 1usize]>>, false, false, false>, rustc_query_impl[c53a59ca6b290a7d]::plumbing::QueryCtxt, true>
  28:     0x7b8c1f6c326c - rustc_query_impl[c53a59ca6b290a7d]::query_impl::check_match::get_query_incr::__rust_end_short_backtrace
  29:     0x7b8c1fa08cbf - rustc_mir_build[7b12319d834a5bcf]::build::mir_built
  30:     0x7b8c1fa08b95 - rustc_query_impl[c53a59ca6b290a7d]::plumbing::__rust_begin_short_backtrace::<rustc_query_impl[c53a59ca6b290a7d]::query_impl::mir_built::dynamic_query::{closure#2}::{closure#0}, rustc_middle[71f34cfdf648c905]::query::erase::Erased<[u8; 8usize]>>
  31:     0x7b8c1f7f7f31 - rustc_query_system[19fdeaa44c23bb51]::query::plumbing::try_execute_query::<rustc_query_impl[c53a59ca6b290a7d]::DynamicConfig<rustc_query_system[19fdeaa44c23bb51]::query::caches::VecCache<rustc_span[44459a3ac9e57d0f]::def_id::LocalDefId, rustc_middle[71f34cfdf648c905]::query::erase::Erased<[u8; 8usize]>>, false, false, false>, rustc_query_impl[c53a59ca6b290a7d]::plumbing::QueryCtxt, true>
  32:     0x7b8c1faad40a - rustc_query_impl[c53a59ca6b290a7d]::query_impl::mir_built::get_query_incr::__rust_end_short_backtrace
  33:     0x7b8c1fd643aa - rustc_mir_transform[d35ab57b89304665]::ffi_unwind_calls::has_ffi_unwind_calls
  34:     0x7b8c1fd63e99 - rustc_query_impl[c53a59ca6b290a7d]::plumbing::__rust_begin_short_backtrace::<rustc_query_impl[c53a59ca6b290a7d]::query_impl::has_ffi_unwind_calls::dynamic_query::{closure#2}::{closure#0}, rustc_middle[71f34cfdf648c905]::query::erase::Erased<[u8; 1usize]>>
  35:     0x7b8c1fabadec - rustc_query_system[19fdeaa44c23bb51]::query::plumbing::try_execute_query::<rustc_query_impl[c53a59ca6b290a7d]::DynamicConfig<rustc_query_system[19fdeaa44c23bb51]::query::caches::VecCache<rustc_span[44459a3ac9e57d0f]::def_id::LocalDefId, rustc_middle[71f34cfdf648c905]::query::erase::Erased<[u8; 1usize]>>, false, false, false>, rustc_query_impl[c53a59ca6b290a7d]::plumbing::QueryCtxt, true>
  36:     0x7b8c1faba077 - rustc_query_impl[c53a59ca6b290a7d]::query_impl::has_ffi_unwind_calls::get_query_incr::__rust_end_short_backtrace
  37:     0x7b8c1fd62624 - rustc_mir_transform[d35ab57b89304665]::mir_const
  38:     0x7b8c1fd62573 - rustc_query_impl[c53a59ca6b290a7d]::plumbing::__rust_begin_short_backtrace::<rustc_query_impl[c53a59ca6b290a7d]::query_impl::mir_const::dynamic_query::{closure#2}::{closure#0}, rustc_middle[71f34cfdf648c905]::query::erase::Erased<[u8; 8usize]>>
  39:     0x7b8c1f7f7f31 - rustc_query_system[19fdeaa44c23bb51]::query::plumbing::try_execute_query::<rustc_query_impl[c53a59ca6b290a7d]::DynamicConfig<rustc_query_system[19fdeaa44c23bb51]::query::caches::VecCache<rustc_span[44459a3ac9e57d0f]::def_id::LocalDefId, rustc_middle[71f34cfdf648c905]::query::erase::Erased<[u8; 8usize]>>, false, false, false>, rustc_query_impl[c53a59ca6b290a7d]::plumbing::QueryCtxt, true>
  40:     0x7b8c1f7f66ce - rustc_query_impl[c53a59ca6b290a7d]::query_impl::mir_const::get_query_incr::__rust_end_short_backtrace
  41:     0x7b8c1cfcc28a - rustc_mir_transform[d35ab57b89304665]::mir_promoted
  42:     0x7b8c1f924b5a - rustc_query_impl[c53a59ca6b290a7d]::plumbing::__rust_begin_short_backtrace::<rustc_query_impl[c53a59ca6b290a7d]::query_impl::mir_promoted::dynamic_query::{closure#2}::{closure#0}, rustc_middle[71f34cfdf648c905]::query::erase::Erased<[u8; 16usize]>>
  43:     0x7b8c1fab7e9c - rustc_query_system[19fdeaa44c23bb51]::query::plumbing::try_execute_query::<rustc_query_impl[c53a59ca6b290a7d]::DynamicConfig<rustc_query_system[19fdeaa44c23bb51]::query::caches::VecCache<rustc_span[44459a3ac9e57d0f]::def_id::LocalDefId, rustc_middle[71f34cfdf648c905]::query::erase::Erased<[u8; 16usize]>>, false, false, false>, rustc_query_impl[c53a59ca6b290a7d]::plumbing::QueryCtxt, true>
  44:     0x7b8c1fab74f8 - rustc_query_impl[c53a59ca6b290a7d]::query_impl::mir_promoted::get_query_incr::__rust_end_short_backtrace
  45:     0x7b8c1f7f2c32 - rustc_borrowck[3a1ecff224b5166d]::mir_borrowck
  46:     0x7b8c1f7f2b67 - rustc_query_impl[c53a59ca6b290a7d]::plumbing::__rust_begin_short_backtrace::<rustc_query_impl[c53a59ca6b290a7d]::query_impl::mir_borrowck::dynamic_query::{closure#2}::{closure#0}, rustc_middle[71f34cfdf648c905]::query::erase::Erased<[u8; 8usize]>>
  47:     0x7b8c1f7f7f31 - rustc_query_system[19fdeaa44c23bb51]::query::plumbing::try_execute_query::<rustc_query_impl[c53a59ca6b290a7d]::DynamicConfig<rustc_query_system[19fdeaa44c23bb51]::query::caches::VecCache<rustc_span[44459a3ac9e57d0f]::def_id::LocalDefId, rustc_middle[71f34cfdf648c905]::query::erase::Erased<[u8; 8usize]>>, false, false, false>, rustc_query_impl[c53a59ca6b290a7d]::plumbing::QueryCtxt, true>
  48:     0x7b8c1faad7ee - rustc_query_impl[c53a59ca6b290a7d]::query_impl::mir_borrowck::get_query_incr::__rust_end_short_backtrace
  49:     0x7b8c1fa9cc9d - rustc_interface[3904ffc881a751d0]::passes::analysis
  50:     0x7b8c1fa9be59 - rustc_query_impl[c53a59ca6b290a7d]::plumbing::__rust_begin_short_backtrace::<rustc_query_impl[c53a59ca6b290a7d]::query_impl::analysis::dynamic_query::{closure#2}::{closure#0}, rustc_middle[71f34cfdf648c905]::query::erase::Erased<[u8; 1usize]>>
  51:     0x7b8c2055f4e2 - rustc_query_system[19fdeaa44c23bb51]::query::plumbing::try_execute_query::<rustc_query_impl[c53a59ca6b290a7d]::DynamicConfig<rustc_query_system[19fdeaa44c23bb51]::query::caches::SingleCache<rustc_middle[71f34cfdf648c905]::query::erase::Erased<[u8; 1usize]>>, false, false, false>, rustc_query_impl[c53a59ca6b290a7d]::plumbing::QueryCtxt, true>
  52:     0x7b8c2055f0dc - rustc_query_impl[c53a59ca6b290a7d]::query_impl::analysis::get_query_incr::__rust_end_short_backtrace
  53:     0x7b8c20297d19 - rustc_interface[3904ffc881a751d0]::interface::run_compiler::<core[ae1f8483516b19c4]::result::Result<(), rustc_span[44459a3ac9e57d0f]::ErrorGuaranteed>, rustc_driver_impl[8731a6ab559903fa]::run_compiler::{closure#0}>::{closure#0}
  54:     0x7b8c20370159 - std[aca912f18be40d2b]::sys_common::backtrace::__rust_begin_short_backtrace::<rustc_interface[3904ffc881a751d0]::util::run_in_thread_with_globals<rustc_interface[3904ffc881a751d0]::util::run_in_thread_pool_with_globals<rustc_interface[3904ffc881a751d0]::interface::run_compiler<core[ae1f8483516b19c4]::result::Result<(), rustc_span[44459a3ac9e57d0f]::ErrorGuaranteed>, rustc_driver_impl[8731a6ab559903fa]::run_compiler::{closure#0}>::{closure#0}, core[ae1f8483516b19c4]::result::Result<(), rustc_span[44459a3ac9e57d0f]::ErrorGuaranteed>>::{closure#0}, core[ae1f8483516b19c4]::result::Result<(), rustc_span[44459a3ac9e57d0f]::ErrorGuaranteed>>::{closure#0}::{closure#0}, core[ae1f8483516b19c4]::result::Result<(), rustc_span[44459a3ac9e57d0f]::ErrorGuaranteed>>
  55:     0x7b8c2036ff86 - <<std[aca912f18be40d2b]::thread::Builder>::spawn_unchecked_<rustc_interface[3904ffc881a751d0]::util::run_in_thread_with_globals<rustc_interface[3904ffc881a751d0]::util::run_in_thread_pool_with_globals<rustc_interface[3904ffc881a751d0]::interface::run_compiler<core[ae1f8483516b19c4]::result::Result<(), rustc_span[44459a3ac9e57d0f]::ErrorGuaranteed>, rustc_driver_impl[8731a6ab559903fa]::run_compiler::{closure#0}>::{closure#0}, core[ae1f8483516b19c4]::result::Result<(), rustc_span[44459a3ac9e57d0f]::ErrorGuaranteed>>::{closure#0}, core[ae1f8483516b19c4]::result::Result<(), rustc_span[44459a3ac9e57d0f]::ErrorGuaranteed>>::{closure#0}::{closure#0}, core[ae1f8483516b19c4]::result::Result<(), rustc_span[44459a3ac9e57d0f]::ErrorGuaranteed>>::{closure#1} as core[ae1f8483516b19c4]::ops::function::FnOnce<()>>::call_once::{shim:vtable#0}
  56:     0x7b8c217a5a49 - <alloc::boxed::Box<F,A> as core::ops::function::FnOnce<Args>>::call_once::h4877ab893ae3f5c0
                               at /rustc/0824b300eb0dae5d9ed59719d3f2732016683d66/library/alloc/src/boxed.rs:2015:9
  57:     0x7b8c217a5a49 - <alloc::boxed::Box<F,A> as core::ops::function::FnOnce<Args>>::call_once::h3eb31af7586af7b0
                               at /rustc/0824b300eb0dae5d9ed59719d3f2732016683d66/library/alloc/src/boxed.rs:2015:9
  58:     0x7b8c217a5a49 - std::sys::pal::unix::thread::Thread::new::thread_start::h3ae02b20bae8b7dd
                               at /rustc/0824b300eb0dae5d9ed59719d3f2732016683d66/library/std/src/sys/pal/unix/thread.rs:108:17
  59:     0x7b8c1ae94ac3 - start_thread
                               at ./nptl/pthread_create.c:442:8
  60:     0x7b8c1af268c0 - __GI___clone3
                               at ./misc/../sysdeps/unix/sysv/linux/x86_64/clone3.S:81
  61:                0x0 - <unknown>

error: the compiler unexpectedly panicked. this is a bug.

note: it seems that this compiler `1.79.0-nightly (0824b300e 2024-03-24)` is outdated, a newer nightly should have been released in the mean time
  |
  = note: please consider running `rustup update nightly` to update the nightly channel and check if this problem still persists
  = note: if the problem still persists, we would appreciate a bug report: https://github.com/rust-lang/rust/issues/new?labels=C-bug%2C+I-ICE%2C+T-compiler&template=ice.md

note: please attach the file at `/data/zhangtianrong/projects/rustc-cbl/run/123077/rustc-ice-2026-01-18T12_04_11-1913276.txt` to your bug report

note: compiler flags: --crate-type bin -C embed-bitcode=no -C debuginfo=2 -C incremental=[REDACTED]

note: some of the compiler flags provided by cargo are hidden

query stack during panic:
#0 [thir_body] building THIR for `sse41_blend_noinline::{closure#0}::{closure#0}`
#1 [check_match] match-checking `sse41_blend_noinline::{closure#0}::{closure#0}`
#2 [mir_built] building MIR for `sse41_blend_noinline::{closure#0}::{closure#0}`
#3 [has_ffi_unwind_calls] checking if `sse41_blend_noinline::{closure#0}::{closure#0}` contains FFI-unwind calls
#4 [mir_const] preparing `sse41_blend_noinline::{closure#0}::{closure#0}` for borrow checking
#5 [mir_promoted] promoting constants in MIR for `sse41_blend_noinline::{closure#0}::{closure#0}`
#6 [mir_borrowck] borrow-checking `sse41_blend_noinline::{closure#0}::{closure#0}`
#7 [analysis] running analysis passes on this crate
end of query stack
For more information about this error, try `rustc --explain E0425`.
error: could not compile `bug_123077` (bin "bug_123077") due to 3 previous errors
------------------------------------------------------------
Return code: 101
