=== START 2026-01-15 22:47:13 ===
Bug ID: 123092
Toolchain: nightly-2024-03-25
Source: /data/zhangtianrong/projects/rustc-cbl/rustcbugs/123092
Run dir: /data/zhangtianrong/projects/rustc-cbl/run/123092
CMD: rustup run nightly-2024-03-25 cargo build
------------------------------------------------------------
   Compiling bug_123092 v0.1.0 (/data/zhangtianrong/projects/rustc-cbl/run/123092)
error: missing type for `const` item
 --> src/main.rs:8:17
  |
8 |     const FIRST:  = 10;
  |                 ^ help: provide a type for the associated constant: `i32`

error: internal compiler error: /rustc/0824b300eb0dae5d9ed59719d3f2732016683d66/compiler/rustc_middle/src/mir/consts.rs:344:32: expected bits of u8, got Ty(
                                    10_u32,
                                )

thread 'rustc' panicked at /rustc/0824b300eb0dae5d9ed59719d3f2732016683d66/compiler/rustc_middle/src/mir/consts.rs:344:32:
Box<dyn Any>
stack backtrace:
   0:     0x7030e4f5cfd5 - std::backtrace_rs::backtrace::libunwind::trace::h5938969a36dd883d
                               at /rustc/0824b300eb0dae5d9ed59719d3f2732016683d66/library/std/src/../../backtrace/src/backtrace/libunwind.rs:105:5
   1:     0x7030e4f5cfd5 - std::backtrace_rs::backtrace::trace_unsynchronized::h50eb6b6aa249e025
                               at /rustc/0824b300eb0dae5d9ed59719d3f2732016683d66/library/std/src/../../backtrace/src/backtrace/mod.rs:66:5
   2:     0x7030e4f5cfd5 - std::sys_common::backtrace::_print_fmt::h15c01d7c70e5d62a
                               at /rustc/0824b300eb0dae5d9ed59719d3f2732016683d66/library/std/src/sys_common/backtrace.rs:68:5
   3:     0x7030e4f5cfd5 - <std::sys_common::backtrace::_print::DisplayBacktrace as core::fmt::Display>::fmt::hb719958e43d60f2d
                               at /rustc/0824b300eb0dae5d9ed59719d3f2732016683d66/library/std/src/sys_common/backtrace.rs:44:22
   4:     0x7030e4fae13b - core::fmt::rt::Argument::fmt::h7338e8d27c4428db
                               at /rustc/0824b300eb0dae5d9ed59719d3f2732016683d66/library/core/src/fmt/rt.rs:142:9
   5:     0x7030e4fae13b - core::fmt::write::hbb76c6f66e4ed42e
                               at /rustc/0824b300eb0dae5d9ed59719d3f2732016683d66/library/core/src/fmt/mod.rs:1153:17
   6:     0x7030e4f51d6f - std::io::Write::write_fmt::h6a1ace94501ba205
                               at /rustc/0824b300eb0dae5d9ed59719d3f2732016683d66/library/std/src/io/mod.rs:1843:15
   7:     0x7030e4f5cdae - std::sys_common::backtrace::_print::ha165f0a2502e1a93
                               at /rustc/0824b300eb0dae5d9ed59719d3f2732016683d66/library/std/src/sys_common/backtrace.rs:47:5
   8:     0x7030e4f5cdae - std::sys_common::backtrace::print::hefbe84e08a280f70
                               at /rustc/0824b300eb0dae5d9ed59719d3f2732016683d66/library/std/src/sys_common/backtrace.rs:34:9
   9:     0x7030e4f5fa29 - std::panicking::default_hook::{{closure}}::h3bf223bf65484ec2
  10:     0x7030e4f5f793 - std::panicking::default_hook::h5d4995d167d688c7
                               at /rustc/0824b300eb0dae5d9ed59719d3f2732016683d66/library/std/src/panicking.rs:292:9
  11:     0x7030e19cf98f - std[aca912f18be40d2b]::panicking::update_hook::<alloc[e30ee6224fc85562]::boxed::Box<rustc_driver_impl[8731a6ab559903fa]::install_ice_hook::{closure#0}>>::{closure#0}
  12:     0x7030e4f6012c - <alloc::boxed::Box<F,A> as core::ops::function::Fn<Args>>::call::h7d8594fa62686967
                               at /rustc/0824b300eb0dae5d9ed59719d3f2732016683d66/library/alloc/src/boxed.rs:2029:9
  13:     0x7030e4f6012c - std::panicking::rust_panic_with_hook::hdff9d7616d8fa7d6
                               at /rustc/0824b300eb0dae5d9ed59719d3f2732016683d66/library/std/src/panicking.rs:793:13
  14:     0x7030e19ff744 - std[aca912f18be40d2b]::panicking::begin_panic::<rustc_errors[b47fc3bac32d954]::ExplicitBug>::{closure#0}
  15:     0x7030e19fc396 - std[aca912f18be40d2b]::sys_common::backtrace::__rust_end_short_backtrace::<std[aca912f18be40d2b]::panicking::begin_panic<rustc_errors[b47fc3bac32d954]::ExplicitBug>::{closure#0}, !>
  16:     0x7030e19f7876 - std[aca912f18be40d2b]::panicking::begin_panic::<rustc_errors[b47fc3bac32d954]::ExplicitBug>
  17:     0x7030e1a08bd1 - <rustc_errors[b47fc3bac32d954]::diagnostic::BugAbort as rustc_errors[b47fc3bac32d954]::diagnostic::EmissionGuarantee>::emit_producing_guarantee
  18:     0x7030e1e9c4cc - rustc_middle[71f34cfdf648c905]::util::bug::opt_span_bug_fmt::<rustc_span[44459a3ac9e57d0f]::span_encoding::Span>::{closure#0}
  19:     0x7030e1e8023a - rustc_middle[71f34cfdf648c905]::ty::context::tls::with_opt::<rustc_middle[71f34cfdf648c905]::util::bug::opt_span_bug_fmt<rustc_span[44459a3ac9e57d0f]::span_encoding::Span>::{closure#0}, !>::{closure#0}
  20:     0x7030e1e800bb - rustc_middle[71f34cfdf648c905]::ty::context::tls::with_context_opt::<rustc_middle[71f34cfdf648c905]::ty::context::tls::with_opt<rustc_middle[71f34cfdf648c905]::util::bug::opt_span_bug_fmt<rustc_span[44459a3ac9e57d0f]::span_encoding::Span>::{closure#0}, !>::{closure#0}, !>
  21:     0x7030e03c6690 - rustc_middle[71f34cfdf648c905]::util::bug::bug_fmt
  22:     0x7030e440c497 - <rustc_pattern_analysis[c40f88f7f254718d]::rustc::RustcPatCtxt>::lower_pat_range_bdy.cold
  23:     0x7030e0474bdf - <rustc_pattern_analysis[c40f88f7f254718d]::rustc::RustcPatCtxt>::lower_pat
  24:     0x7030e046ff1a - <rustc_mir_build[7b12319d834a5bcf]::thir::pattern::check_match::MatchVisitor as rustc_middle[71f34cfdf648c905]::thir::visit::Visitor>::visit_expr
  25:     0x7030e046facd - <rustc_mir_build[7b12319d834a5bcf]::thir::pattern::check_match::MatchVisitor as rustc_middle[71f34cfdf648c905]::thir::visit::Visitor>::visit_expr
  26:     0x7030e0470b58 - <rustc_mir_build[7b12319d834a5bcf]::thir::pattern::check_match::MatchVisitor as rustc_middle[71f34cfdf648c905]::thir::visit::Visitor>::visit_expr
  27:     0x7030e046facd - <rustc_mir_build[7b12319d834a5bcf]::thir::pattern::check_match::MatchVisitor as rustc_middle[71f34cfdf648c905]::thir::visit::Visitor>::visit_expr
  28:     0x7030e3219587 - rustc_mir_build[7b12319d834a5bcf]::thir::pattern::check_match::check_match
  29:     0x7030e321916f - rustc_query_impl[c53a59ca6b290a7d]::plumbing::__rust_begin_short_backtrace::<rustc_query_impl[c53a59ca6b290a7d]::query_impl::check_match::dynamic_query::{closure#2}::{closure#0}, rustc_middle[71f34cfdf648c905]::query::erase::Erased<[u8; 1usize]>>
  30:     0x7030e32bae23 - rustc_query_system[19fdeaa44c23bb51]::query::plumbing::try_execute_query::<rustc_query_impl[c53a59ca6b290a7d]::DynamicConfig<rustc_query_system[19fdeaa44c23bb51]::query::caches::VecCache<rustc_span[44459a3ac9e57d0f]::def_id::LocalDefId, rustc_middle[71f34cfdf648c905]::query::erase::Erased<[u8; 1usize]>>, false, false, false>, rustc_query_impl[c53a59ca6b290a7d]::plumbing::QueryCtxt, true>
  31:     0x7030e2ec326c - rustc_query_impl[c53a59ca6b290a7d]::query_impl::check_match::get_query_incr::__rust_end_short_backtrace
  32:     0x7030e3208cbf - rustc_mir_build[7b12319d834a5bcf]::build::mir_built
  33:     0x7030e3208b95 - rustc_query_impl[c53a59ca6b290a7d]::plumbing::__rust_begin_short_backtrace::<rustc_query_impl[c53a59ca6b290a7d]::query_impl::mir_built::dynamic_query::{closure#2}::{closure#0}, rustc_middle[71f34cfdf648c905]::query::erase::Erased<[u8; 8usize]>>
  34:     0x7030e2ff7f31 - rustc_query_system[19fdeaa44c23bb51]::query::plumbing::try_execute_query::<rustc_query_impl[c53a59ca6b290a7d]::DynamicConfig<rustc_query_system[19fdeaa44c23bb51]::query::caches::VecCache<rustc_span[44459a3ac9e57d0f]::def_id::LocalDefId, rustc_middle[71f34cfdf648c905]::query::erase::Erased<[u8; 8usize]>>, false, false, false>, rustc_query_impl[c53a59ca6b290a7d]::plumbing::QueryCtxt, true>
  35:     0x7030e32ad40a - rustc_query_impl[c53a59ca6b290a7d]::query_impl::mir_built::get_query_incr::__rust_end_short_backtrace
  36:     0x7030e36941eb - rustc_mir_build[7b12319d834a5bcf]::check_unsafety::check_unsafety
  37:     0x7030e3693f59 - rustc_query_impl[c53a59ca6b290a7d]::plumbing::__rust_begin_short_backtrace::<rustc_query_impl[c53a59ca6b290a7d]::query_impl::check_unsafety::dynamic_query::{closure#2}::{closure#0}, rustc_middle[71f34cfdf648c905]::query::erase::Erased<[u8; 0usize]>>
  38:     0x7030e32ab594 - rustc_query_system[19fdeaa44c23bb51]::query::plumbing::try_execute_query::<rustc_query_impl[c53a59ca6b290a7d]::DynamicConfig<rustc_query_system[19fdeaa44c23bb51]::query::caches::VecCache<rustc_span[44459a3ac9e57d0f]::def_id::LocalDefId, rustc_middle[71f34cfdf648c905]::query::erase::Erased<[u8; 0usize]>>, false, false, false>, rustc_query_impl[c53a59ca6b290a7d]::plumbing::QueryCtxt, true>
  39:     0x7030e32ab0b7 - rustc_query_impl[c53a59ca6b290a7d]::query_impl::check_unsafety::get_query_incr::__rust_end_short_backtrace
  40:     0x7030e329cd3c - rustc_interface[3904ffc881a751d0]::passes::analysis
  41:     0x7030e329be59 - rustc_query_impl[c53a59ca6b290a7d]::plumbing::__rust_begin_short_backtrace::<rustc_query_impl[c53a59ca6b290a7d]::query_impl::analysis::dynamic_query::{closure#2}::{closure#0}, rustc_middle[71f34cfdf648c905]::query::erase::Erased<[u8; 1usize]>>
  42:     0x7030e3d5f4e2 - rustc_query_system[19fdeaa44c23bb51]::query::plumbing::try_execute_query::<rustc_query_impl[c53a59ca6b290a7d]::DynamicConfig<rustc_query_system[19fdeaa44c23bb51]::query::caches::SingleCache<rustc_middle[71f34cfdf648c905]::query::erase::Erased<[u8; 1usize]>>, false, false, false>, rustc_query_impl[c53a59ca6b290a7d]::plumbing::QueryCtxt, true>
  43:     0x7030e3d5f0dc - rustc_query_impl[c53a59ca6b290a7d]::query_impl::analysis::get_query_incr::__rust_end_short_backtrace
  44:     0x7030e3a97d19 - rustc_interface[3904ffc881a751d0]::interface::run_compiler::<core[ae1f8483516b19c4]::result::Result<(), rustc_span[44459a3ac9e57d0f]::ErrorGuaranteed>, rustc_driver_impl[8731a6ab559903fa]::run_compiler::{closure#0}>::{closure#0}
  45:     0x7030e3b70159 - std[aca912f18be40d2b]::sys_common::backtrace::__rust_begin_short_backtrace::<rustc_interface[3904ffc881a751d0]::util::run_in_thread_with_globals<rustc_interface[3904ffc881a751d0]::util::run_in_thread_pool_with_globals<rustc_interface[3904ffc881a751d0]::interface::run_compiler<core[ae1f8483516b19c4]::result::Result<(), rustc_span[44459a3ac9e57d0f]::ErrorGuaranteed>, rustc_driver_impl[8731a6ab559903fa]::run_compiler::{closure#0}>::{closure#0}, core[ae1f8483516b19c4]::result::Result<(), rustc_span[44459a3ac9e57d0f]::ErrorGuaranteed>>::{closure#0}, core[ae1f8483516b19c4]::result::Result<(), rustc_span[44459a3ac9e57d0f]::ErrorGuaranteed>>::{closure#0}::{closure#0}, core[ae1f8483516b19c4]::result::Result<(), rustc_span[44459a3ac9e57d0f]::ErrorGuaranteed>>
  46:     0x7030e3b6ff86 - <<std[aca912f18be40d2b]::thread::Builder>::spawn_unchecked_<rustc_interface[3904ffc881a751d0]::util::run_in_thread_with_globals<rustc_interface[3904ffc881a751d0]::util::run_in_thread_pool_with_globals<rustc_interface[3904ffc881a751d0]::interface::run_compiler<core[ae1f8483516b19c4]::result::Result<(), rustc_span[44459a3ac9e57d0f]::ErrorGuaranteed>, rustc_driver_impl[8731a6ab559903fa]::run_compiler::{closure#0}>::{closure#0}, core[ae1f8483516b19c4]::result::Result<(), rustc_span[44459a3ac9e57d0f]::ErrorGuaranteed>>::{closure#0}, core[ae1f8483516b19c4]::result::Result<(), rustc_span[44459a3ac9e57d0f]::ErrorGuaranteed>>::{closure#0}::{closure#0}, core[ae1f8483516b19c4]::result::Result<(), rustc_span[44459a3ac9e57d0f]::ErrorGuaranteed>>::{closure#1} as core[ae1f8483516b19c4]::ops::function::FnOnce<()>>::call_once::{shim:vtable#0}
  47:     0x7030e4f69a49 - <alloc::boxed::Box<F,A> as core::ops::function::FnOnce<Args>>::call_once::h4877ab893ae3f5c0
                               at /rustc/0824b300eb0dae5d9ed59719d3f2732016683d66/library/alloc/src/boxed.rs:2015:9
  48:     0x7030e4f69a49 - <alloc::boxed::Box<F,A> as core::ops::function::FnOnce<Args>>::call_once::h3eb31af7586af7b0
                               at /rustc/0824b300eb0dae5d9ed59719d3f2732016683d66/library/alloc/src/boxed.rs:2015:9
  49:     0x7030e4f69a49 - std::sys::pal::unix::thread::Thread::new::thread_start::h3ae02b20bae8b7dd
                               at /rustc/0824b300eb0dae5d9ed59719d3f2732016683d66/library/std/src/sys/pal/unix/thread.rs:108:17
  50:     0x7030de694ac3 - start_thread
                               at ./nptl/pthread_create.c:442:8
  51:     0x7030de7268c0 - __GI___clone3
                               at ./misc/../sysdeps/unix/sysv/linux/x86_64/clone3.S:81
  52:                0x0 - <unknown>

note: it seems that this compiler `1.79.0-nightly (0824b300e 2024-03-24)` is outdated, a newer nightly should have been released in the mean time
  |
  = note: please consider running `rustup update nightly` to update the nightly channel and check if this problem still persists
  = note: if the problem still persists, we would appreciate a bug report: https://github.com/rust-lang/rust/issues/new?labels=C-bug%2C+I-ICE%2C+T-compiler&template=ice.md

note: please attach the file at `/data/zhangtianrong/projects/rustc-cbl/run/123092/rustc-ice-2026-01-15T14_47_14-1483587.txt` to your bug report

note: compiler flags: --crate-type bin -C embed-bitcode=no -C debuginfo=2 -C incremental=[REDACTED]

note: some of the compiler flags provided by cargo are hidden

query stack during panic:
#0 [check_match] match-checking `digits`
#1 [mir_built] building MIR for `digits`
#2 [check_unsafety] unsafety-checking `digits`
#3 [analysis] running analysis passes on this crate
end of query stack
error: could not compile `bug_123092` (bin "bug_123092") due to 1 previous error
------------------------------------------------------------
Return code: 101
