=== START 2026-01-18 14:41:25 ===
Bug ID: 123152
Toolchain: nightly-2024-03-27
Source: /data/zhangtianrong/projects/rustc-cbl/rustcbugs/123152
Run dir: /data/zhangtianrong/projects/rustc-cbl/run/123152
CMD: rustup run nightly-2024-03-27 cargo build
------------------------------------------------------------
   Compiling bug_123152 v0.1.0 (/data/zhangtianrong/projects/rustc-cbl/run/123152)
error[E0277]: the size for values of type `str` cannot be known at compilation time
 --> src/main.rs:9:8
  |
9 |     v: str,
  |        ^^^ doesn't have a size known at compile-time
  |
  = help: the trait `Sized` is not implemented for `str`
  = note: only the last field of a struct may have a dynamically sized type
  = help: change the field's type to have a statically known size
help: borrowed types always have a statically known size
  |
9 |     v: &str,
  |        +
help: the `Box` type always has a statically known size and allocates its contents in the heap
  |
9 |     v: Box<str>,
  |        ++++   +

thread 'rustc' panicked at /rustc/47ecded3525392b77843534bed69b4302f9af8d2/compiler/rustc_target/src/abi/mod.rs:270:13:
offset of unsized field (type S) cannot be computed statically
stack backtrace:
   0:     0x72ef4078bfd5 - std::backtrace_rs::backtrace::libunwind::trace::hb97889fc57cc5ea4
                               at /rustc/47ecded3525392b77843534bed69b4302f9af8d2/library/std/src/../../backtrace/src/backtrace/libunwind.rs:105:5
   1:     0x72ef4078bfd5 - std::backtrace_rs::backtrace::trace_unsynchronized::hc58f158d3dd6d355
                               at /rustc/47ecded3525392b77843534bed69b4302f9af8d2/library/std/src/../../backtrace/src/backtrace/mod.rs:66:5
   2:     0x72ef4078bfd5 - std::sys_common::backtrace::_print_fmt::h963f96091773670b
                               at /rustc/47ecded3525392b77843534bed69b4302f9af8d2/library/std/src/sys_common/backtrace.rs:68:5
   3:     0x72ef4078bfd5 - <std::sys_common::backtrace::_print::DisplayBacktrace as core::fmt::Display>::fmt::ha76d55a6fcec8937
                               at /rustc/47ecded3525392b77843534bed69b4302f9af8d2/library/std/src/sys_common/backtrace.rs:44:22
   4:     0x72ef407dd19b - core::fmt::rt::Argument::fmt::haa98cf688a8eb9d9
                               at /rustc/47ecded3525392b77843534bed69b4302f9af8d2/library/core/src/fmt/rt.rs:142:9
   5:     0x72ef407dd19b - core::fmt::write::h52ed0e5ab25b8064
                               at /rustc/47ecded3525392b77843534bed69b4302f9af8d2/library/core/src/fmt/mod.rs:1153:17
   6:     0x72ef40780d6f - std::io::Write::write_fmt::haaca0e9ad4a70548
                               at /rustc/47ecded3525392b77843534bed69b4302f9af8d2/library/std/src/io/mod.rs:1843:15
   7:     0x72ef4078bdae - std::sys_common::backtrace::_print::h37d3ed6be6b7357f
                               at /rustc/47ecded3525392b77843534bed69b4302f9af8d2/library/std/src/sys_common/backtrace.rs:47:5
   8:     0x72ef4078bdae - std::sys_common::backtrace::print::h6bbe73a6bf9d575d
                               at /rustc/47ecded3525392b77843534bed69b4302f9af8d2/library/std/src/sys_common/backtrace.rs:34:9
   9:     0x72ef4078ea29 - std::panicking::default_hook::{{closure}}::h13d2c95eea78d22b
  10:     0x72ef4078e793 - std::panicking::default_hook::hc2a5fefcba81d64d
                               at /rustc/47ecded3525392b77843534bed69b4302f9af8d2/library/std/src/panicking.rs:292:9
  11:     0x72ef437f048f - std[a494d5677443b85b]::panicking::update_hook::<alloc[b337168dc5bfd7d]::boxed::Box<rustc_driver_impl[165efc851b7d68dd]::install_ice_hook::{closure#0}>>::{closure#0}
  12:     0x72ef4078f12c - <alloc::boxed::Box<F,A> as core::ops::function::Fn<Args>>::call::h8127a2150a7c0141
                               at /rustc/47ecded3525392b77843534bed69b4302f9af8d2/library/alloc/src/boxed.rs:2029:9
  13:     0x72ef4078f12c - std::panicking::rust_panic_with_hook::h9153c592817d7a21
                               at /rustc/47ecded3525392b77843534bed69b4302f9af8d2/library/std/src/panicking.rs:793:13
  14:     0x72ef4078eed6 - std::panicking::begin_panic_handler::{{closure}}::h4f3549b28ec59d46
                               at /rustc/47ecded3525392b77843534bed69b4302f9af8d2/library/std/src/panicking.rs:658:13
  15:     0x72ef4078c499 - std::sys_common::backtrace::__rust_end_short_backtrace::h6466dafa8928674f
                               at /rustc/47ecded3525392b77843534bed69b4302f9af8d2/library/std/src/sys_common/backtrace.rs:171:18
  16:     0x72ef4078ec07 - rust_begin_unwind
                               at /rustc/47ecded3525392b77843534bed69b4302f9af8d2/library/std/src/panicking.rs:646:5
  17:     0x72ef407d9636 - core::panicking::panic_fmt::h9cf46729d1326d92
                               at /rustc/47ecded3525392b77843534bed69b4302f9af8d2/library/core/src/panicking.rs:72:14
  18:     0x72ef43db8179 - <rustc_target[aa3ee2e18affade0]::abi::TyAndLayout<rustc_middle[2ac211ec01733a4]::ty::Ty>>::offset_of_subfield::<rustc_mir_transform[917176dc66484f68]::known_panics_lint::ConstPropagator, core[1b8aceb85850e0c4]::iter::adapters::copied::Copied<core[1b8aceb85850e0c4]::slice::iter::Iter<(rustc_target[aa3ee2e18affade0]::abi::VariantIdx, rustc_target[aa3ee2e18affade0]::abi::FieldIdx)>>>
  19:     0x72ef424b9b9d - <rustc_mir_transform[917176dc66484f68]::known_panics_lint::ConstPropagator as rustc_middle[2ac211ec01733a4]::mir::visit::Visitor>::visit_assign
  20:     0x72ef4552e142 - <rustc_mir_transform[917176dc66484f68]::known_panics_lint::ConstPropagator as rustc_middle[2ac211ec01733a4]::mir::visit::Visitor>::visit_body
  21:     0x72ef42408373 - <rustc_mir_transform[917176dc66484f68]::known_panics_lint::KnownPanicsLint as rustc_mir_transform[917176dc66484f68]::pass_manager::MirLint>::run_lint
  22:     0x72ef44c01a0d - rustc_mir_transform[917176dc66484f68]::pass_manager::run_passes_inner
  23:     0x72ef453b994b - rustc_mir_transform[917176dc66484f68]::mir_drops_elaborated_and_const_checked
  24:     0x72ef453b9269 - rustc_query_impl[4fb5b1e296779c42]::plumbing::__rust_begin_short_backtrace::<rustc_query_impl[4fb5b1e296779c42]::query_impl::mir_drops_elaborated_and_const_checked::dynamic_query::{closure#2}::{closure#0}, rustc_middle[2ac211ec01733a4]::query::erase::Erased<[u8; 8usize]>>
  25:     0x72ef44de346a - rustc_query_system[ec4cd70a1789189c]::query::plumbing::try_execute_query::<rustc_query_impl[4fb5b1e296779c42]::DynamicConfig<rustc_query_system[ec4cd70a1789189c]::query::caches::VecCache<rustc_span[1cbf6d91519255d4]::def_id::LocalDefId, rustc_middle[2ac211ec01733a4]::query::erase::Erased<[u8; 8usize]>>, false, false, false>, rustc_query_impl[4fb5b1e296779c42]::plumbing::QueryCtxt, true>
  26:     0x72ef450f03b1 - rustc_query_impl[4fb5b1e296779c42]::query_impl::mir_drops_elaborated_and_const_checked::get_query_incr::__rust_end_short_backtrace
  27:     0x72ef450dc6e8 - rustc_interface[730dc155a6d88b6f]::passes::analysis
  28:     0x72ef450db4d1 - rustc_query_impl[4fb5b1e296779c42]::plumbing::__rust_begin_short_backtrace::<rustc_query_impl[4fb5b1e296779c42]::query_impl::analysis::dynamic_query::{closure#2}::{closure#0}, rustc_middle[2ac211ec01733a4]::query::erase::Erased<[u8; 1usize]>>
  29:     0x72ef45b63fe2 - rustc_query_system[ec4cd70a1789189c]::query::plumbing::try_execute_query::<rustc_query_impl[4fb5b1e296779c42]::DynamicConfig<rustc_query_system[ec4cd70a1789189c]::query::caches::SingleCache<rustc_middle[2ac211ec01733a4]::query::erase::Erased<[u8; 1usize]>>, false, false, false>, rustc_query_impl[4fb5b1e296779c42]::plumbing::QueryCtxt, true>
  30:     0x72ef45b63bdc - rustc_query_impl[4fb5b1e296779c42]::query_impl::analysis::get_query_incr::__rust_end_short_backtrace
  31:     0x72ef4587a519 - rustc_interface[730dc155a6d88b6f]::interface::run_compiler::<core[1b8aceb85850e0c4]::result::Result<(), rustc_span[1cbf6d91519255d4]::ErrorGuaranteed>, rustc_driver_impl[165efc851b7d68dd]::run_compiler::{closure#0}>::{closure#0}
  32:     0x72ef4596db57 - std[a494d5677443b85b]::sys_common::backtrace::__rust_begin_short_backtrace::<rustc_interface[730dc155a6d88b6f]::util::run_in_thread_with_globals<rustc_interface[730dc155a6d88b6f]::util::run_in_thread_pool_with_globals<rustc_interface[730dc155a6d88b6f]::interface::run_compiler<core[1b8aceb85850e0c4]::result::Result<(), rustc_span[1cbf6d91519255d4]::ErrorGuaranteed>, rustc_driver_impl[165efc851b7d68dd]::run_compiler::{closure#0}>::{closure#0}, core[1b8aceb85850e0c4]::result::Result<(), rustc_span[1cbf6d91519255d4]::ErrorGuaranteed>>::{closure#0}, core[1b8aceb85850e0c4]::result::Result<(), rustc_span[1cbf6d91519255d4]::ErrorGuaranteed>>::{closure#0}::{closure#0}, core[1b8aceb85850e0c4]::result::Result<(), rustc_span[1cbf6d91519255d4]::ErrorGuaranteed>>
  33:     0x72ef4596d984 - <<std[a494d5677443b85b]::thread::Builder>::spawn_unchecked_<rustc_interface[730dc155a6d88b6f]::util::run_in_thread_with_globals<rustc_interface[730dc155a6d88b6f]::util::run_in_thread_pool_with_globals<rustc_interface[730dc155a6d88b6f]::interface::run_compiler<core[1b8aceb85850e0c4]::result::Result<(), rustc_span[1cbf6d91519255d4]::ErrorGuaranteed>, rustc_driver_impl[165efc851b7d68dd]::run_compiler::{closure#0}>::{closure#0}, core[1b8aceb85850e0c4]::result::Result<(), rustc_span[1cbf6d91519255d4]::ErrorGuaranteed>>::{closure#0}, core[1b8aceb85850e0c4]::result::Result<(), rustc_span[1cbf6d91519255d4]::ErrorGuaranteed>>::{closure#0}::{closure#0}, core[1b8aceb85850e0c4]::result::Result<(), rustc_span[1cbf6d91519255d4]::ErrorGuaranteed>>::{closure#1} as core[1b8aceb85850e0c4]::ops::function::FnOnce<()>>::call_once::{shim:vtable#0}
  34:     0x72ef40798a49 - <alloc::boxed::Box<F,A> as core::ops::function::FnOnce<Args>>::call_once::h9342c55fbd928f06
                               at /rustc/47ecded3525392b77843534bed69b4302f9af8d2/library/alloc/src/boxed.rs:2015:9
  35:     0x72ef40798a49 - <alloc::boxed::Box<F,A> as core::ops::function::FnOnce<Args>>::call_once::ha6ae1c8043326321
                               at /rustc/47ecded3525392b77843534bed69b4302f9af8d2/library/alloc/src/boxed.rs:2015:9
  36:     0x72ef40798a49 - std::sys::pal::unix::thread::Thread::new::thread_start::h5fc8391fed226ebc
                               at /rustc/47ecded3525392b77843534bed69b4302f9af8d2/library/std/src/sys/pal/unix/thread.rs:108:17
  37:     0x72ef40494ac3 - start_thread
                               at ./nptl/pthread_create.c:442:8
  38:     0x72ef405268c0 - __GI___clone3
                               at ./misc/../sysdeps/unix/sysv/linux/x86_64/clone3.S:81
  39:                0x0 - <unknown>

error: the compiler unexpectedly panicked. this is a bug.

note: it seems that this compiler `1.79.0-nightly (47ecded35 2024-03-26)` is outdated, a newer nightly should have been released in the mean time
  |
  = note: please consider running `rustup update nightly` to update the nightly channel and check if this problem still persists
  = note: if the problem still persists, we would appreciate a bug report: https://github.com/rust-lang/rust/issues/new?labels=C-bug%2C+I-ICE%2C+T-compiler&template=ice.md

note: please attach the file at `/data/zhangtianrong/projects/rustc-cbl/run/123152/rustc-ice-2026-01-18T06_41_25-2279109.txt` to your bug report

note: compiler flags: --crate-type bin -C embed-bitcode=no -C debuginfo=2 -C incremental=[REDACTED]

note: some of the compiler flags provided by cargo are hidden

query stack during panic:
#0 [mir_drops_elaborated_and_const_checked] elaborating drops for `<impl at src/main.rs:13:1: 13:7>::offs_in_c_colon`
#1 [analysis] running analysis passes on this crate
end of query stack
For more information about this error, try `rustc --explain E0277`.
error: could not compile `bug_123152` (bin "bug_123152") due to 1 previous error
------------------------------------------------------------
Return code: 101
