=== START 2026-01-18 14:36:25 ===
Bug ID: 123457
Toolchain: nightly-2024-04-02
Source: /data/zhangtianrong/projects/rustc-cbl/rustcbugs/123457
Run dir: /data/zhangtianrong/projects/rustc-cbl/run/123457
CMD: rustup run nightly-2024-04-02 cargo build
------------------------------------------------------------
   Compiling bug_123457 v0.1.0 (/data/zhangtianrong/projects/rustc-cbl/run/123457)
error: generic parameters may not be used in const operations
  --> src/main.rs:19:10
   |
19 |     [(); PossibleParent::SIZE - Schema::SIZE]: Sized,
   |          ^^^^^^^^^^^^^^^^^^^^ cannot perform const operation using `PossibleParent`
   |
   = note: type parameters may not be used in const expressions
   = help: add `#![feature(generic_const_exprs)]` to allow generic const expressions

error: generic parameters may not be used in const operations
  --> src/main.rs:19:33
   |
19 |     [(); PossibleParent::SIZE - Schema::SIZE]: Sized,
   |                                 ^^^^^^^^^^^^ cannot perform const operation using `Schema`
   |
   = note: type parameters may not be used in const expressions
   = help: add `#![feature(generic_const_exprs)]` to allow generic const expressions

error: generic parameters may not be used in const operations
  --> src/main.rs:20:35
   |
20 |     [(); check_valid_subset::<(), Schema, K>()]: Sized,
   |                                   ^^^^^^ cannot perform const operation using `Schema`
   |
   = note: type parameters may not be used in const expressions
   = help: add `#![feature(generic_const_exprs)]` to allow generic const expressions

error: generic parameters may not be used in const operations
  --> src/main.rs:20:43
   |
20 |     [(); check_valid_subset::<(), Schema, K>()]: Sized,
   |                                           ^ cannot perform const operation using `K`
   |
   = help: const parameters may only be used as standalone arguments, i.e. `K`
   = help: add `#![feature(generic_const_exprs)]` to allow generic const expressions

error: generic parameters may not be used in const operations
  --> src/main.rs:39:14
   |
39 |         [(); S::SIZE - NewSchema::SIZE]: Sized,
   |              ^^^^^^^ cannot perform const operation using `S`
   |
   = note: type parameters may not be used in const expressions
   = help: add `#![feature(generic_const_exprs)]` to allow generic const expressions

error: generic parameters may not be used in const operations
  --> src/main.rs:39:24
   |
39 |         [(); S::SIZE - NewSchema::SIZE]: Sized,
   |                        ^^^^^^^^^^^^^^^ cannot perform const operation using `NewSchema`
   |
   = note: type parameters may not be used in const expressions
   = help: add `#![feature(generic_const_exprs)]` to allow generic const expressions

error[E0412]: cannot find type `K` in this scope
  --> src/main.rs:24:24
   |
24 | impl<Tail> ContainsKey<K> for KeyCons<Tail, KEY_ID> {}
   |                        ^ not found in this scope
   |
help: you might be missing a type parameter
   |
24 | impl<Tail, K> ContainsKey<K> for KeyCons<Tail, KEY_ID> {}
   |          +++

error[E0412]: cannot find type `KEY_ID` in this scope
  --> src/main.rs:24:45
   |
24 | impl<Tail> ContainsKey<K> for KeyCons<Tail, KEY_ID> {}
   |                                             ^^^^^^ not found in this scope
   |
help: you might be missing a type parameter
   |
24 | impl<Tail, KEY_ID> ContainsKey<K> for KeyCons<Tail, KEY_ID> {}
   |          ++++++++

error[E0412]: cannot find type `K` in this scope
  --> src/main.rs:38:36
   |
30 | impl<S: KeySchema> RestrictedStringMap<S> {
   |      - similarly named type parameter `S` defined here
...
38 |         NewSchema: SubsetExcept<S, K>,
   |                                    ^
   |
help: a type parameter with a similar name exists
   |
38 |         NewSchema: SubsetExcept<S, S>,
   |                                    ~
help: you might be missing a type parameter
   |
30 | impl<S: KeySchema, K> RestrictedStringMap<S> {
   |                  +++

error[E0747]: unresolved item provided when a constant was expected
  --> src/main.rs:24:45
   |
24 | impl<Tail> ContainsKey<K> for KeyCons<Tail, KEY_ID> {}
   |                                             ^^^^^^
   |
help: if this generic argument was intended as a const parameter, surround it with braces
   |
24 | impl<Tail> ContainsKey<K> for KeyCons<Tail, { KEY_ID }> {}
   |                                             +        +

error: `&'static str` is forbidden as the type of a const generic parameter
 --> src/main.rs:3:32
  |
3 | pub trait ContainsKey<const K: &'static str> {}
  |                                ^^^^^^^^^^^^
  |
  = note: the only supported types are integers, `bool` and `char`
help: add `#![feature(adt_const_params)]` to the crate attributes to enable more complex and user defined types
  |
1 + #![feature(adt_const_params)]
  |

error[E0392]: type parameter `Tail` is never used
  --> src/main.rs:10:20
   |
10 | pub struct KeyCons<Tail, const KEY_ID: &'static str> {}
   |                    ^^^^ unused type parameter
   |
   = help: consider removing `Tail`, referring to it in a field, or using a marker such as `PhantomData`
   = help: if you intended `Tail` to be a const parameter, use `const Tail: /* Type */` instead

error: `&'static str` is forbidden as the type of a const generic parameter
  --> src/main.rs:10:40
   |
10 | pub struct KeyCons<Tail, const KEY_ID: &'static str> {}
   |                                        ^^^^^^^^^^^^
   |
   = note: the only supported types are integers, `bool` and `char`
help: add `#![feature(adt_const_params)]` to the crate attributes to enable more complex and user defined types
   |
1  + #![feature(adt_const_params)]
   |

error[E0107]: trait takes 1 generic argument but 2 generic arguments were supplied
  --> src/main.rs:14:53
   |
14 | impl<Schema, PossibleParent, const K: &'static str> SubsetExcept<PossibleParent, K> for Schema
   |                                                     ^^^^^^^^^^^^                 - help: remove this generic argument
   |                                                     |
   |                                                     expected 1 generic argument
   |
note: trait defined here, with 1 generic parameter: `Parent`
  --> src/main.rs:12:11
   |
12 | pub trait SubsetExcept<Parent: KeySchema>: KeySchema {}
   |           ^^^^^^^^^^^^ ------

error[E0425]: cannot find function `check_valid_subset` in this scope
  --> src/main.rs:20:10
   |
20 |     [(); check_valid_subset::<(), Schema, K>()]: Sized,
   |          ^^^^^^^^^^^^^^^^^^ not found in this scope

error[E0207]: the const parameter `K` is not constrained by the impl trait, self type, or predicates
  --> src/main.rs:14:30
   |
14 | impl<Schema, PossibleParent, const K: &'static str> SubsetExcept<PossibleParent, K> for Schema
   |                              ^^^^^^^^^^^^^^^^^^^^^ unconstrained const parameter
   |
   = note: expressions using a const parameter must map each value to a distinct output value
   = note: proving the result of expressions other than the parameter are unique is not supported

error: `&'static str` is forbidden as the type of a const generic parameter
  --> src/main.rs:14:39
   |
14 | impl<Schema, PossibleParent, const K: &'static str> SubsetExcept<PossibleParent, K> for Schema
   |                                       ^^^^^^^^^^^^
   |
   = note: the only supported types are integers, `bool` and `char`
help: add `#![feature(adt_const_params)]` to the crate attributes to enable more complex and user defined types
   |
1  + #![feature(adt_const_params)]
   |

error[E0747]: unresolved item provided when a constant was expected
  --> src/main.rs:24:24
   |
24 | impl<Tail> ContainsKey<K> for KeyCons<Tail, KEY_ID> {}
   |                        ^
   |
help: if this generic argument was intended as a const parameter, surround it with braces
   |
24 | impl<Tail> ContainsKey<{ K }> for KeyCons<Tail, KEY_ID> {}
   |                        +   +

error[E0107]: trait takes 1 generic argument but 2 generic arguments were supplied
  --> src/main.rs:38:20
   |
38 |         NewSchema: SubsetExcept<S, K>,
   |                    ^^^^^^^^^^^^    - help: remove this generic argument
   |                    |
   |                    expected 1 generic argument
   |
note: trait defined here, with 1 generic parameter: `Parent`
  --> src/main.rs:12:11
   |
12 | pub trait SubsetExcept<Parent: KeySchema>: KeySchema {}
   |           ^^^^^^^^^^^^ ------

error[E0308]: mismatched types
  --> src/main.rs:31:30
   |
31 |     pub fn empty_schema() -> RestrictedStringMap<KeyNil> {}
   |            ------------      ^^^^^^^^^^^^^^^^^^^^^^^^^^^ expected `RestrictedStringMap<KeyNil>`, found `()`
   |            |
   |            implicitly returns `()` as its body has no tail or `return` expression
   |
   = note: expected struct `RestrictedStringMap<KeyNil>`
           found unit type `()`

error[E0308]: mismatched types
  --> src/main.rs:34:54
   |
34 |     pub fn remove_key<NewSchema: KeySchema>(self) -> RestrictedStringMap<NewSchema>
   |            ----------                                ^^^^^^^^^^^^^^^^^^^^^^^^^^^^^^ expected `RestrictedStringMap<NewSchema>`, found `()`
   |            |
   |            implicitly returns `()` as its body has no tail or `return` expression
   |
   = note: expected struct `RestrictedStringMap<NewSchema>`
           found unit type `()`

error[E0277]: the trait bound `KeyCons<KeyNil, "k1">: KeySchema` is not satisfied
  --> src/main.rs:47:14
   |
47 |     let map: RestrictedStringMap<KeyCons<KeyNil, "k1">> = map.remove_key::<_, "k2">();
   |              ^^^^^^^^^^^^^^^^^^^^^^^^^^^^^^^^^^^^^^^^^^ the trait `KeySchema` is not implemented for `KeyCons<KeyNil, "k1">`
   |
   = help: the trait `KeySchema` is implemented for `KeyNil`
note: required by a bound in `RestrictedStringMap`
  --> src/main.rs:26:35
   |
26 | pub struct RestrictedStringMap<S: KeySchema> {
   |                                   ^^^^^^^^^ required by this bound in `RestrictedStringMap`

error[E0107]: method takes 1 generic argument but 2 generic arguments were supplied
  --> src/main.rs:47:63
   |
47 |     let map: RestrictedStringMap<KeyCons<KeyNil, "k1">> = map.remove_key::<_, "k2">();
   |                                                               ^^^^^^^^^^      ---- help: remove this generic argument
   |                                                               |
   |                                                               expected 1 generic argument
   |
note: method defined here, with 1 generic parameter: `NewSchema`
  --> src/main.rs:34:12
   |
34 |     pub fn remove_key<NewSchema: KeySchema>(self) -> RestrictedStringMap<NewSchema>
   |            ^^^^^^^^^^ ---------

error[E0277]: the trait bound `KeyCons<KeyNil, "k1">: KeySchema` is not satisfied
  --> src/main.rs:47:76
   |
47 |     let map: RestrictedStringMap<KeyCons<KeyNil, "k1">> = map.remove_key::<_, "k2">();
   |                                                               ----------   ^ the trait `KeySchema` is not implemented for `KeyCons<KeyNil, "k1">`
   |                                                               |
   |                                                               required by a bound introduced by this call
   |
   = help: the trait `KeySchema` is implemented for `KeyNil`
note: required by a bound in `RestrictedStringMap::<S>::remove_key`
  --> src/main.rs:34:34
   |
34 |     pub fn remove_key<NewSchema: KeySchema>(self) -> RestrictedStringMap<NewSchema>
   |                                  ^^^^^^^^^ required by this bound in `RestrictedStringMap::<S>::remove_key`

error[E0277]: the trait bound `(): KeySchema` is not satisfied
  --> src/main.rs:47:76
   |
47 |     let map: RestrictedStringMap<KeyCons<KeyNil, "k1">> = map.remove_key::<_, "k2">();
   |                                                               ----------   ^ the trait `KeySchema` is not implemented for `()`, which is required by `KeyCons<KeyNil, "k1">: SubsetExcept<KeyNil>`
   |                                                               |
   |                                                               required by a bound introduced by this call
   |
   = help: the trait `KeySchema` is implemented for `KeyNil`
note: required for `KeyCons<KeyNil, "k1">` to implement `SubsetExcept<KeyNil>`
  --> src/main.rs:14:53
   |
14 | impl<Schema, PossibleParent, const K: &'static str> SubsetExcept<PossibleParent, K> for Schema
   |                                                     ^^^^^^^^^^^^^^^^^^^^^^^^^^^^^^^     ^^^^^^
...
17 |     (): KeySchema,
   |         --------- unsatisfied trait bound introduced here
note: required by a bound in `RestrictedStringMap::<S>::remove_key`
  --> src/main.rs:38:20
   |
34 |     pub fn remove_key<NewSchema: KeySchema>(self) -> RestrictedStringMap<NewSchema>
   |            ---------- required by a bound in this associated function
...
38 |         NewSchema: SubsetExcept<S, K>,
   |                    ^^^^^^^^^^^^^^^^^^ required by this bound in `RestrictedStringMap::<S>::remove_key`

error: internal compiler error: compiler/rustc_infer/src/infer/at.rs:400:21: relating different kinds: {const error}: &'static str KeyNil

thread 'rustc' panicked at compiler/rustc_infer/src/infer/at.rs:400:21:
Box<dyn Any>
stack backtrace:
   0:     0x7efa58d8cab5 - std::backtrace_rs::backtrace::libunwind::trace::h5e86bffdda571081
                               at /rustc/1684a753dbca5d23b2e03568e6fbbb48eb72d0e6/library/std/src/../../backtrace/src/backtrace/libunwind.rs:105:5
   1:     0x7efa58d8cab5 - std::backtrace_rs::backtrace::trace_unsynchronized::h4840edcbcc7e117b
                               at /rustc/1684a753dbca5d23b2e03568e6fbbb48eb72d0e6/library/std/src/../../backtrace/src/backtrace/mod.rs:66:5
   2:     0x7efa58d8cab5 - std::sys_common::backtrace::_print_fmt::h49f9d2a3b38d3265
                               at /rustc/1684a753dbca5d23b2e03568e6fbbb48eb72d0e6/library/std/src/sys_common/backtrace.rs:68:5
   3:     0x7efa58d8cab5 - <std::sys_common::backtrace::_print::DisplayBacktrace as core::fmt::Display>::fmt::h22fedb9c27df8384
                               at /rustc/1684a753dbca5d23b2e03568e6fbbb48eb72d0e6/library/std/src/sys_common/backtrace.rs:44:22
   4:     0x7efa58ddbcfb - core::fmt::rt::Argument::fmt::h7d92fedbe4ca8dae
                               at /rustc/1684a753dbca5d23b2e03568e6fbbb48eb72d0e6/library/core/src/fmt/rt.rs:142:9
   5:     0x7efa58ddbcfb - core::fmt::write::h239b5b3f6d552091
                               at /rustc/1684a753dbca5d23b2e03568e6fbbb48eb72d0e6/library/core/src/fmt/mod.rs:1153:17
   6:     0x7efa58d8169f - std::io::Write::write_fmt::h104f15578b8aef5e
                               at /rustc/1684a753dbca5d23b2e03568e6fbbb48eb72d0e6/library/std/src/io/mod.rs:1843:15
   7:     0x7efa58d8c88e - std::sys_common::backtrace::_print::h01bdd24d8b8cf2a6
                               at /rustc/1684a753dbca5d23b2e03568e6fbbb48eb72d0e6/library/std/src/sys_common/backtrace.rs:47:5
   8:     0x7efa58d8c88e - std::sys_common::backtrace::print::haaea7f67046a5f9d
                               at /rustc/1684a753dbca5d23b2e03568e6fbbb48eb72d0e6/library/std/src/sys_common/backtrace.rs:34:9
   9:     0x7efa58d8f2d9 - std::panicking::default_hook::{{closure}}::hfdd7194dd22830d8
  10:     0x7efa58d8f043 - std::panicking::default_hook::h2423e5cd9c76c18c
                               at /rustc/1684a753dbca5d23b2e03568e6fbbb48eb72d0e6/library/std/src/panicking.rs:291:9
  11:     0x7efa5bdff82f - std[ffd0afd40c23a66b]::panicking::update_hook::<alloc[55476579ce582906]::boxed::Box<rustc_driver_impl[e4eb3d84a143a5f9]::install_ice_hook::{closure#0}>>::{closure#0}
  12:     0x7efa58d8f9dc - <alloc::boxed::Box<F,A> as core::ops::function::Fn<Args>>::call::h4f7174da91e62aae
                               at /rustc/1684a753dbca5d23b2e03568e6fbbb48eb72d0e6/library/alloc/src/boxed.rs:2032:9
  13:     0x7efa58d8f9dc - std::panicking::rust_panic_with_hook::h13aa4870c5fa7445
                               at /rustc/1684a753dbca5d23b2e03568e6fbbb48eb72d0e6/library/std/src/panicking.rs:792:13
  14:     0x7efa5be2f7b4 - std[ffd0afd40c23a66b]::panicking::begin_panic::<rustc_errors[b7d6246ad40612af]::ExplicitBug>::{closure#0}
  15:     0x7efa5be2c526 - std[ffd0afd40c23a66b]::sys_common::backtrace::__rust_end_short_backtrace::<std[ffd0afd40c23a66b]::panicking::begin_panic<rustc_errors[b7d6246ad40612af]::ExplicitBug>::{closure#0}, !>
  16:     0x7efa5be2c206 - std[ffd0afd40c23a66b]::panicking::begin_panic::<rustc_errors[b7d6246ad40612af]::ExplicitBug>
  17:     0x7efa5be38a11 - <rustc_errors[b7d6246ad40612af]::diagnostic::BugAbort as rustc_errors[b7d6246ad40612af]::diagnostic::EmissionGuarantee>::emit_producing_guarantee
  18:     0x7efa5c2cd16c - rustc_middle[b24e7ff436be1cdb]::util::bug::opt_span_bug_fmt::<rustc_span[b2d5999a99633be2]::span_encoding::Span>::{closure#0}
  19:     0x7efa5c2b0e3a - rustc_middle[b24e7ff436be1cdb]::ty::context::tls::with_opt::<rustc_middle[b24e7ff436be1cdb]::util::bug::opt_span_bug_fmt<rustc_span[b2d5999a99633be2]::span_encoding::Span>::{closure#0}, !>::{closure#0}
  20:     0x7efa5c2b0cbb - rustc_middle[b24e7ff436be1cdb]::ty::context::tls::with_context_opt::<rustc_middle[b24e7ff436be1cdb]::ty::context::tls::with_opt<rustc_middle[b24e7ff436be1cdb]::util::bug::opt_span_bug_fmt<rustc_span[b2d5999a99633be2]::span_encoding::Span>::{closure#0}, !>::{closure#0}, !>
  21:     0x7efa59f1c2b0 - rustc_middle[b24e7ff436be1cdb]::util::bug::bug_fmt
  22:     0x7efa5c0b9e37 - <rustc_middle[b24e7ff436be1cdb]::ty::generic_args::GenericArg as rustc_infer[1391a0940004c9ed]::infer::at::ToTrace>::to_trace
  23:     0x7efa5c84ce36 - <rustc_infer[1391a0940004c9ed]::infer::at::At>::eq::<rustc_middle[b24e7ff436be1cdb]::ty::generic_args::GenericArg>
  24:     0x7efa5c94baf7 - <rustc_infer[1391a0940004c9ed]::infer::error_reporting::TypeErrCtxt as rustc_trait_selection[37d253da59ca9e5c]::traits::error_reporting::type_err_ctxt_ext::InferCtxtPrivExt>::report_similar_impl_candidates
  25:     0x7efa5c955b1d - <rustc_infer[1391a0940004c9ed]::infer::error_reporting::TypeErrCtxt as rustc_trait_selection[37d253da59ca9e5c]::traits::error_reporting::type_err_ctxt_ext::InferCtxtPrivExt>::try_to_add_help_message
  26:     0x7efa5c9474f2 - <rustc_infer[1391a0940004c9ed]::infer::error_reporting::TypeErrCtxt as rustc_trait_selection[37d253da59ca9e5c]::traits::error_reporting::type_err_ctxt_ext::TypeErrCtxtExt>::report_selection_error
  27:     0x7efa5c958521 - <rustc_infer[1391a0940004c9ed]::infer::error_reporting::TypeErrCtxt as rustc_trait_selection[37d253da59ca9e5c]::traits::error_reporting::type_err_ctxt_ext::InferCtxtPrivExt>::report_fulfillment_error
  28:     0x7efa5c9428e8 - <rustc_infer[1391a0940004c9ed]::infer::error_reporting::TypeErrCtxt as rustc_trait_selection[37d253da59ca9e5c]::traits::error_reporting::type_err_ctxt_ext::TypeErrCtxtExt>::report_fulfillment_errors
  29:     0x7efa5d8fe504 - <rustc_hir_typeck[301e32f4ff213aee]::fn_ctxt::FnCtxt>::type_inference_fallback
  30:     0x7efa5d3f0c27 - rustc_hir_typeck[301e32f4ff213aee]::typeck
  31:     0x7efa5d3f05d7 - rustc_query_impl[e4150b7ad05f9ce5]::plumbing::__rust_begin_short_backtrace::<rustc_query_impl[e4150b7ad05f9ce5]::query_impl::typeck::dynamic_query::{closure#2}::{closure#0}, rustc_middle[b24e7ff436be1cdb]::query::erase::Erased<[u8; 8usize]>>
  32:     0x7efa5d3e082d - rustc_query_system[e9aa61bedf025f9c]::query::plumbing::try_execute_query::<rustc_query_impl[e4150b7ad05f9ce5]::DynamicConfig<rustc_query_system[e9aa61bedf025f9c]::query::caches::VecCache<rustc_span[b2d5999a99633be2]::def_id::LocalDefId, rustc_middle[b24e7ff436be1cdb]::query::erase::Erased<[u8; 8usize]>>, false, false, false>, rustc_query_impl[e4150b7ad05f9ce5]::plumbing::QueryCtxt, true>
  33:     0x7efa5d702549 - rustc_query_impl[e4150b7ad05f9ce5]::query_impl::typeck::get_query_incr::__rust_end_short_backtrace
  34:     0x7efa5d3d95d3 - <rustc_middle[b24e7ff436be1cdb]::hir::map::Map>::par_body_owners::<rustc_hir_analysis[a8349f78157af7d8]::check_crate::{closure#4}>::{closure#0}
  35:     0x7efa5d3d8283 - rustc_hir_analysis[a8349f78157af7d8]::check_crate
  36:     0x7efa5d6ee02a - rustc_interface[93c8c2723e408a6]::passes::analysis
  37:     0x7efa5d6edb9b - rustc_query_impl[e4150b7ad05f9ce5]::plumbing::__rust_begin_short_backtrace::<rustc_query_impl[e4150b7ad05f9ce5]::query_impl::analysis::dynamic_query::{closure#2}::{closure#0}, rustc_middle[b24e7ff436be1cdb]::query::erase::Erased<[u8; 1usize]>>
  38:     0x7efa5e07f3a2 - rustc_query_system[e9aa61bedf025f9c]::query::plumbing::try_execute_query::<rustc_query_impl[e4150b7ad05f9ce5]::DynamicConfig<rustc_query_system[e9aa61bedf025f9c]::query::caches::SingleCache<rustc_middle[b24e7ff436be1cdb]::query::erase::Erased<[u8; 1usize]>>, false, false, false>, rustc_query_impl[e4150b7ad05f9ce5]::plumbing::QueryCtxt, true>
  39:     0x7efa5e07ef9c - rustc_query_impl[e4150b7ad05f9ce5]::query_impl::analysis::get_query_incr::__rust_end_short_backtrace
  40:     0x7efa5debfad3 - rustc_interface[93c8c2723e408a6]::interface::run_compiler::<core[191c6f300f408019]::result::Result<(), rustc_span[b2d5999a99633be2]::ErrorGuaranteed>, rustc_driver_impl[e4eb3d84a143a5f9]::run_compiler::{closure#0}>::{closure#0}
  41:     0x7efa5df8cbd3 - std[ffd0afd40c23a66b]::sys_common::backtrace::__rust_begin_short_backtrace::<rustc_interface[93c8c2723e408a6]::util::run_in_thread_with_globals<rustc_interface[93c8c2723e408a6]::util::run_in_thread_pool_with_globals<rustc_interface[93c8c2723e408a6]::interface::run_compiler<core[191c6f300f408019]::result::Result<(), rustc_span[b2d5999a99633be2]::ErrorGuaranteed>, rustc_driver_impl[e4eb3d84a143a5f9]::run_compiler::{closure#0}>::{closure#0}, core[191c6f300f408019]::result::Result<(), rustc_span[b2d5999a99633be2]::ErrorGuaranteed>>::{closure#0}, core[191c6f300f408019]::result::Result<(), rustc_span[b2d5999a99633be2]::ErrorGuaranteed>>::{closure#0}::{closure#0}, core[191c6f300f408019]::result::Result<(), rustc_span[b2d5999a99633be2]::ErrorGuaranteed>>
  42:     0x7efa5df8c9e1 - <<std[ffd0afd40c23a66b]::thread::Builder>::spawn_unchecked_<rustc_interface[93c8c2723e408a6]::util::run_in_thread_with_globals<rustc_interface[93c8c2723e408a6]::util::run_in_thread_pool_with_globals<rustc_interface[93c8c2723e408a6]::interface::run_compiler<core[191c6f300f408019]::result::Result<(), rustc_span[b2d5999a99633be2]::ErrorGuaranteed>, rustc_driver_impl[e4eb3d84a143a5f9]::run_compiler::{closure#0}>::{closure#0}, core[191c6f300f408019]::result::Result<(), rustc_span[b2d5999a99633be2]::ErrorGuaranteed>>::{closure#0}, core[191c6f300f408019]::result::Result<(), rustc_span[b2d5999a99633be2]::ErrorGuaranteed>>::{closure#0}::{closure#0}, core[191c6f300f408019]::result::Result<(), rustc_span[b2d5999a99633be2]::ErrorGuaranteed>>::{closure#1} as core[191c6f300f408019]::ops::function::FnOnce<()>>::call_once::{shim:vtable#0}
  43:     0x7efa58d993fb - <alloc::boxed::Box<F,A> as core::ops::function::FnOnce<Args>>::call_once::h61713b2cd6851117
                               at /rustc/1684a753dbca5d23b2e03568e6fbbb48eb72d0e6/library/alloc/src/boxed.rs:2018:9
  44:     0x7efa58d993fb - <alloc::boxed::Box<F,A> as core::ops::function::FnOnce<Args>>::call_once::h040bc52a2545405a
                               at /rustc/1684a753dbca5d23b2e03568e6fbbb48eb72d0e6/library/alloc/src/boxed.rs:2018:9
  45:     0x7efa58d993fb - std::sys::pal::unix::thread::Thread::new::thread_start::h5a10eabef2ee4b3d
                               at /rustc/1684a753dbca5d23b2e03568e6fbbb48eb72d0e6/library/std/src/sys/pal/unix/thread.rs:108:17
  46:     0x7efa58a94ac3 - start_thread
                               at ./nptl/pthread_create.c:442:8
  47:     0x7efa58b268c0 - __GI___clone3
                               at ./misc/../sysdeps/unix/sysv/linux/x86_64/clone3.S:81
  48:                0x0 - <unknown>

note: it seems that this compiler `1.79.0-nightly (1684a753d 2024-04-01)` is outdated, a newer nightly should have been released in the mean time
  |
  = note: please consider running `rustup update nightly` to update the nightly channel and check if this problem still persists
  = note: if the problem still persists, we would appreciate a bug report: https://github.com/rust-lang/rust/issues/new?labels=C-bug%2C+I-ICE%2C+T-compiler&template=ice.md

note: please attach the file at `/data/zhangtianrong/projects/rustc-cbl/run/123457/rustc-ice-2026-01-18T06_36_25-2036621.txt` to your bug report

note: compiler flags: --crate-type bin -C embed-bitcode=no -C debuginfo=2 -C incremental=[REDACTED]

note: some of the compiler flags provided by cargo are hidden

query stack during panic:
#0 [typeck] type-checking `foo`
#1 [analysis] running analysis passes on this crate
end of query stack
Some errors have detailed explanations: E0107, E0207, E0277, E0308, E0392, E0412, E0425, E0747.
For more information about an error, try `rustc --explain E0107`.
error: could not compile `bug_123457` (bin "bug_123457") due to 25 previous errors
------------------------------------------------------------
Return code: 101
