=== START 2026-01-15 22:32:48 ===
Bug ID: 123461
Toolchain: nightly-2024-04-02
Source: /data/zhangtianrong/projects/rustc-cbl/rustcbugs/123461
Run dir: /data/zhangtianrong/projects/rustc-cbl/run/123461
CMD: rustup run nightly-2024-04-02 cargo build
------------------------------------------------------------
   Compiling bug_123461 v0.1.0 (/data/zhangtianrong/projects/rustc-cbl/run/123461)
error: internal compiler error: argument to transmute has inference variables
 --> src/main.rs:2:25
  |
2 |     let _: [_; unsafe { std::mem::transmute(|o_b: Option<_>| {}) }];
  |                         ^^^^^^^^^^^^^^^^^^^

thread 'rustc' panicked at compiler/rustc_hir_typeck/src/intrinsicck.rs:54:23:
Box<dyn Any>
stack backtrace:
   0:     0x761095f8cab5 - std::backtrace_rs::backtrace::libunwind::trace::h5e86bffdda571081
                               at /rustc/1684a753dbca5d23b2e03568e6fbbb48eb72d0e6/library/std/src/../../backtrace/src/backtrace/libunwind.rs:105:5
   1:     0x761095f8cab5 - std::backtrace_rs::backtrace::trace_unsynchronized::h4840edcbcc7e117b
                               at /rustc/1684a753dbca5d23b2e03568e6fbbb48eb72d0e6/library/std/src/../../backtrace/src/backtrace/mod.rs:66:5
   2:     0x761095f8cab5 - std::sys_common::backtrace::_print_fmt::h49f9d2a3b38d3265
                               at /rustc/1684a753dbca5d23b2e03568e6fbbb48eb72d0e6/library/std/src/sys_common/backtrace.rs:68:5
   3:     0x761095f8cab5 - <std::sys_common::backtrace::_print::DisplayBacktrace as core::fmt::Display>::fmt::h22fedb9c27df8384
                               at /rustc/1684a753dbca5d23b2e03568e6fbbb48eb72d0e6/library/std/src/sys_common/backtrace.rs:44:22
   4:     0x761095fdbcfb - core::fmt::rt::Argument::fmt::h7d92fedbe4ca8dae
                               at /rustc/1684a753dbca5d23b2e03568e6fbbb48eb72d0e6/library/core/src/fmt/rt.rs:142:9
   5:     0x761095fdbcfb - core::fmt::write::h239b5b3f6d552091
                               at /rustc/1684a753dbca5d23b2e03568e6fbbb48eb72d0e6/library/core/src/fmt/mod.rs:1153:17
   6:     0x761095f8169f - std::io::Write::write_fmt::h104f15578b8aef5e
                               at /rustc/1684a753dbca5d23b2e03568e6fbbb48eb72d0e6/library/std/src/io/mod.rs:1843:15
   7:     0x761095f8c88e - std::sys_common::backtrace::_print::h01bdd24d8b8cf2a6
                               at /rustc/1684a753dbca5d23b2e03568e6fbbb48eb72d0e6/library/std/src/sys_common/backtrace.rs:47:5
   8:     0x761095f8c88e - std::sys_common::backtrace::print::haaea7f67046a5f9d
                               at /rustc/1684a753dbca5d23b2e03568e6fbbb48eb72d0e6/library/std/src/sys_common/backtrace.rs:34:9
   9:     0x761095f8f2d9 - std::panicking::default_hook::{{closure}}::hfdd7194dd22830d8
  10:     0x761095f8f043 - std::panicking::default_hook::h2423e5cd9c76c18c
                               at /rustc/1684a753dbca5d23b2e03568e6fbbb48eb72d0e6/library/std/src/panicking.rs:291:9
  11:     0x761098fff82f - std[ffd0afd40c23a66b]::panicking::update_hook::<alloc[55476579ce582906]::boxed::Box<rustc_driver_impl[e4eb3d84a143a5f9]::install_ice_hook::{closure#0}>>::{closure#0}
  12:     0x761095f8f9dc - <alloc::boxed::Box<F,A> as core::ops::function::Fn<Args>>::call::h4f7174da91e62aae
                               at /rustc/1684a753dbca5d23b2e03568e6fbbb48eb72d0e6/library/alloc/src/boxed.rs:2032:9
  13:     0x761095f8f9dc - std::panicking::rust_panic_with_hook::h13aa4870c5fa7445
                               at /rustc/1684a753dbca5d23b2e03568e6fbbb48eb72d0e6/library/std/src/panicking.rs:792:13
  14:     0x76109902f7b4 - std[ffd0afd40c23a66b]::panicking::begin_panic::<rustc_errors[b7d6246ad40612af]::ExplicitBug>::{closure#0}
  15:     0x76109902c526 - std[ffd0afd40c23a66b]::sys_common::backtrace::__rust_end_short_backtrace::<std[ffd0afd40c23a66b]::panicking::begin_panic<rustc_errors[b7d6246ad40612af]::ExplicitBug>::{closure#0}, !>
  16:     0x76109902c206 - std[ffd0afd40c23a66b]::panicking::begin_panic::<rustc_errors[b7d6246ad40612af]::ExplicitBug>
  17:     0x761099038a11 - <rustc_errors[b7d6246ad40612af]::diagnostic::BugAbort as rustc_errors[b7d6246ad40612af]::diagnostic::EmissionGuarantee>::emit_producing_guarantee
  18:     0x76109915f87c - <rustc_errors[b7d6246ad40612af]::DiagCtxt>::span_bug::<rustc_span[b2d5999a99633be2]::span_encoding::Span, &str>
  19:     0x76109ad037e7 - <rustc_hir_typeck[301e32f4ff213aee]::fn_ctxt::FnCtxt>::check_transmute
  20:     0x76109a5f2912 - rustc_hir_typeck[301e32f4ff213aee]::typeck
  21:     0x76109a5f05d7 - rustc_query_impl[e4150b7ad05f9ce5]::plumbing::__rust_begin_short_backtrace::<rustc_query_impl[e4150b7ad05f9ce5]::query_impl::typeck::dynamic_query::{closure#2}::{closure#0}, rustc_middle[b24e7ff436be1cdb]::query::erase::Erased<[u8; 8usize]>>
  22:     0x76109a5e082d - rustc_query_system[e9aa61bedf025f9c]::query::plumbing::try_execute_query::<rustc_query_impl[e4150b7ad05f9ce5]::DynamicConfig<rustc_query_system[e9aa61bedf025f9c]::query::caches::VecCache<rustc_span[b2d5999a99633be2]::def_id::LocalDefId, rustc_middle[b24e7ff436be1cdb]::query::erase::Erased<[u8; 8usize]>>, false, false, false>, rustc_query_impl[e4150b7ad05f9ce5]::plumbing::QueryCtxt, true>
  23:     0x76109a902549 - rustc_query_impl[e4150b7ad05f9ce5]::query_impl::typeck::get_query_incr::__rust_end_short_backtrace
  24:     0x76109a824d88 - rustc_mir_build[74f63c492aaa1616]::thir::pattern::check_match::check_match
  25:     0x76109a823ef5 - rustc_query_impl[e4150b7ad05f9ce5]::plumbing::__rust_begin_short_backtrace::<rustc_query_impl[e4150b7ad05f9ce5]::query_impl::check_match::dynamic_query::{closure#2}::{closure#0}, rustc_middle[b24e7ff436be1cdb]::query::erase::Erased<[u8; 1usize]>>
  26:     0x76109a8f8760 - rustc_query_system[e9aa61bedf025f9c]::query::plumbing::try_execute_query::<rustc_query_impl[e4150b7ad05f9ce5]::DynamicConfig<rustc_query_system[e9aa61bedf025f9c]::query::caches::VecCache<rustc_span[b2d5999a99633be2]::def_id::LocalDefId, rustc_middle[b24e7ff436be1cdb]::query::erase::Erased<[u8; 1usize]>>, false, false, false>, rustc_query_impl[e4150b7ad05f9ce5]::plumbing::QueryCtxt, true>
  27:     0x76109a4bdeec - rustc_query_impl[e4150b7ad05f9ce5]::query_impl::check_match::get_query_incr::__rust_end_short_backtrace
  28:     0x76109a814173 - rustc_mir_build[74f63c492aaa1616]::build::mir_build
  29:     0x76109a813606 - rustc_query_impl[e4150b7ad05f9ce5]::plumbing::__rust_begin_short_backtrace::<rustc_query_impl[e4150b7ad05f9ce5]::query_impl::mir_built::dynamic_query::{closure#2}::{closure#0}, rustc_middle[b24e7ff436be1cdb]::query::erase::Erased<[u8; 8usize]>>
  30:     0x76109a5e082d - rustc_query_system[e9aa61bedf025f9c]::query::plumbing::try_execute_query::<rustc_query_impl[e4150b7ad05f9ce5]::DynamicConfig<rustc_query_system[e9aa61bedf025f9c]::query::caches::VecCache<rustc_span[b2d5999a99633be2]::def_id::LocalDefId, rustc_middle[b24e7ff436be1cdb]::query::erase::Erased<[u8; 8usize]>>, false, false, false>, rustc_query_impl[e4150b7ad05f9ce5]::plumbing::QueryCtxt, true>
  31:     0x76109a9022c0 - rustc_query_impl[e4150b7ad05f9ce5]::query_impl::mir_built::get_query_incr::__rust_end_short_backtrace
  32:     0x76109a5dceb5 - rustc_middle[b24e7ff436be1cdb]::query::plumbing::query_get_at::<rustc_query_system[e9aa61bedf025f9c]::query::caches::VecCache<rustc_span[b2d5999a99633be2]::def_id::LocalDefId, rustc_middle[b24e7ff436be1cdb]::query::erase::Erased<[u8; 8usize]>>>
  33:     0x76109ab67b41 - rustc_mir_transform[26553d121dafebc7]::mir_const_qualif
  34:     0x76109ab67af5 - rustc_query_impl[e4150b7ad05f9ce5]::plumbing::__rust_begin_short_backtrace::<rustc_query_impl[e4150b7ad05f9ce5]::query_impl::mir_const_qualif::dynamic_query::{closure#2}::{closure#0}, rustc_middle[b24e7ff436be1cdb]::query::erase::Erased<[u8; 4usize]>>
  35:     0x76109ab66139 - rustc_query_system[e9aa61bedf025f9c]::query::plumbing::try_execute_query::<rustc_query_impl[e4150b7ad05f9ce5]::DynamicConfig<rustc_query_system[e9aa61bedf025f9c]::query::caches::DefIdCache<rustc_middle[b24e7ff436be1cdb]::query::erase::Erased<[u8; 4usize]>>, false, false, false>, rustc_query_impl[e4150b7ad05f9ce5]::plumbing::QueryCtxt, true>
  36:     0x76109ab65af2 - rustc_query_impl[e4150b7ad05f9ce5]::query_impl::mir_const_qualif::get_query_incr::__rust_end_short_backtrace
  37:     0x76109ab67176 - rustc_middle[b24e7ff436be1cdb]::query::plumbing::query_get_at::<rustc_query_system[e9aa61bedf025f9c]::query::caches::DefIdCache<rustc_middle[b24e7ff436be1cdb]::query::erase::Erased<[u8; 4usize]>>>
  38:     0x761097f726b6 - rustc_mir_transform[26553d121dafebc7]::mir_promoted
  39:     0x76109a704712 - rustc_query_impl[e4150b7ad05f9ce5]::plumbing::__rust_begin_short_backtrace::<rustc_query_impl[e4150b7ad05f9ce5]::query_impl::mir_promoted::dynamic_query::{closure#2}::{closure#0}, rustc_middle[b24e7ff436be1cdb]::query::erase::Erased<[u8; 16usize]>>
  40:     0x76109a90cb93 - rustc_query_system[e9aa61bedf025f9c]::query::plumbing::try_execute_query::<rustc_query_impl[e4150b7ad05f9ce5]::DynamicConfig<rustc_query_system[e9aa61bedf025f9c]::query::caches::VecCache<rustc_span[b2d5999a99633be2]::def_id::LocalDefId, rustc_middle[b24e7ff436be1cdb]::query::erase::Erased<[u8; 16usize]>>, false, false, false>, rustc_query_impl[e4150b7ad05f9ce5]::plumbing::QueryCtxt, true>
  41:     0x76109a90c1f8 - rustc_query_impl[e4150b7ad05f9ce5]::query_impl::mir_promoted::get_query_incr::__rust_end_short_backtrace
  42:     0x76109a5db732 - rustc_borrowck[2d4acfe3c6e3a1fc]::mir_borrowck
  43:     0x76109a5db667 - rustc_query_impl[e4150b7ad05f9ce5]::plumbing::__rust_begin_short_backtrace::<rustc_query_impl[e4150b7ad05f9ce5]::query_impl::mir_borrowck::dynamic_query::{closure#2}::{closure#0}, rustc_middle[b24e7ff436be1cdb]::query::erase::Erased<[u8; 8usize]>>
  44:     0x76109a5e082d - rustc_query_system[e9aa61bedf025f9c]::query::plumbing::try_execute_query::<rustc_query_impl[e4150b7ad05f9ce5]::DynamicConfig<rustc_query_system[e9aa61bedf025f9c]::query::caches::VecCache<rustc_span[b2d5999a99633be2]::def_id::LocalDefId, rustc_middle[b24e7ff436be1cdb]::query::erase::Erased<[u8; 8usize]>>, false, false, false>, rustc_query_impl[e4150b7ad05f9ce5]::plumbing::QueryCtxt, true>
  45:     0x76109a9026a8 - rustc_query_impl[e4150b7ad05f9ce5]::query_impl::mir_borrowck::get_query_incr::__rust_end_short_backtrace
  46:     0x76109ab6ed6b - rustc_mir_transform[26553d121dafebc7]::mir_drops_elaborated_and_const_checked
  47:     0x76109ab6e465 - rustc_query_impl[e4150b7ad05f9ce5]::plumbing::__rust_begin_short_backtrace::<rustc_query_impl[e4150b7ad05f9ce5]::query_impl::mir_drops_elaborated_and_const_checked::dynamic_query::{closure#2}::{closure#0}, rustc_middle[b24e7ff436be1cdb]::query::erase::Erased<[u8; 8usize]>>
  48:     0x76109a5e082d - rustc_query_system[e9aa61bedf025f9c]::query::plumbing::try_execute_query::<rustc_query_impl[e4150b7ad05f9ce5]::DynamicConfig<rustc_query_system[e9aa61bedf025f9c]::query::caches::VecCache<rustc_span[b2d5999a99633be2]::def_id::LocalDefId, rustc_middle[b24e7ff436be1cdb]::query::erase::Erased<[u8; 8usize]>>, false, false, false>, rustc_query_impl[e4150b7ad05f9ce5]::plumbing::QueryCtxt, true>
  49:     0x76109a902b71 - rustc_query_impl[e4150b7ad05f9ce5]::query_impl::mir_drops_elaborated_and_const_checked::get_query_incr::__rust_end_short_backtrace
  50:     0x76109a5dceb5 - rustc_middle[b24e7ff436be1cdb]::query::plumbing::query_get_at::<rustc_query_system[e9aa61bedf025f9c]::query::caches::VecCache<rustc_span[b2d5999a99633be2]::def_id::LocalDefId, rustc_middle[b24e7ff436be1cdb]::query::erase::Erased<[u8; 8usize]>>>
  51:     0x76109ab6d22c - rustc_mir_transform[26553d121dafebc7]::mir_for_ctfe
  52:     0x76109ab6d19b - rustc_query_impl[e4150b7ad05f9ce5]::plumbing::__rust_begin_short_backtrace::<rustc_query_impl[e4150b7ad05f9ce5]::query_impl::mir_for_ctfe::dynamic_query::{closure#2}::{closure#0}, rustc_middle[b24e7ff436be1cdb]::query::erase::Erased<[u8; 8usize]>>
  53:     0x76109a5b7d25 - rustc_query_system[e9aa61bedf025f9c]::query::plumbing::try_execute_query::<rustc_query_impl[e4150b7ad05f9ce5]::DynamicConfig<rustc_query_system[e9aa61bedf025f9c]::query::caches::DefIdCache<rustc_middle[b24e7ff436be1cdb]::query::erase::Erased<[u8; 8usize]>>, false, false, false>, rustc_query_impl[e4150b7ad05f9ce5]::plumbing::QueryCtxt, true>
  54:     0x76109a5b4f47 - rustc_query_impl[e4150b7ad05f9ce5]::query_impl::mir_for_ctfe::get_query_incr::__rust_end_short_backtrace
  55:     0x76109afd308a - <rustc_const_eval[8a01ac89c9fa5245]::interpret::eval_context::InterpCx<rustc_const_eval[8a01ac89c9fa5245]::const_eval::machine::CompileTimeInterpreter>>::load_mir
  56:     0x76109afd4e9b - rustc_const_eval[8a01ac89c9fa5245]::const_eval::eval_queries::eval_to_allocation_raw_provider
  57:     0x76109afd4bfc - rustc_query_impl[e4150b7ad05f9ce5]::plumbing::__rust_begin_short_backtrace::<rustc_query_impl[e4150b7ad05f9ce5]::query_impl::eval_to_allocation_raw::dynamic_query::{closure#2}::{closure#0}, rustc_middle[b24e7ff436be1cdb]::query::erase::Erased<[u8; 24usize]>>
  58:     0x76109afd4bbd - <rustc_query_impl[e4150b7ad05f9ce5]::query_impl::eval_to_allocation_raw::dynamic_query::{closure#2} as core[191c6f300f408019]::ops::function::FnOnce<(rustc_middle[b24e7ff436be1cdb]::ty::context::TyCtxt, rustc_middle[b24e7ff436be1cdb]::ty::ParamEnvAnd<rustc_middle[b24e7ff436be1cdb]::mir::interpret::GlobalId>)>>::call_once
  59:     0x76109afcf809 - <rustc_query_system[e9aa61bedf025f9c]::query::plumbing::execute_job_incr<rustc_query_impl[e4150b7ad05f9ce5]::DynamicConfig<rustc_query_system[e9aa61bedf025f9c]::query::caches::DefaultCache<rustc_middle[b24e7ff436be1cdb]::ty::ParamEnvAnd<rustc_middle[b24e7ff436be1cdb]::mir::interpret::GlobalId>, rustc_middle[b24e7ff436be1cdb]::query::erase::Erased<[u8; 24usize]>>, false, false, false>, rustc_query_impl[e4150b7ad05f9ce5]::plumbing::QueryCtxt>::{closure#2}::{closure#2} as core[191c6f300f408019]::ops::function::FnOnce<((rustc_query_impl[e4150b7ad05f9ce5]::plumbing::QueryCtxt, rustc_query_impl[e4150b7ad05f9ce5]::DynamicConfig<rustc_query_system[e9aa61bedf025f9c]::query::caches::DefaultCache<rustc_middle[b24e7ff436be1cdb]::ty::ParamEnvAnd<rustc_middle[b24e7ff436be1cdb]::mir::interpret::GlobalId>, rustc_middle[b24e7ff436be1cdb]::query::erase::Erased<[u8; 24usize]>>, false, false, false>), rustc_middle[b24e7ff436be1cdb]::ty::ParamEnvAnd<rustc_middle[b24e7ff436be1cdb]::mir::interpret::GlobalId>)>>::call_once
  60:     0x76109afb97f8 - rustc_query_system[e9aa61bedf025f9c]::query::plumbing::try_execute_query::<rustc_query_impl[e4150b7ad05f9ce5]::DynamicConfig<rustc_query_system[e9aa61bedf025f9c]::query::caches::DefaultCache<rustc_middle[b24e7ff436be1cdb]::ty::ParamEnvAnd<rustc_middle[b24e7ff436be1cdb]::mir::interpret::GlobalId>, rustc_middle[b24e7ff436be1cdb]::query::erase::Erased<[u8; 24usize]>>, false, false, false>, rustc_query_impl[e4150b7ad05f9ce5]::plumbing::QueryCtxt, true>
  61:     0x76109afb8f60 - rustc_query_impl[e4150b7ad05f9ce5]::query_impl::eval_to_allocation_raw::get_query_incr::__rust_end_short_backtrace
  62:     0x76109afd13f6 - rustc_middle[b24e7ff436be1cdb]::query::plumbing::query_get_at::<rustc_query_system[e9aa61bedf025f9c]::query::caches::DefaultCache<rustc_middle[b24e7ff436be1cdb]::ty::ParamEnvAnd<rustc_middle[b24e7ff436be1cdb]::mir::interpret::GlobalId>, rustc_middle[b24e7ff436be1cdb]::query::erase::Erased<[u8; 24usize]>>>
  63:     0x76109afb6ee1 - rustc_const_eval[8a01ac89c9fa5245]::const_eval::valtrees::eval_to_valtree
  64:     0x76109afb6e62 - <rustc_const_eval[8a01ac89c9fa5245]::provide::{closure#0} as core[191c6f300f408019]::ops::function::FnOnce<(rustc_middle[b24e7ff436be1cdb]::ty::context::TyCtxt, rustc_middle[b24e7ff436be1cdb]::ty::ParamEnvAnd<rustc_middle[b24e7ff436be1cdb]::mir::interpret::GlobalId>)>>::call_once
  65:     0x76109afb6e36 - rustc_query_impl[e4150b7ad05f9ce5]::plumbing::__rust_begin_short_backtrace::<rustc_query_impl[e4150b7ad05f9ce5]::query_impl::eval_to_valtree::dynamic_query::{closure#2}::{closure#0}, rustc_middle[b24e7ff436be1cdb]::query::erase::Erased<[u8; 24usize]>>
  66:     0x76109afb6def - <rustc_query_impl[e4150b7ad05f9ce5]::query_impl::eval_to_valtree::dynamic_query::{closure#2} as core[191c6f300f408019]::ops::function::FnOnce<(rustc_middle[b24e7ff436be1cdb]::ty::context::TyCtxt, rustc_middle[b24e7ff436be1cdb]::ty::ParamEnvAnd<rustc_middle[b24e7ff436be1cdb]::mir::interpret::GlobalId>)>>::call_once
  67:     0x76109afcf809 - <rustc_query_system[e9aa61bedf025f9c]::query::plumbing::execute_job_incr<rustc_query_impl[e4150b7ad05f9ce5]::DynamicConfig<rustc_query_system[e9aa61bedf025f9c]::query::caches::DefaultCache<rustc_middle[b24e7ff436be1cdb]::ty::ParamEnvAnd<rustc_middle[b24e7ff436be1cdb]::mir::interpret::GlobalId>, rustc_middle[b24e7ff436be1cdb]::query::erase::Erased<[u8; 24usize]>>, false, false, false>, rustc_query_impl[e4150b7ad05f9ce5]::plumbing::QueryCtxt>::{closure#2}::{closure#2} as core[191c6f300f408019]::ops::function::FnOnce<((rustc_query_impl[e4150b7ad05f9ce5]::plumbing::QueryCtxt, rustc_query_impl[e4150b7ad05f9ce5]::DynamicConfig<rustc_query_system[e9aa61bedf025f9c]::query::caches::DefaultCache<rustc_middle[b24e7ff436be1cdb]::ty::ParamEnvAnd<rustc_middle[b24e7ff436be1cdb]::mir::interpret::GlobalId>, rustc_middle[b24e7ff436be1cdb]::query::erase::Erased<[u8; 24usize]>>, false, false, false>), rustc_middle[b24e7ff436be1cdb]::ty::ParamEnvAnd<rustc_middle[b24e7ff436be1cdb]::mir::interpret::GlobalId>)>>::call_once
  68:     0x76109afb97f8 - rustc_query_system[e9aa61bedf025f9c]::query::plumbing::try_execute_query::<rustc_query_impl[e4150b7ad05f9ce5]::DynamicConfig<rustc_query_system[e9aa61bedf025f9c]::query::caches::DefaultCache<rustc_middle[b24e7ff436be1cdb]::ty::ParamEnvAnd<rustc_middle[b24e7ff436be1cdb]::mir::interpret::GlobalId>, rustc_middle[b24e7ff436be1cdb]::query::erase::Erased<[u8; 24usize]>>, false, false, false>, rustc_query_impl[e4150b7ad05f9ce5]::plumbing::QueryCtxt, true>
  69:     0x76109b38c11a - rustc_query_impl[e4150b7ad05f9ce5]::query_impl::eval_to_valtree::get_query_incr::__rust_end_short_backtrace
  70:     0x76109a7b2054 - rustc_middle[b24e7ff436be1cdb]::query::plumbing::query_get_at::<rustc_query_system[e9aa61bedf025f9c]::query::caches::DefaultCache<rustc_middle[b24e7ff436be1cdb]::ty::ParamEnvAnd<rustc_middle[b24e7ff436be1cdb]::mir::interpret::GlobalId>, rustc_middle[b24e7ff436be1cdb]::query::erase::Erased<[u8; 24usize]>>>
  71:     0x76109ad04bcc - <rustc_middle[b24e7ff436be1cdb]::ty::context::TyCtxt>::const_eval_global_id_for_typeck
  72:     0x76109ad04351 - <rustc_middle[b24e7ff436be1cdb]::ty::context::TyCtxt>::const_eval_resolve_for_typeck
  73:     0x76109ad040d6 - <rustc_middle[b24e7ff436be1cdb]::ty::consts::Const>::eval
  74:     0x76109a5ed341 - <rustc_trait_selection[37d253da59ca9e5c]::traits::normalize::AssocTypeNormalizer as rustc_type_ir[29937fa2509f2f04]::fold::TypeFolder<rustc_middle[b24e7ff436be1cdb]::ty::context::TyCtxt>>::fold_const
  75:     0x76109ac46eb6 - <rustc_middle[b24e7ff436be1cdb]::ty::Ty as rustc_type_ir[29937fa2509f2f04]::fold::TypeSuperFoldable<rustc_middle[b24e7ff436be1cdb]::ty::context::TyCtxt>>::try_super_fold_with::<rustc_trait_selection[37d253da59ca9e5c]::traits::normalize::AssocTypeNormalizer>
  76:     0x76109a45f0f5 - <rustc_hir_typeck[301e32f4ff213aee]::fn_ctxt::FnCtxt>::normalize::<rustc_middle[b24e7ff436be1cdb]::ty::Ty>
  77:     0x76109a608742 - <dyn rustc_hir_analysis[a8349f78157af7d8]::hir_ty_lowering::HirTyLowerer>::lower_ty_common
  78:     0x761097865e58 - <rustc_hir_typeck[301e32f4ff213aee]::gather_locals::GatherLocalsVisitor as rustc_hir[2a49de42c7885c37]::intravisit::Visitor>::visit_expr
  79:     0x76109a5f9eec - rustc_hir_typeck[301e32f4ff213aee]::check::check_fn
  80:     0x76109a5f0c16 - rustc_hir_typeck[301e32f4ff213aee]::typeck
  81:     0x76109a5f05d7 - rustc_query_impl[e4150b7ad05f9ce5]::plumbing::__rust_begin_short_backtrace::<rustc_query_impl[e4150b7ad05f9ce5]::query_impl::typeck::dynamic_query::{closure#2}::{closure#0}, rustc_middle[b24e7ff436be1cdb]::query::erase::Erased<[u8; 8usize]>>
  82:     0x76109a5e082d - rustc_query_system[e9aa61bedf025f9c]::query::plumbing::try_execute_query::<rustc_query_impl[e4150b7ad05f9ce5]::DynamicConfig<rustc_query_system[e9aa61bedf025f9c]::query::caches::VecCache<rustc_span[b2d5999a99633be2]::def_id::LocalDefId, rustc_middle[b24e7ff436be1cdb]::query::erase::Erased<[u8; 8usize]>>, false, false, false>, rustc_query_impl[e4150b7ad05f9ce5]::plumbing::QueryCtxt, true>
  83:     0x76109a902549 - rustc_query_impl[e4150b7ad05f9ce5]::query_impl::typeck::get_query_incr::__rust_end_short_backtrace
  84:     0x76109a5d95d3 - <rustc_middle[b24e7ff436be1cdb]::hir::map::Map>::par_body_owners::<rustc_hir_analysis[a8349f78157af7d8]::check_crate::{closure#4}>::{closure#0}
  85:     0x76109a5d8283 - rustc_hir_analysis[a8349f78157af7d8]::check_crate
  86:     0x76109a8ee02a - rustc_interface[93c8c2723e408a6]::passes::analysis
  87:     0x76109a8edb9b - rustc_query_impl[e4150b7ad05f9ce5]::plumbing::__rust_begin_short_backtrace::<rustc_query_impl[e4150b7ad05f9ce5]::query_impl::analysis::dynamic_query::{closure#2}::{closure#0}, rustc_middle[b24e7ff436be1cdb]::query::erase::Erased<[u8; 1usize]>>
  88:     0x76109b27f3a2 - rustc_query_system[e9aa61bedf025f9c]::query::plumbing::try_execute_query::<rustc_query_impl[e4150b7ad05f9ce5]::DynamicConfig<rustc_query_system[e9aa61bedf025f9c]::query::caches::SingleCache<rustc_middle[b24e7ff436be1cdb]::query::erase::Erased<[u8; 1usize]>>, false, false, false>, rustc_query_impl[e4150b7ad05f9ce5]::plumbing::QueryCtxt, true>
  89:     0x76109b27ef9c - rustc_query_impl[e4150b7ad05f9ce5]::query_impl::analysis::get_query_incr::__rust_end_short_backtrace
  90:     0x76109b0bfad3 - rustc_interface[93c8c2723e408a6]::interface::run_compiler::<core[191c6f300f408019]::result::Result<(), rustc_span[b2d5999a99633be2]::ErrorGuaranteed>, rustc_driver_impl[e4eb3d84a143a5f9]::run_compiler::{closure#0}>::{closure#0}
  91:     0x76109b18cbd3 - std[ffd0afd40c23a66b]::sys_common::backtrace::__rust_begin_short_backtrace::<rustc_interface[93c8c2723e408a6]::util::run_in_thread_with_globals<rustc_interface[93c8c2723e408a6]::util::run_in_thread_pool_with_globals<rustc_interface[93c8c2723e408a6]::interface::run_compiler<core[191c6f300f408019]::result::Result<(), rustc_span[b2d5999a99633be2]::ErrorGuaranteed>, rustc_driver_impl[e4eb3d84a143a5f9]::run_compiler::{closure#0}>::{closure#0}, core[191c6f300f408019]::result::Result<(), rustc_span[b2d5999a99633be2]::ErrorGuaranteed>>::{closure#0}, core[191c6f300f408019]::result::Result<(), rustc_span[b2d5999a99633be2]::ErrorGuaranteed>>::{closure#0}::{closure#0}, core[191c6f300f408019]::result::Result<(), rustc_span[b2d5999a99633be2]::ErrorGuaranteed>>
  92:     0x76109b18c9e1 - <<std[ffd0afd40c23a66b]::thread::Builder>::spawn_unchecked_<rustc_interface[93c8c2723e408a6]::util::run_in_thread_with_globals<rustc_interface[93c8c2723e408a6]::util::run_in_thread_pool_with_globals<rustc_interface[93c8c2723e408a6]::interface::run_compiler<core[191c6f300f408019]::result::Result<(), rustc_span[b2d5999a99633be2]::ErrorGuaranteed>, rustc_driver_impl[e4eb3d84a143a5f9]::run_compiler::{closure#0}>::{closure#0}, core[191c6f300f408019]::result::Result<(), rustc_span[b2d5999a99633be2]::ErrorGuaranteed>>::{closure#0}, core[191c6f300f408019]::result::Result<(), rustc_span[b2d5999a99633be2]::ErrorGuaranteed>>::{closure#0}::{closure#0}, core[191c6f300f408019]::result::Result<(), rustc_span[b2d5999a99633be2]::ErrorGuaranteed>>::{closure#1} as core[191c6f300f408019]::ops::function::FnOnce<()>>::call_once::{shim:vtable#0}
  93:     0x761095f993fb - <alloc::boxed::Box<F,A> as core::ops::function::FnOnce<Args>>::call_once::h61713b2cd6851117
                               at /rustc/1684a753dbca5d23b2e03568e6fbbb48eb72d0e6/library/alloc/src/boxed.rs:2018:9
  94:     0x761095f993fb - <alloc::boxed::Box<F,A> as core::ops::function::FnOnce<Args>>::call_once::h040bc52a2545405a
                               at /rustc/1684a753dbca5d23b2e03568e6fbbb48eb72d0e6/library/alloc/src/boxed.rs:2018:9
  95:     0x761095f993fb - std::sys::pal::unix::thread::Thread::new::thread_start::h5a10eabef2ee4b3d
                               at /rustc/1684a753dbca5d23b2e03568e6fbbb48eb72d0e6/library/std/src/sys/pal/unix/thread.rs:108:17
  96:     0x761095c94ac3 - start_thread
                               at ./nptl/pthread_create.c:442:8
  97:     0x761095d268c0 - __GI___clone3
                               at ./misc/../sysdeps/unix/sysv/linux/x86_64/clone3.S:81
  98:                0x0 - <unknown>

note: it seems that this compiler `1.79.0-nightly (1684a753d 2024-04-01)` is outdated, a newer nightly should have been released in the mean time
  |
  = note: please consider running `rustup update nightly` to update the nightly channel and check if this problem still persists
  = note: if the problem still persists, we would appreciate a bug report: https://github.com/rust-lang/rust/issues/new?labels=C-bug%2C+I-ICE%2C+T-compiler&template=ice.md

note: please attach the file at `/data/zhangtianrong/projects/rustc-cbl/run/123461/rustc-ice-2026-01-15T14_32_49-877728.txt` to your bug report

note: compiler flags: --crate-type bin -C embed-bitcode=no -C debuginfo=2 -C incremental=[REDACTED]

note: some of the compiler flags provided by cargo are hidden

query stack during panic:
#0 [typeck] type-checking `main::{constant#0}`
#1 [check_match] match-checking `main::{constant#0}`
#2 [mir_built] building MIR for `main::{constant#0}`
#3 [mir_const_qualif] const checking `main::{constant#0}`
#4 [mir_promoted] promoting constants in MIR for `main::{constant#0}`
#5 [mir_borrowck] borrow-checking `main::{constant#0}`
#6 [mir_drops_elaborated_and_const_checked] elaborating drops for `main::{constant#0}`
#7 [mir_for_ctfe] caching mir of `main::{constant#0}` for CTFE
#8 [eval_to_allocation_raw] const-evaluating + checking `main::{constant#0}`
#9 [eval_to_valtree] evaluating type-level constant
#10 [typeck] type-checking `main`
#11 [analysis] running analysis passes on this crate
end of query stack
error: could not compile `bug_123461` (bin "bug_123461")
------------------------------------------------------------
Return code: 101
