=== START 2026-01-18 14:39:52 ===
Bug ID: 123414
Toolchain: nightly-2024-04-02
Source: /data/zhangtianrong/projects/rustc-cbl/rustcbugs/123414
Run dir: /data/zhangtianrong/projects/rustc-cbl/run/123414
CMD: rustup run nightly-2024-04-02 cargo build
------------------------------------------------------------
   Compiling bug_123414 v0.1.0 (/data/zhangtianrong/projects/rustc-cbl/run/123414)
error: expected one of `!`, `(`, `...`, `..=`, `..`, `::`, `:`, `{`, or `|`, found `<`
 --> src/main.rs:3:41
  |
3 |     extern "C" fn read_dword(Self::Assoc<'_>) -> u16;
  |                                         ^ expected one of 9 possible tokens
  |
  = note: anonymous parameters are removed in the 2018 edition (see RFC 1685)
help: explicitly ignore the parameter name
  |
3 |     extern "C" fn read_dword(_: Self::Assoc<'_>) -> u16;
  |                              ~~~~~~~~~~~~~~

error[E0185]: method `read_dword` has a `&self` declaration in the impl, but not in the trait
 --> src/main.rs:9:5
  |
3 |     extern "C" fn read_dword(Self::Assoc<'_>) -> u16;
  |     ------------------------------------------------- trait method declared without `&self`
...
9 |     extern "C" fn read_dword(&'_ self) -> u16 {
  |     ^^^^^^^^^^^^^^^^^^^^^^^^^^^^^^^^^^^^^^^^^ `&self` used in impl

error[E0046]: not all trait items implemented, missing: `read_word`
 --> src/main.rs:8:1
  |
2 |     extern "C" fn read_word(&mut self) -> u8;
  |     ----------------------------------------- `read_word` from trait
...
8 | impl MemoryUnit for ROM {
  | ^^^^^^^^^^^^^^^^^^^^^^^ missing `read_word` in implementation

thread 'rustc' panicked at compiler/rustc_borrowck/src/diagnostics/mutability_errors.rs:1366:48:
begin <= end (6 <= 5) when slicing `Assoc<'_>`
stack backtrace:
   0:     0x760e92157ab5 - std::backtrace_rs::backtrace::libunwind::trace::h5e86bffdda571081
                               at /rustc/1684a753dbca5d23b2e03568e6fbbb48eb72d0e6/library/std/src/../../backtrace/src/backtrace/libunwind.rs:105:5
   1:     0x760e92157ab5 - std::backtrace_rs::backtrace::trace_unsynchronized::h4840edcbcc7e117b
                               at /rustc/1684a753dbca5d23b2e03568e6fbbb48eb72d0e6/library/std/src/../../backtrace/src/backtrace/mod.rs:66:5
   2:     0x760e92157ab5 - std::sys_common::backtrace::_print_fmt::h49f9d2a3b38d3265
                               at /rustc/1684a753dbca5d23b2e03568e6fbbb48eb72d0e6/library/std/src/sys_common/backtrace.rs:68:5
   3:     0x760e92157ab5 - <std::sys_common::backtrace::_print::DisplayBacktrace as core::fmt::Display>::fmt::h22fedb9c27df8384
                               at /rustc/1684a753dbca5d23b2e03568e6fbbb48eb72d0e6/library/std/src/sys_common/backtrace.rs:44:22
   4:     0x760e921a6cfb - core::fmt::rt::Argument::fmt::h7d92fedbe4ca8dae
                               at /rustc/1684a753dbca5d23b2e03568e6fbbb48eb72d0e6/library/core/src/fmt/rt.rs:142:9
   5:     0x760e921a6cfb - core::fmt::write::h239b5b3f6d552091
                               at /rustc/1684a753dbca5d23b2e03568e6fbbb48eb72d0e6/library/core/src/fmt/mod.rs:1153:17
   6:     0x760e9214c69f - std::io::Write::write_fmt::h104f15578b8aef5e
                               at /rustc/1684a753dbca5d23b2e03568e6fbbb48eb72d0e6/library/std/src/io/mod.rs:1843:15
   7:     0x760e9215788e - std::sys_common::backtrace::_print::h01bdd24d8b8cf2a6
                               at /rustc/1684a753dbca5d23b2e03568e6fbbb48eb72d0e6/library/std/src/sys_common/backtrace.rs:47:5
   8:     0x760e9215788e - std::sys_common::backtrace::print::haaea7f67046a5f9d
                               at /rustc/1684a753dbca5d23b2e03568e6fbbb48eb72d0e6/library/std/src/sys_common/backtrace.rs:34:9
   9:     0x760e9215a2d9 - std::panicking::default_hook::{{closure}}::hfdd7194dd22830d8
  10:     0x760e9215a043 - std::panicking::default_hook::h2423e5cd9c76c18c
                               at /rustc/1684a753dbca5d23b2e03568e6fbbb48eb72d0e6/library/std/src/panicking.rs:291:9
  11:     0x760e8ebff82f - std[ffd0afd40c23a66b]::panicking::update_hook::<alloc[55476579ce582906]::boxed::Box<rustc_driver_impl[e4eb3d84a143a5f9]::install_ice_hook::{closure#0}>>::{closure#0}
  12:     0x760e9215a9dc - <alloc::boxed::Box<F,A> as core::ops::function::Fn<Args>>::call::h4f7174da91e62aae
                               at /rustc/1684a753dbca5d23b2e03568e6fbbb48eb72d0e6/library/alloc/src/boxed.rs:2032:9
  13:     0x760e9215a9dc - std::panicking::rust_panic_with_hook::h13aa4870c5fa7445
                               at /rustc/1684a753dbca5d23b2e03568e6fbbb48eb72d0e6/library/std/src/panicking.rs:792:13
  14:     0x760e9215a786 - std::panicking::begin_panic_handler::{{closure}}::hc7a6b252d9f9ce22
                               at /rustc/1684a753dbca5d23b2e03568e6fbbb48eb72d0e6/library/std/src/panicking.rs:657:13
  15:     0x760e92157f79 - std::sys_common::backtrace::__rust_end_short_backtrace::h5a1af9076b1fe7e9
                               at /rustc/1684a753dbca5d23b2e03568e6fbbb48eb72d0e6/library/std/src/sys_common/backtrace.rs:171:18
  16:     0x760e9215a4b7 - rust_begin_unwind
                               at /rustc/1684a753dbca5d23b2e03568e6fbbb48eb72d0e6/library/std/src/panicking.rs:645:5
  17:     0x760e921a3196 - core::panicking::panic_fmt::h4163d75005b752a5
                               at /rustc/1684a753dbca5d23b2e03568e6fbbb48eb72d0e6/library/core/src/panicking.rs:72:14
  18:     0x760e921ab2d5 - core::str::slice_error_fail_rt::ha65a720cdeaf9155
  19:     0x760e921ab13a - core::str::slice_error_fail::h5e1abc152b3d6ab3
                               at /rustc/1684a753dbca5d23b2e03568e6fbbb48eb72d0e6/library/core/src/str/mod.rs:89:5
  20:     0x760e8e9f50dd - rustc_borrowck[2d4acfe3c6e3a1fc]::diagnostics::mutability_errors::suggest_ampmut_self
  21:     0x760e8e9f3d84 - <rustc_borrowck[2d4acfe3c6e3a1fc]::MirBorrowckCtxt>::suggest_make_local_mut
  22:     0x760e8e5d35b0 - <rustc_borrowck[2d4acfe3c6e3a1fc]::MirBorrowckCtxt>::report_mutability_error
  23:     0x760e910494e6 - rustc_borrowck[2d4acfe3c6e3a1fc]::do_mir_borrowck
  24:     0x760e901dbb88 - rustc_borrowck[2d4acfe3c6e3a1fc]::mir_borrowck
  25:     0x760e901db667 - rustc_query_impl[e4150b7ad05f9ce5]::plumbing::__rust_begin_short_backtrace::<rustc_query_impl[e4150b7ad05f9ce5]::query_impl::mir_borrowck::dynamic_query::{closure#2}::{closure#0}, rustc_middle[b24e7ff436be1cdb]::query::erase::Erased<[u8; 8usize]>>
  26:     0x760e901e082d - rustc_query_system[e9aa61bedf025f9c]::query::plumbing::try_execute_query::<rustc_query_impl[e4150b7ad05f9ce5]::DynamicConfig<rustc_query_system[e9aa61bedf025f9c]::query::caches::VecCache<rustc_span[b2d5999a99633be2]::def_id::LocalDefId, rustc_middle[b24e7ff436be1cdb]::query::erase::Erased<[u8; 8usize]>>, false, false, false>, rustc_query_impl[e4150b7ad05f9ce5]::plumbing::QueryCtxt, true>
  27:     0x760e905026a8 - rustc_query_impl[e4150b7ad05f9ce5]::query_impl::mir_borrowck::get_query_incr::__rust_end_short_backtrace
  28:     0x760e904ee9dd - rustc_interface[93c8c2723e408a6]::passes::analysis
  29:     0x760e904edb9b - rustc_query_impl[e4150b7ad05f9ce5]::plumbing::__rust_begin_short_backtrace::<rustc_query_impl[e4150b7ad05f9ce5]::query_impl::analysis::dynamic_query::{closure#2}::{closure#0}, rustc_middle[b24e7ff436be1cdb]::query::erase::Erased<[u8; 1usize]>>
  30:     0x760e90e7f3a2 - rustc_query_system[e9aa61bedf025f9c]::query::plumbing::try_execute_query::<rustc_query_impl[e4150b7ad05f9ce5]::DynamicConfig<rustc_query_system[e9aa61bedf025f9c]::query::caches::SingleCache<rustc_middle[b24e7ff436be1cdb]::query::erase::Erased<[u8; 1usize]>>, false, false, false>, rustc_query_impl[e4150b7ad05f9ce5]::plumbing::QueryCtxt, true>
  31:     0x760e90e7ef9c - rustc_query_impl[e4150b7ad05f9ce5]::query_impl::analysis::get_query_incr::__rust_end_short_backtrace
  32:     0x760e90cbfad3 - rustc_interface[93c8c2723e408a6]::interface::run_compiler::<core[191c6f300f408019]::result::Result<(), rustc_span[b2d5999a99633be2]::ErrorGuaranteed>, rustc_driver_impl[e4eb3d84a143a5f9]::run_compiler::{closure#0}>::{closure#0}
  33:     0x760e90d8cbd3 - std[ffd0afd40c23a66b]::sys_common::backtrace::__rust_begin_short_backtrace::<rustc_interface[93c8c2723e408a6]::util::run_in_thread_with_globals<rustc_interface[93c8c2723e408a6]::util::run_in_thread_pool_with_globals<rustc_interface[93c8c2723e408a6]::interface::run_compiler<core[191c6f300f408019]::result::Result<(), rustc_span[b2d5999a99633be2]::ErrorGuaranteed>, rustc_driver_impl[e4eb3d84a143a5f9]::run_compiler::{closure#0}>::{closure#0}, core[191c6f300f408019]::result::Result<(), rustc_span[b2d5999a99633be2]::ErrorGuaranteed>>::{closure#0}, core[191c6f300f408019]::result::Result<(), rustc_span[b2d5999a99633be2]::ErrorGuaranteed>>::{closure#0}::{closure#0}, core[191c6f300f408019]::result::Result<(), rustc_span[b2d5999a99633be2]::ErrorGuaranteed>>
  34:     0x760e90d8c9e1 - <<std[ffd0afd40c23a66b]::thread::Builder>::spawn_unchecked_<rustc_interface[93c8c2723e408a6]::util::run_in_thread_with_globals<rustc_interface[93c8c2723e408a6]::util::run_in_thread_pool_with_globals<rustc_interface[93c8c2723e408a6]::interface::run_compiler<core[191c6f300f408019]::result::Result<(), rustc_span[b2d5999a99633be2]::ErrorGuaranteed>, rustc_driver_impl[e4eb3d84a143a5f9]::run_compiler::{closure#0}>::{closure#0}, core[191c6f300f408019]::result::Result<(), rustc_span[b2d5999a99633be2]::ErrorGuaranteed>>::{closure#0}, core[191c6f300f408019]::result::Result<(), rustc_span[b2d5999a99633be2]::ErrorGuaranteed>>::{closure#0}::{closure#0}, core[191c6f300f408019]::result::Result<(), rustc_span[b2d5999a99633be2]::ErrorGuaranteed>>::{closure#1} as core[191c6f300f408019]::ops::function::FnOnce<()>>::call_once::{shim:vtable#0}
  35:     0x760e921643fb - <alloc::boxed::Box<F,A> as core::ops::function::FnOnce<Args>>::call_once::h61713b2cd6851117
                               at /rustc/1684a753dbca5d23b2e03568e6fbbb48eb72d0e6/library/alloc/src/boxed.rs:2018:9
  36:     0x760e921643fb - <alloc::boxed::Box<F,A> as core::ops::function::FnOnce<Args>>::call_once::h040bc52a2545405a
                               at /rustc/1684a753dbca5d23b2e03568e6fbbb48eb72d0e6/library/alloc/src/boxed.rs:2018:9
  37:     0x760e921643fb - std::sys::pal::unix::thread::Thread::new::thread_start::h5a10eabef2ee4b3d
                               at /rustc/1684a753dbca5d23b2e03568e6fbbb48eb72d0e6/library/std/src/sys/pal/unix/thread.rs:108:17
  38:     0x760e8b894ac3 - start_thread
                               at ./nptl/pthread_create.c:442:8
  39:     0x760e8b9268c0 - __GI___clone3
                               at ./misc/../sysdeps/unix/sysv/linux/x86_64/clone3.S:81
  40:                0x0 - <unknown>

error: the compiler unexpectedly panicked. this is a bug.

note: it seems that this compiler `1.79.0-nightly (1684a753d 2024-04-01)` is outdated, a newer nightly should have been released in the mean time
  |
  = note: please consider running `rustup update nightly` to update the nightly channel and check if this problem still persists
  = note: if the problem still persists, we would appreciate a bug report: https://github.com/rust-lang/rust/issues/new?labels=C-bug%2C+I-ICE%2C+T-compiler&template=ice.md

note: please attach the file at `/data/zhangtianrong/projects/rustc-cbl/run/123414/rustc-ice-2026-01-18T06_39_52-2200983.txt` to your bug report

note: compiler flags: --crate-type bin -C embed-bitcode=no -C debuginfo=2 -C incremental=[REDACTED]

note: some of the compiler flags provided by cargo are hidden

query stack during panic:
#0 [mir_borrowck] borrow-checking `<impl at src/main.rs:8:1: 8:24>::read_dword`
#1 [analysis] running analysis passes on this crate
end of query stack
Some errors have detailed explanations: E0046, E0185.
For more information about an error, try `rustc --explain E0046`.
error: could not compile `bug_123414` (bin "bug_123414") due to 3 previous errors
------------------------------------------------------------
Return code: 101
