=== START 2026-01-18 14:27:16 ===
Bug ID: 123863
Toolchain: nightly-2024-04-12
Source: /data/zhangtianrong/projects/rustc-cbl/rustcbugs/123863
Run dir: /data/zhangtianrong/projects/rustc-cbl/run/123863
CMD: rustup run nightly-2024-04-12 cargo build
------------------------------------------------------------
   Compiling bug_123863 v0.1.0 (/data/zhangtianrong/projects/rustc-cbl/run/123863)
error[E0412]: cannot find type `BAR` in this scope
 --> src/main.rs:7:31
  |
7 |     Inner::concat_strs::<FOO, BAR>::ABSTR
  |                               ^^^ not found in this scope
  |
help: you might be missing a type parameter
  |
1 | const fn concat_strs<const A: &'static str, BAR>() -> &'static str {
  |                                           +++++

error: `&'static str` is forbidden as the type of a const generic parameter
 --> src/main.rs:1:31
  |
1 | const fn concat_strs<const A: &'static str>() -> &'static str {
  |                               ^^^^^^^^^^^^
  |
  = note: the only supported types are integers, `bool` and `char`
help: add `#![feature(adt_const_params)]` to the crate attributes to enable more complex and user defined types
  |
1 + #![feature(adt_const_params)]
  |

error: `&'static str` is forbidden as the type of a const generic parameter
 --> src/main.rs:5:27
  |
5 |     struct Inner<const A: &'static str>;
  |                           ^^^^^^^^^^^^
  |
  = note: the only supported types are integers, `bool` and `char`
help: add `#![feature(adt_const_params)]` to the crate attributes to enable more complex and user defined types
  |
1 + #![feature(adt_const_params)]
  |

error[E0223]: ambiguous associated type
 --> src/main.rs:7:5
  |
7 |     Inner::concat_strs::<FOO, BAR>::ABSTR
  |     ^^^^^^^^^^^^^^^^^^^^^^^^^^^^^^
  |
help: if there were a trait named `Example` with associated type `concat_strs` implemented for `Inner<_>`, you could use the fully-qualified path
  |
7 |     <Inner<_> as Example>::concat_strs::ABSTR
  |     ~~~~~~~~~~~~~~~~~~~~~~~~~~~~~~~~~~

error: internal compiler error: compiler/rustc_hir_analysis/src/collect.rs:392:18: unexpected region: 'static

thread 'rustc' panicked at compiler/rustc_hir_analysis/src/collect.rs:392:18:
Box<dyn Any>
stack backtrace:
   0:     0x715f3c38bc05 - std::backtrace_rs::backtrace::libunwind::trace::h301a2b0bae2ac324
                               at /rustc/a07f3eb43acc5df851e15176c7081a900a30a4d7/library/std/src/../../backtrace/src/backtrace/libunwind.rs:105:5
   1:     0x715f3c38bc05 - std::backtrace_rs::backtrace::trace_unsynchronized::h41f339d4d2606fa6
                               at /rustc/a07f3eb43acc5df851e15176c7081a900a30a4d7/library/std/src/../../backtrace/src/backtrace/mod.rs:66:5
   2:     0x715f3c38bc05 - std::sys_common::backtrace::_print_fmt::h3b670c898667c835
                               at /rustc/a07f3eb43acc5df851e15176c7081a900a30a4d7/library/std/src/sys_common/backtrace.rs:68:5
   3:     0x715f3c38bc05 - <std::sys_common::backtrace::_print::DisplayBacktrace as core::fmt::Display>::fmt::h2d1ba2673de142f4
                               at /rustc/a07f3eb43acc5df851e15176c7081a900a30a4d7/library/std/src/sys_common/backtrace.rs:44:22
   4:     0x715f3c3db0bb - core::fmt::rt::Argument::fmt::he1f1371150f89b46
                               at /rustc/a07f3eb43acc5df851e15176c7081a900a30a4d7/library/core/src/fmt/rt.rs:142:9
   5:     0x715f3c3db0bb - core::fmt::write::hda14d89ca0cb273a
                               at /rustc/a07f3eb43acc5df851e15176c7081a900a30a4d7/library/core/src/fmt/mod.rs:1153:17
   6:     0x715f3c38078f - std::io::Write::write_fmt::h665bfd3cee49358a
                               at /rustc/a07f3eb43acc5df851e15176c7081a900a30a4d7/library/std/src/io/mod.rs:1832:15
   7:     0x715f3c38b9de - std::sys_common::backtrace::_print::h50959c8dcb31a56b
                               at /rustc/a07f3eb43acc5df851e15176c7081a900a30a4d7/library/std/src/sys_common/backtrace.rs:47:5
   8:     0x715f3c38b9de - std::sys_common::backtrace::print::h1938a9749ba970bf
                               at /rustc/a07f3eb43acc5df851e15176c7081a900a30a4d7/library/std/src/sys_common/backtrace.rs:34:9
   9:     0x715f3c38e4d9 - std::panicking::default_hook::{{closure}}::he1756ef0d5bf2fcc
  10:     0x715f3c38e21d - std::panicking::default_hook::hee8110185b8cab0f
                               at /rustc/a07f3eb43acc5df851e15176c7081a900a30a4d7/library/std/src/panicking.rs:291:9
  11:     0x715f3f46b63c - std[fff4564ff07d654a]::panicking::update_hook::<alloc[f6a993242fffa43f]::boxed::Box<rustc_driver_impl[f1bf1399feda0d04]::install_ice_hook::{closure#0}>>::{closure#0}
  12:     0x715f3c38ebdc - <alloc::boxed::Box<F,A> as core::ops::function::Fn<Args>>::call::h3d369f38bdc40655
                               at /rustc/a07f3eb43acc5df851e15176c7081a900a30a4d7/library/alloc/src/boxed.rs:2032:9
  13:     0x715f3c38ebdc - std::panicking::rust_panic_with_hook::h173cf90e413cf151
                               at /rustc/a07f3eb43acc5df851e15176c7081a900a30a4d7/library/std/src/panicking.rs:792:13
  14:     0x715f3f49ac74 - std[fff4564ff07d654a]::panicking::begin_panic::<rustc_errors[83ab071dba4e774d]::ExplicitBug>::{closure#0}
  15:     0x715f3f497b96 - std[fff4564ff07d654a]::sys_common::backtrace::__rust_end_short_backtrace::<std[fff4564ff07d654a]::panicking::begin_panic<rustc_errors[83ab071dba4e774d]::ExplicitBug>::{closure#0}, !>
  16:     0x715f3f497876 - std[fff4564ff07d654a]::panicking::begin_panic::<rustc_errors[83ab071dba4e774d]::ExplicitBug>
  17:     0x715f3f4a3e61 - <rustc_errors[83ab071dba4e774d]::diagnostic::BugAbort as rustc_errors[83ab071dba4e774d]::diagnostic::EmissionGuarantee>::emit_producing_guarantee
  18:     0x715f3f94962c - rustc_middle[31c1d2dab32ea936]::util::bug::opt_span_bug_fmt::<rustc_span[6a484c91f7fabc6b]::span_encoding::Span>::{closure#0}
  19:     0x715f3f930a9a - rustc_middle[31c1d2dab32ea936]::ty::context::tls::with_opt::<rustc_middle[31c1d2dab32ea936]::util::bug::opt_span_bug_fmt<rustc_span[6a484c91f7fabc6b]::span_encoding::Span>::{closure#0}, !>::{closure#0}
  20:     0x715f3f93093b - rustc_middle[31c1d2dab32ea936]::ty::context::tls::with_context_opt::<rustc_middle[31c1d2dab32ea936]::ty::context::tls::with_opt<rustc_middle[31c1d2dab32ea936]::util::bug::opt_span_bug_fmt<rustc_span[6a484c91f7fabc6b]::span_encoding::Span>::{closure#0}, !>::{closure#0}, !>
  21:     0x715f3d557b30 - rustc_middle[31c1d2dab32ea936]::util::bug::bug_fmt
  22:     0x715f3f55613d - <rustc_hir_analysis[5d9e29acc48f1572]::collect::ItemCtxt as rustc_hir_analysis[5d9e29acc48f1572]::hir_ty_lowering::HirTyLowerer>::ct_infer::{closure#0}
  23:     0x715f417af97f - <rustc_middle[31c1d2dab32ea936]::ty::Ty as rustc_type_ir[555acde6d318c45e]::fold::TypeSuperFoldable<rustc_middle[31c1d2dab32ea936]::ty::context::TyCtxt>>::try_super_fold_with::<rustc_middle[31c1d2dab32ea936]::ty::fold::RegionFolder>
  24:     0x715f3f5abbe2 - <rustc_hir_analysis[5d9e29acc48f1572]::collect::ItemCtxt as rustc_hir_analysis[5d9e29acc48f1572]::hir_ty_lowering::HirTyLowerer>::ct_infer
  25:     0x715f40fbbaed - <<dyn rustc_hir_analysis[5d9e29acc48f1572]::hir_ty_lowering::HirTyLowerer>::lower_generic_args_of_path::{closure#0}::GenericArgsCtxt as rustc_hir_analysis[5d9e29acc48f1572]::hir_ty_lowering::GenericArgsLowerer>::inferred_kind
  26:     0x715f3e377369 - <dyn rustc_hir_analysis[5d9e29acc48f1572]::hir_ty_lowering::HirTyLowerer>::lower_path
  27:     0x715f40a07dd0 - <dyn rustc_hir_analysis[5d9e29acc48f1572]::hir_ty_lowering::HirTyLowerer>::lower_ty_common
  28:     0x715f40a07ef8 - <dyn rustc_hir_analysis[5d9e29acc48f1572]::hir_ty_lowering::HirTyLowerer>::lower_ty_common
  29:     0x715f3e3f6afa - rustc_hir_analysis[5d9e29acc48f1572]::collect::type_of::type_of
  30:     0x715f409c3da2 - rustc_query_impl[da053e77d2e27f0]::plumbing::__rust_begin_short_backtrace::<rustc_query_impl[da053e77d2e27f0]::query_impl::type_of::dynamic_query::{closure#2}::{closure#0}, rustc_middle[31c1d2dab32ea936]::query::erase::Erased<[u8; 8usize]>>
  31:     0x715f409b7625 - rustc_query_system[43efd6c43d34be21]::query::plumbing::try_execute_query::<rustc_query_impl[da053e77d2e27f0]::DynamicConfig<rustc_query_system[43efd6c43d34be21]::query::caches::DefIdCache<rustc_middle[31c1d2dab32ea936]::query::erase::Erased<[u8; 8usize]>>, false, false, false>, rustc_query_impl[da053e77d2e27f0]::plumbing::QueryCtxt, true>
  32:     0x715f409b5119 - rustc_query_impl[da053e77d2e27f0]::query_impl::type_of::get_query_incr::__rust_end_short_backtrace
  33:     0x715f40fbc71f - rustc_middle[31c1d2dab32ea936]::query::plumbing::query_get_at::<rustc_query_system[43efd6c43d34be21]::query::caches::DefIdCache<rustc_middle[31c1d2dab32ea936]::query::erase::Erased<[u8; 8usize]>>>
  34:     0x715f409ed780 - rustc_hir_typeck[b0627e79f2a7d52b]::typeck
  35:     0x715f409eba49 - rustc_query_impl[da053e77d2e27f0]::plumbing::__rust_begin_short_backtrace::<rustc_query_impl[da053e77d2e27f0]::query_impl::typeck::dynamic_query::{closure#2}::{closure#0}, rustc_middle[31c1d2dab32ea936]::query::erase::Erased<[u8; 8usize]>>
  36:     0x715f409db476 - rustc_query_system[43efd6c43d34be21]::query::plumbing::try_execute_query::<rustc_query_impl[da053e77d2e27f0]::DynamicConfig<rustc_query_system[43efd6c43d34be21]::query::caches::VecCache<rustc_span[6a484c91f7fabc6b]::def_id::LocalDefId, rustc_middle[31c1d2dab32ea936]::query::erase::Erased<[u8; 8usize]>>, false, false, false>, rustc_query_impl[da053e77d2e27f0]::plumbing::QueryCtxt, true>
  37:     0x715f40d94e89 - rustc_query_impl[da053e77d2e27f0]::query_impl::typeck::get_query_incr::__rust_end_short_backtrace
  38:     0x715f409d95d2 - rustc_hir_typeck[b0627e79f2a7d52b]::used_trait_imports
  39:     0x715f409d94f5 - rustc_query_impl[da053e77d2e27f0]::plumbing::__rust_begin_short_backtrace::<rustc_query_impl[da053e77d2e27f0]::query_impl::used_trait_imports::dynamic_query::{closure#2}::{closure#0}, rustc_middle[31c1d2dab32ea936]::query::erase::Erased<[u8; 8usize]>>
  40:     0x715f409db476 - rustc_query_system[43efd6c43d34be21]::query::plumbing::try_execute_query::<rustc_query_impl[da053e77d2e27f0]::DynamicConfig<rustc_query_system[43efd6c43d34be21]::query::caches::VecCache<rustc_span[6a484c91f7fabc6b]::def_id::LocalDefId, rustc_middle[31c1d2dab32ea936]::query::erase::Erased<[u8; 8usize]>>, false, false, false>, rustc_query_impl[da053e77d2e27f0]::plumbing::QueryCtxt, true>
  41:     0x715f409da8ce - rustc_query_impl[da053e77d2e27f0]::query_impl::used_trait_imports::get_query_incr::__rust_end_short_backtrace
  42:     0x715f409d7356 - rustc_hir_analysis[5d9e29acc48f1572]::check_unused::check_unused_traits
  43:     0x715f409d71f3 - rustc_query_impl[da053e77d2e27f0]::plumbing::__rust_begin_short_backtrace::<rustc_query_impl[da053e77d2e27f0]::query_impl::check_unused_traits::dynamic_query::{closure#2}::{closure#0}, rustc_middle[31c1d2dab32ea936]::query::erase::Erased<[u8; 0usize]>>
  44:     0x715f415cb36e - rustc_query_system[43efd6c43d34be21]::query::plumbing::try_execute_query::<rustc_query_impl[da053e77d2e27f0]::DynamicConfig<rustc_query_system[43efd6c43d34be21]::query::caches::SingleCache<rustc_middle[31c1d2dab32ea936]::query::erase::Erased<[u8; 0usize]>>, false, false, false>, rustc_query_impl[da053e77d2e27f0]::plumbing::QueryCtxt, true>
  45:     0x715f415cad18 - rustc_query_impl[da053e77d2e27f0]::query_impl::check_unused_traits::get_query_incr::__rust_end_short_backtrace
  46:     0x715f409d5327 - rustc_hir_analysis[5d9e29acc48f1572]::check_crate
  47:     0x715f4104b5ba - rustc_interface[a3114c47d294f7af]::passes::analysis
  48:     0x715f4104b115 - rustc_query_impl[da053e77d2e27f0]::plumbing::__rust_begin_short_backtrace::<rustc_query_impl[da053e77d2e27f0]::query_impl::analysis::dynamic_query::{closure#2}::{closure#0}, rustc_middle[31c1d2dab32ea936]::query::erase::Erased<[u8; 1usize]>>
  49:     0x715f415c68ca - rustc_query_system[43efd6c43d34be21]::query::plumbing::try_execute_query::<rustc_query_impl[da053e77d2e27f0]::DynamicConfig<rustc_query_system[43efd6c43d34be21]::query::caches::SingleCache<rustc_middle[31c1d2dab32ea936]::query::erase::Erased<[u8; 1usize]>>, false, false, false>, rustc_query_impl[da053e77d2e27f0]::plumbing::QueryCtxt, true>
  50:     0x715f415c64dc - rustc_query_impl[da053e77d2e27f0]::query_impl::analysis::get_query_incr::__rust_end_short_backtrace
  51:     0x715f41454053 - rustc_interface[a3114c47d294f7af]::interface::run_compiler::<core[4ebcd207c3a55824]::result::Result<(), rustc_span[6a484c91f7fabc6b]::ErrorGuaranteed>, rustc_driver_impl[f1bf1399feda0d04]::run_compiler::{closure#0}>::{closure#0}
  52:     0x715f4154f2dd - std[fff4564ff07d654a]::sys_common::backtrace::__rust_begin_short_backtrace::<rustc_interface[a3114c47d294f7af]::util::run_in_thread_with_globals<rustc_interface[a3114c47d294f7af]::util::run_in_thread_pool_with_globals<rustc_interface[a3114c47d294f7af]::interface::run_compiler<core[4ebcd207c3a55824]::result::Result<(), rustc_span[6a484c91f7fabc6b]::ErrorGuaranteed>, rustc_driver_impl[f1bf1399feda0d04]::run_compiler::{closure#0}>::{closure#0}, core[4ebcd207c3a55824]::result::Result<(), rustc_span[6a484c91f7fabc6b]::ErrorGuaranteed>>::{closure#0}, core[4ebcd207c3a55824]::result::Result<(), rustc_span[6a484c91f7fabc6b]::ErrorGuaranteed>>::{closure#0}::{closure#0}, core[4ebcd207c3a55824]::result::Result<(), rustc_span[6a484c91f7fabc6b]::ErrorGuaranteed>>
  53:     0x715f4154f0ea - <<std[fff4564ff07d654a]::thread::Builder>::spawn_unchecked_<rustc_interface[a3114c47d294f7af]::util::run_in_thread_with_globals<rustc_interface[a3114c47d294f7af]::util::run_in_thread_pool_with_globals<rustc_interface[a3114c47d294f7af]::interface::run_compiler<core[4ebcd207c3a55824]::result::Result<(), rustc_span[6a484c91f7fabc6b]::ErrorGuaranteed>, rustc_driver_impl[f1bf1399feda0d04]::run_compiler::{closure#0}>::{closure#0}, core[4ebcd207c3a55824]::result::Result<(), rustc_span[6a484c91f7fabc6b]::ErrorGuaranteed>>::{closure#0}, core[4ebcd207c3a55824]::result::Result<(), rustc_span[6a484c91f7fabc6b]::ErrorGuaranteed>>::{closure#0}::{closure#0}, core[4ebcd207c3a55824]::result::Result<(), rustc_span[6a484c91f7fabc6b]::ErrorGuaranteed>>::{closure#1} as core[4ebcd207c3a55824]::ops::function::FnOnce<()>>::call_once::{shim:vtable#0}
  54:     0x715f3c398adb - <alloc::boxed::Box<F,A> as core::ops::function::FnOnce<Args>>::call_once::h3ae8853d0ed958aa
                               at /rustc/a07f3eb43acc5df851e15176c7081a900a30a4d7/library/alloc/src/boxed.rs:2018:9
  55:     0x715f3c398adb - <alloc::boxed::Box<F,A> as core::ops::function::FnOnce<Args>>::call_once::hf8d7e93c166c184a
                               at /rustc/a07f3eb43acc5df851e15176c7081a900a30a4d7/library/alloc/src/boxed.rs:2018:9
  56:     0x715f3c398adb - std::sys::pal::unix::thread::Thread::new::thread_start::h1efae979ba1de1e2
                               at /rustc/a07f3eb43acc5df851e15176c7081a900a30a4d7/library/std/src/sys/pal/unix/thread.rs:108:17
  57:     0x715f3c094ac3 - start_thread
                               at ./nptl/pthread_create.c:442:8
  58:     0x715f3c1268c0 - __GI___clone3
                               at ./misc/../sysdeps/unix/sysv/linux/x86_64/clone3.S:81
  59:                0x0 - <unknown>

note: we would appreciate a bug report: https://github.com/rust-lang/rust/issues/new?labels=C-bug%2C+I-ICE%2C+T-compiler&template=ice.md

note: please make sure that you have updated to the latest nightly

note: please attach the file at `/data/zhangtianrong/projects/rustc-cbl/run/123863/rustc-ice-2026-01-18T06_27_16-1583074.txt` to your bug report

note: compiler flags: --crate-type bin -C embed-bitcode=no -C debuginfo=2 -C incremental=[REDACTED]

note: some of the compiler flags provided by cargo are hidden

query stack during panic:
#0 [type_of] computing type of `concat_strs::{constant#0}`
#1 [typeck] type-checking `concat_strs::{constant#0}`
#2 [used_trait_imports] finding used_trait_imports `concat_strs::{constant#0}`
#3 [check_unused_traits] checking unused trait imports in crate
#4 [analysis] running analysis passes on this crate
end of query stack
Some errors have detailed explanations: E0223, E0412.
For more information about an error, try `rustc --explain E0223`.
error: could not compile `bug_123863` (bin "bug_123863") due to 4 previous errors
------------------------------------------------------------
Return code: 101
