=== START 2026-01-18 12:54:41 ===
Bug ID: 123899
Toolchain: nightly-2024-04-13
Source: /data/zhangtianrong/projects/rustc-cbl/rustcbugs/123899
Run dir: /data/zhangtianrong/projects/rustc-cbl/run/123899
CMD: rustup run nightly-2024-04-13 cargo build
------------------------------------------------------------
   Compiling bug_123899 v0.1.0 (/data/zhangtianrong/projects/rustc-cbl/run/123899)
error: expected one of `:`, `@`, or `|`, found `)`
 --> src/main.rs:3:23
  |
3 | pub fn f<statica>(val ) -> _ {
  |                       ^ expected one of `:`, `@`, or `|`
  |
  = note: anonymous parameters are removed in the 2018 edition (see RFC 1685)
help: if this is a `self` type, give it a parameter name
  |
3 | pub fn f<statica>(self: val ) -> _ {
  |                   +++++
help: if this is a parameter name, give it a type
  |
3 | pub fn f<statica>(val: TypeName ) -> _ {
  |                      ++++++++++
help: if this is a type, explicitly ignore the parameter name
  |
3 | pub fn f<statica>(_: val ) -> _ {
  |                   ++

error[E0261]: use of undeclared lifetime name `'a`
 --> src/main.rs:1:19
  |
1 | pub struct T<'g>(&'a str);
  |              -    ^^ undeclared lifetime
  |              |
  |              help: consider introducing lifetime `'a` here: `'a,`

error[E0261]: use of undeclared lifetime name `'a`
 --> src/main.rs:7:17
  |
7 | pub fn g(val: T<'a>) -> _ {}
  |         -       ^^ undeclared lifetime
  |         |
  |         help: consider introducing lifetime `'a` here: `<'a>`

warning: type parameter `statica` should have an upper camel case name
 --> src/main.rs:3:10
  |
3 | pub fn f<statica>(val ) -> _ {
  |          ^^^^^^^ help: convert the identifier to upper camel case (notice the capitalization): `Statica`
  |
  = note: `#[warn(non_camel_case_types)]` on by default

error[E0121]: the placeholder `_` is not allowed within types on item signatures for return types
 --> src/main.rs:7:25
  |
7 | pub fn g(val: T<'a>) -> _ {}
  |                         ^
  |                         |
  |                         not allowed in type signatures
  |                         help: replace with the correct return type: `()`

error[E0121]: the placeholder `_` is not allowed within types on item signatures for return types
 --> src/main.rs:3:28
  |
3 | pub fn f<statica>(val ) -> _ {
  |                            ^
  |                            |
  |                            not allowed in type signatures
  |                            help: replace with the correct return type: `fn(T<'static>)`

warning: unused variable: `val`
 --> src/main.rs:7:10
  |
7 | pub fn g(val: T<'a>) -> _ {}
  |          ^^^ help: if this is intentional, prefix it with an underscore: `_val`
  |
  = note: `#[warn(unused_variables)]` on by default

error: internal compiler error: compiler/rustc_hir_analysis/src/variance/constraints.rs:239:17: Unexpected coroutine/closure type in variance computation

thread 'rustc' panicked at compiler/rustc_hir_analysis/src/variance/constraints.rs:239:17:
Box<dyn Any>
stack backtrace:
   0:     0x7c97a9799c05 - std::backtrace_rs::backtrace::libunwind::trace::h55fda353153fba83
                               at /rustc/79424056b05eaa9563d16dfab9b9a0c8f033f220/library/std/src/../../backtrace/src/backtrace/libunwind.rs:105:5
   1:     0x7c97a9799c05 - std::backtrace_rs::backtrace::trace_unsynchronized::hd6863035e9fd170d
                               at /rustc/79424056b05eaa9563d16dfab9b9a0c8f033f220/library/std/src/../../backtrace/src/backtrace/mod.rs:66:5
   2:     0x7c97a9799c05 - std::sys_common::backtrace::_print_fmt::hb008a4c9b6a56579
                               at /rustc/79424056b05eaa9563d16dfab9b9a0c8f033f220/library/std/src/sys_common/backtrace.rs:68:5
   3:     0x7c97a9799c05 - <std::sys_common::backtrace::_print::DisplayBacktrace as core::fmt::Display>::fmt::hebe97ff020297e4b
                               at /rustc/79424056b05eaa9563d16dfab9b9a0c8f033f220/library/std/src/sys_common/backtrace.rs:44:22
   4:     0x7c97a97e8f3b - core::fmt::rt::Argument::fmt::h080027bd1f8ad132
                               at /rustc/79424056b05eaa9563d16dfab9b9a0c8f033f220/library/core/src/fmt/rt.rs:142:9
   5:     0x7c97a97e8f3b - core::fmt::write::hd145bb79142a862b
                               at /rustc/79424056b05eaa9563d16dfab9b9a0c8f033f220/library/core/src/fmt/mod.rs:1153:17
   6:     0x7c97a978e78f - std::io::Write::write_fmt::hcf9a0a231c034c04
                               at /rustc/79424056b05eaa9563d16dfab9b9a0c8f033f220/library/std/src/io/mod.rs:1832:15
   7:     0x7c97a97999de - std::sys_common::backtrace::_print::h103adc9b0aea227e
                               at /rustc/79424056b05eaa9563d16dfab9b9a0c8f033f220/library/std/src/sys_common/backtrace.rs:47:5
   8:     0x7c97a97999de - std::sys_common::backtrace::print::h9e47c46d0ba15a0f
                               at /rustc/79424056b05eaa9563d16dfab9b9a0c8f033f220/library/std/src/sys_common/backtrace.rs:34:9
   9:     0x7c97a979c359 - std::panicking::default_hook::{{closure}}::h02a180ea11cac171
  10:     0x7c97a979c09d - std::panicking::default_hook::hfc2680b73215b484
                               at /rustc/79424056b05eaa9563d16dfab9b9a0c8f033f220/library/std/src/panicking.rs:291:9
  11:     0x7c97a6275aec - std[c8275a09eb24d4c6]::panicking::update_hook::<alloc[421aab07a607723c]::boxed::Box<rustc_driver_impl[69898ae479fe711b]::install_ice_hook::{closure#0}>>::{closure#0}
  12:     0x7c97a979ca5c - <alloc::boxed::Box<F,A> as core::ops::function::Fn<Args>>::call::hd3937552e00b1318
                               at /rustc/79424056b05eaa9563d16dfab9b9a0c8f033f220/library/alloc/src/boxed.rs:2032:9
  13:     0x7c97a979ca5c - std::panicking::rust_panic_with_hook::hb8ccdf030b0c5d6d
                               at /rustc/79424056b05eaa9563d16dfab9b9a0c8f033f220/library/std/src/panicking.rs:792:13
  14:     0x7c97a62a5124 - std[c8275a09eb24d4c6]::panicking::begin_panic::<rustc_errors[faa9e1467089e630]::ExplicitBug>::{closure#0}
  15:     0x7c97a62a2046 - std[c8275a09eb24d4c6]::sys_common::backtrace::__rust_end_short_backtrace::<std[c8275a09eb24d4c6]::panicking::begin_panic<rustc_errors[faa9e1467089e630]::ExplicitBug>::{closure#0}, !>
  16:     0x7c97a62a1d26 - std[c8275a09eb24d4c6]::panicking::begin_panic::<rustc_errors[faa9e1467089e630]::ExplicitBug>
  17:     0x7c97a62ae311 - <rustc_errors[faa9e1467089e630]::diagnostic::BugAbort as rustc_errors[faa9e1467089e630]::diagnostic::EmissionGuarantee>::emit_producing_guarantee
  18:     0x7c97a6754a9c - rustc_middle[3536e66dcc7db89e]::util::bug::opt_span_bug_fmt::<rustc_span[24393b7d9aa35d24]::span_encoding::Span>::{closure#0}
  19:     0x7c97a673c61a - rustc_middle[3536e66dcc7db89e]::ty::context::tls::with_opt::<rustc_middle[3536e66dcc7db89e]::util::bug::opt_span_bug_fmt<rustc_span[24393b7d9aa35d24]::span_encoding::Span>::{closure#0}, !>::{closure#0}
  20:     0x7c97a673c49b - rustc_middle[3536e66dcc7db89e]::ty::context::tls::with_context_opt::<rustc_middle[3536e66dcc7db89e]::ty::context::tls::with_opt<rustc_middle[3536e66dcc7db89e]::util::bug::opt_span_bug_fmt<rustc_span[24393b7d9aa35d24]::span_encoding::Span>::{closure#0}, !>::{closure#0}, !>
  21:     0x7c97a4359df0 - rustc_middle[3536e66dcc7db89e]::util::bug::bug_fmt
  22:     0x7c97a7dc5764 - <rustc_hir_analysis[93da00151db7016f]::variance::constraints::ConstraintContext>::add_constraints_from_ty
  23:     0x7c97a7dc4566 - <rustc_hir_analysis[93da00151db7016f]::variance::constraints::ConstraintContext>::build_constraints_for_item
  24:     0x7c97a560943e - rustc_hir_analysis[93da00151db7016f]::variance::crate_variances
  25:     0x7c97a84453a2 - rustc_query_impl[93ab4e638077d6a3]::plumbing::__rust_begin_short_backtrace::<rustc_query_impl[93ab4e638077d6a3]::query_impl::crate_variances::dynamic_query::{closure#2}::{closure#0}, rustc_middle[3536e66dcc7db89e]::query::erase::Erased<[u8; 8usize]>>
  26:     0x7c97a8446855 - rustc_query_system[421efb6b4256089a]::query::plumbing::try_execute_query::<rustc_query_impl[93ab4e638077d6a3]::DynamicConfig<rustc_query_system[421efb6b4256089a]::query::caches::SingleCache<rustc_middle[3536e66dcc7db89e]::query::erase::Erased<[u8; 8usize]>>, false, false, false>, rustc_query_impl[93ab4e638077d6a3]::plumbing::QueryCtxt, true>
  27:     0x7c97a86c6f4a - rustc_query_impl[93ab4e638077d6a3]::query_impl::crate_variances::get_query_incr::__rust_end_short_backtrace
  28:     0x7c97a7dc24d2 - rustc_hir_analysis[93da00151db7016f]::variance::variances_of
  29:     0x7c97a7dc2124 - rustc_query_impl[93ab4e638077d6a3]::plumbing::__rust_begin_short_backtrace::<rustc_query_impl[93ab4e638077d6a3]::query_impl::variances_of::dynamic_query::{closure#2}::{closure#0}, rustc_middle[3536e66dcc7db89e]::query::erase::Erased<[u8; 16usize]>>
  30:     0x7c97a7dba05c - rustc_query_system[421efb6b4256089a]::query::plumbing::try_execute_query::<rustc_query_impl[93ab4e638077d6a3]::DynamicConfig<rustc_query_system[421efb6b4256089a]::query::caches::DefIdCache<rustc_middle[3536e66dcc7db89e]::query::erase::Erased<[u8; 16usize]>>, false, false, false>, rustc_query_impl[93ab4e638077d6a3]::plumbing::QueryCtxt, true>
  31:     0x7c97a7db9063 - rustc_query_impl[93ab4e638077d6a3]::query_impl::variances_of::get_query_incr::__rust_end_short_backtrace
  32:     0x7c97a7b25a66 - <rustc_borrowck[1c7dba4d3efa328e]::type_check::relate_tys::NllTypeRelating as rustc_middle[3536e66dcc7db89e]::ty::relate::TypeRelation>::relate_item_args
  33:     0x7c97a7b2c7d6 - <rustc_borrowck[1c7dba4d3efa328e]::type_check::relate_tys::NllTypeRelating as rustc_middle[3536e66dcc7db89e]::ty::relate::TypeRelation>::tys
  34:     0x7c97a52f3d81 - rustc_borrowck[1c7dba4d3efa328e]::type_check::type_check
  35:     0x7c97a4ca605b - rustc_borrowck[1c7dba4d3efa328e]::nll::compute_regions
  36:     0x7c97a84e789d - rustc_borrowck[1c7dba4d3efa328e]::do_mir_borrowck
  37:     0x7c97a84d9ac8 - rustc_borrowck[1c7dba4d3efa328e]::mir_borrowck
  38:     0x7c97a84d94e9 - rustc_query_impl[93ab4e638077d6a3]::plumbing::__rust_begin_short_backtrace::<rustc_query_impl[93ab4e638077d6a3]::query_impl::mir_borrowck::dynamic_query::{closure#2}::{closure#0}, rustc_middle[3536e66dcc7db89e]::query::erase::Erased<[u8; 8usize]>>
  39:     0x7c97a782120a - rustc_query_system[421efb6b4256089a]::query::plumbing::try_execute_query::<rustc_query_impl[93ab4e638077d6a3]::DynamicConfig<rustc_query_system[421efb6b4256089a]::query::caches::VecCache<rustc_span[24393b7d9aa35d24]::def_id::LocalDefId, rustc_middle[3536e66dcc7db89e]::query::erase::Erased<[u8; 8usize]>>, false, false, false>, rustc_query_impl[93ab4e638077d6a3]::plumbing::QueryCtxt, true>
  40:     0x7c97a7b9e068 - rustc_query_impl[93ab4e638077d6a3]::query_impl::mir_borrowck::get_query_incr::__rust_end_short_backtrace
  41:     0x7c97a7ef486e - rustc_interface[7e68e68fe8897519]::passes::analysis
  42:     0x7c97a7ef3a15 - rustc_query_impl[93ab4e638077d6a3]::plumbing::__rust_begin_short_backtrace::<rustc_query_impl[93ab4e638077d6a3]::query_impl::analysis::dynamic_query::{closure#2}::{closure#0}, rustc_middle[3536e66dcc7db89e]::query::erase::Erased<[u8; 1usize]>>
  43:     0x7c97a842590a - rustc_query_system[421efb6b4256089a]::query::plumbing::try_execute_query::<rustc_query_impl[93ab4e638077d6a3]::DynamicConfig<rustc_query_system[421efb6b4256089a]::query::caches::SingleCache<rustc_middle[3536e66dcc7db89e]::query::erase::Erased<[u8; 1usize]>>, false, false, false>, rustc_query_impl[93ab4e638077d6a3]::plumbing::QueryCtxt, true>
  44:     0x7c97a842551c - rustc_query_impl[93ab4e638077d6a3]::query_impl::analysis::get_query_incr::__rust_end_short_backtrace
  45:     0x7c97a82d6ad3 - rustc_interface[7e68e68fe8897519]::interface::run_compiler::<core[88347914527c2294]::result::Result<(), rustc_span[24393b7d9aa35d24]::ErrorGuaranteed>, rustc_driver_impl[69898ae479fe711b]::run_compiler::{closure#0}>::{closure#0}
  46:     0x7c97a83b019d - std[c8275a09eb24d4c6]::sys_common::backtrace::__rust_begin_short_backtrace::<rustc_interface[7e68e68fe8897519]::util::run_in_thread_with_globals<rustc_interface[7e68e68fe8897519]::util::run_in_thread_pool_with_globals<rustc_interface[7e68e68fe8897519]::interface::run_compiler<core[88347914527c2294]::result::Result<(), rustc_span[24393b7d9aa35d24]::ErrorGuaranteed>, rustc_driver_impl[69898ae479fe711b]::run_compiler::{closure#0}>::{closure#0}, core[88347914527c2294]::result::Result<(), rustc_span[24393b7d9aa35d24]::ErrorGuaranteed>>::{closure#0}, core[88347914527c2294]::result::Result<(), rustc_span[24393b7d9aa35d24]::ErrorGuaranteed>>::{closure#0}::{closure#0}, core[88347914527c2294]::result::Result<(), rustc_span[24393b7d9aa35d24]::ErrorGuaranteed>>
  47:     0x7c97a83affaa - <<std[c8275a09eb24d4c6]::thread::Builder>::spawn_unchecked_<rustc_interface[7e68e68fe8897519]::util::run_in_thread_with_globals<rustc_interface[7e68e68fe8897519]::util::run_in_thread_pool_with_globals<rustc_interface[7e68e68fe8897519]::interface::run_compiler<core[88347914527c2294]::result::Result<(), rustc_span[24393b7d9aa35d24]::ErrorGuaranteed>, rustc_driver_impl[69898ae479fe711b]::run_compiler::{closure#0}>::{closure#0}, core[88347914527c2294]::result::Result<(), rustc_span[24393b7d9aa35d24]::ErrorGuaranteed>>::{closure#0}, core[88347914527c2294]::result::Result<(), rustc_span[24393b7d9aa35d24]::ErrorGuaranteed>>::{closure#0}::{closure#0}, core[88347914527c2294]::result::Result<(), rustc_span[24393b7d9aa35d24]::ErrorGuaranteed>>::{closure#2} as core[88347914527c2294]::ops::function::FnOnce<()>>::call_once::{shim:vtable#0}
  48:     0x7c97a97a695b - <alloc::boxed::Box<F,A> as core::ops::function::FnOnce<Args>>::call_once::hc339186170421144
                               at /rustc/79424056b05eaa9563d16dfab9b9a0c8f033f220/library/alloc/src/boxed.rs:2018:9
  49:     0x7c97a97a695b - <alloc::boxed::Box<F,A> as core::ops::function::FnOnce<Args>>::call_once::h2d2004059e1e0429
                               at /rustc/79424056b05eaa9563d16dfab9b9a0c8f033f220/library/alloc/src/boxed.rs:2018:9
  50:     0x7c97a97a695b - std::sys::pal::unix::thread::Thread::new::thread_start::hd47ec9690dd18f37
                               at /rustc/79424056b05eaa9563d16dfab9b9a0c8f033f220/library/std/src/sys/pal/unix/thread.rs:108:17
  51:     0x7c97a2e94ac3 - start_thread
                               at ./nptl/pthread_create.c:442:8
  52:     0x7c97a2f268c0 - __GI___clone3
                               at ./misc/../sysdeps/unix/sysv/linux/x86_64/clone3.S:81
  53:                0x0 - <unknown>

note: we would appreciate a bug report: https://github.com/rust-lang/rust/issues/new?labels=C-bug%2C+I-ICE%2C+T-compiler&template=ice.md

note: please make sure that you have updated to the latest nightly

note: please attach the file at `/data/zhangtianrong/projects/rustc-cbl/run/123899/rustc-ice-2026-01-18T04_54_41-1264514.txt` to your bug report

note: compiler flags: --crate-type bin -C embed-bitcode=no -C debuginfo=2 -C incremental=[REDACTED]

note: some of the compiler flags provided by cargo are hidden

query stack during panic:
#0 [crate_variances] computing the variances for items in this crate
#1 [variances_of] computing the variances of `T`
#2 [mir_borrowck] borrow-checking `g`
#3 [analysis] running analysis passes on this crate
end of query stack
Some errors have detailed explanations: E0121, E0261.
For more information about an error, try `rustc --explain E0121`.
warning: `bug_123899` (bin "bug_123899") generated 2 warnings
error: could not compile `bug_123899` (bin "bug_123899") due to 5 previous errors; 2 warnings emitted
------------------------------------------------------------
Return code: 101
