=== START 2026-01-18 20:02:06 ===
Bug ID: 123906
Toolchain: nightly-2024-04-13
Source: /data/zhangtianrong/projects/rustc-cbl/rustcbugs/123906
Run dir: /data/zhangtianrong/projects/rustc-cbl/run/123906
CMD: rustup run nightly-2024-04-13 cargo build
------------------------------------------------------------
   Compiling bug_123906 v0.1.0 (/data/zhangtianrong/projects/rustc-cbl/run/123906)
error: internal compiler error: /rustc/79424056b05eaa9563d16dfab9b9a0c8f033f220/compiler/rustc_middle/src/ty/consts.rs:437:32: expected usize, got N/#0: usize

thread 'rustc' panicked at /rustc/79424056b05eaa9563d16dfab9b9a0c8f033f220/compiler/rustc_middle/src/ty/consts.rs:437:32:
Box<dyn Any>
stack backtrace:
   0:     0x76903658cc05 - std::backtrace_rs::backtrace::libunwind::trace::h55fda353153fba83
                               at /rustc/79424056b05eaa9563d16dfab9b9a0c8f033f220/library/std/src/../../backtrace/src/backtrace/libunwind.rs:105:5
   1:     0x76903658cc05 - std::backtrace_rs::backtrace::trace_unsynchronized::hd6863035e9fd170d
                               at /rustc/79424056b05eaa9563d16dfab9b9a0c8f033f220/library/std/src/../../backtrace/src/backtrace/mod.rs:66:5
   2:     0x76903658cc05 - std::sys_common::backtrace::_print_fmt::hb008a4c9b6a56579
                               at /rustc/79424056b05eaa9563d16dfab9b9a0c8f033f220/library/std/src/sys_common/backtrace.rs:68:5
   3:     0x76903658cc05 - <std::sys_common::backtrace::_print::DisplayBacktrace as core::fmt::Display>::fmt::hebe97ff020297e4b
                               at /rustc/79424056b05eaa9563d16dfab9b9a0c8f033f220/library/std/src/sys_common/backtrace.rs:44:22
   4:     0x7690365dbf3b - core::fmt::rt::Argument::fmt::h080027bd1f8ad132
                               at /rustc/79424056b05eaa9563d16dfab9b9a0c8f033f220/library/core/src/fmt/rt.rs:142:9
   5:     0x7690365dbf3b - core::fmt::write::hd145bb79142a862b
                               at /rustc/79424056b05eaa9563d16dfab9b9a0c8f033f220/library/core/src/fmt/mod.rs:1153:17
   6:     0x76903658178f - std::io::Write::write_fmt::hcf9a0a231c034c04
                               at /rustc/79424056b05eaa9563d16dfab9b9a0c8f033f220/library/std/src/io/mod.rs:1832:15
   7:     0x76903658c9de - std::sys_common::backtrace::_print::h103adc9b0aea227e
                               at /rustc/79424056b05eaa9563d16dfab9b9a0c8f033f220/library/std/src/sys_common/backtrace.rs:47:5
   8:     0x76903658c9de - std::sys_common::backtrace::print::h9e47c46d0ba15a0f
                               at /rustc/79424056b05eaa9563d16dfab9b9a0c8f033f220/library/std/src/sys_common/backtrace.rs:34:9
   9:     0x76903658f359 - std::panicking::default_hook::{{closure}}::h02a180ea11cac171
  10:     0x76903658f09d - std::panicking::default_hook::hfc2680b73215b484
                               at /rustc/79424056b05eaa9563d16dfab9b9a0c8f033f220/library/std/src/panicking.rs:291:9
  11:     0x769039675aec - std[c8275a09eb24d4c6]::panicking::update_hook::<alloc[421aab07a607723c]::boxed::Box<rustc_driver_impl[69898ae479fe711b]::install_ice_hook::{closure#0}>>::{closure#0}
  12:     0x76903658fa5c - <alloc::boxed::Box<F,A> as core::ops::function::Fn<Args>>::call::hd3937552e00b1318
                               at /rustc/79424056b05eaa9563d16dfab9b9a0c8f033f220/library/alloc/src/boxed.rs:2032:9
  13:     0x76903658fa5c - std::panicking::rust_panic_with_hook::hb8ccdf030b0c5d6d
                               at /rustc/79424056b05eaa9563d16dfab9b9a0c8f033f220/library/std/src/panicking.rs:792:13
  14:     0x7690396a5124 - std[c8275a09eb24d4c6]::panicking::begin_panic::<rustc_errors[faa9e1467089e630]::ExplicitBug>::{closure#0}
  15:     0x7690396a2046 - std[c8275a09eb24d4c6]::sys_common::backtrace::__rust_end_short_backtrace::<std[c8275a09eb24d4c6]::panicking::begin_panic<rustc_errors[faa9e1467089e630]::ExplicitBug>::{closure#0}, !>
  16:     0x7690396a1d26 - std[c8275a09eb24d4c6]::panicking::begin_panic::<rustc_errors[faa9e1467089e630]::ExplicitBug>
  17:     0x7690396ae311 - <rustc_errors[faa9e1467089e630]::diagnostic::BugAbort as rustc_errors[faa9e1467089e630]::diagnostic::EmissionGuarantee>::emit_producing_guarantee
  18:     0x769039b54a9c - rustc_middle[3536e66dcc7db89e]::util::bug::opt_span_bug_fmt::<rustc_span[24393b7d9aa35d24]::span_encoding::Span>::{closure#0}
  19:     0x769039b3c61a - rustc_middle[3536e66dcc7db89e]::ty::context::tls::with_opt::<rustc_middle[3536e66dcc7db89e]::util::bug::opt_span_bug_fmt<rustc_span[24393b7d9aa35d24]::span_encoding::Span>::{closure#0}, !>::{closure#0}
  20:     0x769039b3c49b - rustc_middle[3536e66dcc7db89e]::ty::context::tls::with_context_opt::<rustc_middle[3536e66dcc7db89e]::ty::context::tls::with_opt<rustc_middle[3536e66dcc7db89e]::util::bug::opt_span_bug_fmt<rustc_span[24393b7d9aa35d24]::span_encoding::Span>::{closure#0}, !>::{closure#0}, !>
  21:     0x769037759df0 - rustc_middle[3536e66dcc7db89e]::util::bug::bug_fmt
  22:     0x7690397a733d - rustc_hir_analysis[93da00151db7016f]::check::ty_kind_suggestion
  23:     0x76903b422302 - <rustc_hir_typeck[e11ab83fbcfe41b]::fn_ctxt::FnCtxt>::check_expr_with_expectation_and_args
  24:     0x76903b40eba6 - <rustc_hir_typeck[e11ab83fbcfe41b]::fn_ctxt::FnCtxt>::check_block_with_expected
  25:     0x76903b4179da - <rustc_hir_typeck[e11ab83fbcfe41b]::fn_ctxt::FnCtxt>::check_expr_with_expectation_and_args
  26:     0x76903b40ec5d - <rustc_hir_typeck[e11ab83fbcfe41b]::fn_ctxt::FnCtxt>::check_block_with_expected
  27:     0x76903b4147bd - <rustc_hir_typeck[e11ab83fbcfe41b]::fn_ctxt::FnCtxt>::check_expr_with_expectation_and_args
  28:     0x76903ac3b9c0 - rustc_hir_typeck[e11ab83fbcfe41b]::check::check_fn
  29:     0x76903ac31ec9 - rustc_hir_typeck[e11ab83fbcfe41b]::typeck
  30:     0x76903ac31889 - rustc_query_impl[93ab4e638077d6a3]::plumbing::__rust_begin_short_backtrace::<rustc_query_impl[93ab4e638077d6a3]::query_impl::typeck::dynamic_query::{closure#2}::{closure#0}, rustc_middle[3536e66dcc7db89e]::query::erase::Erased<[u8; 8usize]>>
  31:     0x76903ac2120a - rustc_query_system[421efb6b4256089a]::query::plumbing::try_execute_query::<rustc_query_impl[93ab4e638077d6a3]::DynamicConfig<rustc_query_system[421efb6b4256089a]::query::caches::VecCache<rustc_span[24393b7d9aa35d24]::def_id::LocalDefId, rustc_middle[3536e66dcc7db89e]::query::erase::Erased<[u8; 8usize]>>, false, false, false>, rustc_query_impl[93ab4e638077d6a3]::plumbing::QueryCtxt, true>
  32:     0x76903af9df09 - rustc_query_impl[93ab4e638077d6a3]::query_impl::typeck::get_query_incr::__rust_end_short_backtrace
  33:     0x76903ac1c432 - <rustc_middle[3536e66dcc7db89e]::hir::map::Map>::par_body_owners::<rustc_hir_analysis[93da00151db7016f]::check_crate::{closure#4}>::{closure#0}
  34:     0x76903ac1b11c - rustc_hir_analysis[93da00151db7016f]::check_crate
  35:     0x76903b2f3eba - rustc_interface[7e68e68fe8897519]::passes::analysis
  36:     0x76903b2f3a15 - rustc_query_impl[93ab4e638077d6a3]::plumbing::__rust_begin_short_backtrace::<rustc_query_impl[93ab4e638077d6a3]::query_impl::analysis::dynamic_query::{closure#2}::{closure#0}, rustc_middle[3536e66dcc7db89e]::query::erase::Erased<[u8; 1usize]>>
  37:     0x76903b82590a - rustc_query_system[421efb6b4256089a]::query::plumbing::try_execute_query::<rustc_query_impl[93ab4e638077d6a3]::DynamicConfig<rustc_query_system[421efb6b4256089a]::query::caches::SingleCache<rustc_middle[3536e66dcc7db89e]::query::erase::Erased<[u8; 1usize]>>, false, false, false>, rustc_query_impl[93ab4e638077d6a3]::plumbing::QueryCtxt, true>
  38:     0x76903b82551c - rustc_query_impl[93ab4e638077d6a3]::query_impl::analysis::get_query_incr::__rust_end_short_backtrace
  39:     0x76903b6d6ad3 - rustc_interface[7e68e68fe8897519]::interface::run_compiler::<core[88347914527c2294]::result::Result<(), rustc_span[24393b7d9aa35d24]::ErrorGuaranteed>, rustc_driver_impl[69898ae479fe711b]::run_compiler::{closure#0}>::{closure#0}
  40:     0x76903b7b019d - std[c8275a09eb24d4c6]::sys_common::backtrace::__rust_begin_short_backtrace::<rustc_interface[7e68e68fe8897519]::util::run_in_thread_with_globals<rustc_interface[7e68e68fe8897519]::util::run_in_thread_pool_with_globals<rustc_interface[7e68e68fe8897519]::interface::run_compiler<core[88347914527c2294]::result::Result<(), rustc_span[24393b7d9aa35d24]::ErrorGuaranteed>, rustc_driver_impl[69898ae479fe711b]::run_compiler::{closure#0}>::{closure#0}, core[88347914527c2294]::result::Result<(), rustc_span[24393b7d9aa35d24]::ErrorGuaranteed>>::{closure#0}, core[88347914527c2294]::result::Result<(), rustc_span[24393b7d9aa35d24]::ErrorGuaranteed>>::{closure#0}::{closure#0}, core[88347914527c2294]::result::Result<(), rustc_span[24393b7d9aa35d24]::ErrorGuaranteed>>
  41:     0x76903b7affaa - <<std[c8275a09eb24d4c6]::thread::Builder>::spawn_unchecked_<rustc_interface[7e68e68fe8897519]::util::run_in_thread_with_globals<rustc_interface[7e68e68fe8897519]::util::run_in_thread_pool_with_globals<rustc_interface[7e68e68fe8897519]::interface::run_compiler<core[88347914527c2294]::result::Result<(), rustc_span[24393b7d9aa35d24]::ErrorGuaranteed>, rustc_driver_impl[69898ae479fe711b]::run_compiler::{closure#0}>::{closure#0}, core[88347914527c2294]::result::Result<(), rustc_span[24393b7d9aa35d24]::ErrorGuaranteed>>::{closure#0}, core[88347914527c2294]::result::Result<(), rustc_span[24393b7d9aa35d24]::ErrorGuaranteed>>::{closure#0}::{closure#0}, core[88347914527c2294]::result::Result<(), rustc_span[24393b7d9aa35d24]::ErrorGuaranteed>>::{closure#2} as core[88347914527c2294]::ops::function::FnOnce<()>>::call_once::{shim:vtable#0}
  42:     0x76903659995b - <alloc::boxed::Box<F,A> as core::ops::function::FnOnce<Args>>::call_once::hc339186170421144
                               at /rustc/79424056b05eaa9563d16dfab9b9a0c8f033f220/library/alloc/src/boxed.rs:2018:9
  43:     0x76903659995b - <alloc::boxed::Box<F,A> as core::ops::function::FnOnce<Args>>::call_once::h2d2004059e1e0429
                               at /rustc/79424056b05eaa9563d16dfab9b9a0c8f033f220/library/alloc/src/boxed.rs:2018:9
  44:     0x76903659995b - std::sys::pal::unix::thread::Thread::new::thread_start::hd47ec9690dd18f37
                               at /rustc/79424056b05eaa9563d16dfab9b9a0c8f033f220/library/std/src/sys/pal/unix/thread.rs:108:17
  45:     0x769036294ac3 - start_thread
                               at ./nptl/pthread_create.c:442:8
  46:     0x7690363268c0 - __GI___clone3
                               at ./misc/../sysdeps/unix/sysv/linux/x86_64/clone3.S:81
  47:                0x0 - <unknown>

note: we would appreciate a bug report: https://github.com/rust-lang/rust/issues/new?labels=C-bug%2C+I-ICE%2C+T-compiler&template=ice.md

note: please make sure that you have updated to the latest nightly

note: please attach the file at `/data/zhangtianrong/projects/rustc-cbl/run/123906/rustc-ice-2026-01-18T12_02_06-1801929.txt` to your bug report

note: compiler flags: --crate-type bin -C embed-bitcode=no -C debuginfo=2 -C incremental=[REDACTED]

note: some of the compiler flags provided by cargo are hidden

query stack during panic:
#0 [typeck] type-checking `as_chunks`
#1 [analysis] running analysis passes on this crate
end of query stack
error: could not compile `bug_123906` (bin "bug_123906")
------------------------------------------------------------
Return code: 101
