=== START 2026-01-18 12:48:30 ===
Bug ID: 125432
Toolchain: nightly-2024-05-22
Source: /data/zhangtianrong/projects/rustc-cbl/rustcbugs/125432
Run dir: /data/zhangtianrong/projects/rustc-cbl/run/125432
CMD: rustup run nightly-2024-05-22 cargo build
------------------------------------------------------------
   Compiling bug_125432 v0.1.0 (/data/zhangtianrong/projects/rustc-cbl/run/125432)
ERROR rustc_hir_typeck::method::confirm {integer} was a subtype of &mut _ but now is not?
thread 'rustc' panicked at compiler/rustc_hir_typeck/src/method/confirm.rs:518:45:
called `Option::unwrap()` on a `None` value
stack backtrace:
   0:     0x72621258c7f5 - std::backtrace_rs::backtrace::libunwind::trace::hd6ee197414bf99ea
                               at /rustc/791adf759cc065316f054961875052d5bc03e16c/library/std/src/../../backtrace/src/backtrace/libunwind.rs:105:5
   1:     0x72621258c7f5 - std::backtrace_rs::backtrace::trace_unsynchronized::h9fd55c2ad0dd7a49
                               at /rustc/791adf759cc065316f054961875052d5bc03e16c/library/std/src/../../backtrace/src/backtrace/mod.rs:66:5
   2:     0x72621258c7f5 - std::sys_common::backtrace::_print_fmt::hbfd47ed60586204a
                               at /rustc/791adf759cc065316f054961875052d5bc03e16c/library/std/src/sys_common/backtrace.rs:68:5
   3:     0x72621258c7f5 - <std::sys_common::backtrace::_print::DisplayBacktrace as core::fmt::Display>::fmt::hc54e3c03d028fdab
                               at /rustc/791adf759cc065316f054961875052d5bc03e16c/library/std/src/sys_common/backtrace.rs:44:22
   4:     0x7262125db91b - core::fmt::rt::Argument::fmt::h63876f32ff1a0b39
                               at /rustc/791adf759cc065316f054961875052d5bc03e16c/library/core/src/fmt/rt.rs:165:63
   5:     0x7262125db91b - core::fmt::write::h30641d08eff9646d
                               at /rustc/791adf759cc065316f054961875052d5bc03e16c/library/core/src/fmt/mod.rs:1169:21
   6:     0x72621258162f - std::io::Write::write_fmt::ha08930cd6b63daf8
                               at /rustc/791adf759cc065316f054961875052d5bc03e16c/library/std/src/io/mod.rs:1835:15
   7:     0x72621258c5ce - std::sys_common::backtrace::_print::h19ad376a55928d7d
                               at /rustc/791adf759cc065316f054961875052d5bc03e16c/library/std/src/sys_common/backtrace.rs:47:5
   8:     0x72621258c5ce - std::sys_common::backtrace::print::ha81cc7b81fad1382
                               at /rustc/791adf759cc065316f054961875052d5bc03e16c/library/std/src/sys_common/backtrace.rs:34:9
   9:     0x72621258efc9 - std::panicking::default_hook::{{closure}}::hf2a4bac5991bc13d
  10:     0x72621258ed0d - std::panicking::default_hook::h2f6875ce27856b17
                               at /rustc/791adf759cc065316f054961875052d5bc03e16c/library/std/src/panicking.rs:298:9
  11:     0x7262156efe90 - std[c7445a34834edf15]::panicking::update_hook::<alloc[43ecf4023dd02671]::boxed::Box<rustc_driver_impl[6c8fa9fc11806161]::install_ice_hook::{closure#0}>>::{closure#0}
  12:     0x72621258f6fb - <alloc::boxed::Box<F,A> as core::ops::function::Fn<Args>>::call::h7fcae7ac7d375987
                               at /rustc/791adf759cc065316f054961875052d5bc03e16c/library/alloc/src/boxed.rs:2077:9
  13:     0x72621258f6fb - std::panicking::rust_panic_with_hook::h00f5098df7893592
                               at /rustc/791adf759cc065316f054961875052d5bc03e16c/library/std/src/panicking.rs:799:13
  14:     0x72621258f43b - std::panicking::begin_panic_handler::{{closure}}::hcf7a40b8788aaa6a
                               at /rustc/791adf759cc065316f054961875052d5bc03e16c/library/std/src/panicking.rs:656:13
  15:     0x72621258ccb9 - std::sys_common::backtrace::__rust_end_short_backtrace::h40fad163f3ed5f54
                               at /rustc/791adf759cc065316f054961875052d5bc03e16c/library/std/src/sys_common/backtrace.rs:171:18
  16:     0x72621258f1a7 - rust_begin_unwind
                               at /rustc/791adf759cc065316f054961875052d5bc03e16c/library/std/src/panicking.rs:652:5
  17:     0x7262125d7ee3 - core::panicking::panic_fmt::hdcca81ebc39c328c
                               at /rustc/791adf759cc065316f054961875052d5bc03e16c/library/core/src/panicking.rs:72:14
  18:     0x7262125d7f8c - core::panicking::panic::h8d3a0232662f3da7
                               at /rustc/791adf759cc065316f054961875052d5bc03e16c/library/core/src/panicking.rs:146:5
  19:     0x7262125d7c69 - core::option::unwrap_failed::hbba3e233bce2f8a3
                               at /rustc/791adf759cc065316f054961875052d5bc03e16c/library/core/src/option.rs:1984:5
  20:     0x7262143483c1 - <rustc_hir_typeck[bdf578f4dc89aa3f]::method::confirm::ConfirmContext>::confirm
  21:     0x7262140b9d95 - <rustc_hir_typeck[bdf578f4dc89aa3f]::fn_ctxt::FnCtxt>::confirm_builtin_call
  22:     0x72621742cac8 - <rustc_hir_typeck[bdf578f4dc89aa3f]::fn_ctxt::FnCtxt>::check_expr_with_expectation_and_args
  23:     0x726217421a1a - <rustc_hir_typeck[bdf578f4dc89aa3f]::fn_ctxt::FnCtxt>::check_match::{closure#0}
  24:     0x72621742e187 - <rustc_hir_typeck[bdf578f4dc89aa3f]::fn_ctxt::FnCtxt>::check_expr_with_expectation_and_args
  25:     0x7262174282e8 - <rustc_hir_typeck[bdf578f4dc89aa3f]::fn_ctxt::FnCtxt>::check_block_with_expected
  26:     0x72621742d384 - <rustc_hir_typeck[bdf578f4dc89aa3f]::fn_ctxt::FnCtxt>::check_expr_with_expectation_and_args
  27:     0x726216ae960a - rustc_hir_typeck[bdf578f4dc89aa3f]::check::check_fn
  28:     0x726216adf264 - rustc_hir_typeck[bdf578f4dc89aa3f]::typeck
  29:     0x726216adecd1 - rustc_query_impl[668c5c6cc2b520ec]::plumbing::__rust_begin_short_backtrace::<rustc_query_impl[668c5c6cc2b520ec]::query_impl::typeck::dynamic_query::{closure#2}::{closure#0}, rustc_middle[7a67d4b673a6eeae]::query::erase::Erased<[u8; 8usize]>>
  30:     0x726216d29f0b - rustc_query_system[54ae58e2fa93e74e]::query::plumbing::try_execute_query::<rustc_query_impl[668c5c6cc2b520ec]::DynamicConfig<rustc_query_system[54ae58e2fa93e74e]::query::caches::VecCache<rustc_span[a18e5d750eb6523c]::def_id::LocalDefId, rustc_middle[7a67d4b673a6eeae]::query::erase::Erased<[u8; 8usize]>>, false, false, false>, rustc_query_impl[668c5c6cc2b520ec]::plumbing::QueryCtxt, true>
  31:     0x726216cf37c9 - rustc_query_impl[668c5c6cc2b520ec]::query_impl::typeck::get_query_incr::__rust_end_short_backtrace
  32:     0x726216d25f8b - <rustc_middle[7a67d4b673a6eeae]::hir::map::Map>::par_body_owners::<rustc_hir_analysis[65576074ff54c35]::check_crate::{closure#4}>::{closure#0}
  33:     0x726216d24c6a - rustc_hir_analysis[65576074ff54c35]::check_crate
  34:     0x726216d0471a - rustc_interface[2904b2b69ae47b39]::passes::analysis
  35:     0x726216d0425d - rustc_query_impl[668c5c6cc2b520ec]::plumbing::__rust_begin_short_backtrace::<rustc_query_impl[668c5c6cc2b520ec]::query_impl::analysis::dynamic_query::{closure#2}::{closure#0}, rustc_middle[7a67d4b673a6eeae]::query::erase::Erased<[u8; 1usize]>>
  36:     0x7262178832ca - rustc_query_system[54ae58e2fa93e74e]::query::plumbing::try_execute_query::<rustc_query_impl[668c5c6cc2b520ec]::DynamicConfig<rustc_query_system[54ae58e2fa93e74e]::query::caches::SingleCache<rustc_middle[7a67d4b673a6eeae]::query::erase::Erased<[u8; 1usize]>>, false, false, false>, rustc_query_impl[668c5c6cc2b520ec]::plumbing::QueryCtxt, true>
  37:     0x726217882edc - rustc_query_impl[668c5c6cc2b520ec]::query_impl::analysis::get_query_incr::__rust_end_short_backtrace
  38:     0x72621762fc4e - rustc_interface[2904b2b69ae47b39]::interface::run_compiler::<core[9fd301e929f99209]::result::Result<(), rustc_span[a18e5d750eb6523c]::ErrorGuaranteed>, rustc_driver_impl[6c8fa9fc11806161]::run_compiler::{closure#0}>::{closure#1}
  39:     0x72621761d6c9 - std[c7445a34834edf15]::sys_common::backtrace::__rust_begin_short_backtrace::<rustc_interface[2904b2b69ae47b39]::util::run_in_thread_with_globals<rustc_interface[2904b2b69ae47b39]::util::run_in_thread_pool_with_globals<rustc_interface[2904b2b69ae47b39]::interface::run_compiler<core[9fd301e929f99209]::result::Result<(), rustc_span[a18e5d750eb6523c]::ErrorGuaranteed>, rustc_driver_impl[6c8fa9fc11806161]::run_compiler::{closure#0}>::{closure#1}, core[9fd301e929f99209]::result::Result<(), rustc_span[a18e5d750eb6523c]::ErrorGuaranteed>>::{closure#0}, core[9fd301e929f99209]::result::Result<(), rustc_span[a18e5d750eb6523c]::ErrorGuaranteed>>::{closure#0}::{closure#0}, core[9fd301e929f99209]::result::Result<(), rustc_span[a18e5d750eb6523c]::ErrorGuaranteed>>
  40:     0x72621761d476 - <<std[c7445a34834edf15]::thread::Builder>::spawn_unchecked_<rustc_interface[2904b2b69ae47b39]::util::run_in_thread_with_globals<rustc_interface[2904b2b69ae47b39]::util::run_in_thread_pool_with_globals<rustc_interface[2904b2b69ae47b39]::interface::run_compiler<core[9fd301e929f99209]::result::Result<(), rustc_span[a18e5d750eb6523c]::ErrorGuaranteed>, rustc_driver_impl[6c8fa9fc11806161]::run_compiler::{closure#0}>::{closure#1}, core[9fd301e929f99209]::result::Result<(), rustc_span[a18e5d750eb6523c]::ErrorGuaranteed>>::{closure#0}, core[9fd301e929f99209]::result::Result<(), rustc_span[a18e5d750eb6523c]::ErrorGuaranteed>>::{closure#0}::{closure#0}, core[9fd301e929f99209]::result::Result<(), rustc_span[a18e5d750eb6523c]::ErrorGuaranteed>>::{closure#2} as core[9fd301e929f99209]::ops::function::FnOnce<()>>::call_once::{shim:vtable#0}
  41:     0x7262125994db - <alloc::boxed::Box<F,A> as core::ops::function::FnOnce<Args>>::call_once::hdc93c81c690fb93d
                               at /rustc/791adf759cc065316f054961875052d5bc03e16c/library/alloc/src/boxed.rs:2063:9
  42:     0x7262125994db - <alloc::boxed::Box<F,A> as core::ops::function::FnOnce<Args>>::call_once::hbe521e1555da8c9c
                               at /rustc/791adf759cc065316f054961875052d5bc03e16c/library/alloc/src/boxed.rs:2063:9
  43:     0x7262125994db - std::sys::pal::unix::thread::Thread::new::thread_start::h331d44351b6c321b
                               at /rustc/791adf759cc065316f054961875052d5bc03e16c/library/std/src/sys/pal/unix/thread.rs:108:17
  44:     0x726212294ac3 - start_thread
                               at ./nptl/pthread_create.c:442:8
  45:     0x7262123268c0 - __GI___clone3
                               at ./misc/../sysdeps/unix/sysv/linux/x86_64/clone3.S:81
  46:                0x0 - <unknown>

error: the compiler unexpectedly panicked. this is a bug.

note: we would appreciate a bug report: https://github.com/rust-lang/rust/issues/new?labels=C-bug%2C+I-ICE%2C+T-compiler&template=ice.md

note: please make sure that you have updated to the latest nightly

note: please attach the file at `/data/zhangtianrong/projects/rustc-cbl/run/125432/rustc-ice-2026-01-18T04_48_30-922646.txt` to your bug report

note: compiler flags: --crate-type bin -C embed-bitcode=no -C debuginfo=2 -C incremental=[REDACTED]

note: some of the compiler flags provided by cargo are hidden

query stack during panic:
#0 [typeck] type-checking `separate_arms`
#1 [analysis] running analysis passes on this crate
end of query stack
note: no errors encountered even though delayed bugs were created

note: those delayed bugs will now be shown as internal compiler errors

error: internal compiler error: stashing CallIntoMethod
  --> src/main.rs:11:24
   |
11 |         Some(right) => consume(right),
   |                        ^^^^^^^
   |
note: delayed at compiler/rustc_errors/src/lib.rs:778:32
         0: <rustc_errors::DiagCtxtInner>::emit_diagnostic
         1: <rustc_errors::DiagCtxt>::emit_diagnostic
         2: <rustc_span::ErrorGuaranteed as rustc_errors::diagnostic::EmissionGuarantee>::emit_producing_guarantee
         3: <rustc_errors::DiagCtxt>::stash_diagnostic
         4: <rustc_errors::diagnostic::Diag>::stash
         5: <rustc_resolve::Resolver>::resolve_crate::{closure#0}
         6: <rustc_resolve::Resolver>::resolve_crate
         7: rustc_interface::passes::resolver_for_lowering_raw
         8: rustc_query_impl::plumbing::__rust_begin_short_backtrace::<rustc_query_impl::query_impl::resolver_for_lowering_raw::dynamic_query::{closure#2}::{closure#0}, rustc_middle::query::erase::Erased<[u8; 16]>>
         9: <rustc_query_impl::query_impl::resolver_for_lowering_raw::dynamic_query::{closure#2} as core::ops::function::FnOnce<(rustc_middle::ty::context::TyCtxt, ())>>::call_once
        10: rustc_query_system::query::plumbing::try_execute_query::<rustc_query_impl::DynamicConfig<rustc_query_system::query::caches::SingleCache<rustc_middle::query::erase::Erased<[u8; 16]>>, false, false, false>, rustc_query_impl::plumbing::QueryCtxt, true>
        11: rustc_query_impl::query_impl::resolver_for_lowering_raw::get_query_incr::__rust_end_short_backtrace
        12: rustc_interface::interface::run_compiler::<core::result::Result<(), rustc_span::ErrorGuaranteed>, rustc_driver_impl::run_compiler::{closure#0}>::{closure#1}
        13: std::sys_common::backtrace::__rust_begin_short_backtrace::<rustc_interface::util::run_in_thread_with_globals<rustc_interface::util::run_in_thread_pool_with_globals<rustc_interface::interface::run_compiler<core::result::Result<(), rustc_span::ErrorGuaranteed>, rustc_driver_impl::run_compiler::{closure#0}>::{closure#1}, core::result::Result<(), rustc_span::ErrorGuaranteed>>::{closure#0}, core::result::Result<(), rustc_span::ErrorGuaranteed>>::{closure#0}::{closure#0}, core::result::Result<(), rustc_span::ErrorGuaranteed>>
        14: <<std::thread::Builder>::spawn_unchecked_<rustc_interface::util::run_in_thread_with_globals<rustc_interface::util::run_in_thread_pool_with_globals<rustc_interface::interface::run_compiler<core::result::Result<(), rustc_span::ErrorGuaranteed>, rustc_driver_impl::run_compiler::{closure#0}>::{closure#1}, core::result::Result<(), rustc_span::ErrorGuaranteed>>::{closure#0}, core::result::Result<(), rustc_span::ErrorGuaranteed>>::{closure#0}::{closure#0}, core::result::Result<(), rustc_span::ErrorGuaranteed>>::{closure#2} as core::ops::function::FnOnce<()>>::call_once::{shim:vtable#0}
        15: <alloc::boxed::Box<F,A> as core::ops::function::FnOnce<Args>>::call_once
                   at /rustc/791adf759cc065316f054961875052d5bc03e16c/library/alloc/src/boxed.rs:2063:9
        16: <alloc::boxed::Box<F,A> as core::ops::function::FnOnce<Args>>::call_once
                   at /rustc/791adf759cc065316f054961875052d5bc03e16c/library/alloc/src/boxed.rs:2063:9
        17: std::sys::pal::unix::thread::Thread::new::thread_start
                   at /rustc/791adf759cc065316f054961875052d5bc03e16c/library/std/src/sys/pal/unix/thread.rs:108:17
        18: start_thread
                   at ./nptl/pthread_create.c:442:8
        19: __GI___clone3
                   at ./misc/../sysdeps/unix/sysv/linux/x86_64/clone3.S:81
  --> src/main.rs:11:24
   |
11 |         Some(right) => consume(right),
   |                        ^^^^^^^

note: we would appreciate a bug report: https://github.com/rust-lang/rust/issues/new?labels=C-bug%2C+I-ICE%2C+T-compiler&template=ice.md

note: please make sure that you have updated to the latest nightly

note: please attach the file at `/data/zhangtianrong/projects/rustc-cbl/run/125432/rustc-ice-2026-01-18T04_48_30-922646.txt` to your bug report

note: compiler flags: --crate-type bin -C embed-bitcode=no -C debuginfo=2 -C incremental=[REDACTED]

note: some of the compiler flags provided by cargo are hidden

query stack during panic:
end of query stack
thread 'rustc' panicked at library/core/src/panicking.rs:227:5:
panic in a destructor during cleanup

error: the compiler unexpectedly panicked. this is a bug.

note: we would appreciate a bug report: https://github.com/rust-lang/rust/issues/new?labels=C-bug%2C+I-ICE%2C+T-compiler&template=ice.md

note: please make sure that you have updated to the latest nightly

note: please attach the file at `/data/zhangtianrong/projects/rustc-cbl/run/125432/rustc-ice-2026-01-18T04_48_30-922646.txt` to your bug report

note: compiler flags: --crate-type bin -C embed-bitcode=no -C debuginfo=2 -C incremental=[REDACTED]

note: some of the compiler flags provided by cargo are hidden

query stack during panic:
end of query stack
thread caused non-unwinding panic. aborting.
error: could not compile `bug_125432` (bin "bug_125432")

Caused by:
  process didn't exit successfully: `/data/zhangtianrong/.rustup/toolchains/nightly-2024-05-22-x86_64-unknown-linux-gnu/bin/rustc --crate-name bug_125432 --edition=2021 src/main.rs --error-format=json --json=diagnostic-rendered-ansi,artifacts,future-incompat --crate-type bin --emit=dep-info,link -C embed-bitcode=no -C debuginfo=2 --check-cfg 'cfg(docsrs)' --check-cfg 'cfg(feature, values())' -C metadata=1d9fa3597c8dd486 -C extra-filename=-1d9fa3597c8dd486 --out-dir /data/zhangtianrong/projects/rustc-cbl/run/125432/target/debug/deps -C incremental=/data/zhangtianrong/projects/rustc-cbl/run/125432/target/debug/incremental -L dependency=/data/zhangtianrong/projects/rustc-cbl/run/125432/target/debug/deps` (signal: 6, SIGABRT: process abort signal)
------------------------------------------------------------
Return code: 101
