=== START 2026-01-16 21:50:33 ===
Bug ID: 125512
Toolchain: nightly-2024-05-24
Source: /data/zhangtianrong/projects/rustc-cbl/rustcbugs/125512
Run dir: /data/zhangtianrong/projects/rustc-cbl/run/125512
CMD: rustup run nightly-2024-05-24 cargo build RUSTFLAGS=-Zunstable-options
------------------------------------------------------------
    Blocking waiting for file lock on package cache
    Blocking waiting for file lock on package cache
    Blocking waiting for file lock on package cache
   Compiling bug_125512 v0.1.0 (/data/zhangtianrong/projects/rustc-cbl/run/125512)
warning: trait `B` is never used
 --> src/main.rs:2:7
  |
2 | trait B {
  |       ^
  |
  = note: `#[warn(dead_code)]` on by default

warning: trait `A` is never used
 --> src/main.rs:5:7
  |
5 | trait A {
  |       ^

note: no errors encountered even though delayed bugs were created

note: those delayed bugs will now be shown as internal compiler errors

error: internal compiler error[E0391]: cycle detected when computing function signature of `B::f`
 --> src/main.rs:3:5
  |
3 |     fn f(a: A) -> A;
  |     ^^^^^^^^^^^^^^^^
  |
note: ...which requires checking if trait `A` is object safe...
 --> src/main.rs:5:1
  |
5 | trait A {
  | ^^^^^^^
note: ...which requires determining object safety of trait `A`...
 --> src/main.rs:5:1
  |
5 | trait A {
  | ^^^^^^^
note: ...which requires computing function signature of `A::concrete`...
 --> src/main.rs:6:5
  |
6 |     fn concrete(b: B) -> B;
  |     ^^^^^^^^^^^^^^^^^^^^^^^
note: ...which requires checking if trait `B` is object safe...
 --> src/main.rs:2:1
  |
2 | trait B {
  | ^^^^^^^
note: ...which requires determining object safety of trait `B`...
 --> src/main.rs:2:1
  |
2 | trait B {
  | ^^^^^^^
  = note: ...which again requires computing function signature of `B::f`, completing the cycle
note: cycle used when checking that `B` is well-formed
 --> src/main.rs:2:1
  |
2 | trait B {
  | ^^^^^^^
  = note: see https://rustc-dev-guide.rust-lang.org/overview.html#queries and https://rustc-dev-guide.rust-lang.org/query.html for more information
note: delayed at compiler/rustc_query_system/src/query/job.rs:597:16
         0: <rustc_errors::DiagCtxtInner>::emit_diagnostic
         1: <rustc_errors::DiagCtxt>::emit_diagnostic
         2: <rustc_span::ErrorGuaranteed as rustc_errors::diagnostic::EmissionGuarantee>::emit_producing_guarantee
         3: rustc_query_system::query::plumbing::mk_cycle::<rustc_query_impl::DynamicConfig<rustc_query_system::query::caches::DefIdCache<rustc_middle::query::erase::Erased<[u8; 24]>>, false, false, false>, rustc_query_impl::plumbing::QueryCtxt>
         4: rustc_query_system::query::plumbing::cycle_error::<rustc_query_impl::DynamicConfig<rustc_query_system::query::caches::DefIdCache<rustc_middle::query::erase::Erased<[u8; 24]>>, false, false, false>, rustc_query_impl::plumbing::QueryCtxt>
         5: rustc_query_impl::query_impl::fn_sig::get_query_incr::__rust_end_short_backtrace
         6: rustc_middle::query::plumbing::query_get_at::<rustc_query_system::query::caches::DefIdCache<rustc_middle::query::erase::Erased<[u8; 24]>>>
         7: rustc_trait_selection::traits::object_safety::virtual_call_violations_for_method
         8: rustc_trait_selection::traits::object_safety::object_safety_violations_for_assoc_item
         9: <core::iter::adapters::flatten::FlatMap<core::iter::adapters::map::Map<core::iter::adapters::map::Map<core::slice::iter::Iter<(rustc_span::symbol::Symbol, rustc_middle::ty::assoc::AssocItem)>, <rustc_data_structures::sorted_map::index_map::SortedIndexMultiMap<u32, rustc_span::symbol::Symbol, rustc_middle::ty::assoc::AssocItem>>::iter::{closure#0}>, <rustc_middle::ty::assoc::AssocItems>::in_definition_order::{closure#0}>, alloc::vec::Vec<rustc_middle::traits::ObjectSafetyViolation>, rustc_trait_selection::traits::object_safety::object_safety_violations_for_trait::{closure#0}> as core::iter::traits::iterator::Iterator>::next
        10: <core::iter::adapters::flatten::FlatMap<rustc_trait_selection::traits::util::SupertraitDefIds, alloc::vec::Vec<rustc_middle::traits::ObjectSafetyViolation>, rustc_trait_selection::traits::object_safety::object_safety_violations::{closure#0}> as core::iter::traits::iterator::Iterator>::next
        11: rustc_trait_selection::traits::object_safety::object_safety_violations
        12: rustc_query_impl::plumbing::__rust_begin_short_backtrace::<rustc_query_impl::query_impl::object_safety_violations::dynamic_query::{closure#2}::{closure#0}, rustc_middle::query::erase::Erased<[u8; 16]>>
        13: <rustc_query_impl::query_impl::object_safety_violations::dynamic_query::{closure#2} as core::ops::function::FnOnce<(rustc_middle::ty::context::TyCtxt, rustc_span::def_id::DefId)>>::call_once
        14: rustc_query_system::query::plumbing::try_execute_query::<rustc_query_impl::DynamicConfig<rustc_query_system::query::caches::DefIdCache<rustc_middle::query::erase::Erased<[u8; 16]>>, false, false, false>, rustc_query_impl::plumbing::QueryCtxt, true>
        15: rustc_query_impl::query_impl::object_safety_violations::get_query_incr::__rust_end_short_backtrace
        16: rustc_middle::query::plumbing::query_get_at::<rustc_query_system::query::caches::DefIdCache<rustc_middle::query::erase::Erased<[u8; 16]>>>
        17: rustc_trait_selection::traits::object_safety::check_is_object_safe
        18: rustc_query_impl::plumbing::__rust_begin_short_backtrace::<rustc_query_impl::query_impl::check_is_object_safe::dynamic_query::{closure#2}::{closure#0}, rustc_middle::query::erase::Erased<[u8; 1]>>
        19: rustc_query_system::query::plumbing::try_execute_query::<rustc_query_impl::DynamicConfig<rustc_query_system::query::caches::DefIdCache<rustc_middle::query::erase::Erased<[u8; 1]>>, false, false, false>, rustc_query_impl::plumbing::QueryCtxt, true>
        20: rustc_query_impl::query_impl::check_is_object_safe::get_query_incr::__rust_end_short_backtrace
        21: rustc_middle::query::plumbing::query_get_at::<rustc_query_system::query::caches::DefIdCache<rustc_middle::query::erase::Erased<[u8; 1]>>>
        22: <dyn rustc_hir_analysis::hir_ty_lowering::HirTyLowerer>::prohibit_or_lint_bare_trait_object_ty
        23: <dyn rustc_hir_analysis::hir_ty_lowering::HirTyLowerer>::lower_ty_common::{closure#0}
        24: <dyn rustc_hir_analysis::hir_ty_lowering::HirTyLowerer>::lower_fn_ty::{closure#0}
        25: rustc_hir_analysis::collect::fn_sig
        26: rustc_query_impl::plumbing::__rust_begin_short_backtrace::<rustc_query_impl::query_impl::fn_sig::dynamic_query::{closure#2}::{closure#0}, rustc_middle::query::erase::Erased<[u8; 24]>>
        27: <rustc_query_impl::query_impl::fn_sig::dynamic_query::{closure#2} as core::ops::function::FnOnce<(rustc_middle::ty::context::TyCtxt, rustc_span::def_id::DefId)>>::call_once
        28: rustc_query_system::query::plumbing::try_execute_query::<rustc_query_impl::DynamicConfig<rustc_query_system::query::caches::DefIdCache<rustc_middle::query::erase::Erased<[u8; 24]>>, false, false, false>, rustc_query_impl::plumbing::QueryCtxt, true>
        29: rustc_query_impl::query_impl::fn_sig::get_query_incr::__rust_end_short_backtrace
        30: rustc_middle::query::plumbing::query_get_at::<rustc_query_system::query::caches::DefIdCache<rustc_middle::query::erase::Erased<[u8; 24]>>>
        31: rustc_trait_selection::traits::object_safety::virtual_call_violations_for_method
        32: rustc_trait_selection::traits::object_safety::object_safety_violations_for_assoc_item
        33: <core::iter::adapters::flatten::FlatMap<core::iter::adapters::map::Map<core::iter::adapters::map::Map<core::slice::iter::Iter<(rustc_span::symbol::Symbol, rustc_middle::ty::assoc::AssocItem)>, <rustc_data_structures::sorted_map::index_map::SortedIndexMultiMap<u32, rustc_span::symbol::Symbol, rustc_middle::ty::assoc::AssocItem>>::iter::{closure#0}>, <rustc_middle::ty::assoc::AssocItems>::in_definition_order::{closure#0}>, alloc::vec::Vec<rustc_middle::traits::ObjectSafetyViolation>, rustc_trait_selection::traits::object_safety::object_safety_violations_for_trait::{closure#0}> as core::iter::traits::iterator::Iterator>::next
        34: <core::iter::adapters::flatten::FlatMap<rustc_trait_selection::traits::util::SupertraitDefIds, alloc::vec::Vec<rustc_middle::traits::ObjectSafetyViolation>, rustc_trait_selection::traits::object_safety::object_safety_violations::{closure#0}> as core::iter::traits::iterator::Iterator>::next
        35: rustc_trait_selection::traits::object_safety::object_safety_violations
        36: rustc_query_impl::plumbing::__rust_begin_short_backtrace::<rustc_query_impl::query_impl::object_safety_violations::dynamic_query::{closure#2}::{closure#0}, rustc_middle::query::erase::Erased<[u8; 16]>>
        37: <rustc_query_impl::query_impl::object_safety_violations::dynamic_query::{closure#2} as core::ops::function::FnOnce<(rustc_middle::ty::context::TyCtxt, rustc_span::def_id::DefId)>>::call_once
        38: rustc_query_system::query::plumbing::try_execute_query::<rustc_query_impl::DynamicConfig<rustc_query_system::query::caches::DefIdCache<rustc_middle::query::erase::Erased<[u8; 16]>>, false, false, false>, rustc_query_impl::plumbing::QueryCtxt, true>
        39: rustc_query_impl::query_impl::object_safety_violations::get_query_incr::__rust_end_short_backtrace
        40: rustc_middle::query::plumbing::query_get_at::<rustc_query_system::query::caches::DefIdCache<rustc_middle::query::erase::Erased<[u8; 16]>>>
        41: rustc_trait_selection::traits::object_safety::check_is_object_safe
        42: rustc_query_impl::plumbing::__rust_begin_short_backtrace::<rustc_query_impl::query_impl::check_is_object_safe::dynamic_query::{closure#2}::{closure#0}, rustc_middle::query::erase::Erased<[u8; 1]>>
        43: rustc_query_system::query::plumbing::try_execute_query::<rustc_query_impl::DynamicConfig<rustc_query_system::query::caches::DefIdCache<rustc_middle::query::erase::Erased<[u8; 1]>>, false, false, false>, rustc_query_impl::plumbing::QueryCtxt, true>
        44: rustc_query_impl::query_impl::check_is_object_safe::get_query_incr::__rust_end_short_backtrace
        45: rustc_middle::query::plumbing::query_get_at::<rustc_query_system::query::caches::DefIdCache<rustc_middle::query::erase::Erased<[u8; 1]>>>
        46: <dyn rustc_hir_analysis::hir_ty_lowering::HirTyLowerer>::prohibit_or_lint_bare_trait_object_ty
        47: <dyn rustc_hir_analysis::hir_ty_lowering::HirTyLowerer>::lower_ty_common::{closure#0}
        48: <dyn rustc_hir_analysis::hir_ty_lowering::HirTyLowerer>::lower_fn_ty::{closure#0}
        49: rustc_hir_analysis::collect::fn_sig
        50: rustc_query_impl::plumbing::__rust_begin_short_backtrace::<rustc_query_impl::query_impl::fn_sig::dynamic_query::{closure#2}::{closure#0}, rustc_middle::query::erase::Erased<[u8; 24]>>
        51: <rustc_query_impl::query_impl::fn_sig::dynamic_query::{closure#2} as core::ops::function::FnOnce<(rustc_middle::ty::context::TyCtxt, rustc_span::def_id::DefId)>>::call_once
        52: rustc_query_system::query::plumbing::try_execute_query::<rustc_query_impl::DynamicConfig<rustc_query_system::query::caches::DefIdCache<rustc_middle::query::erase::Erased<[u8; 24]>>, false, false, false>, rustc_query_impl::plumbing::QueryCtxt, true>
        53: rustc_query_impl::query_impl::fn_sig::get_query_incr::__rust_end_short_backtrace
        54: rustc_middle::query::plumbing::query_get_at::<rustc_query_system::query::caches::DefIdCache<rustc_middle::query::erase::Erased<[u8; 24]>>>
        55: rustc_hir_analysis::check::check::check_item_type
        56: rustc_hir_analysis::check::wfcheck::check_well_formed
        57: rustc_query_impl::plumbing::__rust_begin_short_backtrace::<rustc_query_impl::query_impl::check_well_formed::dynamic_query::{closure#2}::{closure#0}, rustc_middle::query::erase::Erased<[u8; 1]>>
        58: rustc_query_system::query::plumbing::try_execute_query::<rustc_query_impl::DynamicConfig<rustc_query_system::query::caches::VecCache<rustc_hir::hir_id::OwnerId, rustc_middle::query::erase::Erased<[u8; 1]>>, false, false, false>, rustc_query_impl::plumbing::QueryCtxt, true>
        59: rustc_query_impl::query_impl::check_well_formed::get_query_incr::__rust_end_short_backtrace
        60: rustc_hir_analysis::check::wfcheck::check_mod_type_wf
        61: rustc_query_impl::plumbing::__rust_begin_short_backtrace::<rustc_query_impl::query_impl::check_mod_type_wf::dynamic_query::{closure#2}::{closure#0}, rustc_middle::query::erase::Erased<[u8; 1]>>
        62: rustc_query_system::query::plumbing::try_execute_query::<rustc_query_impl::DynamicConfig<rustc_query_system::query::caches::DefaultCache<rustc_span::def_id::LocalModDefId, rustc_middle::query::erase::Erased<[u8; 1]>>, false, false, false>, rustc_query_impl::plumbing::QueryCtxt, true>
        63: rustc_query_impl::query_impl::check_mod_type_wf::get_query_incr::__rust_end_short_backtrace
        64: rustc_hir_analysis::check_crate
        65: rustc_interface::passes::analysis
        66: rustc_query_impl::plumbing::__rust_begin_short_backtrace::<rustc_query_impl::query_impl::analysis::dynamic_query::{closure#2}::{closure#0}, rustc_middle::query::erase::Erased<[u8; 1]>>
        67: rustc_query_system::query::plumbing::try_execute_query::<rustc_query_impl::DynamicConfig<rustc_query_system::query::caches::SingleCache<rustc_middle::query::erase::Erased<[u8; 1]>>, false, false, false>, rustc_query_impl::plumbing::QueryCtxt, true>
        68: rustc_query_impl::query_impl::analysis::get_query_incr::__rust_end_short_backtrace
        69: rustc_interface::interface::run_compiler::<core::result::Result<(), rustc_span::ErrorGuaranteed>, rustc_driver_impl::run_compiler::{closure#0}>::{closure#1}
        70: std::sys_common::backtrace::__rust_begin_short_backtrace::<rustc_interface::util::run_in_thread_with_globals<rustc_interface::util::run_in_thread_pool_with_globals<rustc_interface::interface::run_compiler<core::result::Result<(), rustc_span::ErrorGuaranteed>, rustc_driver_impl::run_compiler::{closure#0}>::{closure#1}, core::result::Result<(), rustc_span::ErrorGuaranteed>>::{closure#0}, core::result::Result<(), rustc_span::ErrorGuaranteed>>::{closure#0}::{closure#0}, core::result::Result<(), rustc_span::ErrorGuaranteed>>
        71: <<std::thread::Builder>::spawn_unchecked_<rustc_interface::util::run_in_thread_with_globals<rustc_interface::util::run_in_thread_pool_with_globals<rustc_interface::interface::run_compiler<core::result::Result<(), rustc_span::ErrorGuaranteed>, rustc_driver_impl::run_compiler::{closure#0}>::{closure#1}, core::result::Result<(), rustc_span::ErrorGuaranteed>>::{closure#0}, core::result::Result<(), rustc_span::ErrorGuaranteed>>::{closure#0}::{closure#0}, core::result::Result<(), rustc_span::ErrorGuaranteed>>::{closure#2} as core::ops::function::FnOnce<()>>::call_once::{shim:vtable#0}
        72: <alloc::boxed::Box<F,A> as core::ops::function::FnOnce<Args>>::call_once
                   at /rustc/8679004993f08807289911d9f400f4ac4391d2bc/library/alloc/src/boxed.rs:2063:9
        73: <alloc::boxed::Box<F,A> as core::ops::function::FnOnce<Args>>::call_once
                   at /rustc/8679004993f08807289911d9f400f4ac4391d2bc/library/alloc/src/boxed.rs:2063:9
        74: std::sys::pal::unix::thread::Thread::new::thread_start
                   at /rustc/8679004993f08807289911d9f400f4ac4391d2bc/library/std/src/sys/pal/unix/thread.rs:108:17
        75: start_thread
                   at ./nptl/pthread_create.c:442:8
        76: __GI___clone3
                   at ./misc/../sysdeps/unix/sysv/linux/x86_64/clone3.S:81
 --> src/main.rs:3:5
  |
3 |     fn f(a: A) -> A;
  |     ^^^^^^^^^^^^^^^^

error: internal compiler error[E0782]: trait objects must include the `dyn` keyword
 --> src/main.rs:6:20
  |
6 |     fn concrete(b: B) -> B;
  |                    ^
  |
  = note: `B` it is not object safe, so it can't be `dyn`
note: delayed at compiler/rustc_hir_analysis/src/hir_ty_lowering/lint.rs:63:17
         0: <rustc_errors::DiagCtxtInner>::emit_diagnostic
         1: <rustc_errors::DiagCtxt>::stash_diagnostic
         2: <rustc_errors::diagnostic::Diag>::stash
         3: <dyn rustc_hir_analysis::hir_ty_lowering::HirTyLowerer>::prohibit_or_lint_bare_trait_object_ty
         4: <dyn rustc_hir_analysis::hir_ty_lowering::HirTyLowerer>::lower_ty_common::{closure#0}
         5: <dyn rustc_hir_analysis::hir_ty_lowering::HirTyLowerer>::lower_fn_ty::{closure#0}
         6: rustc_hir_analysis::collect::fn_sig
         7: rustc_query_impl::plumbing::__rust_begin_short_backtrace::<rustc_query_impl::query_impl::fn_sig::dynamic_query::{closure#2}::{closure#0}, rustc_middle::query::erase::Erased<[u8; 24]>>
         8: <rustc_query_impl::query_impl::fn_sig::dynamic_query::{closure#2} as core::ops::function::FnOnce<(rustc_middle::ty::context::TyCtxt, rustc_span::def_id::DefId)>>::call_once
         9: rustc_query_system::query::plumbing::try_execute_query::<rustc_query_impl::DynamicConfig<rustc_query_system::query::caches::DefIdCache<rustc_middle::query::erase::Erased<[u8; 24]>>, false, false, false>, rustc_query_impl::plumbing::QueryCtxt, true>
        10: rustc_query_impl::query_impl::fn_sig::get_query_incr::__rust_end_short_backtrace
        11: rustc_middle::query::plumbing::query_get_at::<rustc_query_system::query::caches::DefIdCache<rustc_middle::query::erase::Erased<[u8; 24]>>>
        12: rustc_trait_selection::traits::object_safety::virtual_call_violations_for_method
        13: rustc_trait_selection::traits::object_safety::object_safety_violations_for_assoc_item
        14: <core::iter::adapters::flatten::FlatMap<core::iter::adapters::map::Map<core::iter::adapters::map::Map<core::slice::iter::Iter<(rustc_span::symbol::Symbol, rustc_middle::ty::assoc::AssocItem)>, <rustc_data_structures::sorted_map::index_map::SortedIndexMultiMap<u32, rustc_span::symbol::Symbol, rustc_middle::ty::assoc::AssocItem>>::iter::{closure#0}>, <rustc_middle::ty::assoc::AssocItems>::in_definition_order::{closure#0}>, alloc::vec::Vec<rustc_middle::traits::ObjectSafetyViolation>, rustc_trait_selection::traits::object_safety::object_safety_violations_for_trait::{closure#0}> as core::iter::traits::iterator::Iterator>::next
        15: <core::iter::adapters::flatten::FlatMap<rustc_trait_selection::traits::util::SupertraitDefIds, alloc::vec::Vec<rustc_middle::traits::ObjectSafetyViolation>, rustc_trait_selection::traits::object_safety::object_safety_violations::{closure#0}> as core::iter::traits::iterator::Iterator>::next
        16: rustc_trait_selection::traits::object_safety::object_safety_violations
        17: rustc_query_impl::plumbing::__rust_begin_short_backtrace::<rustc_query_impl::query_impl::object_safety_violations::dynamic_query::{closure#2}::{closure#0}, rustc_middle::query::erase::Erased<[u8; 16]>>
        18: <rustc_query_impl::query_impl::object_safety_violations::dynamic_query::{closure#2} as core::ops::function::FnOnce<(rustc_middle::ty::context::TyCtxt, rustc_span::def_id::DefId)>>::call_once
        19: rustc_query_system::query::plumbing::try_execute_query::<rustc_query_impl::DynamicConfig<rustc_query_system::query::caches::DefIdCache<rustc_middle::query::erase::Erased<[u8; 16]>>, false, false, false>, rustc_query_impl::plumbing::QueryCtxt, true>
        20: rustc_query_impl::query_impl::object_safety_violations::get_query_incr::__rust_end_short_backtrace
        21: rustc_middle::query::plumbing::query_get_at::<rustc_query_system::query::caches::DefIdCache<rustc_middle::query::erase::Erased<[u8; 16]>>>
        22: rustc_trait_selection::traits::object_safety::check_is_object_safe
        23: rustc_query_impl::plumbing::__rust_begin_short_backtrace::<rustc_query_impl::query_impl::check_is_object_safe::dynamic_query::{closure#2}::{closure#0}, rustc_middle::query::erase::Erased<[u8; 1]>>
        24: rustc_query_system::query::plumbing::try_execute_query::<rustc_query_impl::DynamicConfig<rustc_query_system::query::caches::DefIdCache<rustc_middle::query::erase::Erased<[u8; 1]>>, false, false, false>, rustc_query_impl::plumbing::QueryCtxt, true>
        25: rustc_query_impl::query_impl::check_is_object_safe::get_query_incr::__rust_end_short_backtrace
        26: rustc_middle::query::plumbing::query_get_at::<rustc_query_system::query::caches::DefIdCache<rustc_middle::query::erase::Erased<[u8; 1]>>>
        27: <dyn rustc_hir_analysis::hir_ty_lowering::HirTyLowerer>::prohibit_or_lint_bare_trait_object_ty
        28: <dyn rustc_hir_analysis::hir_ty_lowering::HirTyLowerer>::lower_ty_common::{closure#0}
        29: <dyn rustc_hir_analysis::hir_ty_lowering::HirTyLowerer>::lower_fn_ty::{closure#0}
        30: rustc_hir_analysis::collect::fn_sig
        31: rustc_query_impl::plumbing::__rust_begin_short_backtrace::<rustc_query_impl::query_impl::fn_sig::dynamic_query::{closure#2}::{closure#0}, rustc_middle::query::erase::Erased<[u8; 24]>>
        32: <rustc_query_impl::query_impl::fn_sig::dynamic_query::{closure#2} as core::ops::function::FnOnce<(rustc_middle::ty::context::TyCtxt, rustc_span::def_id::DefId)>>::call_once
        33: rustc_query_system::query::plumbing::try_execute_query::<rustc_query_impl::DynamicConfig<rustc_query_system::query::caches::DefIdCache<rustc_middle::query::erase::Erased<[u8; 24]>>, false, false, false>, rustc_query_impl::plumbing::QueryCtxt, true>
        34: rustc_query_impl::query_impl::fn_sig::get_query_incr::__rust_end_short_backtrace
        35: rustc_middle::query::plumbing::query_get_at::<rustc_query_system::query::caches::DefIdCache<rustc_middle::query::erase::Erased<[u8; 24]>>>
        36: rustc_hir_analysis::check::check::check_item_type
        37: rustc_hir_analysis::check::wfcheck::check_well_formed
        38: rustc_query_impl::plumbing::__rust_begin_short_backtrace::<rustc_query_impl::query_impl::check_well_formed::dynamic_query::{closure#2}::{closure#0}, rustc_middle::query::erase::Erased<[u8; 1]>>
        39: rustc_query_system::query::plumbing::try_execute_query::<rustc_query_impl::DynamicConfig<rustc_query_system::query::caches::VecCache<rustc_hir::hir_id::OwnerId, rustc_middle::query::erase::Erased<[u8; 1]>>, false, false, false>, rustc_query_impl::plumbing::QueryCtxt, true>
        40: rustc_query_impl::query_impl::check_well_formed::get_query_incr::__rust_end_short_backtrace
        41: rustc_hir_analysis::check::wfcheck::check_mod_type_wf
        42: rustc_query_impl::plumbing::__rust_begin_short_backtrace::<rustc_query_impl::query_impl::check_mod_type_wf::dynamic_query::{closure#2}::{closure#0}, rustc_middle::query::erase::Erased<[u8; 1]>>
        43: rustc_query_system::query::plumbing::try_execute_query::<rustc_query_impl::DynamicConfig<rustc_query_system::query::caches::DefaultCache<rustc_span::def_id::LocalModDefId, rustc_middle::query::erase::Erased<[u8; 1]>>, false, false, false>, rustc_query_impl::plumbing::QueryCtxt, true>
        44: rustc_query_impl::query_impl::check_mod_type_wf::get_query_incr::__rust_end_short_backtrace
        45: rustc_hir_analysis::check_crate
        46: rustc_interface::passes::analysis
        47: rustc_query_impl::plumbing::__rust_begin_short_backtrace::<rustc_query_impl::query_impl::analysis::dynamic_query::{closure#2}::{closure#0}, rustc_middle::query::erase::Erased<[u8; 1]>>
        48: rustc_query_system::query::plumbing::try_execute_query::<rustc_query_impl::DynamicConfig<rustc_query_system::query::caches::SingleCache<rustc_middle::query::erase::Erased<[u8; 1]>>, false, false, false>, rustc_query_impl::plumbing::QueryCtxt, true>
        49: rustc_query_impl::query_impl::analysis::get_query_incr::__rust_end_short_backtrace
        50: rustc_interface::interface::run_compiler::<core::result::Result<(), rustc_span::ErrorGuaranteed>, rustc_driver_impl::run_compiler::{closure#0}>::{closure#1}
        51: std::sys_common::backtrace::__rust_begin_short_backtrace::<rustc_interface::util::run_in_thread_with_globals<rustc_interface::util::run_in_thread_pool_with_globals<rustc_interface::interface::run_compiler<core::result::Result<(), rustc_span::ErrorGuaranteed>, rustc_driver_impl::run_compiler::{closure#0}>::{closure#1}, core::result::Result<(), rustc_span::ErrorGuaranteed>>::{closure#0}, core::result::Result<(), rustc_span::ErrorGuaranteed>>::{closure#0}::{closure#0}, core::result::Result<(), rustc_span::ErrorGuaranteed>>
        52: <<std::thread::Builder>::spawn_unchecked_<rustc_interface::util::run_in_thread_with_globals<rustc_interface::util::run_in_thread_pool_with_globals<rustc_interface::interface::run_compiler<core::result::Result<(), rustc_span::ErrorGuaranteed>, rustc_driver_impl::run_compiler::{closure#0}>::{closure#1}, core::result::Result<(), rustc_span::ErrorGuaranteed>>::{closure#0}, core::result::Result<(), rustc_span::ErrorGuaranteed>>::{closure#0}::{closure#0}, core::result::Result<(), rustc_span::ErrorGuaranteed>>::{closure#2} as core::ops::function::FnOnce<()>>::call_once::{shim:vtable#0}
        53: <alloc::boxed::Box<F,A> as core::ops::function::FnOnce<Args>>::call_once
                   at /rustc/8679004993f08807289911d9f400f4ac4391d2bc/library/alloc/src/boxed.rs:2063:9
        54: <alloc::boxed::Box<F,A> as core::ops::function::FnOnce<Args>>::call_once
                   at /rustc/8679004993f08807289911d9f400f4ac4391d2bc/library/alloc/src/boxed.rs:2063:9
        55: std::sys::pal::unix::thread::Thread::new::thread_start
                   at /rustc/8679004993f08807289911d9f400f4ac4391d2bc/library/std/src/sys/pal/unix/thread.rs:108:17
        56: start_thread
                   at ./nptl/pthread_create.c:442:8
        57: __GI___clone3
                   at ./misc/../sysdeps/unix/sysv/linux/x86_64/clone3.S:81
 --> src/main.rs:6:20
  |
6 |     fn concrete(b: B) -> B;
  |                    ^
help: use a new generic type parameter, constrained by `B`
  |
6 |     fn concrete<T: B>(b: T) -> B;
  |                ++++++    ~
help: you can also use an opaque type, but users won't be able to specify the type parameter when calling the `fn`, having to rely exclusively on type inference
  |
6 |     fn concrete(b: impl B) -> B;
  |                    ++++

error: internal compiler error[E0782]: trait objects must include the `dyn` keyword
 --> src/main.rs:6:26
  |
6 |     fn concrete(b: B) -> B;
  |                          ^
  |
note: delayed at compiler/rustc_hir_analysis/src/hir_ty_lowering/lint.rs:63:17
         0: <rustc_errors::DiagCtxtInner>::emit_diagnostic
         1: <rustc_errors::DiagCtxt>::stash_diagnostic
         2: <rustc_errors::diagnostic::Diag>::stash
         3: <dyn rustc_hir_analysis::hir_ty_lowering::HirTyLowerer>::prohibit_or_lint_bare_trait_object_ty
         4: <dyn rustc_hir_analysis::hir_ty_lowering::HirTyLowerer>::lower_ty_common::{closure#0}
         5: <dyn rustc_hir_analysis::hir_ty_lowering::HirTyLowerer>::lower_fn_ty::{closure#0}
         6: rustc_hir_analysis::collect::fn_sig
         7: rustc_query_impl::plumbing::__rust_begin_short_backtrace::<rustc_query_impl::query_impl::fn_sig::dynamic_query::{closure#2}::{closure#0}, rustc_middle::query::erase::Erased<[u8; 24]>>
         8: <rustc_query_impl::query_impl::fn_sig::dynamic_query::{closure#2} as core::ops::function::FnOnce<(rustc_middle::ty::context::TyCtxt, rustc_span::def_id::DefId)>>::call_once
         9: rustc_query_system::query::plumbing::try_execute_query::<rustc_query_impl::DynamicConfig<rustc_query_system::query::caches::DefIdCache<rustc_middle::query::erase::Erased<[u8; 24]>>, false, false, false>, rustc_query_impl::plumbing::QueryCtxt, true>
        10: rustc_query_impl::query_impl::fn_sig::get_query_incr::__rust_end_short_backtrace
        11: rustc_middle::query::plumbing::query_get_at::<rustc_query_system::query::caches::DefIdCache<rustc_middle::query::erase::Erased<[u8; 24]>>>
        12: rustc_trait_selection::traits::object_safety::virtual_call_violations_for_method
        13: rustc_trait_selection::traits::object_safety::object_safety_violations_for_assoc_item
        14: <core::iter::adapters::flatten::FlatMap<core::iter::adapters::map::Map<core::iter::adapters::map::Map<core::slice::iter::Iter<(rustc_span::symbol::Symbol, rustc_middle::ty::assoc::AssocItem)>, <rustc_data_structures::sorted_map::index_map::SortedIndexMultiMap<u32, rustc_span::symbol::Symbol, rustc_middle::ty::assoc::AssocItem>>::iter::{closure#0}>, <rustc_middle::ty::assoc::AssocItems>::in_definition_order::{closure#0}>, alloc::vec::Vec<rustc_middle::traits::ObjectSafetyViolation>, rustc_trait_selection::traits::object_safety::object_safety_violations_for_trait::{closure#0}> as core::iter::traits::iterator::Iterator>::next
        15: <core::iter::adapters::flatten::FlatMap<rustc_trait_selection::traits::util::SupertraitDefIds, alloc::vec::Vec<rustc_middle::traits::ObjectSafetyViolation>, rustc_trait_selection::traits::object_safety::object_safety_violations::{closure#0}> as core::iter::traits::iterator::Iterator>::next
        16: rustc_trait_selection::traits::object_safety::object_safety_violations
        17: rustc_query_impl::plumbing::__rust_begin_short_backtrace::<rustc_query_impl::query_impl::object_safety_violations::dynamic_query::{closure#2}::{closure#0}, rustc_middle::query::erase::Erased<[u8; 16]>>
        18: <rustc_query_impl::query_impl::object_safety_violations::dynamic_query::{closure#2} as core::ops::function::FnOnce<(rustc_middle::ty::context::TyCtxt, rustc_span::def_id::DefId)>>::call_once
        19: rustc_query_system::query::plumbing::try_execute_query::<rustc_query_impl::DynamicConfig<rustc_query_system::query::caches::DefIdCache<rustc_middle::query::erase::Erased<[u8; 16]>>, false, false, false>, rustc_query_impl::plumbing::QueryCtxt, true>
        20: rustc_query_impl::query_impl::object_safety_violations::get_query_incr::__rust_end_short_backtrace
        21: rustc_middle::query::plumbing::query_get_at::<rustc_query_system::query::caches::DefIdCache<rustc_middle::query::erase::Erased<[u8; 16]>>>
        22: rustc_trait_selection::traits::object_safety::check_is_object_safe
        23: rustc_query_impl::plumbing::__rust_begin_short_backtrace::<rustc_query_impl::query_impl::check_is_object_safe::dynamic_query::{closure#2}::{closure#0}, rustc_middle::query::erase::Erased<[u8; 1]>>
        24: rustc_query_system::query::plumbing::try_execute_query::<rustc_query_impl::DynamicConfig<rustc_query_system::query::caches::DefIdCache<rustc_middle::query::erase::Erased<[u8; 1]>>, false, false, false>, rustc_query_impl::plumbing::QueryCtxt, true>
        25: rustc_query_impl::query_impl::check_is_object_safe::get_query_incr::__rust_end_short_backtrace
        26: rustc_middle::query::plumbing::query_get_at::<rustc_query_system::query::caches::DefIdCache<rustc_middle::query::erase::Erased<[u8; 1]>>>
        27: <dyn rustc_hir_analysis::hir_ty_lowering::HirTyLowerer>::prohibit_or_lint_bare_trait_object_ty
        28: <dyn rustc_hir_analysis::hir_ty_lowering::HirTyLowerer>::lower_ty_common::{closure#0}
        29: <dyn rustc_hir_analysis::hir_ty_lowering::HirTyLowerer>::lower_fn_ty::{closure#0}
        30: rustc_hir_analysis::collect::fn_sig
        31: rustc_query_impl::plumbing::__rust_begin_short_backtrace::<rustc_query_impl::query_impl::fn_sig::dynamic_query::{closure#2}::{closure#0}, rustc_middle::query::erase::Erased<[u8; 24]>>
        32: <rustc_query_impl::query_impl::fn_sig::dynamic_query::{closure#2} as core::ops::function::FnOnce<(rustc_middle::ty::context::TyCtxt, rustc_span::def_id::DefId)>>::call_once
        33: rustc_query_system::query::plumbing::try_execute_query::<rustc_query_impl::DynamicConfig<rustc_query_system::query::caches::DefIdCache<rustc_middle::query::erase::Erased<[u8; 24]>>, false, false, false>, rustc_query_impl::plumbing::QueryCtxt, true>
        34: rustc_query_impl::query_impl::fn_sig::get_query_incr::__rust_end_short_backtrace
        35: rustc_middle::query::plumbing::query_get_at::<rustc_query_system::query::caches::DefIdCache<rustc_middle::query::erase::Erased<[u8; 24]>>>
        36: rustc_hir_analysis::check::check::check_item_type
        37: rustc_hir_analysis::check::wfcheck::check_well_formed
        38: rustc_query_impl::plumbing::__rust_begin_short_backtrace::<rustc_query_impl::query_impl::check_well_formed::dynamic_query::{closure#2}::{closure#0}, rustc_middle::query::erase::Erased<[u8; 1]>>
        39: rustc_query_system::query::plumbing::try_execute_query::<rustc_query_impl::DynamicConfig<rustc_query_system::query::caches::VecCache<rustc_hir::hir_id::OwnerId, rustc_middle::query::erase::Erased<[u8; 1]>>, false, false, false>, rustc_query_impl::plumbing::QueryCtxt, true>
        40: rustc_query_impl::query_impl::check_well_formed::get_query_incr::__rust_end_short_backtrace
        41: rustc_hir_analysis::check::wfcheck::check_mod_type_wf
        42: rustc_query_impl::plumbing::__rust_begin_short_backtrace::<rustc_query_impl::query_impl::check_mod_type_wf::dynamic_query::{closure#2}::{closure#0}, rustc_middle::query::erase::Erased<[u8; 1]>>
        43: rustc_query_system::query::plumbing::try_execute_query::<rustc_query_impl::DynamicConfig<rustc_query_system::query::caches::DefaultCache<rustc_span::def_id::LocalModDefId, rustc_middle::query::erase::Erased<[u8; 1]>>, false, false, false>, rustc_query_impl::plumbing::QueryCtxt, true>
        44: rustc_query_impl::query_impl::check_mod_type_wf::get_query_incr::__rust_end_short_backtrace
        45: rustc_hir_analysis::check_crate
        46: rustc_interface::passes::analysis
        47: rustc_query_impl::plumbing::__rust_begin_short_backtrace::<rustc_query_impl::query_impl::analysis::dynamic_query::{closure#2}::{closure#0}, rustc_middle::query::erase::Erased<[u8; 1]>>
        48: rustc_query_system::query::plumbing::try_execute_query::<rustc_query_impl::DynamicConfig<rustc_query_system::query::caches::SingleCache<rustc_middle::query::erase::Erased<[u8; 1]>>, false, false, false>, rustc_query_impl::plumbing::QueryCtxt, true>
        49: rustc_query_impl::query_impl::analysis::get_query_incr::__rust_end_short_backtrace
        50: rustc_interface::interface::run_compiler::<core::result::Result<(), rustc_span::ErrorGuaranteed>, rustc_driver_impl::run_compiler::{closure#0}>::{closure#1}
        51: std::sys_common::backtrace::__rust_begin_short_backtrace::<rustc_interface::util::run_in_thread_with_globals<rustc_interface::util::run_in_thread_pool_with_globals<rustc_interface::interface::run_compiler<core::result::Result<(), rustc_span::ErrorGuaranteed>, rustc_driver_impl::run_compiler::{closure#0}>::{closure#1}, core::result::Result<(), rustc_span::ErrorGuaranteed>>::{closure#0}, core::result::Result<(), rustc_span::ErrorGuaranteed>>::{closure#0}::{closure#0}, core::result::Result<(), rustc_span::ErrorGuaranteed>>
        52: <<std::thread::Builder>::spawn_unchecked_<rustc_interface::util::run_in_thread_with_globals<rustc_interface::util::run_in_thread_pool_with_globals<rustc_interface::interface::run_compiler<core::result::Result<(), rustc_span::ErrorGuaranteed>, rustc_driver_impl::run_compiler::{closure#0}>::{closure#1}, core::result::Result<(), rustc_span::ErrorGuaranteed>>::{closure#0}, core::result::Result<(), rustc_span::ErrorGuaranteed>>::{closure#0}::{closure#0}, core::result::Result<(), rustc_span::ErrorGuaranteed>>::{closure#2} as core::ops::function::FnOnce<()>>::call_once::{shim:vtable#0}
        53: <alloc::boxed::Box<F,A> as core::ops::function::FnOnce<Args>>::call_once
                   at /rustc/8679004993f08807289911d9f400f4ac4391d2bc/library/alloc/src/boxed.rs:2063:9
        54: <alloc::boxed::Box<F,A> as core::ops::function::FnOnce<Args>>::call_once
                   at /rustc/8679004993f08807289911d9f400f4ac4391d2bc/library/alloc/src/boxed.rs:2063:9
        55: std::sys::pal::unix::thread::Thread::new::thread_start
                   at /rustc/8679004993f08807289911d9f400f4ac4391d2bc/library/std/src/sys/pal/unix/thread.rs:108:17
        56: start_thread
                   at ./nptl/pthread_create.c:442:8
        57: __GI___clone3
                   at ./misc/../sysdeps/unix/sysv/linux/x86_64/clone3.S:81
 --> src/main.rs:6:26
  |
6 |     fn concrete(b: B) -> B;
  |                          ^
help: `B` is not object safe, use `impl B` to return an opaque type, as long as you return a single underlying type
  |
6 |     fn concrete(b: B) -> impl B;
  |                          ++++

error: internal compiler error[E0782]: trait objects must include the `dyn` keyword
 --> src/main.rs:3:13
  |
3 |     fn f(a: A) -> A;
  |             ^
  |
  = note: `A` it is not object safe, so it can't be `dyn`
note: delayed at compiler/rustc_hir_analysis/src/hir_ty_lowering/lint.rs:63:17
         0: <rustc_errors::DiagCtxtInner>::emit_diagnostic
         1: <rustc_errors::DiagCtxt>::stash_diagnostic
         2: <rustc_errors::diagnostic::Diag>::stash
         3: <dyn rustc_hir_analysis::hir_ty_lowering::HirTyLowerer>::prohibit_or_lint_bare_trait_object_ty
         4: <dyn rustc_hir_analysis::hir_ty_lowering::HirTyLowerer>::lower_ty_common::{closure#0}
         5: <dyn rustc_hir_analysis::hir_ty_lowering::HirTyLowerer>::lower_fn_ty::{closure#0}
         6: rustc_hir_analysis::collect::fn_sig
         7: rustc_query_impl::plumbing::__rust_begin_short_backtrace::<rustc_query_impl::query_impl::fn_sig::dynamic_query::{closure#2}::{closure#0}, rustc_middle::query::erase::Erased<[u8; 24]>>
         8: <rustc_query_impl::query_impl::fn_sig::dynamic_query::{closure#2} as core::ops::function::FnOnce<(rustc_middle::ty::context::TyCtxt, rustc_span::def_id::DefId)>>::call_once
         9: rustc_query_system::query::plumbing::try_execute_query::<rustc_query_impl::DynamicConfig<rustc_query_system::query::caches::DefIdCache<rustc_middle::query::erase::Erased<[u8; 24]>>, false, false, false>, rustc_query_impl::plumbing::QueryCtxt, true>
        10: rustc_query_impl::query_impl::fn_sig::get_query_incr::__rust_end_short_backtrace
        11: rustc_middle::query::plumbing::query_get_at::<rustc_query_system::query::caches::DefIdCache<rustc_middle::query::erase::Erased<[u8; 24]>>>
        12: rustc_hir_analysis::check::check::check_item_type
        13: rustc_hir_analysis::check::wfcheck::check_well_formed
        14: rustc_query_impl::plumbing::__rust_begin_short_backtrace::<rustc_query_impl::query_impl::check_well_formed::dynamic_query::{closure#2}::{closure#0}, rustc_middle::query::erase::Erased<[u8; 1]>>
        15: rustc_query_system::query::plumbing::try_execute_query::<rustc_query_impl::DynamicConfig<rustc_query_system::query::caches::VecCache<rustc_hir::hir_id::OwnerId, rustc_middle::query::erase::Erased<[u8; 1]>>, false, false, false>, rustc_query_impl::plumbing::QueryCtxt, true>
        16: rustc_query_impl::query_impl::check_well_formed::get_query_incr::__rust_end_short_backtrace
        17: rustc_hir_analysis::check::wfcheck::check_mod_type_wf
        18: rustc_query_impl::plumbing::__rust_begin_short_backtrace::<rustc_query_impl::query_impl::check_mod_type_wf::dynamic_query::{closure#2}::{closure#0}, rustc_middle::query::erase::Erased<[u8; 1]>>
        19: rustc_query_system::query::plumbing::try_execute_query::<rustc_query_impl::DynamicConfig<rustc_query_system::query::caches::DefaultCache<rustc_span::def_id::LocalModDefId, rustc_middle::query::erase::Erased<[u8; 1]>>, false, false, false>, rustc_query_impl::plumbing::QueryCtxt, true>
        20: rustc_query_impl::query_impl::check_mod_type_wf::get_query_incr::__rust_end_short_backtrace
        21: rustc_hir_analysis::check_crate
        22: rustc_interface::passes::analysis
        23: rustc_query_impl::plumbing::__rust_begin_short_backtrace::<rustc_query_impl::query_impl::analysis::dynamic_query::{closure#2}::{closure#0}, rustc_middle::query::erase::Erased<[u8; 1]>>
        24: rustc_query_system::query::plumbing::try_execute_query::<rustc_query_impl::DynamicConfig<rustc_query_system::query::caches::SingleCache<rustc_middle::query::erase::Erased<[u8; 1]>>, false, false, false>, rustc_query_impl::plumbing::QueryCtxt, true>
        25: rustc_query_impl::query_impl::analysis::get_query_incr::__rust_end_short_backtrace
        26: rustc_interface::interface::run_compiler::<core::result::Result<(), rustc_span::ErrorGuaranteed>, rustc_driver_impl::run_compiler::{closure#0}>::{closure#1}
        27: std::sys_common::backtrace::__rust_begin_short_backtrace::<rustc_interface::util::run_in_thread_with_globals<rustc_interface::util::run_in_thread_pool_with_globals<rustc_interface::interface::run_compiler<core::result::Result<(), rustc_span::ErrorGuaranteed>, rustc_driver_impl::run_compiler::{closure#0}>::{closure#1}, core::result::Result<(), rustc_span::ErrorGuaranteed>>::{closure#0}, core::result::Result<(), rustc_span::ErrorGuaranteed>>::{closure#0}::{closure#0}, core::result::Result<(), rustc_span::ErrorGuaranteed>>
        28: <<std::thread::Builder>::spawn_unchecked_<rustc_interface::util::run_in_thread_with_globals<rustc_interface::util::run_in_thread_pool_with_globals<rustc_interface::interface::run_compiler<core::result::Result<(), rustc_span::ErrorGuaranteed>, rustc_driver_impl::run_compiler::{closure#0}>::{closure#1}, core::result::Result<(), rustc_span::ErrorGuaranteed>>::{closure#0}, core::result::Result<(), rustc_span::ErrorGuaranteed>>::{closure#0}::{closure#0}, core::result::Result<(), rustc_span::ErrorGuaranteed>>::{closure#2} as core::ops::function::FnOnce<()>>::call_once::{shim:vtable#0}
        29: <alloc::boxed::Box<F,A> as core::ops::function::FnOnce<Args>>::call_once
                   at /rustc/8679004993f08807289911d9f400f4ac4391d2bc/library/alloc/src/boxed.rs:2063:9
        30: <alloc::boxed::Box<F,A> as core::ops::function::FnOnce<Args>>::call_once
                   at /rustc/8679004993f08807289911d9f400f4ac4391d2bc/library/alloc/src/boxed.rs:2063:9
        31: std::sys::pal::unix::thread::Thread::new::thread_start
                   at /rustc/8679004993f08807289911d9f400f4ac4391d2bc/library/std/src/sys/pal/unix/thread.rs:108:17
        32: start_thread
                   at ./nptl/pthread_create.c:442:8
        33: __GI___clone3
                   at ./misc/../sysdeps/unix/sysv/linux/x86_64/clone3.S:81
 --> src/main.rs:3:13
  |
3 |     fn f(a: A) -> A;
  |             ^
help: use a new generic type parameter, constrained by `A`
  |
3 |     fn f<T: A>(a: T) -> A;
  |         ++++++    ~
help: you can also use an opaque type, but users won't be able to specify the type parameter when calling the `fn`, having to rely exclusively on type inference
  |
3 |     fn f(a: impl A) -> A;
  |             ++++

error: internal compiler error[E0782]: trait objects must include the `dyn` keyword
 --> src/main.rs:3:19
  |
3 |     fn f(a: A) -> A;
  |                   ^
  |
note: delayed at compiler/rustc_hir_analysis/src/hir_ty_lowering/lint.rs:63:17
         0: <rustc_errors::DiagCtxtInner>::emit_diagnostic
         1: <rustc_errors::DiagCtxt>::stash_diagnostic
         2: <rustc_errors::diagnostic::Diag>::stash
         3: <dyn rustc_hir_analysis::hir_ty_lowering::HirTyLowerer>::prohibit_or_lint_bare_trait_object_ty
         4: <dyn rustc_hir_analysis::hir_ty_lowering::HirTyLowerer>::lower_ty_common::{closure#0}
         5: <dyn rustc_hir_analysis::hir_ty_lowering::HirTyLowerer>::lower_fn_ty::{closure#0}
         6: rustc_hir_analysis::collect::fn_sig
         7: rustc_query_impl::plumbing::__rust_begin_short_backtrace::<rustc_query_impl::query_impl::fn_sig::dynamic_query::{closure#2}::{closure#0}, rustc_middle::query::erase::Erased<[u8; 24]>>
         8: <rustc_query_impl::query_impl::fn_sig::dynamic_query::{closure#2} as core::ops::function::FnOnce<(rustc_middle::ty::context::TyCtxt, rustc_span::def_id::DefId)>>::call_once
         9: rustc_query_system::query::plumbing::try_execute_query::<rustc_query_impl::DynamicConfig<rustc_query_system::query::caches::DefIdCache<rustc_middle::query::erase::Erased<[u8; 24]>>, false, false, false>, rustc_query_impl::plumbing::QueryCtxt, true>
        10: rustc_query_impl::query_impl::fn_sig::get_query_incr::__rust_end_short_backtrace
        11: rustc_middle::query::plumbing::query_get_at::<rustc_query_system::query::caches::DefIdCache<rustc_middle::query::erase::Erased<[u8; 24]>>>
        12: rustc_hir_analysis::check::check::check_item_type
        13: rustc_hir_analysis::check::wfcheck::check_well_formed
        14: rustc_query_impl::plumbing::__rust_begin_short_backtrace::<rustc_query_impl::query_impl::check_well_formed::dynamic_query::{closure#2}::{closure#0}, rustc_middle::query::erase::Erased<[u8; 1]>>
        15: rustc_query_system::query::plumbing::try_execute_query::<rustc_query_impl::DynamicConfig<rustc_query_system::query::caches::VecCache<rustc_hir::hir_id::OwnerId, rustc_middle::query::erase::Erased<[u8; 1]>>, false, false, false>, rustc_query_impl::plumbing::QueryCtxt, true>
        16: rustc_query_impl::query_impl::check_well_formed::get_query_incr::__rust_end_short_backtrace
        17: rustc_hir_analysis::check::wfcheck::check_mod_type_wf
        18: rustc_query_impl::plumbing::__rust_begin_short_backtrace::<rustc_query_impl::query_impl::check_mod_type_wf::dynamic_query::{closure#2}::{closure#0}, rustc_middle::query::erase::Erased<[u8; 1]>>
        19: rustc_query_system::query::plumbing::try_execute_query::<rustc_query_impl::DynamicConfig<rustc_query_system::query::caches::DefaultCache<rustc_span::def_id::LocalModDefId, rustc_middle::query::erase::Erased<[u8; 1]>>, false, false, false>, rustc_query_impl::plumbing::QueryCtxt, true>
        20: rustc_query_impl::query_impl::check_mod_type_wf::get_query_incr::__rust_end_short_backtrace
        21: rustc_hir_analysis::check_crate
        22: rustc_interface::passes::analysis
        23: rustc_query_impl::plumbing::__rust_begin_short_backtrace::<rustc_query_impl::query_impl::analysis::dynamic_query::{closure#2}::{closure#0}, rustc_middle::query::erase::Erased<[u8; 1]>>
        24: rustc_query_system::query::plumbing::try_execute_query::<rustc_query_impl::DynamicConfig<rustc_query_system::query::caches::SingleCache<rustc_middle::query::erase::Erased<[u8; 1]>>, false, false, false>, rustc_query_impl::plumbing::QueryCtxt, true>
        25: rustc_query_impl::query_impl::analysis::get_query_incr::__rust_end_short_backtrace
        26: rustc_interface::interface::run_compiler::<core::result::Result<(), rustc_span::ErrorGuaranteed>, rustc_driver_impl::run_compiler::{closure#0}>::{closure#1}
        27: std::sys_common::backtrace::__rust_begin_short_backtrace::<rustc_interface::util::run_in_thread_with_globals<rustc_interface::util::run_in_thread_pool_with_globals<rustc_interface::interface::run_compiler<core::result::Result<(), rustc_span::ErrorGuaranteed>, rustc_driver_impl::run_compiler::{closure#0}>::{closure#1}, core::result::Result<(), rustc_span::ErrorGuaranteed>>::{closure#0}, core::result::Result<(), rustc_span::ErrorGuaranteed>>::{closure#0}::{closure#0}, core::result::Result<(), rustc_span::ErrorGuaranteed>>
        28: <<std::thread::Builder>::spawn_unchecked_<rustc_interface::util::run_in_thread_with_globals<rustc_interface::util::run_in_thread_pool_with_globals<rustc_interface::interface::run_compiler<core::result::Result<(), rustc_span::ErrorGuaranteed>, rustc_driver_impl::run_compiler::{closure#0}>::{closure#1}, core::result::Result<(), rustc_span::ErrorGuaranteed>>::{closure#0}, core::result::Result<(), rustc_span::ErrorGuaranteed>>::{closure#0}::{closure#0}, core::result::Result<(), rustc_span::ErrorGuaranteed>>::{closure#2} as core::ops::function::FnOnce<()>>::call_once::{shim:vtable#0}
        29: <alloc::boxed::Box<F,A> as core::ops::function::FnOnce<Args>>::call_once
                   at /rustc/8679004993f08807289911d9f400f4ac4391d2bc/library/alloc/src/boxed.rs:2063:9
        30: <alloc::boxed::Box<F,A> as core::ops::function::FnOnce<Args>>::call_once
                   at /rustc/8679004993f08807289911d9f400f4ac4391d2bc/library/alloc/src/boxed.rs:2063:9
        31: std::sys::pal::unix::thread::Thread::new::thread_start
                   at /rustc/8679004993f08807289911d9f400f4ac4391d2bc/library/std/src/sys/pal/unix/thread.rs:108:17
        32: start_thread
                   at ./nptl/pthread_create.c:442:8
        33: __GI___clone3
                   at ./misc/../sysdeps/unix/sysv/linux/x86_64/clone3.S:81
 --> src/main.rs:3:19
  |
3 |     fn f(a: A) -> A;
  |                   ^
help: `A` is not object safe, use `impl A` to return an opaque type, as long as you return a single underlying type
  |
3 |     fn f(a: A) -> impl A;
  |                   ++++

note: we would appreciate a bug report: https://github.com/rust-lang/rust/issues/new?labels=C-bug%2C+I-ICE%2C+T-compiler&template=ice.md

note: please make sure that you have updated to the latest nightly

note: please attach the file at `/data/zhangtianrong/projects/rustc-cbl/run/125512/rustc-ice-2026-01-16T13_52_03-1500393.txt` to your bug report

note: compiler flags: --crate-type bin -C embed-bitcode=no -C debuginfo=2 -C incremental=[REDACTED] -Z unstable-options

note: some of the compiler flags provided by cargo are hidden

query stack during panic:
end of query stack
warning: `bug_125512` (bin "bug_125512") generated 2 warnings
error: could not compile `bug_125512` (bin "bug_125512"); 2 warnings emitted
------------------------------------------------------------
Return code: 101
