=== START 2026-01-18 12:46:18 ===
Bug ID: 125655
Toolchain: nightly-2024-05-27
Source: /data/zhangtianrong/projects/rustc-cbl/rustcbugs/125655
Run dir: /data/zhangtianrong/projects/rustc-cbl/run/125655
CMD: rustup run nightly-2024-05-27 cargo build
------------------------------------------------------------
   Compiling bug_125655 v0.1.0 (/data/zhangtianrong/projects/rustc-cbl/run/125655)
error: unexpected token: `...`
 --> src/main.rs:6:9
  |
6 |         ...
  |         ^^^
  |
help: use `..` for an exclusive range
  |
6 |         ..
  |
help: or `..=` for an inclusive range
  |
6 |         ..=
  |

error[E0277]: `(dyn Fn() -> u32 + 'static)` cannot be shared between threads safely
 --> src/main.rs:2:17
  |
2 |     static foo: dyn Fn() -> u32 = || -> u32 {
  |                 ^^^^^^^^^^^^^^^ `(dyn Fn() -> u32 + 'static)` cannot be shared between threads safely
  |
  = help: the trait `Sync` is not implemented for `(dyn Fn() -> u32 + 'static)`
  = note: shared static variables must have a type that implements `Sync`

error[E0277]: the size for values of type `(dyn Fn() -> u32 + 'static)` cannot be known at compilation time
 --> src/main.rs:2:17
  |
2 |     static foo: dyn Fn() -> u32 = || -> u32 {
  |                 ^^^^^^^^^^^^^^^ doesn't have a size known at compile-time
  |
  = help: the trait `Sized` is not implemented for `(dyn Fn() -> u32 + 'static)`

error[E0277]: the size for values of type `(dyn Fn() -> u32 + 'static)` cannot be known at compilation time
 --> src/main.rs:2:35
  |
2 |       static foo: dyn Fn() -> u32 = || -> u32 {
  |  ___________________________________^
3 | |         //~^ ERROR the size for values of type
4 | |         //~| ERROR cannot be shared between threads safely
5 | |         //~| ERROR the size for values of type
6 | |         ...
7 | |         0
8 | |     };
  | |_____^ doesn't have a size known at compile-time
  |
  = help: the trait `Sized` is not implemented for `(dyn Fn() -> u32 + 'static)`
  = note: constant expressions must have a statically known size

error: internal compiler error: compiler/rustc_middle/src/ty/context.rs:2587:21: No bound vars found for HirId(DefId(0:4 ~ bug_125655[209a]::main::foo).0) (static foo)

thread 'rustc' panicked at compiler/rustc_middle/src/ty/context.rs:2587:21:
Box<dyn Any>
stack backtrace:
   0:     0x715cdc95a155 - std::backtrace_rs::backtrace::libunwind::trace::h987df5e44773aafe
                               at /rustc/bdbbb6c6a718d4d196131aa16bafb60e850311d9/library/std/src/../../backtrace/src/backtrace/libunwind.rs:105:5
   1:     0x715cdc95a155 - std::backtrace_rs::backtrace::trace_unsynchronized::hdbb6918bc8791ba4
                               at /rustc/bdbbb6c6a718d4d196131aa16bafb60e850311d9/library/std/src/../../backtrace/src/backtrace/mod.rs:66:5
   2:     0x715cdc95a155 - std::sys_common::backtrace::_print_fmt::h191b62db26c7e1af
                               at /rustc/bdbbb6c6a718d4d196131aa16bafb60e850311d9/library/std/src/sys_common/backtrace.rs:68:5
   3:     0x715cdc95a155 - <std::sys_common::backtrace::_print::DisplayBacktrace as core::fmt::Display>::fmt::h611323aa92eb8834
                               at /rustc/bdbbb6c6a718d4d196131aa16bafb60e850311d9/library/std/src/sys_common/backtrace.rs:44:22
   4:     0x715cdc9a935b - core::fmt::rt::Argument::fmt::h9762efe50cb92faa
                               at /rustc/bdbbb6c6a718d4d196131aa16bafb60e850311d9/library/core/src/fmt/rt.rs:165:63
   5:     0x715cdc9a935b - core::fmt::write::hf098dbbd19b38adf
                               at /rustc/bdbbb6c6a718d4d196131aa16bafb60e850311d9/library/core/src/fmt/mod.rs:1168:21
   6:     0x715cdc94ee2f - std::io::Write::write_fmt::h2d289afe2b99fbba
                               at /rustc/bdbbb6c6a718d4d196131aa16bafb60e850311d9/library/std/src/io/mod.rs:1835:15
   7:     0x715cdc959f2e - std::sys_common::backtrace::_print::ha33e648b19811abf
                               at /rustc/bdbbb6c6a718d4d196131aa16bafb60e850311d9/library/std/src/sys_common/backtrace.rs:47:5
   8:     0x715cdc959f2e - std::sys_common::backtrace::print::ha3313a7a50713f59
                               at /rustc/bdbbb6c6a718d4d196131aa16bafb60e850311d9/library/std/src/sys_common/backtrace.rs:34:9
   9:     0x715cdc95c959 - std::panicking::default_hook::{{closure}}::h5d889162db8f228d
  10:     0x715cdc95c6fa - std::panicking::default_hook::h19ecb0b1c82e9136
                               at /rustc/bdbbb6c6a718d4d196131aa16bafb60e850311d9/library/std/src/panicking.rs:298:9
  11:     0x715cd94fb9e0 - std[6232ea12d2bfcd9b]::panicking::update_hook::<alloc[1b4638791ca5823]::boxed::Box<rustc_driver_impl[29241b62cc382467]::install_ice_hook::{closure#0}>>::{closure#0}
  12:     0x715cdc95d08b - <alloc::boxed::Box<F,A> as core::ops::function::Fn<Args>>::call::h8256b2e4c3ef5395
                               at /rustc/bdbbb6c6a718d4d196131aa16bafb60e850311d9/library/alloc/src/boxed.rs:2077:9
  13:     0x715cdc95d08b - std::panicking::rust_panic_with_hook::h3b4bdb94a4a81709
                               at /rustc/bdbbb6c6a718d4d196131aa16bafb60e850311d9/library/std/src/panicking.rs:799:13
  14:     0x715cd952c194 - std[6232ea12d2bfcd9b]::panicking::begin_panic::<rustc_errors[9310eee4128e03f0]::ExplicitBug>::{closure#0}
  15:     0x715cd9528f46 - std[6232ea12d2bfcd9b]::sys_common::backtrace::__rust_end_short_backtrace::<std[6232ea12d2bfcd9b]::panicking::begin_panic<rustc_errors[9310eee4128e03f0]::ExplicitBug>::{closure#0}, !>
  16:     0x715cd9528c26 - std[6232ea12d2bfcd9b]::panicking::begin_panic::<rustc_errors[9310eee4128e03f0]::ExplicitBug>
  17:     0x715cd9535731 - <rustc_errors[9310eee4128e03f0]::diagnostic::BugAbort as rustc_errors[9310eee4128e03f0]::diagnostic::EmissionGuarantee>::emit_producing_guarantee
  18:     0x715cd9a047fc - rustc_middle[7a7fe50e9eaddf1c]::util::bug::opt_span_bug_fmt::<rustc_span[1178d78475e05ce8]::span_encoding::Span>::{closure#0}
  19:     0x715cd99e8aba - rustc_middle[7a7fe50e9eaddf1c]::ty::context::tls::with_opt::<rustc_middle[7a7fe50e9eaddf1c]::util::bug::opt_span_bug_fmt<rustc_span[1178d78475e05ce8]::span_encoding::Span>::{closure#0}, !>::{closure#0}
  20:     0x715cd99e895b - rustc_middle[7a7fe50e9eaddf1c]::ty::context::tls::with_context_opt::<rustc_middle[7a7fe50e9eaddf1c]::ty::context::tls::with_opt<rustc_middle[7a7fe50e9eaddf1c]::util::bug::opt_span_bug_fmt<rustc_span[1178d78475e05ce8]::span_encoding::Span>::{closure#0}, !>::{closure#0}, !>
  21:     0x715cd7d89450 - rustc_middle[7a7fe50e9eaddf1c]::util::bug::bug_fmt
  22:     0x715cdaf9f58b - <rustc_middle[7a7fe50e9eaddf1c]::ty::context::TyCtxt>::late_bound_vars
  23:     0x715cd97585cc - <rustc_hir_typeck[15ed48f1b6abaa11]::fn_ctxt::FnCtxt>::suggest_missing_return_type
  24:     0x715cd9712870 - <rustc_hir_typeck[15ed48f1b6abaa11]::fn_ctxt::FnCtxt>::suggest_mismatched_types_on_tail
  25:     0x715cd96f1ac8 - <rustc_hir_typeck[15ed48f1b6abaa11]::coercion::CoerceMany<rustc_hir[212fe222882935ec]::hir::Expr>>::report_return_mismatched_types
  26:     0x715cdb31e464 - <rustc_hir_typeck[15ed48f1b6abaa11]::fn_ctxt::FnCtxt>::check_block_with_expected
  27:     0x715cdb321a8e - <rustc_hir_typeck[15ed48f1b6abaa11]::fn_ctxt::FnCtxt>::check_expr_with_expectation_and_args
  28:     0x715cda8c7c34 - rustc_hir_typeck[15ed48f1b6abaa11]::check::check_fn
  29:     0x715cdb239bbd - <rustc_hir_typeck[15ed48f1b6abaa11]::fn_ctxt::FnCtxt>::check_expr_closure
  30:     0x715cdb325532 - <rustc_hir_typeck[15ed48f1b6abaa11]::fn_ctxt::FnCtxt>::check_expr_with_expectation_and_args
  31:     0x715cda8bf8aa - rustc_hir_typeck[15ed48f1b6abaa11]::typeck
  32:     0x715cda8bdad1 - rustc_query_impl[6a562f3b678bbc1a]::plumbing::__rust_begin_short_backtrace::<rustc_query_impl[6a562f3b678bbc1a]::query_impl::typeck::dynamic_query::{closure#2}::{closure#0}, rustc_middle[7a7fe50e9eaddf1c]::query::erase::Erased<[u8; 8usize]>>
  33:     0x715cdab9d005 - rustc_query_system[b51206b90cfdba34]::query::plumbing::try_execute_query::<rustc_query_impl[6a562f3b678bbc1a]::DynamicConfig<rustc_query_system[b51206b90cfdba34]::query::caches::VecCache<rustc_span[1178d78475e05ce8]::def_id::LocalDefId, rustc_middle[7a7fe50e9eaddf1c]::query::erase::Erased<[u8; 8usize]>>, false, false, false>, rustc_query_impl[6a562f3b678bbc1a]::plumbing::QueryCtxt, true>
  34:     0x715cdac76a14 - rustc_query_impl[6a562f3b678bbc1a]::query_impl::typeck::get_query_incr::__rust_end_short_backtrace
  35:     0x715cdb74daaf - rustc_hir_analysis[17d34c478ccf8557]::check::check::check_item_type
  36:     0x715cdadfb640 - rustc_hir_analysis[17d34c478ccf8557]::check::wfcheck::check_well_formed
  37:     0x715cdadfa107 - rustc_query_impl[6a562f3b678bbc1a]::plumbing::__rust_begin_short_backtrace::<rustc_query_impl[6a562f3b678bbc1a]::query_impl::check_well_formed::dynamic_query::{closure#2}::{closure#0}, rustc_middle[7a7fe50e9eaddf1c]::query::erase::Erased<[u8; 1usize]>>
  38:     0x715cdac7240b - rustc_query_system[b51206b90cfdba34]::query::plumbing::try_execute_query::<rustc_query_impl[6a562f3b678bbc1a]::DynamicConfig<rustc_query_system[b51206b90cfdba34]::query::caches::VecCache<rustc_hir[212fe222882935ec]::hir_id::OwnerId, rustc_middle[7a7fe50e9eaddf1c]::query::erase::Erased<[u8; 1usize]>>, false, false, false>, rustc_query_impl[6a562f3b678bbc1a]::plumbing::QueryCtxt, true>
  39:     0x715cdac71f07 - rustc_query_impl[6a562f3b678bbc1a]::query_impl::check_well_formed::get_query_incr::__rust_end_short_backtrace
  40:     0x715cdadf74f7 - rustc_hir_analysis[17d34c478ccf8557]::check::wfcheck::check_mod_type_wf
  41:     0x715cdadf7321 - rustc_query_impl[6a562f3b678bbc1a]::plumbing::__rust_begin_short_backtrace::<rustc_query_impl[6a562f3b678bbc1a]::query_impl::check_mod_type_wf::dynamic_query::{closure#2}::{closure#0}, rustc_middle[7a7fe50e9eaddf1c]::query::erase::Erased<[u8; 1usize]>>
  42:     0x715cdb221b02 - rustc_query_system[b51206b90cfdba34]::query::plumbing::try_execute_query::<rustc_query_impl[6a562f3b678bbc1a]::DynamicConfig<rustc_query_system[b51206b90cfdba34]::query::caches::DefaultCache<rustc_span[1178d78475e05ce8]::def_id::LocalModDefId, rustc_middle[7a7fe50e9eaddf1c]::query::erase::Erased<[u8; 1usize]>>, false, false, false>, rustc_query_impl[6a562f3b678bbc1a]::plumbing::QueryCtxt, true>
  43:     0x715cdb222770 - rustc_query_impl[6a562f3b678bbc1a]::query_impl::check_mod_type_wf::get_query_incr::__rust_end_short_backtrace
  44:     0x715cdab9740c - rustc_hir_analysis[17d34c478ccf8557]::check_crate
  45:     0x715cdab77bbe - rustc_interface[69523ac5def81162]::passes::analysis
  46:     0x715cdab77715 - rustc_query_impl[6a562f3b678bbc1a]::plumbing::__rust_begin_short_backtrace::<rustc_query_impl[6a562f3b678bbc1a]::query_impl::analysis::dynamic_query::{closure#2}::{closure#0}, rustc_middle[7a7fe50e9eaddf1c]::query::erase::Erased<[u8; 1usize]>>
  47:     0x715cdb63ce0e - rustc_query_system[b51206b90cfdba34]::query::plumbing::try_execute_query::<rustc_query_impl[6a562f3b678bbc1a]::DynamicConfig<rustc_query_system[b51206b90cfdba34]::query::caches::SingleCache<rustc_middle[7a7fe50e9eaddf1c]::query::erase::Erased<[u8; 1usize]>>, false, false, false>, rustc_query_impl[6a562f3b678bbc1a]::plumbing::QueryCtxt, true>
  48:     0x715cdb63ca3a - rustc_query_impl[6a562f3b678bbc1a]::query_impl::analysis::get_query_incr::__rust_end_short_backtrace
  49:     0x715cdb3e304e - rustc_interface[69523ac5def81162]::interface::run_compiler::<core[e1dc4ef76536528]::result::Result<(), rustc_span[1178d78475e05ce8]::ErrorGuaranteed>, rustc_driver_impl[29241b62cc382467]::run_compiler::{closure#0}>::{closure#1}
  50:     0x715cdb3cca89 - std[6232ea12d2bfcd9b]::sys_common::backtrace::__rust_begin_short_backtrace::<rustc_interface[69523ac5def81162]::util::run_in_thread_with_globals<rustc_interface[69523ac5def81162]::util::run_in_thread_pool_with_globals<rustc_interface[69523ac5def81162]::interface::run_compiler<core[e1dc4ef76536528]::result::Result<(), rustc_span[1178d78475e05ce8]::ErrorGuaranteed>, rustc_driver_impl[29241b62cc382467]::run_compiler::{closure#0}>::{closure#1}, core[e1dc4ef76536528]::result::Result<(), rustc_span[1178d78475e05ce8]::ErrorGuaranteed>>::{closure#0}, core[e1dc4ef76536528]::result::Result<(), rustc_span[1178d78475e05ce8]::ErrorGuaranteed>>::{closure#0}::{closure#0}, core[e1dc4ef76536528]::result::Result<(), rustc_span[1178d78475e05ce8]::ErrorGuaranteed>>
  51:     0x715cdb3cc848 - <<std[6232ea12d2bfcd9b]::thread::Builder>::spawn_unchecked_<rustc_interface[69523ac5def81162]::util::run_in_thread_with_globals<rustc_interface[69523ac5def81162]::util::run_in_thread_pool_with_globals<rustc_interface[69523ac5def81162]::interface::run_compiler<core[e1dc4ef76536528]::result::Result<(), rustc_span[1178d78475e05ce8]::ErrorGuaranteed>, rustc_driver_impl[29241b62cc382467]::run_compiler::{closure#0}>::{closure#1}, core[e1dc4ef76536528]::result::Result<(), rustc_span[1178d78475e05ce8]::ErrorGuaranteed>>::{closure#0}, core[e1dc4ef76536528]::result::Result<(), rustc_span[1178d78475e05ce8]::ErrorGuaranteed>>::{closure#0}::{closure#0}, core[e1dc4ef76536528]::result::Result<(), rustc_span[1178d78475e05ce8]::ErrorGuaranteed>>::{closure#2} as core[e1dc4ef76536528]::ops::function::FnOnce<()>>::call_once::{shim:vtable#0}
  52:     0x715cdc966eeb - <alloc::boxed::Box<F,A> as core::ops::function::FnOnce<Args>>::call_once::h49f3413245cb330c
                               at /rustc/bdbbb6c6a718d4d196131aa16bafb60e850311d9/library/alloc/src/boxed.rs:2063:9
  53:     0x715cdc966eeb - <alloc::boxed::Box<F,A> as core::ops::function::FnOnce<Args>>::call_once::h584b65f9f9107480
                               at /rustc/bdbbb6c6a718d4d196131aa16bafb60e850311d9/library/alloc/src/boxed.rs:2063:9
  54:     0x715cdc966eeb - std::sys::pal::unix::thread::Thread::new::thread_start::he327f3d51af1cb92
                               at /rustc/bdbbb6c6a718d4d196131aa16bafb60e850311d9/library/std/src/sys/pal/unix/thread.rs:108:17
  55:     0x715cd6094ac3 - start_thread
                               at ./nptl/pthread_create.c:442:8
  56:     0x715cd61268c0 - __GI___clone3
                               at ./misc/../sysdeps/unix/sysv/linux/x86_64/clone3.S:81
  57:                0x0 - <unknown>

note: we would appreciate a bug report: https://github.com/rust-lang/rust/issues/new?labels=C-bug%2C+I-ICE%2C+T-compiler&template=ice.md

note: please make sure that you have updated to the latest nightly

note: please attach the file at `/data/zhangtianrong/projects/rustc-cbl/run/125655/rustc-ice-2026-01-18T04_46_18-809986.txt` to your bug report

note: compiler flags: --crate-type bin -C embed-bitcode=no -C debuginfo=2 -C incremental=[REDACTED]

note: some of the compiler flags provided by cargo are hidden

query stack during panic:
#0 [typeck] type-checking `main::foo`
#1 [check_well_formed] checking that `main::foo` is well-formed
#2 [check_mod_type_wf] checking that types are well-formed in top-level module
#3 [analysis] running analysis passes on this crate
end of query stack
For more information about this error, try `rustc --explain E0277`.
error: could not compile `bug_125655` (bin "bug_125655") due to 4 previous errors
------------------------------------------------------------
Return code: 101
