=== START 2026-01-18 12:44:02 ===
Bug ID: 125767
Toolchain: nightly-2024-05-30
Source: /data/zhangtianrong/projects/rustc-cbl/rustcbugs/125767
Run dir: /data/zhangtianrong/projects/rustc-cbl/run/125767
CMD: rustup run nightly-2024-05-30 cargo build
------------------------------------------------------------
   Compiling bug_125767 v0.1.0 (/data/zhangtianrong/projects/rustc-cbl/run/125767)
error[E0658]: use of unstable library feature 'unsize'
 --> src/main.rs:1:5
  |
1 | use std::marker::Unsize;
  |     ^^^^^^^^^^^^^^^^^^^
  |
  = note: see issue #18598 <https://github.com/rust-lang/rust/issues/18598> for more information
  = help: add `#![feature(unsize)]` to the crate attributes to enable
  = note: this compiler was built on 2024-05-29; consider upgrading it if it is out of date

error[E0658]: use of unstable library feature 'coerce_unsized'
 --> src/main.rs:2:5
  |
2 | use std::ops::CoerceUnsized;
  |     ^^^^^^^^^^^^^^^^^^^^^^^
  |
  = note: see issue #18598 <https://github.com/rust-lang/rust/issues/18598> for more information
  = help: add `#![feature(coerce_unsized)]` to the crate attributes to enable
  = note: this compiler was built on 2024-05-29; consider upgrading it if it is out of date

error[E0658]: use of unstable library feature 'unsize'
 --> src/main.rs:6:52
  |
6 | impl<T> CoerceUnsized<T> for Foo<Baz> where Sized: Unsize<dyn Baz> {}
  |                                                    ^^^^^^^^^^^^^^^
  |
  = note: see issue #18598 <https://github.com/rust-lang/rust/issues/18598> for more information
  = help: add `#![feature(unsize)]` to the crate attributes to enable
  = note: this compiler was built on 2024-05-29; consider upgrading it if it is out of date

error[E0658]: use of unstable library feature 'coerce_unsized'
 --> src/main.rs:6:9
  |
6 | impl<T> CoerceUnsized<T> for Foo<Baz> where Sized: Unsize<dyn Baz> {}
  |         ^^^^^^^^^^^^^^^^
  |
  = note: see issue #18598 <https://github.com/rust-lang/rust/issues/18598> for more information
  = help: add `#![feature(coerce_unsized)]` to the crate attributes to enable
  = note: this compiler was built on 2024-05-29; consider upgrading it if it is out of date

error[E0658]: use of unstable library feature 'coerce_unsized'
  --> src/main.rs:10:9
   |
10 | impl<T> CoerceUnsized<Foo<dyn Baz>> for Foo<T> {}
   |         ^^^^^^^^^^^^^^^^^^^^^^^^^^^
   |
   = note: see issue #18598 <https://github.com/rust-lang/rust/issues/18598> for more information
   = help: add `#![feature(coerce_unsized)]` to the crate attributes to enable
   = note: this compiler was built on 2024-05-29; consider upgrading it if it is out of date

error[E0392]: type parameter `T` is never used
 --> src/main.rs:4:12
  |
4 | struct Foo<T: ?Sized>();
  |            ^ unused type parameter
  |
  = help: consider removing `T`, referring to it in a field, or using a marker such as `PhantomData`

thread 'rustc' panicked at compiler/rustc_trait_selection/src/traits/query/evaluate_obligation.rs:90:13:
assertion failed: !self.intercrate
stack backtrace:
   0:     0x7886cbd8acc5 - std::backtrace_rs::backtrace::libunwind::trace::h90edf881e325b8a6
                               at /rustc/debd22da66cfa97c74040ebf68e420672ac8560e/library/std/src/../../backtrace/src/backtrace/libunwind.rs:116:5
   1:     0x7886cbd8acc5 - std::backtrace_rs::backtrace::trace_unsynchronized::h972463bd0b70bd87
                               at /rustc/debd22da66cfa97c74040ebf68e420672ac8560e/library/std/src/../../backtrace/src/backtrace/mod.rs:66:5
   2:     0x7886cbd8acc5 - std::sys_common::backtrace::_print_fmt::h46705bdee498ca0d
                               at /rustc/debd22da66cfa97c74040ebf68e420672ac8560e/library/std/src/sys_common/backtrace.rs:68:5
   3:     0x7886cbd8acc5 - <std::sys_common::backtrace::_print::DisplayBacktrace as core::fmt::Display>::fmt::h620f88c17b44da35
                               at /rustc/debd22da66cfa97c74040ebf68e420672ac8560e/library/std/src/sys_common/backtrace.rs:44:22
   4:     0x7886cbddb6bb - core::fmt::rt::Argument::fmt::hcb2fec40c12f7736
                               at /rustc/debd22da66cfa97c74040ebf68e420672ac8560e/library/core/src/fmt/rt.rs:165:63
   5:     0x7886cbddb6bb - core::fmt::write::hf90379f83c9a4824
                               at /rustc/debd22da66cfa97c74040ebf68e420672ac8560e/library/core/src/fmt/mod.rs:1168:21
   6:     0x7886cbd7fa4f - std::io::Write::write_fmt::ha376379950b68d75
                               at /rustc/debd22da66cfa97c74040ebf68e420672ac8560e/library/std/src/io/mod.rs:1835:15
   7:     0x7886cbd8aa9e - std::sys_common::backtrace::_print::hecee7abe93db9030
                               at /rustc/debd22da66cfa97c74040ebf68e420672ac8560e/library/std/src/sys_common/backtrace.rs:47:5
   8:     0x7886cbd8aa9e - std::sys_common::backtrace::print::hd29c93394195b1b6
                               at /rustc/debd22da66cfa97c74040ebf68e420672ac8560e/library/std/src/sys_common/backtrace.rs:34:9
   9:     0x7886cbd8d4d9 - std::panicking::default_hook::{{closure}}::h9dcf27ae7f4baf54
  10:     0x7886cbd8d27a - std::panicking::default_hook::had56c0cee9c499eb
                               at /rustc/debd22da66cfa97c74040ebf68e420672ac8560e/library/std/src/panicking.rs:298:9
  11:     0x7886cef4368f - std[9d83bd0e50f0e1cd]::panicking::update_hook::<alloc[c6e8cd8d3db589af]::boxed::Box<rustc_driver_impl[c903d310d0b65222]::install_ice_hook::{closure#0}>>::{closure#0}
  12:     0x7886cbd8dc0b - <alloc::boxed::Box<F,A> as core::ops::function::Fn<Args>>::call::hc73dfd93ee0f7266
                               at /rustc/debd22da66cfa97c74040ebf68e420672ac8560e/library/alloc/src/boxed.rs:2077:9
  13:     0x7886cbd8dc0b - std::panicking::rust_panic_with_hook::h2209cb47b146c46d
                               at /rustc/debd22da66cfa97c74040ebf68e420672ac8560e/library/std/src/panicking.rs:799:13
  14:     0x7886cbd8d94b - std::panicking::begin_panic_handler::{{closure}}::he5e3fa707f3ea5de
                               at /rustc/debd22da66cfa97c74040ebf68e420672ac8560e/library/std/src/panicking.rs:656:13
  15:     0x7886cbd8b189 - std::sys_common::backtrace::__rust_end_short_backtrace::ha2ea09ba2d1d8811
                               at /rustc/debd22da66cfa97c74040ebf68e420672ac8560e/library/std/src/sys_common/backtrace.rs:171:18
  16:     0x7886cbd8d6b7 - rust_begin_unwind
                               at /rustc/debd22da66cfa97c74040ebf68e420672ac8560e/library/std/src/panicking.rs:652:5
  17:     0x7886cbdd7c53 - core::panicking::panic_fmt::h0c11f2b57d43e9cf
                               at /rustc/debd22da66cfa97c74040ebf68e420672ac8560e/library/core/src/panicking.rs:72:14
  18:     0x7886cbdd7cfc - core::panicking::panic::h545736860d3b39d9
                               at /rustc/debd22da66cfa97c74040ebf68e420672ac8560e/library/core/src/panicking.rs:146:5
  19:     0x7886ce17bfc2 - <rustc_infer[c014329d00d522e1]::infer::InferCtxt as rustc_trait_selection[b94c58bf47f1de10]::traits::query::evaluate_obligation::InferCtxtExt>::evaluate_obligation_no_overflow
  20:     0x7886cfaf2b8e - <rustc_trait_selection[b94c58bf47f1de10]::traits::select::SelectionContext>::need_migrate_deref_output_trait_object
  21:     0x7886d10e2773 - <rustc_trait_selection[b94c58bf47f1de10]::traits::select::SelectionContext>::assemble_candidates_for_unsizing
  22:     0x7886cd0e0e6f - <rustc_trait_selection[b94c58bf47f1de10]::traits::select::SelectionContext>::candidate_from_obligation_no_cache
  23:     0x7886cd12086c - <rustc_trait_selection[b94c58bf47f1de10]::traits::select::SelectionContext>::candidate_from_obligation
  24:     0x7886cd11d97a - <rustc_trait_selection[b94c58bf47f1de10]::traits::select::SelectionContext>::evaluate_trait_predicate_recursively::{closure#0}::{closure#1}
  25:     0x7886d0814fe4 - <rustc_trait_selection[b94c58bf47f1de10]::traits::select::SelectionContext>::evaluate_trait_predicate_recursively
  26:     0x7886d08043b2 - <rustc_trait_selection[b94c58bf47f1de10]::traits::select::SelectionContext>::evaluation_probe::<<rustc_trait_selection[b94c58bf47f1de10]::traits::select::SelectionContext>::evaluate_root_obligation::{closure#0}>::{closure#0}
  27:     0x7886d08031ce - rustc_trait_selection[b94c58bf47f1de10]::traits::coherence::overlap
  28:     0x7886d112e5e3 - <rustc_middle[1fe6d5e38895052f]::traits::specialization_graph::Children as rustc_trait_selection[b94c58bf47f1de10]::traits::specialize::specialization_graph::ChildrenExt>::insert
  29:     0x7886cd39ae28 - <rustc_middle[1fe6d5e38895052f]::traits::specialization_graph::Graph as rustc_trait_selection[b94c58bf47f1de10]::traits::specialize::specialization_graph::GraphExt>::insert
  30:     0x7886d052e4a9 - rustc_trait_selection[b94c58bf47f1de10]::traits::specialize::specialization_graph_provider
  31:     0x7886d052e02f - rustc_query_impl[1766610d02d5b99c]::plumbing::__rust_begin_short_backtrace::<rustc_query_impl[1766610d02d5b99c]::query_impl::specialization_graph_of::dynamic_query::{closure#2}::{closure#0}, rustc_middle[1fe6d5e38895052f]::query::erase::Erased<[u8; 8usize]>>
  32:     0x7886d056ac57 - rustc_query_system[b83bd47e643a06b7]::query::plumbing::try_execute_query::<rustc_query_impl[1766610d02d5b99c]::DynamicConfig<rustc_query_system[b83bd47e643a06b7]::query::caches::DefIdCache<rustc_middle[1fe6d5e38895052f]::query::erase::Erased<[u8; 8usize]>>, false, false, false>, rustc_query_impl[1766610d02d5b99c]::plumbing::QueryCtxt, true>
  33:     0x7886d096c6f7 - rustc_query_impl[1766610d02d5b99c]::query_impl::specialization_graph_of::get_query_incr::__rust_end_short_backtrace
  34:     0x7886d06cb4ef - rustc_hir_analysis[eda2ca149d9b7cb8]::coherence::coherent_trait
  35:     0x7886d06cb22f - rustc_query_impl[1766610d02d5b99c]::plumbing::__rust_begin_short_backtrace::<rustc_query_impl[1766610d02d5b99c]::query_impl::coherent_trait::dynamic_query::{closure#2}::{closure#0}, rustc_middle[1fe6d5e38895052f]::query::erase::Erased<[u8; 1usize]>>
  36:     0x7886d08a61fd - rustc_query_system[b83bd47e643a06b7]::query::plumbing::try_execute_query::<rustc_query_impl[1766610d02d5b99c]::DynamicConfig<rustc_query_system[b83bd47e643a06b7]::query::caches::DefIdCache<rustc_middle[1fe6d5e38895052f]::query::erase::Erased<[u8; 1usize]>>, false, false, false>, rustc_query_impl[1766610d02d5b99c]::plumbing::QueryCtxt, true>
  37:     0x7886d0a33a2b - rustc_query_impl[1766610d02d5b99c]::query_impl::coherent_trait::get_query_incr::__rust_end_short_backtrace
  38:     0x7886d0c4de87 - rustc_hir_analysis[eda2ca149d9b7cb8]::check::wfcheck::check_well_formed
  39:     0x7886d0c4b791 - rustc_query_impl[1766610d02d5b99c]::plumbing::__rust_begin_short_backtrace::<rustc_query_impl[1766610d02d5b99c]::query_impl::check_well_formed::dynamic_query::{closure#2}::{closure#0}, rustc_middle[1fe6d5e38895052f]::query::erase::Erased<[u8; 1usize]>>
  40:     0x7886d08a0abb - rustc_query_system[b83bd47e643a06b7]::query::plumbing::try_execute_query::<rustc_query_impl[1766610d02d5b99c]::DynamicConfig<rustc_query_system[b83bd47e643a06b7]::query::caches::VecCache<rustc_hir[50cf4d107a5e43e6]::hir_id::OwnerId, rustc_middle[1fe6d5e38895052f]::query::erase::Erased<[u8; 1usize]>>, false, false, false>, rustc_query_impl[1766610d02d5b99c]::plumbing::QueryCtxt, true>
  41:     0x7886d08a05b7 - rustc_query_impl[1766610d02d5b99c]::query_impl::check_well_formed::get_query_incr::__rust_end_short_backtrace
  42:     0x7886d0c48b77 - rustc_hir_analysis[eda2ca149d9b7cb8]::check::wfcheck::check_mod_type_wf
  43:     0x7886d0c489a1 - rustc_query_impl[1766610d02d5b99c]::plumbing::__rust_begin_short_backtrace::<rustc_query_impl[1766610d02d5b99c]::query_impl::check_mod_type_wf::dynamic_query::{closure#2}::{closure#0}, rustc_middle[1fe6d5e38895052f]::query::erase::Erased<[u8; 1usize]>>
  44:     0x7886d0e6a19c - rustc_query_system[b83bd47e643a06b7]::query::plumbing::try_execute_query::<rustc_query_impl[1766610d02d5b99c]::DynamicConfig<rustc_query_system[b83bd47e643a06b7]::query::caches::DefaultCache<rustc_span[dae7ad9294c1830]::def_id::LocalModDefId, rustc_middle[1fe6d5e38895052f]::query::erase::Erased<[u8; 1usize]>>, false, false, false>, rustc_query_impl[1766610d02d5b99c]::plumbing::QueryCtxt, true>
  45:     0x7886d0e6ae1a - rustc_query_impl[1766610d02d5b99c]::query_impl::check_mod_type_wf::get_query_incr::__rust_end_short_backtrace
  46:     0x7886d05bdad0 - rustc_hir_analysis[eda2ca149d9b7cb8]::check_crate
  47:     0x7886d0d8d4be - rustc_interface[ae16de42642863e5]::passes::analysis
  48:     0x7886d0d8d01b - rustc_query_impl[1766610d02d5b99c]::plumbing::__rust_begin_short_backtrace::<rustc_query_impl[1766610d02d5b99c]::query_impl::analysis::dynamic_query::{closure#2}::{closure#0}, rustc_middle[1fe6d5e38895052f]::query::erase::Erased<[u8; 1usize]>>
  49:     0x7886d134ac8e - rustc_query_system[b83bd47e643a06b7]::query::plumbing::try_execute_query::<rustc_query_impl[1766610d02d5b99c]::DynamicConfig<rustc_query_system[b83bd47e643a06b7]::query::caches::SingleCache<rustc_middle[1fe6d5e38895052f]::query::erase::Erased<[u8; 1usize]>>, false, false, false>, rustc_query_impl[1766610d02d5b99c]::plumbing::QueryCtxt, true>
  50:     0x7886d134a8ba - rustc_query_impl[1766610d02d5b99c]::query_impl::analysis::get_query_incr::__rust_end_short_backtrace
  51:     0x7886d0ffbcdc - rustc_interface[ae16de42642863e5]::interface::run_compiler::<core[2eaa0139eedd536f]::result::Result<(), rustc_span[dae7ad9294c1830]::ErrorGuaranteed>, rustc_driver_impl[c903d310d0b65222]::run_compiler::{closure#0}>::{closure#1}
  52:     0x7886d0fde4c9 - std[9d83bd0e50f0e1cd]::sys_common::backtrace::__rust_begin_short_backtrace::<rustc_interface[ae16de42642863e5]::util::run_in_thread_with_globals<rustc_interface[ae16de42642863e5]::util::run_in_thread_pool_with_globals<rustc_interface[ae16de42642863e5]::interface::run_compiler<core[2eaa0139eedd536f]::result::Result<(), rustc_span[dae7ad9294c1830]::ErrorGuaranteed>, rustc_driver_impl[c903d310d0b65222]::run_compiler::{closure#0}>::{closure#1}, core[2eaa0139eedd536f]::result::Result<(), rustc_span[dae7ad9294c1830]::ErrorGuaranteed>>::{closure#0}, core[2eaa0139eedd536f]::result::Result<(), rustc_span[dae7ad9294c1830]::ErrorGuaranteed>>::{closure#0}::{closure#0}, core[2eaa0139eedd536f]::result::Result<(), rustc_span[dae7ad9294c1830]::ErrorGuaranteed>>
  53:     0x7886d0fde272 - <<std[9d83bd0e50f0e1cd]::thread::Builder>::spawn_unchecked_<rustc_interface[ae16de42642863e5]::util::run_in_thread_with_globals<rustc_interface[ae16de42642863e5]::util::run_in_thread_pool_with_globals<rustc_interface[ae16de42642863e5]::interface::run_compiler<core[2eaa0139eedd536f]::result::Result<(), rustc_span[dae7ad9294c1830]::ErrorGuaranteed>, rustc_driver_impl[c903d310d0b65222]::run_compiler::{closure#0}>::{closure#1}, core[2eaa0139eedd536f]::result::Result<(), rustc_span[dae7ad9294c1830]::ErrorGuaranteed>>::{closure#0}, core[2eaa0139eedd536f]::result::Result<(), rustc_span[dae7ad9294c1830]::ErrorGuaranteed>>::{closure#0}::{closure#0}, core[2eaa0139eedd536f]::result::Result<(), rustc_span[dae7ad9294c1830]::ErrorGuaranteed>>::{closure#2} as core[2eaa0139eedd536f]::ops::function::FnOnce<()>>::call_once::{shim:vtable#0}
  54:     0x7886cbd97bfb - <alloc::boxed::Box<F,A> as core::ops::function::FnOnce<Args>>::call_once::hd6f696d9a5b925df
                               at /rustc/debd22da66cfa97c74040ebf68e420672ac8560e/library/alloc/src/boxed.rs:2063:9
  55:     0x7886cbd97bfb - <alloc::boxed::Box<F,A> as core::ops::function::FnOnce<Args>>::call_once::h94ad61c1e5c5a0cd
                               at /rustc/debd22da66cfa97c74040ebf68e420672ac8560e/library/alloc/src/boxed.rs:2063:9
  56:     0x7886cbd97bfb - std::sys::pal::unix::thread::Thread::new::thread_start::h1856dc47c9451b83
                               at /rustc/debd22da66cfa97c74040ebf68e420672ac8560e/library/std/src/sys/pal/unix/thread.rs:108:17
  57:     0x7886cba94ac3 - start_thread
                               at ./nptl/pthread_create.c:442:8
  58:     0x7886cbb268c0 - __GI___clone3
                               at ./misc/../sysdeps/unix/sysv/linux/x86_64/clone3.S:81
  59:                0x0 - <unknown>

error: the compiler unexpectedly panicked. this is a bug.

note: we would appreciate a bug report: https://github.com/rust-lang/rust/issues/new?labels=C-bug%2C+I-ICE%2C+T-compiler&template=ice.md

note: please make sure that you have updated to the latest nightly

note: please attach the file at `/data/zhangtianrong/projects/rustc-cbl/run/125767/rustc-ice-2026-01-18T04_44_02-692824.txt` to your bug report

note: compiler flags: --crate-type bin -C embed-bitcode=no -C debuginfo=2 -C incremental=[REDACTED]

note: some of the compiler flags provided by cargo are hidden

query stack during panic:
#0 [specialization_graph_of] building specialization graph of trait `core::ops::unsize::CoerceUnsized`
#1 [coherent_trait] coherence checking all impls of trait `core::ops::unsize::CoerceUnsized`
#2 [check_well_formed] checking that `<impl at src/main.rs:6:1: 6:67>` is well-formed
#3 [check_mod_type_wf] checking that types are well-formed in top-level module
#4 [analysis] running analysis passes on this crate
end of query stack
error[E0782]: trait objects must include the `dyn` keyword
 --> src/main.rs:6:34
  |
6 | impl<T> CoerceUnsized<T> for Foo<Baz> where Sized: Unsize<dyn Baz> {}
  |                                  ^^^
  |
help: add `dyn` keyword before this trait
  |
6 | impl<T> CoerceUnsized<T> for Foo<dyn Baz> where Sized: Unsize<dyn Baz> {}
  |                                  +++

error[E0782]: trait objects must include the `dyn` keyword
 --> src/main.rs:6:45
  |
6 | impl<T> CoerceUnsized<T> for Foo<Baz> where Sized: Unsize<dyn Baz> {}
  |                                             ^^^^^
  |
help: add `dyn` keyword before this trait
  |
6 | impl<T> CoerceUnsized<T> for Foo<Baz> where dyn Sized: Unsize<dyn Baz> {}
  |                                             +++

Some errors have detailed explanations: E0392, E0658, E0782.
For more information about an error, try `rustc --explain E0392`.
error: could not compile `bug_125767` (bin "bug_125767") due to 8 previous errors
------------------------------------------------------------
Return code: 101
