=== START 2026-01-18 12:22:28 ===
Bug ID: 125881
Toolchain: nightly-2024-06-01
Source: /data/zhangtianrong/projects/rustc-cbl/rustcbugs/125881
Run dir: /data/zhangtianrong/projects/rustc-cbl/run/125881
CMD: rustup run nightly-2024-06-01 cargo build RUSTFLAGS='-Zcrate-attr=feature(effects)'
------------------------------------------------------------
   Compiling bug_125881 v0.1.0 (/data/zhangtianrong/projects/rustc-cbl/run/125881)
error[E0220]: associated type `Output` not found for `BikeshedIntrinsicFrom`
 --> src/main.rs:4:35
  |
4 | const fn test() -> impl std::mem::BikeshedIntrinsicFrom() {
  |                                   ^^^^^^^^^^^^^^^^^^^^^^^ associated type `Output` not found

thread 'rustc' panicked at /rustc/ada5e2c7b5427a591e30baeeee2698a5eb6db0bd/compiler/rustc_type_ir/src/ty_kind.rs:854:17:
type variables should not be hashed: ?3t
stack backtrace:
   0:     0x7ec1e938acc5 - std::backtrace_rs::backtrace::libunwind::trace::h0bda62405550d460
                               at /rustc/ada5e2c7b5427a591e30baeeee2698a5eb6db0bd/library/std/src/../../backtrace/src/backtrace/libunwind.rs:116:5
   1:     0x7ec1e938acc5 - std::backtrace_rs::backtrace::trace_unsynchronized::hc2c3ea3cf2f5c7f0
                               at /rustc/ada5e2c7b5427a591e30baeeee2698a5eb6db0bd/library/std/src/../../backtrace/src/backtrace/mod.rs:66:5
   2:     0x7ec1e938acc5 - std::sys_common::backtrace::_print_fmt::h8de6a59eaee45226
                               at /rustc/ada5e2c7b5427a591e30baeeee2698a5eb6db0bd/library/std/src/sys_common/backtrace.rs:68:5
   3:     0x7ec1e938acc5 - <std::sys_common::backtrace::_print::DisplayBacktrace as core::fmt::Display>::fmt::hd6ffc154782334f4
                               at /rustc/ada5e2c7b5427a591e30baeeee2698a5eb6db0bd/library/std/src/sys_common/backtrace.rs:44:22
   4:     0x7ec1e93db6bb - core::fmt::rt::Argument::fmt::h1ed1f880d19ca3e5
                               at /rustc/ada5e2c7b5427a591e30baeeee2698a5eb6db0bd/library/core/src/fmt/rt.rs:165:63
   5:     0x7ec1e93db6bb - core::fmt::write::h7e2d247389cb3e97
                               at /rustc/ada5e2c7b5427a591e30baeeee2698a5eb6db0bd/library/core/src/fmt/mod.rs:1168:21
   6:     0x7ec1e937f99f - std::io::Write::write_fmt::ha7add8792955e794
                               at /rustc/ada5e2c7b5427a591e30baeeee2698a5eb6db0bd/library/std/src/io/mod.rs:1835:15
   7:     0x7ec1e938aa9e - std::sys_common::backtrace::_print::ha9e91abfc6e8d12d
                               at /rustc/ada5e2c7b5427a591e30baeeee2698a5eb6db0bd/library/std/src/sys_common/backtrace.rs:47:5
   8:     0x7ec1e938aa9e - std::sys_common::backtrace::print::ha4520664df90140c
                               at /rustc/ada5e2c7b5427a591e30baeeee2698a5eb6db0bd/library/std/src/sys_common/backtrace.rs:34:9
   9:     0x7ec1e938d4d9 - std::panicking::default_hook::{{closure}}::h04aa22b6205d98a5
  10:     0x7ec1e938d27a - std::panicking::default_hook::hf52ae4d8be29501c
                               at /rustc/ada5e2c7b5427a591e30baeeee2698a5eb6db0bd/library/std/src/panicking.rs:298:9
  11:     0x7ec1ec5339af - std[a75323165fe08653]::panicking::update_hook::<alloc[2577b08d1a5511d8]::boxed::Box<rustc_driver_impl[9be41471faca984]::install_ice_hook::{closure#0}>>::{closure#0}
  12:     0x7ec1e938dc0b - <alloc::boxed::Box<F,A> as core::ops::function::Fn<Args>>::call::h3a2a9442c441a378
                               at /rustc/ada5e2c7b5427a591e30baeeee2698a5eb6db0bd/library/alloc/src/boxed.rs:2077:9
  13:     0x7ec1e938dc0b - std::panicking::rust_panic_with_hook::he3c87e486ff05d6b
                               at /rustc/ada5e2c7b5427a591e30baeeee2698a5eb6db0bd/library/std/src/panicking.rs:799:13
  14:     0x7ec1e938d984 - std::panicking::begin_panic_handler::{{closure}}::h01ce2bfd91e16fe0
                               at /rustc/ada5e2c7b5427a591e30baeeee2698a5eb6db0bd/library/std/src/panicking.rs:664:13
  15:     0x7ec1e938b189 - std::sys_common::backtrace::__rust_end_short_backtrace::ha36f641af1493052
                               at /rustc/ada5e2c7b5427a591e30baeeee2698a5eb6db0bd/library/std/src/sys_common/backtrace.rs:171:18
  16:     0x7ec1e938d6b7 - rust_begin_unwind
                               at /rustc/ada5e2c7b5427a591e30baeeee2698a5eb6db0bd/library/std/src/panicking.rs:652:5
  17:     0x7ec1e93d7c53 - core::panicking::panic_fmt::h8cbe41bd36f1ccd3
                               at /rustc/ada5e2c7b5427a591e30baeeee2698a5eb6db0bd/library/core/src/panicking.rs:72:14
  18:     0x7ec1edf25574 - <rustc_type_ir[c27970b0cda7b0ad]::ty_info::WithCachedTypeInfo<rustc_type_ir[c27970b0cda7b0ad]::ty_kind::TyKind<rustc_middle[353648fe55f979cd]::ty::context::TyCtxt>> as rustc_data_structures[3f2170fc10073d2c]::stable_hasher::HashStable<rustc_query_system[965e295a0f1b428c]::ich::hcx::StableHashingContext>>::hash_stable
  19:     0x7ec1edf1e90a - <&rustc_middle[353648fe55f979cd]::ty::list::RawList<(), rustc_middle[353648fe55f979cd]::ty::generic_args::GenericArg> as rustc_data_structures[3f2170fc10073d2c]::stable_hasher::HashStable<rustc_query_system[965e295a0f1b428c]::ich::hcx::StableHashingContext>>::hash_stable
  20:     0x7ec1edb8d954 - <rustc_type_ir[c27970b0cda7b0ad]::ty_info::WithCachedTypeInfo<rustc_type_ir[c27970b0cda7b0ad]::ty_kind::TyKind<rustc_middle[353648fe55f979cd]::ty::context::TyCtxt>> as rustc_data_structures[3f2170fc10073d2c]::stable_hasher::HashStable<rustc_query_system[965e295a0f1b428c]::ich::hcx::StableHashingContext>>::hash_stable
  21:     0x7ec1edb972e9 - rustc_query_system[965e295a0f1b428c]::query::plumbing::try_execute_query::<rustc_query_impl[9b16a2dee6878131]::DynamicConfig<rustc_query_system[965e295a0f1b428c]::query::caches::DefaultCache<rustc_middle[353648fe55f979cd]::ty::ParamEnvAnd<rustc_middle[353648fe55f979cd]::ty::Ty>, rustc_middle[353648fe55f979cd]::query::erase::Erased<[u8; 16usize]>>, false, true, false>, rustc_query_impl[9b16a2dee6878131]::plumbing::QueryCtxt, true>
  22:     0x7ec1edb9660f - rustc_query_impl[9b16a2dee6878131]::query_impl::layout_of::get_query_incr::__rust_end_short_backtrace
  23:     0x7ec1ed145c7e - rustc_middle[353648fe55f979cd]::query::plumbing::query_get_at::<rustc_query_system[965e295a0f1b428c]::query::caches::DefaultCache<rustc_middle[353648fe55f979cd]::ty::ParamEnvAnd<rustc_middle[353648fe55f979cd]::ty::Ty>, rustc_middle[353648fe55f979cd]::query::erase::Erased<[u8; 16usize]>>>
  24:     0x7ec1ed166a19 - <rustc_transmute[f32c9419b260b3e0]::maybe_transmutable::MaybeTransmutableQuery<rustc_middle[353648fe55f979cd]::ty::Ty, rustc_middle[353648fe55f979cd]::ty::context::TyCtxt>>::answer::{closure#0}
  25:     0x7ec1ed163d13 - <rustc_transmute[f32c9419b260b3e0]::rustc::TransmuteTypeEnv>::is_transmutable
  26:     0x7ec1ed12a0bb - <rustc_infer[7a9f30f231258bd7]::infer::error_reporting::TypeErrCtxt as rustc_trait_selection[d91f503f19e78232]::traits::error_reporting::type_err_ctxt_ext::InferCtxtPrivExt>::get_safe_transmute_error_and_reason
  27:     0x7ec1ed11b0c4 - <rustc_infer[7a9f30f231258bd7]::infer::error_reporting::TypeErrCtxt as rustc_trait_selection[d91f503f19e78232]::traits::error_reporting::type_err_ctxt_ext::TypeErrCtxtExt>::report_selection_error
  28:     0x7ec1ed12d6cd - <rustc_infer[7a9f30f231258bd7]::infer::error_reporting::TypeErrCtxt as rustc_trait_selection[d91f503f19e78232]::traits::error_reporting::type_err_ctxt_ext::InferCtxtPrivExt>::report_fulfillment_error
  29:     0x7ec1ed1177e5 - <rustc_infer[7a9f30f231258bd7]::infer::error_reporting::TypeErrCtxt as rustc_trait_selection[d91f503f19e78232]::traits::error_reporting::type_err_ctxt_ext::TypeErrCtxtExt>::report_fulfillment_errors
  30:     0x7ec1ee3b2634 - <rustc_hir_typeck[6b466a1699c07763]::fn_ctxt::FnCtxt>::coerce
  31:     0x7ec1edfd40d2 - rustc_hir_typeck[6b466a1699c07763]::check::check_fn
  32:     0x7ec1edfc966c - rustc_hir_typeck[6b466a1699c07763]::typeck
  33:     0x7ec1edfc90d1 - rustc_query_impl[9b16a2dee6878131]::plumbing::__rust_begin_short_backtrace::<rustc_query_impl[9b16a2dee6878131]::query_impl::typeck::dynamic_query::{closure#2}::{closure#0}, rustc_middle[353648fe55f979cd]::query::erase::Erased<[u8; 8usize]>>
  34:     0x7ec1ee0899c5 - rustc_query_system[965e295a0f1b428c]::query::plumbing::try_execute_query::<rustc_query_impl[9b16a2dee6878131]::DynamicConfig<rustc_query_system[965e295a0f1b428c]::query::caches::VecCache<rustc_span[5e338462bab9c833]::def_id::LocalDefId, rustc_middle[353648fe55f979cd]::query::erase::Erased<[u8; 8usize]>>, false, false, false>, rustc_query_impl[9b16a2dee6878131]::plumbing::QueryCtxt, true>
  35:     0x7ec1ede38d54 - rustc_query_impl[9b16a2dee6878131]::query_impl::typeck::get_query_incr::__rust_end_short_backtrace
  36:     0x7ec1ee1420fc - rustc_middle[353648fe55f979cd]::query::plumbing::query_get_at::<rustc_query_system[965e295a0f1b428c]::query::caches::VecCache<rustc_span[5e338462bab9c833]::def_id::LocalDefId, rustc_middle[353648fe55f979cd]::query::erase::Erased<[u8; 8usize]>>>
  37:     0x7ec1ee82c46b - rustc_hir_analysis[2361776b1da3ecb6]::collect::type_of::type_of_opaque
  38:     0x7ec1ee82c3a7 - rustc_query_impl[9b16a2dee6878131]::plumbing::__rust_begin_short_backtrace::<rustc_query_impl[9b16a2dee6878131]::query_impl::type_of_opaque::dynamic_query::{closure#2}::{closure#0}, rustc_middle[353648fe55f979cd]::query::erase::Erased<[u8; 8usize]>>
  39:     0x7ec1edc2a928 - rustc_query_system[965e295a0f1b428c]::query::plumbing::try_execute_query::<rustc_query_impl[9b16a2dee6878131]::DynamicConfig<rustc_query_system[965e295a0f1b428c]::query::caches::DefIdCache<rustc_middle[353648fe55f979cd]::query::erase::Erased<[u8; 8usize]>>, false, false, false>, rustc_query_impl[9b16a2dee6878131]::plumbing::QueryCtxt, true>
  40:     0x7ec1eea441c1 - rustc_query_impl[9b16a2dee6878131]::query_impl::type_of_opaque::get_query_incr::__rust_end_short_backtrace
  41:     0x7ec1ee13ca7c - rustc_middle[353648fe55f979cd]::query::plumbing::query_get_at::<rustc_query_system[965e295a0f1b428c]::query::caches::DefIdCache<rustc_middle[353648fe55f979cd]::query::erase::Erased<[u8; 8usize]>>>
  42:     0x7ec1eb6ad273 - rustc_hir_analysis[2361776b1da3ecb6]::collect::type_of::type_of
  43:     0x7ec1edc3962a - rustc_query_impl[9b16a2dee6878131]::plumbing::__rust_begin_short_backtrace::<rustc_query_impl[9b16a2dee6878131]::query_impl::type_of::dynamic_query::{closure#2}::{closure#0}, rustc_middle[353648fe55f979cd]::query::erase::Erased<[u8; 8usize]>>
  44:     0x7ec1edc2a928 - rustc_query_system[965e295a0f1b428c]::query::plumbing::try_execute_query::<rustc_query_impl[9b16a2dee6878131]::DynamicConfig<rustc_query_system[965e295a0f1b428c]::query::caches::DefIdCache<rustc_middle[353648fe55f979cd]::query::erase::Erased<[u8; 8usize]>>, false, false, false>, rustc_query_impl[9b16a2dee6878131]::plumbing::QueryCtxt, true>
  45:     0x7ec1edc2821b - rustc_query_impl[9b16a2dee6878131]::query_impl::type_of::get_query_incr::__rust_end_short_backtrace
  46:     0x7ec1ee13ca7c - rustc_middle[353648fe55f979cd]::query::plumbing::query_get_at::<rustc_query_system[965e295a0f1b428c]::query::caches::DefIdCache<rustc_middle[353648fe55f979cd]::query::erase::Erased<[u8; 8usize]>>>
  47:     0x7ec1ee5e7671 - rustc_hir_analysis[2361776b1da3ecb6]::check::check::check_item_type
  48:     0x7ec1ee5ceb35 - rustc_hir_analysis[2361776b1da3ecb6]::check::wfcheck::check_well_formed
  49:     0x7ec1ee5cd3c7 - rustc_query_impl[9b16a2dee6878131]::plumbing::__rust_begin_short_backtrace::<rustc_query_impl[9b16a2dee6878131]::query_impl::check_well_formed::dynamic_query::{closure#2}::{closure#0}, rustc_middle[353648fe55f979cd]::query::erase::Erased<[u8; 1usize]>>
  50:     0x7ec1ede3514b - rustc_query_system[965e295a0f1b428c]::query::plumbing::try_execute_query::<rustc_query_impl[9b16a2dee6878131]::DynamicConfig<rustc_query_system[965e295a0f1b428c]::query::caches::VecCache<rustc_hir[de6e03571ff16fe3]::hir_id::OwnerId, rustc_middle[353648fe55f979cd]::query::erase::Erased<[u8; 1usize]>>, false, false, false>, rustc_query_impl[9b16a2dee6878131]::plumbing::QueryCtxt, true>
  51:     0x7ec1ede34c47 - rustc_query_impl[9b16a2dee6878131]::query_impl::check_well_formed::get_query_incr::__rust_end_short_backtrace
  52:     0x7ec1ee5ca7b7 - rustc_hir_analysis[2361776b1da3ecb6]::check::wfcheck::check_mod_type_wf
  53:     0x7ec1ee5ca5e1 - rustc_query_impl[9b16a2dee6878131]::plumbing::__rust_begin_short_backtrace::<rustc_query_impl[9b16a2dee6878131]::query_impl::check_mod_type_wf::dynamic_query::{closure#2}::{closure#0}, rustc_middle[353648fe55f979cd]::query::erase::Erased<[u8; 1usize]>>
  54:     0x7ec1ee4a37d8 - rustc_query_system[965e295a0f1b428c]::query::plumbing::try_execute_query::<rustc_query_impl[9b16a2dee6878131]::DynamicConfig<rustc_query_system[965e295a0f1b428c]::query::caches::DefaultCache<rustc_span[5e338462bab9c833]::def_id::LocalModDefId, rustc_middle[353648fe55f979cd]::query::erase::Erased<[u8; 1usize]>>, false, false, false>, rustc_query_impl[9b16a2dee6878131]::plumbing::QueryCtxt, true>
  55:     0x7ec1ee4a445a - rustc_query_impl[9b16a2dee6878131]::query_impl::check_mod_type_wf::get_query_incr::__rust_end_short_backtrace
  56:     0x7ec1ee0834cc - rustc_hir_analysis[2361776b1da3ecb6]::check_crate
  57:     0x7ec1ee09c87e - rustc_interface[cb0c5c0af19cf814]::passes::analysis
  58:     0x7ec1ee09c3db - rustc_query_impl[9b16a2dee6878131]::plumbing::__rust_begin_short_backtrace::<rustc_query_impl[9b16a2dee6878131]::query_impl::analysis::dynamic_query::{closure#2}::{closure#0}, rustc_middle[353648fe55f979cd]::query::erase::Erased<[u8; 1usize]>>
  59:     0x7ec1ee7f870e - rustc_query_system[965e295a0f1b428c]::query::plumbing::try_execute_query::<rustc_query_impl[9b16a2dee6878131]::DynamicConfig<rustc_query_system[965e295a0f1b428c]::query::caches::SingleCache<rustc_middle[353648fe55f979cd]::query::erase::Erased<[u8; 1usize]>>, false, false, false>, rustc_query_impl[9b16a2dee6878131]::plumbing::QueryCtxt, true>
  60:     0x7ec1ee7f833a - rustc_query_impl[9b16a2dee6878131]::query_impl::analysis::get_query_incr::__rust_end_short_backtrace
  61:     0x7ec1ee67719c - rustc_interface[cb0c5c0af19cf814]::interface::run_compiler::<core[bd782e33ccb6b408]::result::Result<(), rustc_span[5e338462bab9c833]::ErrorGuaranteed>, rustc_driver_impl[9be41471faca984]::run_compiler::{closure#0}>::{closure#1}
  62:     0x7ec1ee6410c9 - std[a75323165fe08653]::sys_common::backtrace::__rust_begin_short_backtrace::<rustc_interface[cb0c5c0af19cf814]::util::run_in_thread_with_globals<rustc_interface[cb0c5c0af19cf814]::util::run_in_thread_pool_with_globals<rustc_interface[cb0c5c0af19cf814]::interface::run_compiler<core[bd782e33ccb6b408]::result::Result<(), rustc_span[5e338462bab9c833]::ErrorGuaranteed>, rustc_driver_impl[9be41471faca984]::run_compiler::{closure#0}>::{closure#1}, core[bd782e33ccb6b408]::result::Result<(), rustc_span[5e338462bab9c833]::ErrorGuaranteed>>::{closure#0}, core[bd782e33ccb6b408]::result::Result<(), rustc_span[5e338462bab9c833]::ErrorGuaranteed>>::{closure#0}::{closure#0}, core[bd782e33ccb6b408]::result::Result<(), rustc_span[5e338462bab9c833]::ErrorGuaranteed>>
  63:     0x7ec1ee640e80 - <<std[a75323165fe08653]::thread::Builder>::spawn_unchecked_<rustc_interface[cb0c5c0af19cf814]::util::run_in_thread_with_globals<rustc_interface[cb0c5c0af19cf814]::util::run_in_thread_pool_with_globals<rustc_interface[cb0c5c0af19cf814]::interface::run_compiler<core[bd782e33ccb6b408]::result::Result<(), rustc_span[5e338462bab9c833]::ErrorGuaranteed>, rustc_driver_impl[9be41471faca984]::run_compiler::{closure#0}>::{closure#1}, core[bd782e33ccb6b408]::result::Result<(), rustc_span[5e338462bab9c833]::ErrorGuaranteed>>::{closure#0}, core[bd782e33ccb6b408]::result::Result<(), rustc_span[5e338462bab9c833]::ErrorGuaranteed>>::{closure#0}::{closure#0}, core[bd782e33ccb6b408]::result::Result<(), rustc_span[5e338462bab9c833]::ErrorGuaranteed>>::{closure#2} as core[bd782e33ccb6b408]::ops::function::FnOnce<()>>::call_once::{shim:vtable#0}
  64:     0x7ec1e9397bfb - <alloc::boxed::Box<F,A> as core::ops::function::FnOnce<Args>>::call_once::h149a8f3bd2b6d616
                               at /rustc/ada5e2c7b5427a591e30baeeee2698a5eb6db0bd/library/alloc/src/boxed.rs:2063:9
  65:     0x7ec1e9397bfb - <alloc::boxed::Box<F,A> as core::ops::function::FnOnce<Args>>::call_once::hc8ac52b5c9166594
                               at /rustc/ada5e2c7b5427a591e30baeeee2698a5eb6db0bd/library/alloc/src/boxed.rs:2063:9
  66:     0x7ec1e9397bfb - std::sys::pal::unix::thread::Thread::new::thread_start::h4464ec80ffa1747a
                               at /rustc/ada5e2c7b5427a591e30baeeee2698a5eb6db0bd/library/std/src/sys/pal/unix/thread.rs:108:17
  67:     0x7ec1e9094ac3 - start_thread
                               at ./nptl/pthread_create.c:442:8
  68:     0x7ec1e91268c0 - __GI___clone3
                               at ./misc/../sysdeps/unix/sysv/linux/x86_64/clone3.S:81
  69:                0x0 - <unknown>

error: the compiler unexpectedly panicked. this is a bug.

note: we would appreciate a bug report: https://github.com/rust-lang/rust/issues/new?labels=C-bug%2C+I-ICE%2C+T-compiler&template=ice.md

note: please make sure that you have updated to the latest nightly

note: please attach the file at `/data/zhangtianrong/projects/rustc-cbl/run/125881/rustc-ice-2026-01-18T04_22_28-3759354.txt` to your bug report

note: compiler flags: --crate-type bin -C embed-bitcode=no -C debuginfo=2 -C incremental=[REDACTED] -Z crate-attr=feature(effects)

note: some of the compiler flags provided by cargo are hidden

query stack during panic:
panicked at /rustc/ada5e2c7b5427a591e30baeeee2698a5eb6db0bd/compiler/rustc_type_ir/src/ty_kind.rs:854:17:
thread panicked while processing panic. aborting.
error: could not compile `bug_125881` (bin "bug_125881") due to 1 previous error

Caused by:
  process didn't exit successfully: `/data/zhangtianrong/.rustup/toolchains/nightly-2024-06-01-x86_64-unknown-linux-gnu/bin/rustc --crate-name bug_125881 --edition=2021 src/main.rs --error-format=json --json=diagnostic-rendered-ansi,artifacts,future-incompat --crate-type bin --emit=dep-info,link -C embed-bitcode=no -C debuginfo=2 --check-cfg 'cfg(docsrs)' --check-cfg 'cfg(feature, values())' -C metadata=cd23d6b6ca894059 -C extra-filename=-cd23d6b6ca894059 --out-dir /data/zhangtianrong/projects/rustc-cbl/run/125881/target/debug/deps -C incremental=/data/zhangtianrong/projects/rustc-cbl/run/125881/target/debug/incremental -L dependency=/data/zhangtianrong/projects/rustc-cbl/run/125881/target/debug/deps '-Zcrate-attr=feature(effects)'` (signal: 6, SIGABRT: process abort signal)
------------------------------------------------------------
Return code: 101
