=== START 2026-01-14 21:52:10 ===
Bug ID: 125843
Toolchain: nightly-2024-05-31
Source: /data/zhangtianrong/projects/rustc-cbl/rustcbugs/125843
Run dir: /data/zhangtianrong/projects/rustc-cbl/run/125843
CMD: rustup run nightly-2024-05-31 cargo build
------------------------------------------------------------
   Compiling bug_125843 v0.1.0 (/data/zhangtianrong/projects/rustc-cbl/run/125843)
error: missing parameters for function definition
 --> src/main.rs:3:8
  |
3 | fn kind  :(v3main impl for<v4> v0<'_, v2 = impl v0<v4> + '_>) {}
  |        ^ help: add a parameter list

error: return types are denoted using `->`
 --> src/main.rs:3:10
  |
3 | fn kind  :(v3main impl for<v4> v0<'_, v2 = impl v0<v4> + '_>) {}
  |          ^ help: use `->` instead

error: expected one of `!`, `(`, `)`, `+`, `,`, `::`, or `<`, found keyword `impl`
 --> src/main.rs:3:19
  |
3 | fn kind  :(v3main impl for<v4> v0<'_, v2 = impl v0<v4> + '_>) {}
  |                  -^^^^ expected one of 7 possible tokens
  |                  |
  |                  help: missing `,`

error[E0106]: missing lifetime specifiers
 --> src/main.rs:3:35
  |
3 | fn kind  :(v3main impl for<v4> v0<'_, v2 = impl v0<v4> + '_>) {}
  |                                   ^^                     ^^ expected named lifetime parameter
  |                                   |
  |                                   expected named lifetime parameter
  |
  = help: this function's return type contains a borrowed value, but there is no value for it to be borrowed from
help: consider using the `'static` lifetime, but this is uncommon unless you're returning a borrowed value from a `const` or a `static`
  |
3 | fn kind  :(v3main impl for<v4> v0<'static, v2 = impl v0<v4> + 'static>) {}
  |                                   ~~~~~~~                     ~~~~~~~

error[E0412]: cannot find type `v3main` in this scope
 --> src/main.rs:3:12
  |
3 | fn kind  :(v3main impl for<v4> v0<'_, v2 = impl v0<v4> + '_>) {}
  |            ^^^^^^ not found in this scope

warning: the feature `non_lifetime_binders` is incomplete and may not be safe to use and/or cause compiler crashes
 --> src/main.rs:1:12
  |
1 | #![feature(non_lifetime_binders)]
  |            ^^^^^^^^^^^^^^^^^^^^
  |
  = note: see issue #108185 <https://github.com/rust-lang/rust/issues/108185> for more information
  = note: `#[warn(incomplete_features)]` on by default

warning: trait `v0` should have an upper camel case name
 --> src/main.rs:2:7
  |
2 | trait v0<> {}
  |       ^^ help: convert the identifier to upper camel case (notice the capitalization): `V0`
  |
  = note: `#[warn(non_camel_case_types)]` on by default

warning: type parameter `v4` should have an upper camel case name
 --> src/main.rs:3:28
  |
3 | fn kind  :(v3main impl for<v4> v0<'_, v2 = impl v0<v4> + '_>) {}
  |                            ^^ help: convert the identifier to upper camel case (notice the capitalization): `V4`

error[E0107]: trait takes 0 lifetime arguments but 1 lifetime argument was supplied
 --> src/main.rs:3:32
  |
3 | fn kind  :(v3main impl for<v4> v0<'_, v2 = impl v0<v4> + '_>) {}
  |                                ^^--------------------------- help: remove these generics
  |                                |
  |                                expected 0 lifetime arguments
  |
note: trait defined here, with 0 lifetime parameters
 --> src/main.rs:2:7
  |
2 | trait v0<> {}
  |       ^^

error[E0220]: associated type `v2` not found for `v0`
 --> src/main.rs:3:39
  |
3 | fn kind  :(v3main impl for<v4> v0<'_, v2 = impl v0<v4> + '_>) {}
  |                                       ^^ associated type `v2` not found

error[E0107]: trait takes 0 generic arguments but 1 generic argument was supplied
 --> src/main.rs:3:49
  |
3 | fn kind  :(v3main impl for<v4> v0<'_, v2 = impl v0<v4> + '_>) {}
  |                                                 ^^---- help: remove these generics
  |                                                 |
  |                                                 expected 0 generic arguments
  |
note: trait defined here, with 0 generic parameters
 --> src/main.rs:2:7
  |
2 | trait v0<> {}
  |       ^^

error: internal compiler error: could not resolve DefId(0:5 ~ bug_125843[b5a9]::kind::v4)
 --> src/main.rs:3:52
  |
3 | fn kind  :(v3main impl for<v4> v0<'_, v2 = impl v0<v4> + '_>) {}
  |                                                    ^^

thread 'rustc' panicked at compiler/rustc_hir_analysis/src/collect/resolve_bound_vars.rs:1461:14:
Box<dyn Any>
stack backtrace:
   0:     0x7d878898ace5 - std::backtrace_rs::backtrace::libunwind::trace::h7d54eacc88008817
                               at /rustc/6f3df08aadf71e8d4bf7e49f5dc10dfa6f254cb4/library/std/src/../../backtrace/src/backtrace/libunwind.rs:116:5
   1:     0x7d878898ace5 - std::backtrace_rs::backtrace::trace_unsynchronized::hfe1e4f2cf14edc5e
                               at /rustc/6f3df08aadf71e8d4bf7e49f5dc10dfa6f254cb4/library/std/src/../../backtrace/src/backtrace/mod.rs:66:5
   2:     0x7d878898ace5 - std::sys_common::backtrace::_print_fmt::hd4cb17eb4237f30f
                               at /rustc/6f3df08aadf71e8d4bf7e49f5dc10dfa6f254cb4/library/std/src/sys_common/backtrace.rs:68:5
   3:     0x7d878898ace5 - <std::sys_common::backtrace::_print::DisplayBacktrace as core::fmt::Display>::fmt::he8e44b2116cb2fa3
                               at /rustc/6f3df08aadf71e8d4bf7e49f5dc10dfa6f254cb4/library/std/src/sys_common/backtrace.rs:44:22
   4:     0x7d87889dbb7b - core::fmt::rt::Argument::fmt::h931de616dfdf63a5
                               at /rustc/6f3df08aadf71e8d4bf7e49f5dc10dfa6f254cb4/library/core/src/fmt/rt.rs:165:63
   5:     0x7d87889dbb7b - core::fmt::write::h8f04a468dbccee28
                               at /rustc/6f3df08aadf71e8d4bf7e49f5dc10dfa6f254cb4/library/core/src/fmt/mod.rs:1168:21
   6:     0x7d878897f9bf - std::io::Write::write_fmt::h714c06f59ef94551
                               at /rustc/6f3df08aadf71e8d4bf7e49f5dc10dfa6f254cb4/library/std/src/io/mod.rs:1835:15
   7:     0x7d878898aabe - std::sys_common::backtrace::_print::he601ef8c26e1bc2c
                               at /rustc/6f3df08aadf71e8d4bf7e49f5dc10dfa6f254cb4/library/std/src/sys_common/backtrace.rs:47:5
   8:     0x7d878898aabe - std::sys_common::backtrace::print::h12a89dd179a7b743
                               at /rustc/6f3df08aadf71e8d4bf7e49f5dc10dfa6f254cb4/library/std/src/sys_common/backtrace.rs:34:9
   9:     0x7d878898d4f9 - std::panicking::default_hook::{{closure}}::h5cfb9d596f3a4267
  10:     0x7d878898d29a - std::panicking::default_hook::h001780c507e2f0f7
                               at /rustc/6f3df08aadf71e8d4bf7e49f5dc10dfa6f254cb4/library/std/src/panicking.rs:298:9
  11:     0x7d878bb33b91 - std[362b16250628d2ae]::panicking::update_hook::<alloc[36c56ba0e371072d]::boxed::Box<rustc_driver_impl[33236637d18b51d0]::install_ice_hook::{closure#0}>>::{closure#0}
  12:     0x7d878898dc2b - <alloc::boxed::Box<F,A> as core::ops::function::Fn<Args>>::call::h1df67ed3fceec998
                               at /rustc/6f3df08aadf71e8d4bf7e49f5dc10dfa6f254cb4/library/alloc/src/boxed.rs:2077:9
  13:     0x7d878898dc2b - std::panicking::rust_panic_with_hook::h7947d7d7856ccdd3
                               at /rustc/6f3df08aadf71e8d4bf7e49f5dc10dfa6f254cb4/library/std/src/panicking.rs:799:13
  14:     0x7d878bb64644 - std[362b16250628d2ae]::panicking::begin_panic::<rustc_errors[59a72888fd61d3ce]::ExplicitBug>::{closure#0}
  15:     0x7d878bb60f76 - std[362b16250628d2ae]::sys_common::backtrace::__rust_end_short_backtrace::<std[362b16250628d2ae]::panicking::begin_panic<rustc_errors[59a72888fd61d3ce]::ExplicitBug>::{closure#0}, !>
  16:     0x7d878bb5c2c6 - std[362b16250628d2ae]::panicking::begin_panic::<rustc_errors[59a72888fd61d3ce]::ExplicitBug>
  17:     0x7d878bb6dae1 - <rustc_errors[59a72888fd61d3ce]::diagnostic::BugAbort as rustc_errors[59a72888fd61d3ce]::diagnostic::EmissionGuarantee>::emit_producing_guarantee
  18:     0x7d878bbe58b8 - <rustc_errors[59a72888fd61d3ce]::DiagCtxt>::span_bug::<rustc_span[6ca5b1b463c06ed1]::span_encoding::Span, alloc[36c56ba0e371072d]::string::String>
  19:     0x7d878d9a15e8 - <rustc_hir_analysis[f3a612bb42ebe79f]::collect::resolve_bound_vars::BoundVarContext>::resolve_type_ref
  20:     0x7d878a78105b - rustc_hir[3c782d62d487b8fa]::intravisit::walk_qpath::<rustc_hir_analysis[f3a612bb42ebe79f]::collect::resolve_bound_vars::BoundVarContext>
  21:     0x7d878a77bbb5 - <rustc_hir_analysis[f3a612bb42ebe79f]::collect::resolve_bound_vars::BoundVarContext as rustc_hir[3c782d62d487b8fa]::intravisit::Visitor>::visit_path
  22:     0x7d878d997e5d - <rustc_hir_analysis[f3a612bb42ebe79f]::collect::resolve_bound_vars::BoundVarContext>::visit_poly_trait_ref_inner
  23:     0x7d878d99b1f5 - rustc_hir[3c782d62d487b8fa]::intravisit::walk_item::<rustc_hir_analysis[f3a612bb42ebe79f]::collect::resolve_bound_vars::BoundVarContext>
  24:     0x7d878d99a935 - <rustc_hir_analysis[f3a612bb42ebe79f]::collect::resolve_bound_vars::BoundVarContext as rustc_hir[3c782d62d487b8fa]::intravisit::Visitor>::visit_item
  25:     0x7d878d803e58 - rustc_hir_analysis[f3a612bb42ebe79f]::collect::resolve_bound_vars::resolve_bound_vars
  26:     0x7d878d8039f7 - rustc_query_impl[a4ad450ce75c81f3]::plumbing::__rust_begin_short_backtrace::<rustc_query_impl[a4ad450ce75c81f3]::query_impl::resolve_bound_vars::dynamic_query::{closure#2}::{closure#0}, rustc_middle[d10142e9169e5087]::query::erase::Erased<[u8; 8usize]>>
  27:     0x7d878d8003f0 - rustc_query_system[466e502815dde757]::query::plumbing::try_execute_query::<rustc_query_impl[a4ad450ce75c81f3]::DynamicConfig<rustc_query_system[466e502815dde757]::query::caches::VecCache<rustc_hir[3c782d62d487b8fa]::hir_id::OwnerId, rustc_middle[d10142e9169e5087]::query::erase::Erased<[u8; 8usize]>>, false, false, false>, rustc_query_impl[a4ad450ce75c81f3]::plumbing::QueryCtxt, true>
  28:     0x7d878d7ff732 - rustc_query_impl[a4ad450ce75c81f3]::query_impl::resolve_bound_vars::get_query_incr::__rust_end_short_backtrace
  29:     0x7d878d7fda93 - rustc_query_impl[a4ad450ce75c81f3]::plumbing::__rust_begin_short_backtrace::<rustc_query_impl[a4ad450ce75c81f3]::query_impl::late_bound_vars_map::dynamic_query::{closure#2}::{closure#0}, rustc_middle[d10142e9169e5087]::query::erase::Erased<[u8; 8usize]>>
  30:     0x7d878d8003f0 - rustc_query_system[466e502815dde757]::query::plumbing::try_execute_query::<rustc_query_impl[a4ad450ce75c81f3]::DynamicConfig<rustc_query_system[466e502815dde757]::query::caches::VecCache<rustc_hir[3c782d62d487b8fa]::hir_id::OwnerId, rustc_middle[d10142e9169e5087]::query::erase::Erased<[u8; 8usize]>>, false, false, false>, rustc_query_impl[a4ad450ce75c81f3]::plumbing::QueryCtxt, true>
  31:     0x7d878d7faca8 - rustc_query_impl[a4ad450ce75c81f3]::query_impl::late_bound_vars_map::get_query_incr::__rust_end_short_backtrace
  32:     0x7d878d7faecd - <rustc_middle[d10142e9169e5087]::ty::context::TyCtxt>::late_bound_vars
  33:     0x7d878dd7e862 - <dyn rustc_hir_analysis[f3a612bb42ebe79f]::hir_ty_lowering::HirTyLowerer>::lower_poly_trait_ref
  34:     0x7d878d8f8aa8 - <dyn rustc_hir_analysis[f3a612bb42ebe79f]::hir_ty_lowering::HirTyLowerer>::lower_mono_bounds
  35:     0x7d878dc41530 - rustc_hir_analysis[f3a612bb42ebe79f]::collect::item_bounds::opaque_type_bounds
  36:     0x7d878dc403ae - rustc_hir_analysis[f3a612bb42ebe79f]::collect::item_bounds::explicit_item_bounds_with_filter
  37:     0x7d878dc3ff54 - rustc_hir_analysis[f3a612bb42ebe79f]::collect::item_bounds::explicit_item_bounds
  38:     0x7d878dc3ff35 - rustc_query_impl[a4ad450ce75c81f3]::plumbing::__rust_begin_short_backtrace::<rustc_query_impl[a4ad450ce75c81f3]::query_impl::explicit_item_bounds::dynamic_query::{closure#2}::{closure#0}, rustc_middle[d10142e9169e5087]::query::erase::Erased<[u8; 16usize]>>
  39:     0x7d878dc3ff09 - <rustc_query_impl[a4ad450ce75c81f3]::query_impl::explicit_item_bounds::dynamic_query::{closure#2} as core[5f8c442e32640be5]::ops::function::FnOnce<(rustc_middle[d10142e9169e5087]::ty::context::TyCtxt, rustc_span[6ca5b1b463c06ed1]::def_id::DefId)>>::call_once
  40:     0x7d878d5f310c - rustc_query_system[466e502815dde757]::query::plumbing::try_execute_query::<rustc_query_impl[a4ad450ce75c81f3]::DynamicConfig<rustc_query_system[466e502815dde757]::query::caches::DefIdCache<rustc_middle[d10142e9169e5087]::query::erase::Erased<[u8; 16usize]>>, false, false, false>, rustc_query_impl[a4ad450ce75c81f3]::plumbing::QueryCtxt, true>
  41:     0x7d878ddc25a3 - rustc_query_impl[a4ad450ce75c81f3]::query_impl::explicit_item_bounds::get_query_incr::__rust_end_short_backtrace
  42:     0x7d878d655cd7 - <rustc_hir_analysis[f3a612bb42ebe79f]::collect::CollectItemTypesVisitor as rustc_hir[3c782d62d487b8fa]::intravisit::Visitor>::visit_item
  43:     0x7d878d64b6c4 - rustc_hir_analysis[f3a612bb42ebe79f]::check::wfcheck::check_well_formed
  44:     0x7d878d64b5c7 - rustc_query_impl[a4ad450ce75c81f3]::plumbing::__rust_begin_short_backtrace::<rustc_query_impl[a4ad450ce75c81f3]::query_impl::check_well_formed::dynamic_query::{closure#2}::{closure#0}, rustc_middle[d10142e9169e5087]::query::erase::Erased<[u8; 1usize]>>
  45:     0x7d878d4d63bb - rustc_query_system[466e502815dde757]::query::plumbing::try_execute_query::<rustc_query_impl[a4ad450ce75c81f3]::DynamicConfig<rustc_query_system[466e502815dde757]::query::caches::VecCache<rustc_hir[3c782d62d487b8fa]::hir_id::OwnerId, rustc_middle[d10142e9169e5087]::query::erase::Erased<[u8; 1usize]>>, false, false, false>, rustc_query_impl[a4ad450ce75c81f3]::plumbing::QueryCtxt, true>
  46:     0x7d878d4d5ec7 - rustc_query_impl[a4ad450ce75c81f3]::query_impl::check_well_formed::get_query_incr::__rust_end_short_backtrace
  47:     0x7d878d6489b7 - rustc_hir_analysis[f3a612bb42ebe79f]::check::wfcheck::check_mod_type_wf
  48:     0x7d878d6487e1 - rustc_query_impl[a4ad450ce75c81f3]::plumbing::__rust_begin_short_backtrace::<rustc_query_impl[a4ad450ce75c81f3]::query_impl::check_mod_type_wf::dynamic_query::{closure#2}::{closure#0}, rustc_middle[d10142e9169e5087]::query::erase::Erased<[u8; 1usize]>>
  49:     0x7d878da70b67 - rustc_query_system[466e502815dde757]::query::plumbing::try_execute_query::<rustc_query_impl[a4ad450ce75c81f3]::DynamicConfig<rustc_query_system[466e502815dde757]::query::caches::DefaultCache<rustc_span[6ca5b1b463c06ed1]::def_id::LocalModDefId, rustc_middle[d10142e9169e5087]::query::erase::Erased<[u8; 1usize]>>, false, false, false>, rustc_query_impl[a4ad450ce75c81f3]::plumbing::QueryCtxt, true>
  50:     0x7d878da7181a - rustc_query_impl[a4ad450ce75c81f3]::query_impl::check_mod_type_wf::get_query_incr::__rust_end_short_backtrace
  51:     0x7d878d66324c - rustc_hir_analysis[f3a612bb42ebe79f]::check_crate
  52:     0x7d878d67c5fe - rustc_interface[749128fb2397a9e]::passes::analysis
  53:     0x7d878d67c15b - rustc_query_impl[a4ad450ce75c81f3]::plumbing::__rust_begin_short_backtrace::<rustc_query_impl[a4ad450ce75c81f3]::query_impl::analysis::dynamic_query::{closure#2}::{closure#0}, rustc_middle[d10142e9169e5087]::query::erase::Erased<[u8; 1usize]>>
  54:     0x7d878df6640a - rustc_query_system[466e502815dde757]::query::plumbing::try_execute_query::<rustc_query_impl[a4ad450ce75c81f3]::DynamicConfig<rustc_query_system[466e502815dde757]::query::caches::SingleCache<rustc_middle[d10142e9169e5087]::query::erase::Erased<[u8; 1usize]>>, false, false, false>, rustc_query_impl[a4ad450ce75c81f3]::plumbing::QueryCtxt, true>
  55:     0x7d878df6603a - rustc_query_impl[a4ad450ce75c81f3]::query_impl::analysis::get_query_incr::__rust_end_short_backtrace
  56:     0x7d878dbee71c - rustc_interface[749128fb2397a9e]::interface::run_compiler::<core[5f8c442e32640be5]::result::Result<(), rustc_span[6ca5b1b463c06ed1]::ErrorGuaranteed>, rustc_driver_impl[33236637d18b51d0]::run_compiler::{closure#0}>::{closure#1}
  57:     0x7d878dbd97e7 - std[362b16250628d2ae]::sys_common::backtrace::__rust_begin_short_backtrace::<rustc_interface[749128fb2397a9e]::util::run_in_thread_with_globals<rustc_interface[749128fb2397a9e]::util::run_in_thread_pool_with_globals<rustc_interface[749128fb2397a9e]::interface::run_compiler<core[5f8c442e32640be5]::result::Result<(), rustc_span[6ca5b1b463c06ed1]::ErrorGuaranteed>, rustc_driver_impl[33236637d18b51d0]::run_compiler::{closure#0}>::{closure#1}, core[5f8c442e32640be5]::result::Result<(), rustc_span[6ca5b1b463c06ed1]::ErrorGuaranteed>>::{closure#0}, core[5f8c442e32640be5]::result::Result<(), rustc_span[6ca5b1b463c06ed1]::ErrorGuaranteed>>::{closure#0}::{closure#0}, core[5f8c442e32640be5]::result::Result<(), rustc_span[6ca5b1b463c06ed1]::ErrorGuaranteed>>
  58:     0x7d878dbd95aa - <<std[362b16250628d2ae]::thread::Builder>::spawn_unchecked_<rustc_interface[749128fb2397a9e]::util::run_in_thread_with_globals<rustc_interface[749128fb2397a9e]::util::run_in_thread_pool_with_globals<rustc_interface[749128fb2397a9e]::interface::run_compiler<core[5f8c442e32640be5]::result::Result<(), rustc_span[6ca5b1b463c06ed1]::ErrorGuaranteed>, rustc_driver_impl[33236637d18b51d0]::run_compiler::{closure#0}>::{closure#1}, core[5f8c442e32640be5]::result::Result<(), rustc_span[6ca5b1b463c06ed1]::ErrorGuaranteed>>::{closure#0}, core[5f8c442e32640be5]::result::Result<(), rustc_span[6ca5b1b463c06ed1]::ErrorGuaranteed>>::{closure#0}::{closure#0}, core[5f8c442e32640be5]::result::Result<(), rustc_span[6ca5b1b463c06ed1]::ErrorGuaranteed>>::{closure#2} as core[5f8c442e32640be5]::ops::function::FnOnce<()>>::call_once::{shim:vtable#0}
  59:     0x7d8788997bfb - <alloc::boxed::Box<F,A> as core::ops::function::FnOnce<Args>>::call_once::hc666fad739fe414e
                               at /rustc/6f3df08aadf71e8d4bf7e49f5dc10dfa6f254cb4/library/alloc/src/boxed.rs:2063:9
  60:     0x7d8788997bfb - <alloc::boxed::Box<F,A> as core::ops::function::FnOnce<Args>>::call_once::hcd8201f663299c4b
                               at /rustc/6f3df08aadf71e8d4bf7e49f5dc10dfa6f254cb4/library/alloc/src/boxed.rs:2063:9
  61:     0x7d8788997bfb - std::sys::pal::unix::thread::Thread::new::thread_start::h4f248c4f539e2e55
                               at /rustc/6f3df08aadf71e8d4bf7e49f5dc10dfa6f254cb4/library/std/src/sys/pal/unix/thread.rs:108:17
  62:     0x7d8788694ac3 - start_thread
                               at ./nptl/pthread_create.c:442:8
  63:     0x7d87887268c0 - __GI___clone3
                               at ./misc/../sysdeps/unix/sysv/linux/x86_64/clone3.S:81
  64:                0x0 - <unknown>

note: we would appreciate a bug report: https://github.com/rust-lang/rust/issues/new?labels=C-bug%2C+I-ICE%2C+T-compiler&template=ice.md

note: please make sure that you have updated to the latest nightly

note: please attach the file at `/data/zhangtianrong/projects/rustc-cbl/run/125843/rustc-ice-2026-01-14T13_52_11-4142942.txt` to your bug report

note: compiler flags: --crate-type bin -C embed-bitcode=no -C debuginfo=2 -C incremental=[REDACTED]

note: some of the compiler flags provided by cargo are hidden

query stack during panic:
#0 [resolve_bound_vars] resolving lifetimes
#1 [late_bound_vars_map] looking up late bound vars
#2 [explicit_item_bounds] finding item bounds for `kind::{opaque#0}::{opaque#0}`
#3 [check_well_formed] checking that `kind::{opaque#0}::{opaque#0}` is well-formed
#4 [check_mod_type_wf] checking that types are well-formed in top-level module
#5 [analysis] running analysis passes on this crate
end of query stack
Some errors have detailed explanations: E0106, E0107, E0220, E0412.
For more information about an error, try `rustc --explain E0106`.
warning: `bug_125843` (bin "bug_125843") generated 3 warnings
error: could not compile `bug_125843` (bin "bug_125843") due to 8 previous errors; 3 warnings emitted
------------------------------------------------------------
Return code: 101
