=== START 2026-01-18 18:05:58 ===
Bug ID: 127781
Toolchain: nightly-2024-07-14
Source: /data/zhangtianrong/projects/rustc-cbl/rustcbugs/127781
Run dir: /data/zhangtianrong/projects/rustc-cbl/run/127781
CMD: rustup run nightly-2024-07-14 cargo build
------------------------------------------------------------
    Updating crates.io index
     Locking 48 packages to latest compatible versions
      Adding redox_syscall v0.5.18 (latest: v0.7.0)
      Adding wasi v0.11.1+wasi-snapshot-preview1 (latest: v0.14.7+wasi-0.2.4)
      Adding windows-sys v0.60.2 (latest: v0.61.2)
   Compiling proc-macro2 v1.0.105
   Compiling unicode-ident v1.0.22
   Compiling libc v0.2.180
   Compiling quote v1.0.43
   Compiling pin-project-lite v0.2.16
   Compiling futures-sink v0.3.31
   Compiling futures-core v0.3.31
   Compiling parking_lot_core v0.9.12
   Compiling scopeguard v1.2.0
   Compiling cfg-if v1.0.4
   Compiling pin-utils v0.1.0
   Compiling smallvec v1.15.1
   Compiling slab v0.4.11
   Compiling memchr v2.7.6
   Compiling futures-io v0.3.31
   Compiling futures-task v0.3.31
   Compiling anyhow v1.0.100
   Compiling bytes v1.11.0
   Compiling lock_api v0.4.14
   Compiling futures-channel v0.3.31
   Compiling syn v2.0.114
   Compiling errno v0.3.14
   Compiling socket2 v0.6.1
   Compiling mio v1.1.1
   Compiling signal-hook-registry v1.4.8
   Compiling parking_lot v0.12.5
   Compiling futures-macro v0.3.31
   Compiling tokio-macros v2.6.0
   Compiling tokio v1.49.0
   Compiling futures-util v0.3.31
   Compiling futures-executor v0.3.31
   Compiling futures v0.3.31
   Compiling bug_127781 v0.1.0 (/data/zhangtianrong/projects/rustc-cbl/run/127781)
error[E0277]: the size for values of type `str` cannot be known at compilation time
  --> src/main.rs:15:35
   |
15 |         .try_for_each(async move |value| {
   |                                   ^^^^^ doesn't have a size known at compile-time
   |
   = help: the trait `Sized` is not implemented for `str`
   = note: all local variables must have a statically known size
   = help: unsized locals are gated as an unstable feature

error[E0599]: no method named `as_str` found for type `str` in the current scope
  --> src/main.rs:20:30
   |
20 |             accept_str(value.as_str());
   |                             -^^^^^^-- help: remove this method call

error[E0308]: mismatched types
  --> src/main.rs:23:27
   |
23 |             accept_string(&value); // ok
   |             ------------- ^^^^^^ expected `&String`, found `&str`
   |             |
   |             arguments to this function are incorrect
   |
   = note: expected reference `&String`
              found reference `&str`
note: function defined here
  --> src/main.rs:7:4
   |
7  | fn accept_string(_: &String) {}
   |    ^^^^^^^^^^^^^ ----------

error[E0631]: type mismatch in function arguments
   --> src/main.rs:15:23
    |
15  |           .try_for_each(async move |value| {
    |  __________------------_^
    | |          |
    | |          required by a bound introduced by this call
16  | |             // error on whole closure, rust thinks that type of value is `str`
17  | |             accept_str(&value);
...   |
25  | |             Ok(())
26  | |         })
    | |         ^
    | |         |
    | |_________expected due to this
    |           found signature defined here
    |
    = note: expected function signature `fn(String) -> _`
               found function signature `fn(str) -> _`
note: required by a bound in `futures::TryStreamExt::try_for_each`
   --> /data/zhangtianrong/.cargo/registry/src/index.crates.io-6f17d22bba15001f/futures-util-0.3.31/src/stream/try_stream/mod.rs:446:31
    |
444 |     fn try_for_each<Fut, F>(self, f: F) -> TryForEach<Self, Fut, F>
    |        ------------ required by a bound in this associated function
445 |     where
446 |         F: FnMut(Self::Ok) -> Fut,
    |                               ^^^ required by this bound in `TryStreamExt::try_for_each`

error[E0631]: type mismatch in function arguments
  --> src/main.rs:27:10
   |
27 |         .await?;
   |          ^^^^^
   |          |
   |          expected due to this
   |          found signature defined here
   |
   = note: expected function signature `fn(String) -> _`
              found function signature `fn(str) -> _`
   = note: required for `TryForEach<Map<Take<RepeatWith<{closure@main.rs:12:17}>>, fn(...) -> ... {Result::<..., ...>::Ok}>, ..., ...>` to implement `futures::Future`
   = note: required for `TryForEach<Map<Take<RepeatWith<{closure@main.rs:12:17}>>, fn(...) -> ... {Result::<..., ...>::Ok}>, ..., ...>` to implement `std::future::IntoFuture`
   = note: the full name for the type has been written to '/data/zhangtianrong/projects/rustc-cbl/run/127781/target/debug/deps/bug_127781-9e92969c4b2fed83.long-type-16483367556939982115.txt'
   = note: consider using `--verbose` to print the full type name to the console
   = note: the full name for the type has been written to '/data/zhangtianrong/projects/rustc-cbl/run/127781/target/debug/deps/bug_127781-9e92969c4b2fed83.long-type-16483367556939982115.txt'
   = note: consider using `--verbose` to print the full type name to the console

Some errors have detailed explanations: E0277, E0308, E0599, E0631.
For more information about an error, try `rustc --explain E0277`.
error: could not compile `bug_127781` (bin "bug_127781") due to 5 previous errors
------------------------------------------------------------
Return code: 101
