=== START 2026-01-14 21:49:01 ===
Bug ID: 127746
Toolchain: nightly-2024-07-13
Source: /data/zhangtianrong/projects/rustc-cbl/rustcbugs/127746
Run dir: /data/zhangtianrong/projects/rustc-cbl/run/127746
CMD: rustup run nightly-2024-07-13 cargo build
------------------------------------------------------------
    Blocking waiting for file lock on package cache
    Blocking waiting for file lock on package cache
    Blocking waiting for file lock on package cache
   Compiling bug_127746 v0.1.0 (/data/zhangtianrong/projects/rustc-cbl/run/127746)
error[E0380]: auto traits cannot have associated items
  --> src/main.rs:12:10
   |
11 | auto trait Fn {
   |            -- auto traits cannot have associated items
12 |     type Output;
   |     -----^^^^^^- help: remove these associated items

error[E0107]: trait takes 0 generic arguments but 1 generic argument was supplied
  --> src/main.rs:6:16
   |
6  | fn f() -> impl Fn(T) {
   |                ^^--- help: remove these parenthetical generics
   |                |
   |                expected 0 generic arguments
   |
note: trait defined here, with 0 generic parameters
  --> src/main.rs:11:12
   |
11 | auto trait Fn {
   |            ^^

error: internal compiler error: compiler/rustc_trait_selection/src/traits/project.rs:1206:21: unexpected builtin trait with associated type: <{closure@src/main.rs:8:5: 8:8} as Fn>

thread 'rustc' panicked at compiler/rustc_trait_selection/src/traits/project.rs:1206:21:
Box<dyn Any>
stack backtrace:
   0:     0x74a1d5b8bab5 - std::backtrace_rs::backtrace::libunwind::trace::h90ef53671b8f35e2
                               at /rustc/c6727fc9b5c64cefa7263486497ee95e529bd0f8/library/std/src/../../backtrace/src/backtrace/libunwind.rs:116:5
   1:     0x74a1d5b8bab5 - std::backtrace_rs::backtrace::trace_unsynchronized::h4f56cd06e6931e36
                               at /rustc/c6727fc9b5c64cefa7263486497ee95e529bd0f8/library/std/src/../../backtrace/src/backtrace/mod.rs:66:5
   2:     0x74a1d5b8bab5 - std::sys::backtrace::_print_fmt::hc7ca1bfe672db1b4
                               at /rustc/c6727fc9b5c64cefa7263486497ee95e529bd0f8/library/std/src/sys/backtrace.rs:68:5
   3:     0x74a1d5b8bab5 - <std::sys::backtrace::_print::DisplayBacktrace as core::fmt::Display>::fmt::h103b2337102fecbf
                               at /rustc/c6727fc9b5c64cefa7263486497ee95e529bd0f8/library/std/src/sys/backtrace.rs:44:22
   4:     0x74a1d5bdb50b - core::fmt::rt::Argument::fmt::h1c3f905c574b7e34
                               at /rustc/c6727fc9b5c64cefa7263486497ee95e529bd0f8/library/core/src/fmt/rt.rs:173:76
   5:     0x74a1d5bdb50b - core::fmt::write::h7386266427c35607
                               at /rustc/c6727fc9b5c64cefa7263486497ee95e529bd0f8/library/core/src/fmt/mod.rs:1182:21
   6:     0x74a1d5b803ef - std::io::Write::write_fmt::h6342dfcd770ba156
                               at /rustc/c6727fc9b5c64cefa7263486497ee95e529bd0f8/library/std/src/io/mod.rs:1835:15
   7:     0x74a1d5b8b88e - std::sys::backtrace::_print::h4286525352765247
                               at /rustc/c6727fc9b5c64cefa7263486497ee95e529bd0f8/library/std/src/sys/backtrace.rs:47:5
   8:     0x74a1d5b8b88e - std::sys::backtrace::print::hc98e431c340084b2
                               at /rustc/c6727fc9b5c64cefa7263486497ee95e529bd0f8/library/std/src/sys/backtrace.rs:34:9
   9:     0x74a1d5b8e1d9 - std::panicking::default_hook::{{closure}}::h2ab543053f1e54a6
  10:     0x74a1d5b8df7c - std::panicking::default_hook::ha284c4ce18b0445e
                               at /rustc/c6727fc9b5c64cefa7263486497ee95e529bd0f8/library/std/src/panicking.rs:292:9
  11:     0x74a1d900b1fa - std[85c3ca4c170da0bb]::panicking::update_hook::<alloc[d335478de6b4a53f]::boxed::Box<rustc_driver_impl[dc4b00a9cfefcaac]::install_ice_hook::{closure#0}>>::{closure#0}
  12:     0x74a1d5b8eaff - <alloc::boxed::Box<F,A> as core::ops::function::Fn<Args>>::call::hbe29137bf798c82c
                               at /rustc/c6727fc9b5c64cefa7263486497ee95e529bd0f8/library/alloc/src/boxed.rs:2078:9
  13:     0x74a1d5b8eaff - std::panicking::rust_panic_with_hook::h869b30cecbb157c4
                               at /rustc/c6727fc9b5c64cefa7263486497ee95e529bd0f8/library/std/src/panicking.rs:804:13
  14:     0x74a1d9046151 - std[85c3ca4c170da0bb]::panicking::begin_panic::<rustc_errors[24d2db88e61fdfbe]::ExplicitBug>::{closure#0}
  15:     0x74a1d9039106 - std[85c3ca4c170da0bb]::sys::backtrace::__rust_end_short_backtrace::<std[85c3ca4c170da0bb]::panicking::begin_panic<rustc_errors[24d2db88e61fdfbe]::ExplicitBug>::{closure#0}, !>
  16:     0x74a1d90390b6 - std[85c3ca4c170da0bb]::panicking::begin_panic::<rustc_errors[24d2db88e61fdfbe]::ExplicitBug>
  17:     0x74a1d904f391 - <rustc_errors[24d2db88e61fdfbe]::diagnostic::BugAbort as rustc_errors[24d2db88e61fdfbe]::diagnostic::EmissionGuarantee>::emit_producing_guarantee
  18:     0x74a1d965c664 - rustc_middle[aeeec62211ae3a75]::util::bug::opt_span_bug_fmt::<rustc_span[67819806738ee56d]::span_encoding::Span>::{closure#0}
  19:     0x74a1d9642eda - rustc_middle[aeeec62211ae3a75]::ty::context::tls::with_opt::<rustc_middle[aeeec62211ae3a75]::util::bug::opt_span_bug_fmt<rustc_span[67819806738ee56d]::span_encoding::Span>::{closure#0}, !>::{closure#0}
  20:     0x74a1d9642d5b - rustc_middle[aeeec62211ae3a75]::ty::context::tls::with_context_opt::<rustc_middle[aeeec62211ae3a75]::ty::context::tls::with_opt<rustc_middle[aeeec62211ae3a75]::util::bug::opt_span_bug_fmt<rustc_span[67819806738ee56d]::span_encoding::Span>::{closure#0}, !>::{closure#0}, !>
  21:     0x74a1d6ff2d50 - rustc_middle[aeeec62211ae3a75]::util::bug::bug_fmt
  22:     0x74a1dae48e22 - rustc_trait_selection[32a10b8e227ae023]::traits::project::opt_normalize_projection_term
  23:     0x74a1d7022273 - <rustc_trait_selection[32a10b8e227ae023]::traits::fulfill::FulfillProcessor as rustc_data_structures[5a59d5c980137ab7]::obligation_forest::ObligationProcessor>::process_obligation
  24:     0x74a1da606af4 - <rustc_data_structures[5a59d5c980137ab7]::obligation_forest::ObligationForest<rustc_trait_selection[32a10b8e227ae023]::traits::fulfill::PendingPredicateObligation>>::process_obligations::<rustc_trait_selection[32a10b8e227ae023]::traits::fulfill::FulfillProcessor>
  25:     0x74a1da6a8068 - <rustc_hir_typeck[4115a8e785646128]::fn_ctxt::FnCtxt>::coerce
  26:     0x74a1da967e0b - rustc_hir_typeck[4115a8e785646128]::check::check_fn
  27:     0x74a1dafd7e07 - rustc_hir_typeck[4115a8e785646128]::typeck
  28:     0x74a1dafd779d - rustc_query_impl[1a70eeac4d27cd99]::plumbing::__rust_begin_short_backtrace::<rustc_query_impl[1a70eeac4d27cd99]::query_impl::typeck::dynamic_query::{closure#2}::{closure#0}, rustc_middle[aeeec62211ae3a75]::query::erase::Erased<[u8; 8usize]>>
  29:     0x74a1da98c038 - rustc_query_system[a1535082eb398a6e]::query::plumbing::try_execute_query::<rustc_query_impl[1a70eeac4d27cd99]::DynamicConfig<rustc_query_system[a1535082eb398a6e]::query::caches::VecCache<rustc_span[67819806738ee56d]::def_id::LocalDefId, rustc_middle[aeeec62211ae3a75]::query::erase::Erased<[u8; 8usize]>>, false, false, false>, rustc_query_impl[1a70eeac4d27cd99]::plumbing::QueryCtxt, true>
  30:     0x74a1da996014 - rustc_query_impl[1a70eeac4d27cd99]::query_impl::typeck::get_query_incr::__rust_end_short_backtrace
  31:     0x74a1dae858b3 - rustc_middle[aeeec62211ae3a75]::query::plumbing::query_get_at::<rustc_query_system[a1535082eb398a6e]::query::caches::VecCache<rustc_span[67819806738ee56d]::def_id::LocalDefId, rustc_middle[aeeec62211ae3a75]::query::erase::Erased<[u8; 8usize]>>>
  32:     0x74a1db4992ab - rustc_hir_analysis[45c875b93a141787]::collect::type_of::type_of_opaque
  33:     0x74a1db4991e9 - rustc_query_impl[1a70eeac4d27cd99]::plumbing::__rust_begin_short_backtrace::<rustc_query_impl[1a70eeac4d27cd99]::query_impl::type_of_opaque::dynamic_query::{closure#2}::{closure#0}, rustc_middle[aeeec62211ae3a75]::query::erase::Erased<[u8; 8usize]>>
  34:     0x74a1da999b28 - rustc_query_system[a1535082eb398a6e]::query::plumbing::try_execute_query::<rustc_query_impl[1a70eeac4d27cd99]::DynamicConfig<rustc_query_system[a1535082eb398a6e]::query::caches::DefIdCache<rustc_middle[aeeec62211ae3a75]::query::erase::Erased<[u8; 8usize]>>, false, false, false>, rustc_query_impl[1a70eeac4d27cd99]::plumbing::QueryCtxt, true>
  35:     0x74a1db7c3c35 - rustc_query_impl[1a70eeac4d27cd99]::query_impl::type_of_opaque::get_query_incr::__rust_end_short_backtrace
  36:     0x74a1dac7f6c0 - rustc_middle[aeeec62211ae3a75]::query::plumbing::query_get_at::<rustc_query_system[a1535082eb398a6e]::query::caches::DefIdCache<rustc_middle[aeeec62211ae3a75]::query::erase::Erased<[u8; 8usize]>>>
  37:     0x74a1d8096144 - rustc_hir_analysis[45c875b93a141787]::collect::type_of::type_of
  38:     0x74a1da85692a - rustc_query_impl[1a70eeac4d27cd99]::plumbing::__rust_begin_short_backtrace::<rustc_query_impl[1a70eeac4d27cd99]::query_impl::type_of::dynamic_query::{closure#2}::{closure#0}, rustc_middle[aeeec62211ae3a75]::query::erase::Erased<[u8; 8usize]>>
  39:     0x74a1da999b28 - rustc_query_system[a1535082eb398a6e]::query::plumbing::try_execute_query::<rustc_query_impl[1a70eeac4d27cd99]::DynamicConfig<rustc_query_system[a1535082eb398a6e]::query::caches::DefIdCache<rustc_middle[aeeec62211ae3a75]::query::erase::Erased<[u8; 8usize]>>, false, false, false>, rustc_query_impl[1a70eeac4d27cd99]::plumbing::QueryCtxt, true>
  40:     0x74a1da997367 - rustc_query_impl[1a70eeac4d27cd99]::query_impl::type_of::get_query_incr::__rust_end_short_backtrace
  41:     0x74a1dac7f6c0 - rustc_middle[aeeec62211ae3a75]::query::plumbing::query_get_at::<rustc_query_system[a1535082eb398a6e]::query::caches::DefIdCache<rustc_middle[aeeec62211ae3a75]::query::erase::Erased<[u8; 8usize]>>>
  42:     0x74a1d80a31b8 - rustc_hir_analysis[45c875b93a141787]::check::wfcheck::check_well_formed
  43:     0x74a1dad059bd - rustc_query_impl[1a70eeac4d27cd99]::plumbing::__rust_begin_short_backtrace::<rustc_query_impl[1a70eeac4d27cd99]::query_impl::check_well_formed::dynamic_query::{closure#2}::{closure#0}, rustc_middle[aeeec62211ae3a75]::query::erase::Erased<[u8; 1usize]>>
  44:     0x74a1dad046fd - rustc_query_system[a1535082eb398a6e]::query::plumbing::try_execute_query::<rustc_query_impl[1a70eeac4d27cd99]::DynamicConfig<rustc_query_system[a1535082eb398a6e]::query::caches::VecCache<rustc_hir[b204fec8ca04ef98]::hir_id::OwnerId, rustc_middle[aeeec62211ae3a75]::query::erase::Erased<[u8; 1usize]>>, false, false, false>, rustc_query_impl[1a70eeac4d27cd99]::plumbing::QueryCtxt, true>
  45:     0x74a1dad041f7 - rustc_query_impl[1a70eeac4d27cd99]::query_impl::check_well_formed::get_query_incr::__rust_end_short_backtrace
  46:     0x74a1dad06649 - rustc_hir_analysis[45c875b93a141787]::check::wfcheck::check_mod_type_wf
  47:     0x74a1dad06499 - rustc_query_impl[1a70eeac4d27cd99]::plumbing::__rust_begin_short_backtrace::<rustc_query_impl[1a70eeac4d27cd99]::query_impl::check_mod_type_wf::dynamic_query::{closure#2}::{closure#0}, rustc_middle[aeeec62211ae3a75]::query::erase::Erased<[u8; 1usize]>>
  48:     0x74a1db434304 - rustc_query_system[a1535082eb398a6e]::query::plumbing::try_execute_query::<rustc_query_impl[1a70eeac4d27cd99]::DynamicConfig<rustc_query_system[a1535082eb398a6e]::query::caches::DefaultCache<rustc_span[67819806738ee56d]::def_id::LocalModDefId, rustc_middle[aeeec62211ae3a75]::query::erase::Erased<[u8; 1usize]>>, false, false, false>, rustc_query_impl[1a70eeac4d27cd99]::plumbing::QueryCtxt, true>
  49:     0x74a1db434fda - rustc_query_impl[1a70eeac4d27cd99]::query_impl::check_mod_type_wf::get_query_incr::__rust_end_short_backtrace
  50:     0x74a1da9858c1 - rustc_hir_analysis[45c875b93a141787]::check_crate
  51:     0x74a1da97c355 - rustc_interface[a6452cf60fc426fe]::passes::analysis
  52:     0x74a1da97bf07 - rustc_query_impl[1a70eeac4d27cd99]::plumbing::__rust_begin_short_backtrace::<rustc_query_impl[1a70eeac4d27cd99]::query_impl::analysis::dynamic_query::{closure#2}::{closure#0}, rustc_middle[aeeec62211ae3a75]::query::erase::Erased<[u8; 1usize]>>
  53:     0x74a1db4ac804 - rustc_query_system[a1535082eb398a6e]::query::plumbing::try_execute_query::<rustc_query_impl[1a70eeac4d27cd99]::DynamicConfig<rustc_query_system[a1535082eb398a6e]::query::caches::SingleCache<rustc_middle[aeeec62211ae3a75]::query::erase::Erased<[u8; 1usize]>>, false, false, false>, rustc_query_impl[1a70eeac4d27cd99]::plumbing::QueryCtxt, true>
  54:     0x74a1db4ac4ba - rustc_query_impl[1a70eeac4d27cd99]::query_impl::analysis::get_query_incr::__rust_end_short_backtrace
  55:     0x74a1db3c2745 - rustc_interface[a6452cf60fc426fe]::interface::run_compiler::<core[2213ecb858fb81d5]::result::Result<(), rustc_span[67819806738ee56d]::ErrorGuaranteed>, rustc_driver_impl[dc4b00a9cfefcaac]::run_compiler::{closure#0}>::{closure#1}
  56:     0x74a1db38f589 - std[85c3ca4c170da0bb]::sys::backtrace::__rust_begin_short_backtrace::<rustc_interface[a6452cf60fc426fe]::util::run_in_thread_with_globals<rustc_interface[a6452cf60fc426fe]::util::run_in_thread_pool_with_globals<rustc_interface[a6452cf60fc426fe]::interface::run_compiler<core[2213ecb858fb81d5]::result::Result<(), rustc_span[67819806738ee56d]::ErrorGuaranteed>, rustc_driver_impl[dc4b00a9cfefcaac]::run_compiler::{closure#0}>::{closure#1}, core[2213ecb858fb81d5]::result::Result<(), rustc_span[67819806738ee56d]::ErrorGuaranteed>>::{closure#0}, core[2213ecb858fb81d5]::result::Result<(), rustc_span[67819806738ee56d]::ErrorGuaranteed>>::{closure#0}::{closure#0}, core[2213ecb858fb81d5]::result::Result<(), rustc_span[67819806738ee56d]::ErrorGuaranteed>>
  57:     0x74a1db38f33a - <<std[85c3ca4c170da0bb]::thread::Builder>::spawn_unchecked_<rustc_interface[a6452cf60fc426fe]::util::run_in_thread_with_globals<rustc_interface[a6452cf60fc426fe]::util::run_in_thread_pool_with_globals<rustc_interface[a6452cf60fc426fe]::interface::run_compiler<core[2213ecb858fb81d5]::result::Result<(), rustc_span[67819806738ee56d]::ErrorGuaranteed>, rustc_driver_impl[dc4b00a9cfefcaac]::run_compiler::{closure#0}>::{closure#1}, core[2213ecb858fb81d5]::result::Result<(), rustc_span[67819806738ee56d]::ErrorGuaranteed>>::{closure#0}, core[2213ecb858fb81d5]::result::Result<(), rustc_span[67819806738ee56d]::ErrorGuaranteed>>::{closure#0}::{closure#0}, core[2213ecb858fb81d5]::result::Result<(), rustc_span[67819806738ee56d]::ErrorGuaranteed>>::{closure#2} as core[2213ecb858fb81d5]::ops::function::FnOnce<()>>::call_once::{shim:vtable#0}
  58:     0x74a1d5b9895b - <alloc::boxed::Box<F,A> as core::ops::function::FnOnce<Args>>::call_once::h7aa527871fe5008e
                               at /rustc/c6727fc9b5c64cefa7263486497ee95e529bd0f8/library/alloc/src/boxed.rs:2064:9
  59:     0x74a1d5b9895b - <alloc::boxed::Box<F,A> as core::ops::function::FnOnce<Args>>::call_once::h661f413d6ffad84b
                               at /rustc/c6727fc9b5c64cefa7263486497ee95e529bd0f8/library/alloc/src/boxed.rs:2064:9
  60:     0x74a1d5b9895b - std::sys::pal::unix::thread::Thread::new::thread_start::h77623da8b368e6ce
                               at /rustc/c6727fc9b5c64cefa7263486497ee95e529bd0f8/library/std/src/sys/pal/unix/thread.rs:108:17
  61:     0x74a1d5894ac3 - start_thread
                               at ./nptl/pthread_create.c:442:8
  62:     0x74a1d59268c0 - __GI___clone3
                               at ./misc/../sysdeps/unix/sysv/linux/x86_64/clone3.S:81
  63:                0x0 - <unknown>

note: we would appreciate a bug report: https://github.com/rust-lang/rust/issues/new?labels=C-bug%2C+I-ICE%2C+T-compiler&template=ice.md

note: please make sure that you have updated to the latest nightly

note: please attach the file at `/data/zhangtianrong/projects/rustc-cbl/run/127746/rustc-ice-2026-01-14T13_49_30-4126520.txt` to your bug report

note: compiler flags: --crate-type bin -C embed-bitcode=no -C debuginfo=2 -C incremental=[REDACTED]

note: some of the compiler flags provided by cargo are hidden

query stack during panic:
#0 [typeck] type-checking `f`
#1 [type_of_opaque] computing type of opaque `f::{opaque#0}`
#2 [type_of] computing type of `f::{opaque#0}`
#3 [check_well_formed] checking that `f::{opaque#0}` is well-formed
#4 [check_mod_type_wf] checking that types are well-formed in top-level module
#5 [analysis] running analysis passes on this crate
end of query stack
Some errors have detailed explanations: E0107, E0380.
For more information about an error, try `rustc --explain E0107`.
error: could not compile `bug_127746` (bin "bug_127746") due to 2 previous errors
------------------------------------------------------------
Return code: 101
