=== START 2026-01-18 19:59:49 ===
Bug ID: 128097
Toolchain: nightly-2024-07-22
Source: /data/zhangtianrong/projects/rustc-cbl/rustcbugs/128097
Run dir: /data/zhangtianrong/projects/rustc-cbl/run/128097
CMD: rustup run nightly-2024-07-22 cargo build
------------------------------------------------------------
   Compiling bug_128097 v0.1.0 (/data/zhangtianrong/projects/rustc-cbl/run/128097)
warning: the feature `explicit_tail_calls` is incomplete and may not be safe to use and/or cause compiler crashes
 --> src/main.rs:1:12
  |
1 | #![feature(explicit_tail_calls)]
  |            ^^^^^^^^^^^^^^^^^^^
  |
  = note: see issue #112788 <https://github.com/rust-lang/rust/issues/112788> for more information
  = note: `#[warn(incomplete_features)]` on by default

error[E0601]: `main` function not found in crate `bug_128097`
 --> src/main.rs:6:2
  |
6 | }
  |  ^ consider adding a `main` function to `src/main.rs`

error: internal compiler error: compiler/rustc_borrowck/src/borrow_set.rs:250:17: found two uses for 2-phase borrow temporary _7: bb5[1] and bb8[0]
 --> src/main.rs:4:9
  |
4 |         become cut(x);
  |         ^^^^^^^^^^^^^

thread 'rustc' panicked at compiler/rustc_borrowck/src/borrow_set.rs:250:17:
Box<dyn Any>
stack backtrace:
   0:     0x70bc17c593a5 - std::backtrace_rs::backtrace::libunwind::trace::h1a4b42fc71c6f5b1
                               at /rustc/92c6c03805408a1a261b98013304e9bbf59ee428/library/std/src/../../backtrace/src/backtrace/libunwind.rs:116:5
   1:     0x70bc17c593a5 - std::backtrace_rs::backtrace::trace_unsynchronized::hc0878458b0c286ed
                               at /rustc/92c6c03805408a1a261b98013304e9bbf59ee428/library/std/src/../../backtrace/src/backtrace/mod.rs:66:5
   2:     0x70bc17c593a5 - std::sys::backtrace::_print_fmt::hc2eebcf2e1a979d8
                               at /rustc/92c6c03805408a1a261b98013304e9bbf59ee428/library/std/src/sys/backtrace.rs:65:5
   3:     0x70bc17c593a5 - <std::sys::backtrace::BacktraceLock::print::DisplayBacktrace as core::fmt::Display>::fmt::h58b68dce33d403aa
                               at /rustc/92c6c03805408a1a261b98013304e9bbf59ee428/library/std/src/sys/backtrace.rs:40:26
   4:     0x70bc17ca8eab - core::fmt::rt::Argument::fmt::hb69138d18a1fce85
                               at /rustc/92c6c03805408a1a261b98013304e9bbf59ee428/library/core/src/fmt/rt.rs:173:76
   5:     0x70bc17ca8eab - core::fmt::write::h263968c13309cc35
                               at /rustc/92c6c03805408a1a261b98013304e9bbf59ee428/library/core/src/fmt/mod.rs:1182:21
   6:     0x70bc17c4de7f - std::io::Write::write_fmt::h155c315a0316fcff
                               at /rustc/92c6c03805408a1a261b98013304e9bbf59ee428/library/std/src/io/mod.rs:1827:15
   7:     0x70bc17c5bb91 - std::sys::backtrace::BacktraceLock::print::h56b41bb9e5fea820
                               at /rustc/92c6c03805408a1a261b98013304e9bbf59ee428/library/std/src/sys/backtrace.rs:43:9
   8:     0x70bc17c5bb91 - std::panicking::default_hook::{{closure}}::hd47ad2666f192c8e
                               at /rustc/92c6c03805408a1a261b98013304e9bbf59ee428/library/std/src/panicking.rs:269:22
   9:     0x70bc17c5b86c - std::panicking::default_hook::h5e41eff381341ca2
                               at /rustc/92c6c03805408a1a261b98013304e9bbf59ee428/library/std/src/panicking.rs:296:9
  10:     0x70bc1422452a - std[33dfad97486b5b6a]::panicking::update_hook::<alloc[96f8c72d6fe28199]::boxed::Box<rustc_driver_impl[98feca7a70d1b514]::install_ice_hook::{closure#0}>>::{closure#0}
  11:     0x70bc17c5c55f - <alloc::boxed::Box<F,A> as core::ops::function::Fn<Args>>::call::hda0e3836a3a97f73
                               at /rustc/92c6c03805408a1a261b98013304e9bbf59ee428/library/alloc/src/boxed.rs:2084:9
  12:     0x70bc17c5c55f - std::panicking::rust_panic_with_hook::haedd5384d2625e0c
                               at /rustc/92c6c03805408a1a261b98013304e9bbf59ee428/library/std/src/panicking.rs:808:13
  13:     0x70bc1425f441 - std[33dfad97486b5b6a]::panicking::begin_panic::<rustc_errors[e55a7f87a822b6e1]::ExplicitBug>::{closure#0}
  14:     0x70bc14252246 - std[33dfad97486b5b6a]::sys::backtrace::__rust_end_short_backtrace::<std[33dfad97486b5b6a]::panicking::begin_panic<rustc_errors[e55a7f87a822b6e1]::ExplicitBug>::{closure#0}, !>
  15:     0x70bc142521f6 - std[33dfad97486b5b6a]::panicking::begin_panic::<rustc_errors[e55a7f87a822b6e1]::ExplicitBug>
  16:     0x70bc142688c1 - <rustc_errors[e55a7f87a822b6e1]::diagnostic::BugAbort as rustc_errors[e55a7f87a822b6e1]::diagnostic::EmissionGuarantee>::emit_producing_guarantee
  17:     0x70bc13eb61a0 - <rustc_errors[e55a7f87a822b6e1]::DiagCtxtHandle>::span_bug::<rustc_span[bfd3593ce6ff6da3]::span_encoding::Span, alloc[96f8c72d6fe28199]::string::String>
  18:     0x70bc13f55967 - rustc_middle[fb0b81bda3584e88]::util::bug::opt_span_bug_fmt::<rustc_span[bfd3593ce6ff6da3]::span_encoding::Span>::{closure#0}
  19:     0x70bc13f55dea - rustc_middle[fb0b81bda3584e88]::ty::context::tls::with_opt::<rustc_middle[fb0b81bda3584e88]::util::bug::opt_span_bug_fmt<rustc_span[bfd3593ce6ff6da3]::span_encoding::Span>::{closure#0}, !>::{closure#0}
  20:     0x70bc13f08a1b - rustc_middle[fb0b81bda3584e88]::ty::context::tls::with_context_opt::<rustc_middle[fb0b81bda3584e88]::ty::context::tls::with_opt<rustc_middle[fb0b81bda3584e88]::util::bug::opt_span_bug_fmt<rustc_span[bfd3593ce6ff6da3]::span_encoding::Span>::{closure#0}, !>::{closure#0}, !>
  21:     0x70bc13f01f07 - rustc_middle[fb0b81bda3584e88]::util::bug::span_bug_fmt::<rustc_span[bfd3593ce6ff6da3]::span_encoding::Span>
  22:     0x70bc16f433ba - <rustc_borrowck[2b4020e4f18b0b32]::borrow_set::GatherBorrows as rustc_middle[fb0b81bda3584e88]::mir::visit::Visitor>::visit_operand.cold
  23:     0x70bc1243d546 - <rustc_borrowck[2b4020e4f18b0b32]::borrow_set::BorrowSet>::build
  24:     0x70bc167eb436 - rustc_borrowck[2b4020e4f18b0b32]::do_mir_borrowck
  25:     0x70bc167dc642 - rustc_query_impl[633af15b871b4c93]::plumbing::__rust_begin_short_backtrace::<rustc_query_impl[633af15b871b4c93]::query_impl::mir_borrowck::dynamic_query::{closure#2}::{closure#0}, rustc_middle[fb0b81bda3584e88]::query::erase::Erased<[u8; 8usize]>>
  26:     0x70bc15bc2da8 - rustc_query_system[c58003116033691a]::query::plumbing::try_execute_query::<rustc_query_impl[633af15b871b4c93]::DynamicConfig<rustc_query_system[c58003116033691a]::query::caches::VecCache<rustc_span[bfd3593ce6ff6da3]::def_id::LocalDefId, rustc_middle[fb0b81bda3584e88]::query::erase::Erased<[u8; 8usize]>>, false, false, false>, rustc_query_impl[633af15b871b4c93]::plumbing::QueryCtxt, true>
  27:     0x70bc15bdaf34 - rustc_query_impl[633af15b871b4c93]::query_impl::mir_borrowck::get_query_incr::__rust_end_short_backtrace
  28:     0x70bc15bc81a9 - rustc_interface[469b29fa148c28b8]::passes::analysis
  29:     0x70bc15bc734b - rustc_query_impl[633af15b871b4c93]::plumbing::__rust_begin_short_backtrace::<rustc_query_impl[633af15b871b4c93]::query_impl::analysis::dynamic_query::{closure#2}::{closure#0}, rustc_middle[fb0b81bda3584e88]::query::erase::Erased<[u8; 1usize]>>
  30:     0x70bc1689c178 - rustc_query_system[c58003116033691a]::query::plumbing::try_execute_query::<rustc_query_impl[633af15b871b4c93]::DynamicConfig<rustc_query_system[c58003116033691a]::query::caches::SingleCache<rustc_middle[fb0b81bda3584e88]::query::erase::Erased<[u8; 1usize]>>, false, false, false>, rustc_query_impl[633af15b871b4c93]::plumbing::QueryCtxt, true>
  31:     0x70bc1689be3a - rustc_query_impl[633af15b871b4c93]::query_impl::analysis::get_query_incr::__rust_end_short_backtrace
  32:     0x70bc165d77c5 - rustc_interface[469b29fa148c28b8]::interface::run_compiler::<core[f522034fee182eb]::result::Result<(), rustc_span[bfd3593ce6ff6da3]::ErrorGuaranteed>, rustc_driver_impl[98feca7a70d1b514]::run_compiler::{closure#0}>::{closure#1}
  33:     0x70bc165a0009 - std[33dfad97486b5b6a]::sys::backtrace::__rust_begin_short_backtrace::<rustc_interface[469b29fa148c28b8]::util::run_in_thread_with_globals<rustc_interface[469b29fa148c28b8]::util::run_in_thread_pool_with_globals<rustc_interface[469b29fa148c28b8]::interface::run_compiler<core[f522034fee182eb]::result::Result<(), rustc_span[bfd3593ce6ff6da3]::ErrorGuaranteed>, rustc_driver_impl[98feca7a70d1b514]::run_compiler::{closure#0}>::{closure#1}, core[f522034fee182eb]::result::Result<(), rustc_span[bfd3593ce6ff6da3]::ErrorGuaranteed>>::{closure#0}, core[f522034fee182eb]::result::Result<(), rustc_span[bfd3593ce6ff6da3]::ErrorGuaranteed>>::{closure#0}::{closure#0}, core[f522034fee182eb]::result::Result<(), rustc_span[bfd3593ce6ff6da3]::ErrorGuaranteed>>
  34:     0x70bc1659fdba - <<std[33dfad97486b5b6a]::thread::Builder>::spawn_unchecked_<rustc_interface[469b29fa148c28b8]::util::run_in_thread_with_globals<rustc_interface[469b29fa148c28b8]::util::run_in_thread_pool_with_globals<rustc_interface[469b29fa148c28b8]::interface::run_compiler<core[f522034fee182eb]::result::Result<(), rustc_span[bfd3593ce6ff6da3]::ErrorGuaranteed>, rustc_driver_impl[98feca7a70d1b514]::run_compiler::{closure#0}>::{closure#1}, core[f522034fee182eb]::result::Result<(), rustc_span[bfd3593ce6ff6da3]::ErrorGuaranteed>>::{closure#0}, core[f522034fee182eb]::result::Result<(), rustc_span[bfd3593ce6ff6da3]::ErrorGuaranteed>>::{closure#0}::{closure#0}, core[f522034fee182eb]::result::Result<(), rustc_span[bfd3593ce6ff6da3]::ErrorGuaranteed>>::{closure#1} as core[f522034fee182eb]::ops::function::FnOnce<()>>::call_once::{shim:vtable#0}
  35:     0x70bc17c665bb - <alloc::boxed::Box<F,A> as core::ops::function::FnOnce<Args>>::call_once::h0b0747d971587035
                               at /rustc/92c6c03805408a1a261b98013304e9bbf59ee428/library/alloc/src/boxed.rs:2070:9
  36:     0x70bc17c665bb - <alloc::boxed::Box<F,A> as core::ops::function::FnOnce<Args>>::call_once::h0d4f2f3fc30b600f
                               at /rustc/92c6c03805408a1a261b98013304e9bbf59ee428/library/alloc/src/boxed.rs:2070:9
  37:     0x70bc17c665bb - std::sys::pal::unix::thread::Thread::new::thread_start::h51728372039950b3
                               at /rustc/92c6c03805408a1a261b98013304e9bbf59ee428/library/std/src/sys/pal/unix/thread.rs:108:17
  38:     0x70bc10a94ac3 - start_thread
                               at ./nptl/pthread_create.c:442:8
  39:     0x70bc10b268c0 - __GI___clone3
                               at ./misc/../sysdeps/unix/sysv/linux/x86_64/clone3.S:81
  40:                0x0 - <unknown>

note: we would appreciate a bug report: https://github.com/rust-lang/rust/issues/new?labels=C-bug%2C+I-ICE%2C+T-compiler&template=ice.md

note: please make sure that you have updated to the latest nightly

note: please attach the file at `/data/zhangtianrong/projects/rustc-cbl/run/128097/rustc-ice-2026-01-18T11_59_49-1676842.txt` to your bug report

note: compiler flags: --crate-type bin -C embed-bitcode=no -C debuginfo=2 -C incremental=[REDACTED]

note: some of the compiler flags provided by cargo are hidden

query stack during panic:
#0 [mir_borrowck] borrow-checking `cut`
#1 [analysis] running analysis passes on this crate
end of query stack
For more information about this error, try `rustc --explain E0601`.
warning: `bug_128097` (bin "bug_128097") generated 1 warning
error: could not compile `bug_128097` (bin "bug_128097") due to 1 previous error; 1 warning emitted
------------------------------------------------------------
Return code: 101
