=== START 2026-01-17 13:45:23 ===
Bug ID: 128601
Toolchain: nightly-2024-08-03
Source: /data/zhangtianrong/projects/rustc-cbl/rustcbugs/128601
Run dir: /data/zhangtianrong/projects/rustc-cbl/run/128601
CMD: rustup run nightly-2024-08-03 cargo build RUSTFLAGS='-Zpolymorphize=on -Zinline-mir=yes'
------------------------------------------------------------
   Compiling bug_128601 v0.1.0 (/data/zhangtianrong/projects/rustc-cbl/run/128601)
error[E0308]: mismatched types
 --> src/main.rs:9:5
  |
8 | fn unsound(x: &dyn for<'a> Subtrait<'a, 'a>) -> &dyn for<'a, 'b> Supertrait<'a, 'b> {
  |                                                 ----------------------------------- expected `&dyn for<'a, 'b> Supertrait<'a, 'b>` because of return type
9 |     x
  |     ^ expected trait `Supertrait`, found trait `Subtrait`
  |
  = note: expected reference `&dyn for<'a, 'b> Supertrait<'a, 'b>`
             found reference `&dyn for<'a> Subtrait<'a, 'a>`

error[E0282]: type annotations needed
  --> src/main.rs:17:9
   |
17 |     let x;
   |         ^
   |
help: consider giving `x` an explicit type
   |
17 |     let x: /* Type */;
   |          ++++++++++++

Some errors have detailed explanations: E0282, E0308.
For more information about an error, try `rustc --explain E0282`.
error: could not compile `bug_128601` (bin "bug_128601") due to 2 previous errors
------------------------------------------------------------
Return code: 101
