=== START 2026-01-18 12:36:56 ===
Bug ID: 128717
Toolchain: nightly-2024-08-05
Source: /data/zhangtianrong/projects/rustc-cbl/rustcbugs/128717
Run dir: /data/zhangtianrong/projects/rustc-cbl/run/128717
CMD: rustup run nightly-2024-08-05 cargo build
------------------------------------------------------------
   Compiling bug_128717 v0.1.0 (/data/zhangtianrong/projects/rustc-cbl/run/128717)
error: unknown start of token: \u{ff08}
 --> src/main.rs:2:10
  |
2 |     main （arr[i]）;
  |          ^^
  |
help: Unicode character '（' (Fullwidth Left Parenthesis) looks like '(' (Left Parenthesis), but it is not
  |
2 |     main (arr[i]）;
  |          ~

error: unknown start of token: \u{ff09}
 --> src/main.rs:2:17
  |
2 |     main （arr[i]）;
  |                  ^^
  |
help: Unicode character '）' (Fullwidth Right Parenthesis) looks like ')' (Right Parenthesis), but it is not
  |
2 |     main （arr[i]);
  |                  ~

error[E0425]: cannot find value `arr` in this scope
 --> src/main.rs:2:11
  |
2 |     main （arr[i]）;
  |            ^^^ help: a tuple variant with a similar name exists: `Err`
 --> /rustc/176e5452095444815207be02c16de0b1487a1b53/library/core/src/result.rs:536:5
  |
  = note: similarly named tuple variant `Err` defined here

error[E0425]: cannot find value `i` in this scope
 --> src/main.rs:2:15
  |
2 |     main （arr[i]）;
  |                ^ not found in this scope

thread 'rustc' panicked at compiler/rustc_span/src/lib.rs:2028:17:
assertion failed: bpos.to_u32() >= mbc.pos.to_u32() + mbc.bytes as u32
stack backtrace:
   0:     0x7caa5e6a3f4d - std::backtrace_rs::backtrace::libunwind::trace::hddaf846e242943b6
                               at /rustc/176e5452095444815207be02c16de0b1487a1b53/library/std/src/../../backtrace/src/backtrace/libunwind.rs:116:5
   1:     0x7caa5e6a3f4d - std::backtrace_rs::backtrace::trace_unsynchronized::hcd3688bf14d1cca6
                               at /rustc/176e5452095444815207be02c16de0b1487a1b53/library/std/src/../../backtrace/src/backtrace/mod.rs:66:5
   2:     0x7caa5e6a3f4d - std::sys::backtrace::_print_fmt::h02af5cd6c4544f01
                               at /rustc/176e5452095444815207be02c16de0b1487a1b53/library/std/src/sys/backtrace.rs:66:9
   3:     0x7caa5e6a3f4d - <std::sys::backtrace::BacktraceLock::print::DisplayBacktrace as core::fmt::Display>::fmt::h4f9f0817e56b2800
                               at /rustc/176e5452095444815207be02c16de0b1487a1b53/library/std/src/sys/backtrace.rs:39:26
   4:     0x7caa5e6f463b - core::fmt::rt::Argument::fmt::hcad5edb9a0541baa
                               at /rustc/176e5452095444815207be02c16de0b1487a1b53/library/core/src/fmt/rt.rs:173:76
   5:     0x7caa5e6f463b - core::fmt::write::h8555e7462120c82b
                               at /rustc/176e5452095444815207be02c16de0b1487a1b53/library/core/src/fmt/mod.rs:1178:21
   6:     0x7caa5e697cb3 - std::io::Write::write_fmt::h88e8d425fe2e683c
                               at /rustc/176e5452095444815207be02c16de0b1487a1b53/library/std/src/io/mod.rs:1823:15
   7:     0x7caa5e6a6742 - std::sys::backtrace::BacktraceLock::print::h8e59a45eca996cf4
                               at /rustc/176e5452095444815207be02c16de0b1487a1b53/library/std/src/sys/backtrace.rs:42:9
   8:     0x7caa5e6a6742 - std::panicking::default_hook::{{closure}}::h594c38f77836119c
                               at /rustc/176e5452095444815207be02c16de0b1487a1b53/library/std/src/panicking.rs:266:22
   9:     0x7caa5e6a63ae - std::panicking::default_hook::hccd160a0a5d55adf
                               at /rustc/176e5452095444815207be02c16de0b1487a1b53/library/std/src/panicking.rs:293:9
  10:     0x7caa5ac96677 - std[c4314996310caec6]::panicking::update_hook::<alloc[337169187422bdd4]::boxed::Box<rustc_driver_impl[6f1f866cc0168980]::install_ice_hook::{closure#0}>>::{closure#0}
  11:     0x7caa5e6a7132 - <alloc::boxed::Box<F,A> as core::ops::function::Fn<Args>>::call::h329701e142ea769a
                               at /rustc/176e5452095444815207be02c16de0b1487a1b53/library/alloc/src/boxed.rs:2164:9
  12:     0x7caa5e6a7132 - std::panicking::rust_panic_with_hook::he59475a651e09a8f
                               at /rustc/176e5452095444815207be02c16de0b1487a1b53/library/std/src/panicking.rs:805:13
  13:     0x7caa5e6a6db3 - std::panicking::begin_panic_handler::{{closure}}::h30563074d268c1c8
                               at /rustc/176e5452095444815207be02c16de0b1487a1b53/library/std/src/panicking.rs:664:13
  14:     0x7caa5e6a4439 - std::sys::backtrace::__rust_end_short_backtrace::h01b637b4bb4d4dcd
                               at /rustc/176e5452095444815207be02c16de0b1487a1b53/library/std/src/sys/backtrace.rs:170:18
  15:     0x7caa5e6a6a74 - rust_begin_unwind
                               at /rustc/176e5452095444815207be02c16de0b1487a1b53/library/std/src/panicking.rs:662:5
  16:     0x7caa5e6f0c93 - core::panicking::panic_fmt::h890b4e15cb19df65
                               at /rustc/176e5452095444815207be02c16de0b1487a1b53/library/core/src/panicking.rs:74:14
  17:     0x7caa5e6f0d1c - core::panicking::panic::hd81e923d8de108c5
                               at /rustc/176e5452095444815207be02c16de0b1487a1b53/library/core/src/panicking.rs:148:5
  18:     0x7caa591eca30 - <rustc_span[e39f355f3aad4b6e]::source_map::SourceMap>::lookup_char_pos
  19:     0x7caa5d2a6a79 - <rustc_errors[df59a31ecd01c26]::json::DiagnosticSpan>::from_span_full::<core[83bad7981a5dd158]::iter::sources::from_fn::FromFn<<rustc_span[e39f355f3aad4b6e]::span_encoding::Span>::macro_backtrace::{closure#0}>>
  20:     0x7caa5d2a64e6 - <rustc_errors[df59a31ecd01c26]::json::DiagnosticSpan>::from_span_label
  21:     0x7caa5d38f655 - <core[83bad7981a5dd158]::iter::adapters::chain::Chain<core[83bad7981a5dd158]::iter::adapters::map::Map<core[83bad7981a5dd158]::slice::iter::Iter<rustc_errors[df59a31ecd01c26]::diagnostic::Subdiag>, <rustc_errors[df59a31ecd01c26]::json::Diagnostic>::from_errors_diagnostic::{closure#1}>, core[83bad7981a5dd158]::iter::adapters::map::Map<core[83bad7981a5dd158]::iter::adapters::flatten::Flatten<core[83bad7981a5dd158]::result::Iter<alloc[337169187422bdd4]::vec::Vec<rustc_errors[df59a31ecd01c26]::CodeSuggestion>>>, <rustc_errors[df59a31ecd01c26]::json::Diagnostic>::from_errors_diagnostic::{closure#0}>> as core[83bad7981a5dd158]::iter::traits::iterator::Iterator>::next
  22:     0x7caa5d38e83f - <rustc_errors[df59a31ecd01c26]::json::Diagnostic>::from_errors_diagnostic
  23:     0x7caa5d38e4ab - <rustc_errors[df59a31ecd01c26]::json::JsonEmitter as rustc_errors[df59a31ecd01c26]::emitter::Emitter>::emit_diagnostic
  24:     0x7caa5d38ceef - <rustc_errors[df59a31ecd01c26]::DiagCtxtInner>::emit_diagnostic::{closure#3}
  25:     0x7caa5d38a451 - rustc_interface[fe42c70767b6e180]::callbacks::track_diagnostic::<core[83bad7981a5dd158]::option::Option<rustc_span[e39f355f3aad4b6e]::ErrorGuaranteed>>
  26:     0x7caa5d3888fe - <rustc_errors[df59a31ecd01c26]::DiagCtxtInner>::emit_diagnostic
  27:     0x7caa5d3887ad - <rustc_errors[df59a31ecd01c26]::DiagCtxtHandle>::emit_diagnostic
  28:     0x7caa5d387955 - <rustc_span[e39f355f3aad4b6e]::ErrorGuaranteed as rustc_errors[df59a31ecd01c26]::diagnostic::EmissionGuarantee>::emit_producing_guarantee
  29:     0x7caa5afa9d2b - <rustc_hir_typeck[e82cbaa52e7845f1]::fn_ctxt::FnCtxt>::report_arg_errors
  30:     0x7caa5971d3dc - <rustc_hir_typeck[e82cbaa52e7845f1]::fn_ctxt::FnCtxt>::confirm_builtin_call
  31:     0x7caa5cc237c0 - <rustc_hir_typeck[e82cbaa52e7845f1]::fn_ctxt::FnCtxt>::check_expr_with_expectation_and_args
  32:     0x7caa5cc1d033 - <rustc_hir_typeck[e82cbaa52e7845f1]::fn_ctxt::FnCtxt>::check_block_with_expected
  33:     0x7caa5cc24418 - <rustc_hir_typeck[e82cbaa52e7845f1]::fn_ctxt::FnCtxt>::check_expr_with_expectation_and_args
  34:     0x7caa5cbff780 - rustc_hir_typeck[e82cbaa52e7845f1]::check::check_fn
  35:     0x7caa5cbe7e7a - rustc_hir_typeck[e82cbaa52e7845f1]::typeck
  36:     0x7caa5cbe781d - rustc_query_impl[b57104cc88d3951]::plumbing::__rust_begin_short_backtrace::<rustc_query_impl[b57104cc88d3951]::query_impl::typeck::dynamic_query::{closure#2}::{closure#0}, rustc_middle[e06012d79be9a3f]::query::erase::Erased<[u8; 8usize]>>
  37:     0x7caa5c588a73 - rustc_query_system[864e312260b22c7e]::query::plumbing::try_execute_query::<rustc_query_impl[b57104cc88d3951]::DynamicConfig<rustc_query_system[864e312260b22c7e]::query::caches::VecCache<rustc_span[e39f355f3aad4b6e]::def_id::LocalDefId, rustc_middle[e06012d79be9a3f]::query::erase::Erased<[u8; 8usize]>>, false, false, false>, rustc_query_impl[b57104cc88d3951]::plumbing::QueryCtxt, true>
  38:     0x7caa5c591414 - rustc_query_impl[b57104cc88d3951]::query_impl::typeck::get_query_incr::__rust_end_short_backtrace
  39:     0x7caa5c5848c0 - <rustc_middle[e06012d79be9a3f]::hir::map::Map>::par_body_owners::<rustc_hir_analysis[8cd1c6bbf836c177]::check_crate::{closure#4}>::{closure#0}
  40:     0x7caa5c5826ac - rustc_hir_analysis[8cd1c6bbf836c177]::check_crate
  41:     0x7caa5c5786d5 - rustc_interface[fe42c70767b6e180]::passes::analysis
  42:     0x7caa5c578287 - rustc_query_impl[b57104cc88d3951]::plumbing::__rust_begin_short_backtrace::<rustc_query_impl[b57104cc88d3951]::query_impl::analysis::dynamic_query::{closure#2}::{closure#0}, rustc_middle[e06012d79be9a3f]::query::erase::Erased<[u8; 1usize]>>
  43:     0x7caa5d23bc49 - rustc_query_system[864e312260b22c7e]::query::plumbing::try_execute_query::<rustc_query_impl[b57104cc88d3951]::DynamicConfig<rustc_query_system[864e312260b22c7e]::query::caches::SingleCache<rustc_middle[e06012d79be9a3f]::query::erase::Erased<[u8; 1usize]>>, false, false, false>, rustc_query_impl[b57104cc88d3951]::plumbing::QueryCtxt, true>
  44:     0x7caa5d23b8fe - rustc_query_impl[b57104cc88d3951]::query_impl::analysis::get_query_incr::__rust_end_short_backtrace
  45:     0x7caa5d08da63 - rustc_interface[fe42c70767b6e180]::interface::run_compiler::<core[83bad7981a5dd158]::result::Result<(), rustc_span[e39f355f3aad4b6e]::ErrorGuaranteed>, rustc_driver_impl[6f1f866cc0168980]::run_compiler::{closure#0}>::{closure#1}
  46:     0x7caa5d033a09 - std[c4314996310caec6]::sys::backtrace::__rust_begin_short_backtrace::<rustc_interface[fe42c70767b6e180]::util::run_in_thread_with_globals<rustc_interface[fe42c70767b6e180]::util::run_in_thread_pool_with_globals<rustc_interface[fe42c70767b6e180]::interface::run_compiler<core[83bad7981a5dd158]::result::Result<(), rustc_span[e39f355f3aad4b6e]::ErrorGuaranteed>, rustc_driver_impl[6f1f866cc0168980]::run_compiler::{closure#0}>::{closure#1}, core[83bad7981a5dd158]::result::Result<(), rustc_span[e39f355f3aad4b6e]::ErrorGuaranteed>>::{closure#0}, core[83bad7981a5dd158]::result::Result<(), rustc_span[e39f355f3aad4b6e]::ErrorGuaranteed>>::{closure#0}::{closure#0}, core[83bad7981a5dd158]::result::Result<(), rustc_span[e39f355f3aad4b6e]::ErrorGuaranteed>>
  47:     0x7caa5d0337b2 - <<std[c4314996310caec6]::thread::Builder>::spawn_unchecked_<rustc_interface[fe42c70767b6e180]::util::run_in_thread_with_globals<rustc_interface[fe42c70767b6e180]::util::run_in_thread_pool_with_globals<rustc_interface[fe42c70767b6e180]::interface::run_compiler<core[83bad7981a5dd158]::result::Result<(), rustc_span[e39f355f3aad4b6e]::ErrorGuaranteed>, rustc_driver_impl[6f1f866cc0168980]::run_compiler::{closure#0}>::{closure#1}, core[83bad7981a5dd158]::result::Result<(), rustc_span[e39f355f3aad4b6e]::ErrorGuaranteed>>::{closure#0}, core[83bad7981a5dd158]::result::Result<(), rustc_span[e39f355f3aad4b6e]::ErrorGuaranteed>>::{closure#0}::{closure#0}, core[83bad7981a5dd158]::result::Result<(), rustc_span[e39f355f3aad4b6e]::ErrorGuaranteed>>::{closure#1} as core[83bad7981a5dd158]::ops::function::FnOnce<()>>::call_once::{shim:vtable#0}
  48:     0x7caa5e6b0e4b - <alloc::boxed::Box<F,A> as core::ops::function::FnOnce<Args>>::call_once::hc39ab0f6d5b6300a
                               at /rustc/176e5452095444815207be02c16de0b1487a1b53/library/alloc/src/boxed.rs:2150:9
  49:     0x7caa5e6b0e4b - <alloc::boxed::Box<F,A> as core::ops::function::FnOnce<Args>>::call_once::h516fb9fcf7cbba8c
                               at /rustc/176e5452095444815207be02c16de0b1487a1b53/library/alloc/src/boxed.rs:2150:9
  50:     0x7caa5e6b0e4b - std::sys::pal::unix::thread::Thread::new::thread_start::h5a12be27e50b2045
                               at /rustc/176e5452095444815207be02c16de0b1487a1b53/library/std/src/sys/pal/unix/thread.rs:105:17
  51:     0x7caa57494ac3 - start_thread
                               at ./nptl/pthread_create.c:442:8
  52:     0x7caa575268c0 - __GI___clone3
                               at ./misc/../sysdeps/unix/sysv/linux/x86_64/clone3.S:81
  53:                0x0 - <unknown>

error: the compiler unexpectedly panicked. this is a bug.

note: we would appreciate a bug report: https://github.com/rust-lang/rust/issues/new?labels=C-bug%2C+I-ICE%2C+T-compiler&template=ice.md

note: please make sure that you have updated to the latest nightly

note: please attach the file at `/data/zhangtianrong/projects/rustc-cbl/run/128717/rustc-ice-2026-01-18T04_36_56-330203.txt` to your bug report

note: compiler flags: --crate-type bin -C embed-bitcode=no -C debuginfo=2 -C incremental=[REDACTED]

note: some of the compiler flags provided by cargo are hidden

query stack during panic:
#0 [typeck] type-checking `main`
#1 [analysis] running analysis passes on this crate
end of query stack
Some errors have detailed explanations: E0061, E0425.
For more information about an error, try `rustc --explain E0061`.
error: could not compile `bug_128717` (bin "bug_128717") due to 4 previous errors
------------------------------------------------------------
Return code: 101
