=== START 2026-01-18 12:04:01 ===
Bug ID: 128810
Toolchain: nightly-2024-08-06
Source: /data/zhangtianrong/projects/rustc-cbl/rustcbugs/128810
Run dir: /data/zhangtianrong/projects/rustc-cbl/run/128810
CMD: rustup run nightly-2024-08-06 cargo build
------------------------------------------------------------
   Compiling bug_128810 v0.1.0 (/data/zhangtianrong/projects/rustc-cbl/run/128810)
error[E0261]: use of undeclared lifetime name `'a`
  --> src/main.rs:18:58
   |
18 |     reuse <u8 as Trait>::{foo} { &const { InvariantRef::<'a>::NEW } }
   |                                                          ^^ undeclared lifetime
   |
help: consider introducing lifetime `'a` here
   |
18 |     reuse <u8 as Trait>::{foo'a, } { &const { InvariantRef::<'a>::NEW } }
   |                              +++
help: consider introducing lifetime `'a` here
   |
17 | impl<'a> Trait for Z {
   |     ++++

warning: the feature `fn_delegation` is incomplete and may not be safe to use and/or cause compiler crashes
 --> src/main.rs:1:12
  |
1 | #![feature(fn_delegation)]
  |            ^^^^^^^^^^^^^
  |
  = note: see issue #118212 <https://github.com/rust-lang/rust/issues/118212> for more information
  = note: `#[warn(incomplete_features)]` on by default

error[E0599]: no function or associated item named `new` found for struct `InvariantRef` in the current scope
 --> src/main.rs:8:41
  |
5 | pub struct InvariantRef<'a, T: ?Sized>(&'a T, PhantomData<&'a mut &'a T>);
  | -------------------------------------- function or associated item `new` not found for this struct
...
8 |     pub const NEW: Self = InvariantRef::new(&());
  |                                         ^^^ function or associated item not found in `InvariantRef<'_, _>`

thread 'rustc' panicked at compiler/rustc_hir_analysis/src/delegation.rs:245:58:
called `Option::unwrap()` on a `None` value
stack backtrace:
   0:     0x7b9d7c57deed - std::backtrace_rs::backtrace::libunwind::trace::h159528d8c188509b
                               at /rustc/e57f3090aec33cdbf66063c866afaa5e1e78b9bb/library/std/src/../../backtrace/src/backtrace/libunwind.rs:116:5
   1:     0x7b9d7c57deed - std::backtrace_rs::backtrace::trace_unsynchronized::hd29c4432a5435e12
                               at /rustc/e57f3090aec33cdbf66063c866afaa5e1e78b9bb/library/std/src/../../backtrace/src/backtrace/mod.rs:66:5
   2:     0x7b9d7c57deed - std::sys::backtrace::_print_fmt::h6d3b5ce224cd9670
                               at /rustc/e57f3090aec33cdbf66063c866afaa5e1e78b9bb/library/std/src/sys/backtrace.rs:66:9
   3:     0x7b9d7c57deed - <std::sys::backtrace::BacktraceLock::print::DisplayBacktrace as core::fmt::Display>::fmt::ha817fa35f844343c
                               at /rustc/e57f3090aec33cdbf66063c866afaa5e1e78b9bb/library/std/src/sys/backtrace.rs:39:26
   4:     0x7b9d7c5ce67b - core::fmt::rt::Argument::fmt::h5ea97e3e0016eb0c
                               at /rustc/e57f3090aec33cdbf66063c866afaa5e1e78b9bb/library/core/src/fmt/rt.rs:173:76
   5:     0x7b9d7c5ce67b - core::fmt::write::h18792a013c06cf68
                               at /rustc/e57f3090aec33cdbf66063c866afaa5e1e78b9bb/library/core/src/fmt/mod.rs:1178:21
   6:     0x7b9d7c571c53 - std::io::Write::write_fmt::h490d1250ab64f23a
                               at /rustc/e57f3090aec33cdbf66063c866afaa5e1e78b9bb/library/std/src/io/mod.rs:1823:15
   7:     0x7b9d7c5806e2 - std::sys::backtrace::BacktraceLock::print::hb1bb7734665d317c
                               at /rustc/e57f3090aec33cdbf66063c866afaa5e1e78b9bb/library/std/src/sys/backtrace.rs:42:9
   8:     0x7b9d7c5806e2 - std::panicking::default_hook::{{closure}}::h1af1ba80fbbab256
                               at /rustc/e57f3090aec33cdbf66063c866afaa5e1e78b9bb/library/std/src/panicking.rs:266:22
   9:     0x7b9d7c58034e - std::panicking::default_hook::h99117ef53c55281d
                               at /rustc/e57f3090aec33cdbf66063c866afaa5e1e78b9bb/library/std/src/panicking.rs:293:9
  10:     0x7b9d7faa21e7 - std[96a5cb558bb9ae46]::panicking::update_hook::<alloc[38c151fe754854fd]::boxed::Box<rustc_driver_impl[a3aa62bbf4e95b0d]::install_ice_hook::{closure#0}>>::{closure#0}
  11:     0x7b9d7c5810d2 - <alloc::boxed::Box<F,A> as core::ops::function::Fn<Args>>::call::hc0cabb0fbcd3e109
                               at /rustc/e57f3090aec33cdbf66063c866afaa5e1e78b9bb/library/alloc/src/boxed.rs:2164:9
  12:     0x7b9d7c5810d2 - std::panicking::rust_panic_with_hook::hfbd77db16f1d98f6
                               at /rustc/e57f3090aec33cdbf66063c866afaa5e1e78b9bb/library/std/src/panicking.rs:805:13
  13:     0x7b9d7c580d53 - std::panicking::begin_panic_handler::{{closure}}::ha71fdd1b99649238
                               at /rustc/e57f3090aec33cdbf66063c866afaa5e1e78b9bb/library/std/src/panicking.rs:664:13
  14:     0x7b9d7c57e3d9 - std::sys::backtrace::__rust_end_short_backtrace::h864a6e233bda5366
                               at /rustc/e57f3090aec33cdbf66063c866afaa5e1e78b9bb/library/std/src/sys/backtrace.rs:170:18
  15:     0x7b9d7c580a14 - rust_begin_unwind
                               at /rustc/e57f3090aec33cdbf66063c866afaa5e1e78b9bb/library/std/src/panicking.rs:662:5
  16:     0x7b9d7c5cacd3 - core::panicking::panic_fmt::h3badd9e9c4581a42
                               at /rustc/e57f3090aec33cdbf66063c866afaa5e1e78b9bb/library/core/src/panicking.rs:74:14
  17:     0x7b9d7c5cad5c - core::panicking::panic::he501c3ce73b7cccb
                               at /rustc/e57f3090aec33cdbf66063c866afaa5e1e78b9bb/library/core/src/panicking.rs:148:5
  18:     0x7b9d7c5caac9 - core::option::unwrap_failed::h5b01af61e877e06a
                               at /rustc/e57f3090aec33cdbf66063c866afaa5e1e78b9bb/library/core/src/option.rs:2017:5
  19:     0x7b9d7fc56cfa - rustc_hir_analysis[6347215129f267c]::delegation::inherit_sig_for_delegation_item
  20:     0x7b9d80491d62 - rustc_query_impl[144557e808be0ea]::plumbing::__rust_begin_short_backtrace::<rustc_query_impl[144557e808be0ea]::query_impl::inherit_sig_for_delegation_item::dynamic_query::{closure#2}::{closure#0}, rustc_middle[2b8453139ecdfd39]::query::erase::Erased<[u8; 16usize]>>
  21:     0x7b9d804800d9 - <rustc_query_impl[144557e808be0ea]::query_impl::inherit_sig_for_delegation_item::dynamic_query::{closure#2} as core[fc8b1b0f7098ecc5]::ops::function::FnOnce<(rustc_middle[2b8453139ecdfd39]::ty::context::TyCtxt, rustc_span[70805398235d345d]::def_id::LocalDefId)>>::call_once
  22:     0x7b9d81660a5f - rustc_query_system[e91320a0d8bf7c7]::query::plumbing::try_execute_query::<rustc_query_impl[144557e808be0ea]::DynamicConfig<rustc_query_system[e91320a0d8bf7c7]::query::caches::VecCache<rustc_span[70805398235d345d]::def_id::LocalDefId, rustc_middle[2b8453139ecdfd39]::query::erase::Erased<[u8; 16usize]>>, false, false, false>, rustc_query_impl[144557e808be0ea]::plumbing::QueryCtxt, true>
  23:     0x7b9d804ae922 - rustc_query_impl[144557e808be0ea]::query_impl::inherit_sig_for_delegation_item::get_query_incr::__rust_end_short_backtrace
  24:     0x7b9d81839c47 - <dyn rustc_hir_analysis[6347215129f267c]::hir_ty_lowering::HirTyLowerer>::lower_ty_common::{closure#0}
  25:     0x7b9d7fe0ff4d - <rustc_hir_typeck[fa0fcfb660e51072]::fn_ctxt::FnCtxt>::suggest_missing_return_type
  26:     0x7b9d7fdbe98f - <rustc_hir_typeck[fa0fcfb660e51072]::fn_ctxt::FnCtxt>::suggest_mismatched_types_on_tail
  27:     0x7b9d7fd82069 - <rustc_hir_typeck[fa0fcfb660e51072]::coercion::CoerceMany<rustc_hir[5570ff1a05249540]::hir::Expr>>::report_return_mismatched_types
  28:     0x7b9d81970ee9 - <rustc_hir_typeck[fa0fcfb660e51072]::fn_ctxt::FnCtxt>::check_block_with_expected
  29:     0x7b9d81976a98 - <rustc_hir_typeck[fa0fcfb660e51072]::fn_ctxt::FnCtxt>::check_expr_with_expectation_and_args
  30:     0x7b9d8197ec8f - <rustc_hir_typeck[fa0fcfb660e51072]::fn_ctxt::FnCtxt>::check_expr_with_expectation_and_args
  31:     0x7b9d819770cb - <rustc_hir_typeck[fa0fcfb660e51072]::fn_ctxt::FnCtxt>::check_expr_with_expectation_and_args
  32:     0x7b9d7e4e56fd - <rustc_hir_typeck[fa0fcfb660e51072]::fn_ctxt::FnCtxt>::confirm_builtin_call
  33:     0x7b9d81975e40 - <rustc_hir_typeck[fa0fcfb660e51072]::fn_ctxt::FnCtxt>::check_expr_with_expectation_and_args
  34:     0x7b9d8196f20b - <rustc_hir_typeck[fa0fcfb660e51072]::fn_ctxt::FnCtxt>::check_block_with_expected
  35:     0x7b9d81976a98 - <rustc_hir_typeck[fa0fcfb660e51072]::fn_ctxt::FnCtxt>::check_expr_with_expectation_and_args
  36:     0x7b9d8195a31c - rustc_hir_typeck[fa0fcfb660e51072]::check::check_fn
  37:     0x7b9d81930ab7 - rustc_hir_typeck[fa0fcfb660e51072]::typeck
  38:     0x7b9d81930473 - rustc_query_impl[144557e808be0ea]::plumbing::__rust_begin_short_backtrace::<rustc_query_impl[144557e808be0ea]::query_impl::typeck::dynamic_query::{closure#2}::{closure#0}, rustc_middle[2b8453139ecdfd39]::query::erase::Erased<[u8; 8usize]>>
  39:     0x7b9d81395073 - rustc_query_system[e91320a0d8bf7c7]::query::plumbing::try_execute_query::<rustc_query_impl[144557e808be0ea]::DynamicConfig<rustc_query_system[e91320a0d8bf7c7]::query::caches::VecCache<rustc_span[70805398235d345d]::def_id::LocalDefId, rustc_middle[2b8453139ecdfd39]::query::erase::Erased<[u8; 8usize]>>, false, false, false>, rustc_query_impl[144557e808be0ea]::plumbing::QueryCtxt, true>
  40:     0x7b9d8139d3d4 - rustc_query_impl[144557e808be0ea]::query_impl::typeck::get_query_incr::__rust_end_short_backtrace
  41:     0x7b9d81390ec0 - <rustc_middle[2b8453139ecdfd39]::hir::map::Map>::par_body_owners::<rustc_hir_analysis[6347215129f267c]::check_crate::{closure#4}>::{closure#0}
  42:     0x7b9d8138ecac - rustc_hir_analysis[6347215129f267c]::check_crate
  43:     0x7b9d81384655 - rustc_interface[7ab95112a4ff1562]::passes::analysis
  44:     0x7b9d81384207 - rustc_query_impl[144557e808be0ea]::plumbing::__rust_begin_short_backtrace::<rustc_query_impl[144557e808be0ea]::query_impl::analysis::dynamic_query::{closure#2}::{closure#0}, rustc_middle[2b8453139ecdfd39]::query::erase::Erased<[u8; 1usize]>>
  45:     0x7b9d82038205 - rustc_query_system[e91320a0d8bf7c7]::query::plumbing::try_execute_query::<rustc_query_impl[144557e808be0ea]::DynamicConfig<rustc_query_system[e91320a0d8bf7c7]::query::caches::SingleCache<rustc_middle[2b8453139ecdfd39]::query::erase::Erased<[u8; 1usize]>>, false, false, false>, rustc_query_impl[144557e808be0ea]::plumbing::QueryCtxt, true>
  46:     0x7b9d82037eba - rustc_query_impl[144557e808be0ea]::query_impl::analysis::get_query_incr::__rust_end_short_backtrace
  47:     0x7b9d81e983e3 - rustc_interface[7ab95112a4ff1562]::interface::run_compiler::<core[fc8b1b0f7098ecc5]::result::Result<(), rustc_span[70805398235d345d]::ErrorGuaranteed>, rustc_driver_impl[a3aa62bbf4e95b0d]::run_compiler::{closure#0}>::{closure#1}
  48:     0x7b9d81e65dc9 - std[96a5cb558bb9ae46]::sys::backtrace::__rust_begin_short_backtrace::<rustc_interface[7ab95112a4ff1562]::util::run_in_thread_with_globals<rustc_interface[7ab95112a4ff1562]::util::run_in_thread_pool_with_globals<rustc_interface[7ab95112a4ff1562]::interface::run_compiler<core[fc8b1b0f7098ecc5]::result::Result<(), rustc_span[70805398235d345d]::ErrorGuaranteed>, rustc_driver_impl[a3aa62bbf4e95b0d]::run_compiler::{closure#0}>::{closure#1}, core[fc8b1b0f7098ecc5]::result::Result<(), rustc_span[70805398235d345d]::ErrorGuaranteed>>::{closure#0}, core[fc8b1b0f7098ecc5]::result::Result<(), rustc_span[70805398235d345d]::ErrorGuaranteed>>::{closure#0}::{closure#0}, core[fc8b1b0f7098ecc5]::result::Result<(), rustc_span[70805398235d345d]::ErrorGuaranteed>>
  49:     0x7b9d81e65b72 - <<std[96a5cb558bb9ae46]::thread::Builder>::spawn_unchecked_<rustc_interface[7ab95112a4ff1562]::util::run_in_thread_with_globals<rustc_interface[7ab95112a4ff1562]::util::run_in_thread_pool_with_globals<rustc_interface[7ab95112a4ff1562]::interface::run_compiler<core[fc8b1b0f7098ecc5]::result::Result<(), rustc_span[70805398235d345d]::ErrorGuaranteed>, rustc_driver_impl[a3aa62bbf4e95b0d]::run_compiler::{closure#0}>::{closure#1}, core[fc8b1b0f7098ecc5]::result::Result<(), rustc_span[70805398235d345d]::ErrorGuaranteed>>::{closure#0}, core[fc8b1b0f7098ecc5]::result::Result<(), rustc_span[70805398235d345d]::ErrorGuaranteed>>::{closure#0}::{closure#0}, core[fc8b1b0f7098ecc5]::result::Result<(), rustc_span[70805398235d345d]::ErrorGuaranteed>>::{closure#1} as core[fc8b1b0f7098ecc5]::ops::function::FnOnce<()>>::call_once::{shim:vtable#0}
  50:     0x7b9d7c58adeb - <alloc::boxed::Box<F,A> as core::ops::function::FnOnce<Args>>::call_once::hc0437b9ca364e8ed
                               at /rustc/e57f3090aec33cdbf66063c866afaa5e1e78b9bb/library/alloc/src/boxed.rs:2150:9
  51:     0x7b9d7c58adeb - <alloc::boxed::Box<F,A> as core::ops::function::FnOnce<Args>>::call_once::h4fb5aed7d203febd
                               at /rustc/e57f3090aec33cdbf66063c866afaa5e1e78b9bb/library/alloc/src/boxed.rs:2150:9
  52:     0x7b9d7c58adeb - std::sys::pal::unix::thread::Thread::new::thread_start::hc48e09113383e6c9
                               at /rustc/e57f3090aec33cdbf66063c866afaa5e1e78b9bb/library/std/src/sys/pal/unix/thread.rs:105:17
  53:     0x7b9d7c294ac3 - start_thread
                               at ./nptl/pthread_create.c:442:8
  54:     0x7b9d7c3268c0 - __GI___clone3
                               at ./misc/../sysdeps/unix/sysv/linux/x86_64/clone3.S:81
  55:                0x0 - <unknown>

error: the compiler unexpectedly panicked. this is a bug.

note: we would appreciate a bug report: https://github.com/rust-lang/rust/issues/new?labels=C-bug%2C+I-ICE%2C+T-compiler&template=ice.md

note: please make sure that you have updated to the latest nightly

note: please attach the file at `/data/zhangtianrong/projects/rustc-cbl/run/128810/rustc-ice-2026-01-18T04_04_03-2810340.txt` to your bug report

note: compiler flags: --crate-type bin -C embed-bitcode=no -C debuginfo=2 -C incremental=[REDACTED]

note: some of the compiler flags provided by cargo are hidden

query stack during panic:
#0 [inherit_sig_for_delegation_item] inheriting delegation signature
#1 [typeck] type-checking `<impl at src/main.rs:17:1: 17:17>::foo`
#2 [analysis] running analysis passes on this crate
end of query stack
Some errors have detailed explanations: E0261, E0599.
For more information about an error, try `rustc --explain E0261`.
warning: `bug_128810` (bin "bug_128810") generated 1 warning
error: could not compile `bug_128810` (bin "bug_128810") due to 2 previous errors; 1 warning emitted
------------------------------------------------------------
Return code: 101
