=== START 2026-01-18 11:36:18 ===
Bug ID: 129075
Toolchain: nightly-2024-08-13
Source: /data/zhangtianrong/projects/rustc-cbl/rustcbugs/129075
Run dir: /data/zhangtianrong/projects/rustc-cbl/run/129075
CMD: rustup run nightly-2024-08-13 cargo build RUSTFLAGS='-Zvalidate-mir -Zinline-mir=yes'
------------------------------------------------------------
   Compiling bug_129075 v0.1.0 (/data/zhangtianrong/projects/rustc-cbl/run/129075)
error[E0185]: method `default` has a `&mut self` declaration in the impl, but not in the trait
 --> src/main.rs:4:5
  |
4 |     fn default(&mut self) -> Self {
  |     ^^^^^^^^^^^^^^^^^^^^^^^^^^^^^ `&mut self` used in impl
  |
  = note: `default` from trait: `fn() -> Self`

warning: variable `a` is assigned to, but never used
  --> src/main.rs:10:9
   |
10 |     let a: i32;
   |         ^
   |
   = note: consider using `_a` instead
   = note: `#[warn(unused_variables)]` on by default

warning: variable `b` is assigned to, but never used
  --> src/main.rs:11:9
   |
11 |     let b;
   |         ^
   |
   = note: consider using `_b` instead

warning: value assigned to `a` is never read
  --> src/main.rs:12:10
   |
12 |     Foo([a, b]) = Default::default();
   |          ^
   |
   = help: maybe it is overwritten before being read?
   = note: `#[warn(unused_assignments)]` on by default

warning: value assigned to `b` is never read
  --> src/main.rs:12:13
   |
12 |     Foo([a, b]) = Default::default();
   |             ^
   |
   = help: maybe it is overwritten before being read?

thread 'rustc' panicked at /rustc/91376f416222a238227c84a848d168835ede2cc3/compiler/rustc_middle/src/mir/tcx.rs:131:61:
index out of bounds: the len is 11 but the index is 11
stack backtrace:
   0:     0x752f5b9b3b2d - <std::sys::backtrace::BacktraceLock::print::DisplayBacktrace as core::fmt::Display>::fmt::h7b9fa4a70e398292
   1:     0x752f5c2049ef - core::fmt::write::hb46a6aeaf4aaf4a0
   2:     0x752f5d1a5bd1 - std::io::Write::write_fmt::h7944ee05c08b6149
   3:     0x752f5b9b620b - std::panicking::default_hook::{{closure}}::hfb3a7e9a6232257a
   4:     0x752f5b9b5e7e - std::panicking::default_hook::h0b246b0a47fbfcd7
   5:     0x752f5ab41fb9 - std[91f40190a27ed396]::panicking::update_hook::<alloc[bea256acd206ff7a]::boxed::Box<rustc_driver_impl[8f852e7b59ee15e6]::install_ice_hook::{closure#0}>>::{closure#0}
   6:     0x752f5b9b6b27 - std::panicking::rust_panic_with_hook::hed2a518785b28232
   7:     0x752f5b9b67e7 - std::panicking::begin_panic_handler::{{closure}}::h6f9b66bffc56b529
   8:     0x752f5b9b3fe9 - std::sys::backtrace::__rust_end_short_backtrace::h858cdf2edfa45205
   9:     0x752f5b9b64b4 - rust_begin_unwind
  10:     0x752f58b53483 - core::panicking::panic_fmt::h7889063f14181452
  11:     0x752f5a30fc77 - core::panicking::panic_bounds_check::h467aa6a3c75f183f
  12:     0x752f5ccebaaa - <rustc_mir_transform[5d60f11c43e27a0b]::inline::Inliner>::try_inlining
  13:     0x752f5cce8b89 - <rustc_mir_transform[5d60f11c43e27a0b]::inline::Inliner>::process_blocks
  14:     0x752f5cce8c09 - <rustc_mir_transform[5d60f11c43e27a0b]::inline::Inliner>::process_blocks
  15:     0x752f5cce8026 - <rustc_mir_transform[5d60f11c43e27a0b]::inline::Inline as rustc_middle[c63f3e6032b3c88b]::mir::MirPass>::run_pass
  16:     0x752f5c201cd1 - rustc_mir_transform[5d60f11c43e27a0b]::pass_manager::run_passes_inner
  17:     0x752f5ccf5e72 - rustc_mir_transform[5d60f11c43e27a0b]::optimized_mir
  18:     0x752f5ccce79b - rustc_query_impl[c1d73439268c0c87]::plumbing::__rust_begin_short_backtrace::<rustc_query_impl[c1d73439268c0c87]::query_impl::optimized_mir::dynamic_query::{closure#2}::{closure#0}, rustc_middle[c63f3e6032b3c88b]::query::erase::Erased<[u8; 8usize]>>
  19:     0x752f5c5a56ae - rustc_query_system[407d772cc4d36104]::query::plumbing::try_execute_query::<rustc_query_impl[c1d73439268c0c87]::DynamicConfig<rustc_query_system[407d772cc4d36104]::query::caches::DefIdCache<rustc_middle[c63f3e6032b3c88b]::query::erase::Erased<[u8; 8usize]>>, false, false, false>, rustc_query_impl[c1d73439268c0c87]::plumbing::QueryCtxt, true>
  20:     0x752f5c5a3ae3 - rustc_query_impl[c1d73439268c0c87]::query_impl::optimized_mir::get_query_incr::__rust_end_short_backtrace
  21:     0x752f58b160e7 - <rustc_middle[c63f3e6032b3c88b]::ty::context::TyCtxt>::instance_mir
  22:     0x752f5c8f5186 - rustc_interface[1884af40893e5968]::passes::run_required_analyses
  23:     0x752f5cd3f51e - rustc_interface[1884af40893e5968]::passes::analysis
  24:     0x752f5cd3f4f1 - rustc_query_impl[c1d73439268c0c87]::plumbing::__rust_begin_short_backtrace::<rustc_query_impl[c1d73439268c0c87]::query_impl::analysis::dynamic_query::{closure#2}::{closure#0}, rustc_middle[c63f3e6032b3c88b]::query::erase::Erased<[u8; 1usize]>>
  25:     0x752f5d1dfb0d - rustc_query_system[407d772cc4d36104]::query::plumbing::try_execute_query::<rustc_query_impl[c1d73439268c0c87]::DynamicConfig<rustc_query_system[407d772cc4d36104]::query::caches::SingleCache<rustc_middle[c63f3e6032b3c88b]::query::erase::Erased<[u8; 1usize]>>, false, false, false>, rustc_query_impl[c1d73439268c0c87]::plumbing::QueryCtxt, true>
  26:     0x752f5d1df7ba - rustc_query_impl[c1d73439268c0c87]::query_impl::analysis::get_query_incr::__rust_end_short_backtrace
  27:     0x752f5cfcf2a9 - rustc_interface[1884af40893e5968]::interface::run_compiler::<core[3cdf79738b09be33]::result::Result<(), rustc_span[26f28308703d5459]::ErrorGuaranteed>, rustc_driver_impl[8f852e7b59ee15e6]::run_compiler::{closure#0}>::{closure#1}
  28:     0x752f5cfae3d0 - std[91f40190a27ed396]::sys::backtrace::__rust_begin_short_backtrace::<rustc_interface[1884af40893e5968]::util::run_in_thread_with_globals<rustc_interface[1884af40893e5968]::util::run_in_thread_pool_with_globals<rustc_interface[1884af40893e5968]::interface::run_compiler<core[3cdf79738b09be33]::result::Result<(), rustc_span[26f28308703d5459]::ErrorGuaranteed>, rustc_driver_impl[8f852e7b59ee15e6]::run_compiler::{closure#0}>::{closure#1}, core[3cdf79738b09be33]::result::Result<(), rustc_span[26f28308703d5459]::ErrorGuaranteed>>::{closure#0}, core[3cdf79738b09be33]::result::Result<(), rustc_span[26f28308703d5459]::ErrorGuaranteed>>::{closure#0}::{closure#0}, core[3cdf79738b09be33]::result::Result<(), rustc_span[26f28308703d5459]::ErrorGuaranteed>>
  29:     0x752f5cfaea3a - <<std[91f40190a27ed396]::thread::Builder>::spawn_unchecked_<rustc_interface[1884af40893e5968]::util::run_in_thread_with_globals<rustc_interface[1884af40893e5968]::util::run_in_thread_pool_with_globals<rustc_interface[1884af40893e5968]::interface::run_compiler<core[3cdf79738b09be33]::result::Result<(), rustc_span[26f28308703d5459]::ErrorGuaranteed>, rustc_driver_impl[8f852e7b59ee15e6]::run_compiler::{closure#0}>::{closure#1}, core[3cdf79738b09be33]::result::Result<(), rustc_span[26f28308703d5459]::ErrorGuaranteed>>::{closure#0}, core[3cdf79738b09be33]::result::Result<(), rustc_span[26f28308703d5459]::ErrorGuaranteed>>::{closure#0}::{closure#0}, core[3cdf79738b09be33]::result::Result<(), rustc_span[26f28308703d5459]::ErrorGuaranteed>>::{closure#1} as core[3cdf79738b09be33]::ops::function::FnOnce<()>>::call_once::{shim:vtable#0}
  30:     0x752f5cfaedab - std::sys::pal::unix::thread::Thread::new::thread_start::h30da5bb15a4e4659
  31:     0x752f57294ac3 - start_thread
                               at ./nptl/pthread_create.c:442:8
  32:     0x752f573268c0 - __GI___clone3
                               at ./misc/../sysdeps/unix/sysv/linux/x86_64/clone3.S:81
  33:                0x0 - <unknown>

error: the compiler unexpectedly panicked. this is a bug.

note: we would appreciate a bug report: https://github.com/rust-lang/rust/issues/new?labels=C-bug%2C+I-ICE%2C+T-compiler&template=ice.md

note: please make sure that you have updated to the latest nightly

note: please attach the file at `/data/zhangtianrong/projects/rustc-cbl/run/129075/rustc-ice-2026-01-18T03_36_18-1727089.txt` to your bug report

note: compiler flags: --crate-type bin -C embed-bitcode=no -C debuginfo=2 -C incremental=[REDACTED] -Z validate-mir -Z inline-mir=yes

note: some of the compiler flags provided by cargo are hidden

query stack during panic:
#0 [optimized_mir] optimizing MIR for `field_array`
#1 [analysis] running analysis passes on this crate
end of query stack
For more information about this error, try `rustc --explain E0185`.
warning: `bug_129075` (bin "bug_129075") generated 4 warnings
error: could not compile `bug_129075` (bin "bug_129075") due to 1 previous error; 4 warnings emitted
------------------------------------------------------------
Return code: 101
