=== START 2026-01-03 21:07:01 ===
Bug ID: 129112
Toolchain: nightly-2024-08-14
Source: /data/zhangtianrong/projects/rustc-cbl/rustcbugs/129112
Run dir: /data/zhangtianrong/projects/rustc-cbl/run/129112
CMD: rustup run nightly-2024-08-14 cargo build RUSTFLAGS='-Z threads=16 -Z macro-backtrace -Z treat-err-as-bug=1'
------------------------------------------------------------
   Compiling bug_129112 v0.1.0 (/data/zhangtianrong/projects/rustc-cbl/run/129112)
error: internal compiler error[E0277]: the trait bound `T: Clone` is not satisfied
 --> src/main.rs:1:17
  |
1 | #[derive(Clone, Eq)]
  |                 ^^
  |                 |
  |                 the trait `Clone` is not implemented for `T`, which is required by `Struct<T>: PartialEq`
  |                 in this derive macro expansion
 --> /rustc/80eb5a8e910e5185d47cdefe3732d839c78a5e7e/library/core/src/cmp.rs:347:1
  |
  = note: in this expansion of `#[derive(Eq)]`
  |
note: required for `Struct<T>` to implement `PartialEq`
 --> src/main.rs:4:19
  |
4 | impl<T: Clone, U> PartialEq<U> for Struct<T>
  |         -----     ^^^^^^^^^^^^     ^^^^^^^^^
  |         |
  |         unsatisfied trait bound introduced here
note: required by a bound in `Eq`
 --> /rustc/80eb5a8e910e5185d47cdefe3732d839c78a5e7e/library/core/src/cmp.rs:327:1
help: consider restricting type parameter `T`
  |
2 | pub struct Struct<T: std::clone::Clone>(T);
  |                    +++++++++++++++++++

thread 'rustc' panicked at compiler/rustc_errors/src/lib.rs:1803:17:
aborting due to `-Z treat-err-as-bug=1`
stack backtrace:
   0:     0x7ca83fbc3e2d - <std::sys::backtrace::BacktraceLock::print::DisplayBacktrace as core::fmt::Display>::fmt::h4652b94950c3d650
   1:     0x7ca8404049ef - core::fmt::write::h52b8b6e5ec604645
   2:     0x7ca8413e0f11 - std::io::Write::write_fmt::ha905868bd521589e
   3:     0x7ca83fbc650b - std::panicking::default_hook::{{closure}}::h95502f2c915a6268
   4:     0x7ca83fbc617e - std::panicking::default_hook::hcf93a054e20ec19a
   5:     0x7ca83ed4eae9 - std[edc1ba278773f0d3]::panicking::update_hook::<alloc[168ee4b9ac58f8b8]::boxed::Box<rustc_driver_impl[734e2c9770122f8]::install_ice_hook::{closure#0}>>::{closure#0}
   6:     0x7ca83fbc6e27 - std::panicking::rust_panic_with_hook::h9e59a429b59b11d4
   7:     0x7ca83fbc6ab3 - std::panicking::begin_panic_handler::{{closure}}::h97d6e0922a833e87
   8:     0x7ca83fbc42e9 - std::sys::backtrace::__rust_end_short_backtrace::ha09625205ff6b122
   9:     0x7ca83fbc67b4 - rust_begin_unwind
  10:     0x7ca83cdc0f53 - core::panicking::panic_fmt::h089121e4cbbc3220
  11:     0x7ca841f2e416 - <rustc_errors[982cfac07fae1f6]::DiagCtxtInner>::panic_if_treat_err_as_bug.cold
  12:     0x7ca8415c1c50 - <rustc_errors[982cfac07fae1f6]::DiagCtxtInner>::emit_diagnostic::{closure#3}
  13:     0x7ca8415c50d9 - rustc_interface[fc21679c26087701]::callbacks::track_diagnostic::<core[8c2a069408211e69]::option::Option<rustc_span[e1b931742f0b02c1]::ErrorGuaranteed>>
  14:     0x7ca8415c34fe - <rustc_errors[982cfac07fae1f6]::DiagCtxtInner>::emit_diagnostic
  15:     0x7ca8415c339d - <rustc_errors[982cfac07fae1f6]::DiagCtxtHandle>::emit_diagnostic
  16:     0x7ca84166940b - <rustc_span[e1b931742f0b02c1]::ErrorGuaranteed as rustc_errors[982cfac07fae1f6]::diagnostic::EmissionGuarantee>::emit_producing_guarantee
  17:     0x7ca83f9fecba - <rustc_trait_selection[9848853b4dacb81e]::error_reporting::TypeErrCtxt>::report_selection_error
  18:     0x7ca83fa7f5a0 - <rustc_trait_selection[9848853b4dacb81e]::error_reporting::TypeErrCtxt>::report_fulfillment_error
  19:     0x7ca83fa4726b - <rustc_trait_selection[9848853b4dacb81e]::error_reporting::TypeErrCtxt>::report_fulfillment_errors
  20:     0x7ca84067663e - <rustc_trait_selection[9848853b4dacb81e]::traits::engine::ObligationCtxt<rustc_trait_selection[9848853b4dacb81e]::traits::FulfillmentError>>::assumed_wf_types_and_report_errors
  21:     0x7ca83db45f5a - rustc_hir_analysis[618f1997a162b265]::check::wfcheck::check_well_formed
  22:     0x7ca840856127 - rustc_query_impl[2dfeb81381ece16c]::plumbing::__rust_begin_short_backtrace::<rustc_query_impl[2dfeb81381ece16c]::query_impl::check_well_formed::dynamic_query::{closure#2}::{closure#0}, rustc_middle[354bbee2ce4c460]::query::erase::Erased<[u8; 1usize]>>
  23:     0x7ca84085992d - rustc_query_system[cb6aa6728468b543]::query::plumbing::try_execute_query::<rustc_query_impl[2dfeb81381ece16c]::DynamicConfig<rustc_query_system[cb6aa6728468b543]::query::caches::VecCache<rustc_hir[7e0cfd6eb5a583c3]::hir_id::OwnerId, rustc_middle[354bbee2ce4c460]::query::erase::Erased<[u8; 1usize]>>, false, false, false>, rustc_query_impl[2dfeb81381ece16c]::plumbing::QueryCtxt, true>
  24:     0x7ca840859338 - rustc_query_impl[2dfeb81381ece16c]::query_impl::check_well_formed::get_query_incr::__rust_end_short_backtrace
  25:     0x7ca840856045 - rustc_middle[354bbee2ce4c460]::query::plumbing::query_ensure_error_guaranteed::<rustc_query_system[cb6aa6728468b543]::query::caches::VecCache<rustc_hir[7e0cfd6eb5a583c3]::hir_id::OwnerId, rustc_middle[354bbee2ce4c460]::query::erase::Erased<[u8; 1usize]>>, ()>
  26:     0x7ca83ee49249 - rayon[3475b23313292f6e]::iter::plumbing::bridge_producer_consumer::helper::<rayon[3475b23313292f6e]::slice::IterProducer<rustc_hir[7e0cfd6eb5a583c3]::hir::ItemId>, rayon[3475b23313292f6e]::iter::filter_map::FilterMapConsumer<rayon[3475b23313292f6e]::iter::reduce::ReduceConsumer<<core[8c2a069408211e69]::result::Result<(), rustc_span[e1b931742f0b02c1]::ErrorGuaranteed>>::and<()>, rustc_data_structures[a70f1e5258a380f8]::sync::parallel::enabled::try_par_for_each_in<&[rustc_hir[7e0cfd6eb5a583c3]::hir::ItemId], rustc_span[e1b931742f0b02c1]::ErrorGuaranteed, <rustc_middle[354bbee2ce4c460]::hir::ModuleItems>::par_items<rustc_hir_analysis[618f1997a162b265]::check::wfcheck::check_mod_type_wf::{closure#0}>::{closure#0}>::{closure#0}::{closure#1}>, rustc_data_structures[a70f1e5258a380f8]::sync::parallel::enabled::try_par_for_each_in<&[rustc_hir[7e0cfd6eb5a583c3]::hir::ItemId], rustc_span[e1b931742f0b02c1]::ErrorGuaranteed, <rustc_middle[354bbee2ce4c460]::hir::ModuleItems>::par_items<rustc_hir_analysis[618f1997a162b265]::check::wfcheck::check_mod_type_wf::{closure#0}>::{closure#0}>::{closure#0}::{closure#0}>>
  27:     0x7ca83eeabbc2 - <rayon_core[731b113bd10ac34b]::job::StackJob<rayon_core[731b113bd10ac34b]::latch::SpinLatch, rayon_core[731b113bd10ac34b]::join::join_context::call_b<core[8c2a069408211e69]::result::Result<(), rustc_span[e1b931742f0b02c1]::ErrorGuaranteed>, rayon[3475b23313292f6e]::iter::plumbing::bridge_producer_consumer::helper<rayon[3475b23313292f6e]::slice::IterProducer<rustc_hir[7e0cfd6eb5a583c3]::hir::ItemId>, rayon[3475b23313292f6e]::iter::filter_map::FilterMapConsumer<rayon[3475b23313292f6e]::iter::reduce::ReduceConsumer<<core[8c2a069408211e69]::result::Result<(), rustc_span[e1b931742f0b02c1]::ErrorGuaranteed>>::and<()>, rustc_data_structures[a70f1e5258a380f8]::sync::parallel::enabled::try_par_for_each_in<&[rustc_hir[7e0cfd6eb5a583c3]::hir::ItemId], rustc_span[e1b931742f0b02c1]::ErrorGuaranteed, <rustc_middle[354bbee2ce4c460]::hir::ModuleItems>::par_items<rustc_hir_analysis[618f1997a162b265]::check::wfcheck::check_mod_type_wf::{closure#0}>::{closure#0}>::{closure#0}::{closure#1}>, rustc_data_structures[a70f1e5258a380f8]::sync::parallel::enabled::try_par_for_each_in<&[rustc_hir[7e0cfd6eb5a583c3]::hir::ItemId], rustc_span[e1b931742f0b02c1]::ErrorGuaranteed, <rustc_middle[354bbee2ce4c460]::hir::ModuleItems>::par_items<rustc_hir_analysis[618f1997a162b265]::check::wfcheck::check_mod_type_wf::{closure#0}>::{closure#0}>::{closure#0}::{closure#0}>>::{closure#1}>::{closure#0}, core[8c2a069408211e69]::result::Result<(), rustc_span[e1b931742f0b02c1]::ErrorGuaranteed>> as rayon_core[731b113bd10ac34b]::job::Job>::execute
  28:     0x7ca83e86801e - <rayon_core[731b113bd10ac34b]::registry::WorkerThread>::wait_until_cold
  29:     0x7ca83e865ba9 - <rayon_core[731b113bd10ac34b]::registry::ThreadBuilder>::run
  30:     0x7ca83ed51767 - <<crossbeam_utils[930a699d6a349ec7]::thread::ScopedThreadBuilder>::spawn<<rayon_core[731b113bd10ac34b]::ThreadPoolBuilder>::build_scoped<rustc_interface[fc21679c26087701]::util::run_in_thread_pool_with_globals<rustc_interface[fc21679c26087701]::interface::run_compiler<core[8c2a069408211e69]::result::Result<(), rustc_span[e1b931742f0b02c1]::ErrorGuaranteed>, rustc_driver_impl[734e2c9770122f8]::run_compiler::{closure#0}>::{closure#1}, core[8c2a069408211e69]::result::Result<(), rustc_span[e1b931742f0b02c1]::ErrorGuaranteed>>::{closure#3}::{closure#0}::{closure#0}, rustc_interface[fc21679c26087701]::util::run_in_thread_pool_with_globals<rustc_interface[fc21679c26087701]::interface::run_compiler<core[8c2a069408211e69]::result::Result<(), rustc_span[e1b931742f0b02c1]::ErrorGuaranteed>, rustc_driver_impl[734e2c9770122f8]::run_compiler::{closure#0}>::{closure#1}, core[8c2a069408211e69]::result::Result<(), rustc_span[e1b931742f0b02c1]::ErrorGuaranteed>>::{closure#3}::{closure#0}::{closure#1}, core[8c2a069408211e69]::result::Result<(), rustc_span[e1b931742f0b02c1]::ErrorGuaranteed>>::{closure#0}::{closure#0}::{closure#0}, ()>::{closure#0} as core[8c2a069408211e69]::ops::function::FnOnce<()>>::call_once::{shim:vtable#0}
  31:     0x7ca83ed4509e - std[edc1ba278773f0d3]::sys::backtrace::__rust_begin_short_backtrace::<alloc[168ee4b9ac58f8b8]::boxed::Box<dyn core[8c2a069408211e69]::ops::function::FnOnce<(), Output = ()> + core[8c2a069408211e69]::marker::Send>, ()>
  32:     0x7ca83ed5145a - <<std[edc1ba278773f0d3]::thread::Builder>::spawn_unchecked_<alloc[168ee4b9ac58f8b8]::boxed::Box<dyn core[8c2a069408211e69]::ops::function::FnOnce<(), Output = ()> + core[8c2a069408211e69]::marker::Send>, ()>::{closure#1} as core[8c2a069408211e69]::ops::function::FnOnce<()>>::call_once::{shim:vtable#0}
  33:     0x7ca84128592b - std::sys::pal::unix::thread::Thread::new::thread_start::he6ae6a1223d421a8
  34:     0x7ca83b494ac3 - start_thread
                               at ./nptl/pthread_create.c:442:8
  35:     0x7ca83b5268c0 - __GI___clone3
                               at ./misc/../sysdeps/unix/sysv/linux/x86_64/clone3.S:81
  36:                0x0 - <unknown>

error: the compiler unexpectedly panicked. this is a bug.

note: we would appreciate a bug report: https://github.com/rust-lang/rust/issues/new?labels=C-bug%2C+I-ICE%2C+T-compiler&template=ice.md

note: please make sure that you have updated to the latest nightly

note: please attach the file at `/data/zhangtianrong/projects/rustc-cbl/run/129112/rustc-ice-2026-01-03T13_07_01-2327671.txt` to your bug report

note: compiler flags: --crate-type bin -C embed-bitcode=no -C debuginfo=2 -C incremental=[REDACTED] -Z threads=16 -Z macro-backtrace -Z treat-err-as-bug=1

note: some of the compiler flags provided by cargo are hidden

query stack during panic:
#0 [check_well_formed] checking that `<impl at src/main.rs:1:17: 1:19>` is well-formed
#1 [check_mod_type_wf] checking that types are well-formed in top-level module
#2 [analysis] running analysis passes on this crate
end of query stack
error: could not compile `bug_129112` (bin "bug_129112")
------------------------------------------------------------
Return code: 101
