=== START 2026-02-02 19:19:21 ===
Bug ID: 129285
Toolchain: nightly-2024-08-19
Source: /data/zhangtianrong/projects/rustc-cbl/rustcbugs/129285
Run dir: /data/zhangtianrong/projects/rustc-cbl/run/129285
CMD: rustup run nightly-2024-08-19 cargo build
------------------------------------------------------------
   Compiling bug_129285 v0.1.0 (/data/zhangtianrong/projects/rustc-cbl/run/129285)
warning: unused variable: `ctx`
 --> src/main.rs:1:18
  |
1 | fn higher_ranked(ctx: &mut ()) {}
  |                  ^^^ help: if this is intentional, prefix it with an underscore: `_ctx`
  |
  = note: `#[warn(unused_variables)]` on by default

error[E0308]: mismatched types
 --> src/main.rs:5:15
  |
5 |     as_unsafe(higher_ranked);
  |               ^^^^^^^^^^^^^ one type is more general than the other
  |
  = note: expected fn pointer `unsafe fn(&mut ())`
             found fn pointer `unsafe for<'a> fn(&'a mut ())`

For more information about this error, try `rustc --explain E0308`.
warning: `bug_129285` (bin "bug_129285") generated 1 warning
error: could not compile `bug_129285` (bin "bug_129285") due to 1 previous error; 1 warning emitted
------------------------------------------------------------
Return code: 101
