=== START 2026-02-02 19:02:15 ===
Bug ID: 129811
Toolchain: nightly-2024-08-29
Source: /data/zhangtianrong/projects/rustc-cbl/rustcbugs/129811
Run dir: /data/zhangtianrong/projects/rustc-cbl/run/129811
CMD: rustup run nightly-2024-08-29 cargo build
------------------------------------------------------------
   Compiling bug_129811 v0.1.0 (/data/zhangtianrong/projects/rustc-cbl/run/129811)
error[E0391]: cycle detected when optimizing MIR for `orchestrate_simple_crud::{closure#0}::{closure#0}::{closure#0}::{closure#1}`
  --> src/main.rs:10:39
   |
10 |     orchestrate_memd_routing(async || async {}.await).await;
   |                                       ^^^^^^^^^^^^^^
   |
   = note: ...which immediately requires optimizing MIR for `orchestrate_simple_crud::{closure#0}::{closure#0}::{closure#0}::{closure#1}` again
   = note: cycle used when computing layout of `{async closure body@src/main.rs:10:39: 10:53}`
   = note: see https://rustc-dev-guide.rust-lang.org/overview.html#queries and https://rustc-dev-guide.rust-lang.org/query.html for more information

For more information about this error, try `rustc --explain E0391`.
error: could not compile `bug_129811` (bin "bug_129811") due to 1 previous error
------------------------------------------------------------
Return code: 101
