=== START 2026-01-03 21:06:10 ===
Bug ID: 131535
Toolchain: nightly-2024-10-11
Source: /data/zhangtianrong/projects/rustc-cbl/rustcbugs/131535
Run dir: /data/zhangtianrong/projects/rustc-cbl/run/131535
CMD: rustup run nightly-2024-10-11 cargo build
------------------------------------------------------------
   Compiling bug_131535 v0.1.0 (/data/zhangtianrong/projects/rustc-cbl/run/131535)
error: missing parameters for function definition
 --> src/main.rs:3:8
  |
3 | fn kind  :(v0<'_, > impl for<v4> v0<'_, v2 = impl v0<v4> + '_>) {}
  |        ^
  |
help: add a parameter list
  |
3 | fn kind()  :(v0<'_, > impl for<v4> v0<'_, v2 = impl v0<v4> + '_>) {}
  |        ++

error: return types are denoted using `->`
 --> src/main.rs:3:10
  |
3 | fn kind  :(v0<'_, > impl for<v4> v0<'_, v2 = impl v0<v4> + '_>) {}
  |          ^
  |
help: use `->` instead
  |
3 | fn kind -> (v0<'_, > impl for<v4> v0<'_, v2 = impl v0<v4> + '_>) {}
  |         ~~

error: expected one of `!`, `)`, `+`, `,`, or `::`, found keyword `impl`
 --> src/main.rs:3:21
  |
3 | fn kind  :(v0<'_, > impl for<v4> v0<'_, v2 = impl v0<v4> + '_>) {}
  |                    -^^^^ expected one of `!`, `)`, `+`, `,`, or `::`
  |                    |
  |                    help: missing `,`

error[E0106]: missing lifetime specifiers
 --> src/main.rs:3:15
  |
3 | fn kind  :(v0<'_, > impl for<v4> v0<'_, v2 = impl v0<v4> + '_>) {}
  |               ^^                    ^^                     ^^ expected named lifetime parameter
  |               |                     |
  |               |                     expected named lifetime parameter
  |               expected named lifetime parameter
  |
  = help: this function's return type contains a borrowed value, but there is no value for it to be borrowed from
help: consider using the `'static` lifetime, but this is uncommon unless you're returning a borrowed value from a `const` or a `static`
  |
3 | fn kind  :(v0<'static, > impl for<v4> v0<'static, v2 = impl v0<v4> + 'static>) {}
  |               ~~~~~~~                    ~~~~~~~                     ~~~~~~~

warning: the feature `non_lifetime_binders` is incomplete and may not be safe to use and/or cause compiler crashes
 --> src/main.rs:1:12
  |
1 | #![feature(non_lifetime_binders)]
  |            ^^^^^^^^^^^^^^^^^^^^
  |
  = note: see issue #108185 <https://github.com/rust-lang/rust/issues/108185> for more information
  = note: `#[warn(incomplete_features)]` on by default

warning: trait `v0` should have an upper camel case name
 --> src/main.rs:2:7
  |
2 | trait v0<> {}
  |       ^^ help: convert the identifier to upper camel case (notice the capitalization): `V0`
  |
  = note: `#[warn(non_camel_case_types)]` on by default

warning: type parameter `v4` should have an upper camel case name
 --> src/main.rs:3:30
  |
3 | fn kind  :(v0<'_, > impl for<v4> v0<'_, v2 = impl v0<v4> + '_>) {}
  |                              ^^ help: convert the identifier to upper camel case (notice the capitalization): `V4`

error[E0107]: trait takes 0 lifetime arguments but 1 lifetime argument was supplied
 --> src/main.rs:3:12
  |
3 | fn kind  :(v0<'_, > impl for<v4> v0<'_, v2 = impl v0<v4> + '_>) {}
  |            ^^------ help: remove the unnecessary generics
  |            |
  |            expected 0 lifetime arguments
  |
note: trait defined here, with 0 lifetime parameters
 --> src/main.rs:2:7
  |
2 | trait v0<> {}
  |       ^^

error[E0107]: trait takes 0 lifetime arguments but 1 lifetime argument was supplied
 --> src/main.rs:3:34
  |
3 | fn kind  :(v0<'_, > impl for<v4> v0<'_, v2 = impl v0<v4> + '_>) {}
  |                                  ^^--------------------------- help: remove the unnecessary generics
  |                                  |
  |                                  expected 0 lifetime arguments
  |
note: trait defined here, with 0 lifetime parameters
 --> src/main.rs:2:7
  |
2 | trait v0<> {}
  |       ^^

error[E0220]: associated type `v2` not found for `v0`
 --> src/main.rs:3:41
  |
3 | fn kind  :(v0<'_, > impl for<v4> v0<'_, v2 = impl v0<v4> + '_>) {}
  |                                         ^^ associated type `v2` not found

error[E0107]: trait takes 0 generic arguments but 1 generic argument was supplied
 --> src/main.rs:3:51
  |
3 | fn kind  :(v0<'_, > impl for<v4> v0<'_, v2 = impl v0<v4> + '_>) {}
  |                                                   ^^---- help: remove the unnecessary generics
  |                                                   |
  |                                                   expected 0 generic arguments
  |
note: trait defined here, with 0 generic parameters
 --> src/main.rs:2:7
  |
2 | trait v0<> {}
  |       ^^

thread 'rustc' panicked at compiler/rustc_middle/src/ty/predicate.rs:489:9:
`WellFormed(^2_"v4")` has escaping bound vars, so it cannot be wrapped in a dummy binder.
stack backtrace:
   0:     0x75b519bdd24a - <std::sys::backtrace::BacktraceLock::print::DisplayBacktrace as core::fmt::Display>::fmt::h87acf85b5211808c
   1:     0x75b51a4034a6 - core::fmt::write::h1830300cff8013e6
   2:     0x75b51b60bb91 - std::io::Write::write_fmt::hff4c51c59db7db45
   3:     0x75b519bdd0a2 - std::sys::backtrace::BacktraceLock::print::h5e8429acc66fa0b4
   4:     0x75b519bdf576 - std::panicking::default_hook::{{closure}}::h47c5621b8a2933e4
   5:     0x75b519bdf3c0 - std::panicking::default_hook::h4c51255dc678cdff
   6:     0x75b518c315df - std[39bba8b06d71f7a0]::panicking::update_hook::<alloc[c38a7ac3bd25a6f5]::boxed::Box<rustc_driver_impl[2b16dbb9274b0adb]::install_ice_hook::{closure#0}>>::{closure#0}
   7:     0x75b519bdfc88 - std::panicking::rust_panic_with_hook::hfa48cfa9339c55df
   8:     0x75b519bdfa5a - std::panicking::begin_panic_handler::{{closure}}::hf82473ea8efddcc4
   9:     0x75b519bdd6f9 - std::sys::backtrace::__rust_end_short_backtrace::ha3aa6b6ac85645ad
  10:     0x75b519bdf71c - rust_begin_unwind
  11:     0x75b5168d4650 - core::panicking::panic_fmt::h0bb3d4b88913929a
  12:     0x75b51be5c488 - <rustc_middle[29f16e95e513605a]::ty::predicate::Predicate as rustc_type_ir[aeae2260a8e42b9a]::upcast::UpcastFrom<rustc_middle[29f16e95e513605a]::ty::context::TyCtxt, rustc_type_ir[aeae2260a8e42b9a]::predicate_kind::PredicateKind<rustc_middle[29f16e95e513605a]::ty::context::TyCtxt>>>::upcast_from.cold
  13:     0x75b518cfc847 - <rustc_infer[175fb04e3dbeac18]::traits::Obligation<rustc_middle[29f16e95e513605a]::ty::predicate::Predicate>>::with_depth::<rustc_type_ir[aeae2260a8e42b9a]::predicate_kind::PredicateKind<rustc_middle[29f16e95e513605a]::ty::context::TyCtxt>>
  14:     0x75b518e15cce - <rustc_hir_analysis[7d1658e465b44263]::hir_wf_check::diagnostic_hir_wf_check::HirWfCheck as rustc_hir[2e4b7d797c866183]::intravisit::Visitor>::visit_ty
  15:     0x75b518dc86bd - <rustc_hir_analysis[7d1658e465b44263]::hir_wf_check::diagnostic_hir_wf_check::HirWfCheck as rustc_hir[2e4b7d797c866183]::intravisit::Visitor>::visit_generic_args
  16:     0x75b518d1b8e0 - rustc_hir[2e4b7d797c866183]::intravisit::walk_poly_trait_ref::<rustc_hir_analysis[7d1658e465b44263]::hir_wf_check::diagnostic_hir_wf_check::HirWfCheck>
  17:     0x75b518e1625e - <rustc_hir_analysis[7d1658e465b44263]::hir_wf_check::diagnostic_hir_wf_check::HirWfCheck as rustc_hir[2e4b7d797c866183]::intravisit::Visitor>::visit_ty
  18:     0x75b518dc87b4 - <rustc_hir_analysis[7d1658e465b44263]::hir_wf_check::diagnostic_hir_wf_check::HirWfCheck as rustc_hir[2e4b7d797c866183]::intravisit::Visitor>::visit_generic_args
  19:     0x75b518d1b8e0 - rustc_hir[2e4b7d797c866183]::intravisit::walk_poly_trait_ref::<rustc_hir_analysis[7d1658e465b44263]::hir_wf_check::diagnostic_hir_wf_check::HirWfCheck>
  20:     0x75b518e1625e - <rustc_hir_analysis[7d1658e465b44263]::hir_wf_check::diagnostic_hir_wf_check::HirWfCheck as rustc_hir[2e4b7d797c866183]::intravisit::Visitor>::visit_ty
  21:     0x75b518e15fa1 - <rustc_hir_analysis[7d1658e465b44263]::hir_wf_check::diagnostic_hir_wf_check::HirWfCheck as rustc_hir[2e4b7d797c866183]::intravisit::Visitor>::visit_ty
  22:     0x75b518e1565e - rustc_hir_analysis[7d1658e465b44263]::hir_wf_check::diagnostic_hir_wf_check
  23:     0x75b5196d420c - rustc_query_impl[577202e9d6ff7d36]::plumbing::__rust_begin_short_backtrace::<rustc_query_impl[577202e9d6ff7d36]::query_impl::diagnostic_hir_wf_check::dynamic_query::{closure#2}::{closure#0}, rustc_middle[29f16e95e513605a]::query::erase::Erased<[u8; 8usize]>>
  24:     0x75b5196b9303 - <rustc_query_impl[577202e9d6ff7d36]::query_impl::diagnostic_hir_wf_check::dynamic_query::{closure#2} as core[5ae4016a0c652b3c]::ops::function::FnOnce<(rustc_middle[29f16e95e513605a]::ty::context::TyCtxt, (rustc_middle[29f16e95e513605a]::ty::predicate::Predicate, rustc_middle[29f16e95e513605a]::traits::WellFormedLoc))>>::call_once
  25:     0x75b51a82dc35 - <rustc_query_system[e421b998c28443f5]::query::plumbing::execute_job_incr<rustc_query_impl[577202e9d6ff7d36]::DynamicConfig<rustc_query_system[e421b998c28443f5]::query::caches::DefaultCache<rustc_middle[29f16e95e513605a]::ty::instance::InstanceKind, rustc_middle[29f16e95e513605a]::query::erase::Erased<[u8; 4usize]>>, false, false, false>, rustc_query_impl[577202e9d6ff7d36]::plumbing::QueryCtxt>::{closure#2}::{closure#2} as core[5ae4016a0c652b3c]::ops::function::FnOnce<((rustc_query_impl[577202e9d6ff7d36]::plumbing::QueryCtxt, rustc_query_impl[577202e9d6ff7d36]::DynamicConfig<rustc_query_system[e421b998c28443f5]::query::caches::DefaultCache<rustc_middle[29f16e95e513605a]::ty::instance::InstanceKind, rustc_middle[29f16e95e513605a]::query::erase::Erased<[u8; 4usize]>>, false, false, false>), rustc_middle[29f16e95e513605a]::ty::instance::InstanceKind)>>::call_once
  26:     0x75b51963d93e - <rustc_middle[29f16e95e513605a]::dep_graph::DepsType as rustc_query_system[e421b998c28443f5]::dep_graph::Deps>::with_deps::<<rustc_query_system[e421b998c28443f5]::dep_graph::graph::DepGraphData<rustc_middle[29f16e95e513605a]::dep_graph::DepsType>>::with_task<(rustc_query_impl[577202e9d6ff7d36]::plumbing::QueryCtxt, rustc_query_impl[577202e9d6ff7d36]::DynamicConfig<rustc_query_system[e421b998c28443f5]::query::caches::DefaultCache<(rustc_middle[29f16e95e513605a]::ty::predicate::Predicate, rustc_middle[29f16e95e513605a]::traits::WellFormedLoc), rustc_middle[29f16e95e513605a]::query::erase::Erased<[u8; 8usize]>>, false, false, false>), (rustc_middle[29f16e95e513605a]::ty::predicate::Predicate, rustc_middle[29f16e95e513605a]::traits::WellFormedLoc), rustc_middle[29f16e95e513605a]::query::erase::Erased<[u8; 8usize]>>::{closure#0}::{closure#0}, rustc_middle[29f16e95e513605a]::query::erase::Erased<[u8; 8usize]>>
  27:     0x75b5196364cc - rustc_query_system[e421b998c28443f5]::query::plumbing::try_execute_query::<rustc_query_impl[577202e9d6ff7d36]::DynamicConfig<rustc_query_system[e421b998c28443f5]::query::caches::DefaultCache<(rustc_middle[29f16e95e513605a]::ty::predicate::Predicate, rustc_middle[29f16e95e513605a]::traits::WellFormedLoc), rustc_middle[29f16e95e513605a]::query::erase::Erased<[u8; 8usize]>>, false, false, false>, rustc_query_impl[577202e9d6ff7d36]::plumbing::QueryCtxt, true>
  28:     0x75b51971460f - rustc_query_impl[577202e9d6ff7d36]::query_impl::diagnostic_hir_wf_check::get_query_incr::__rust_end_short_backtrace
  29:     0x75b519a05799 - <rustc_trait_selection[51e218581841b494]::error_reporting::TypeErrCtxt>::report_selection_error
  30:     0x75b519a86d6b - <rustc_trait_selection[51e218581841b494]::error_reporting::TypeErrCtxt>::report_fulfillment_error
  31:     0x75b519a4df47 - <rustc_trait_selection[51e218581841b494]::error_reporting::TypeErrCtxt>::report_fulfillment_errors
  32:     0x75b51a5f0a4d - <rustc_trait_selection[51e218581841b494]::traits::engine::ObligationCtxt<rustc_trait_selection[51e218581841b494]::traits::FulfillmentError>>::assumed_wf_types_and_report_errors
  33:     0x75b51ab836f5 - rustc_hir_analysis[7d1658e465b44263]::check::wfcheck::check_item_fn
  34:     0x75b517d5386f - rustc_hir_analysis[7d1658e465b44263]::check::wfcheck::check_well_formed
  35:     0x75b51add53eb - rustc_query_impl[577202e9d6ff7d36]::plumbing::__rust_begin_short_backtrace::<rustc_query_impl[577202e9d6ff7d36]::query_impl::check_well_formed::dynamic_query::{closure#2}::{closure#0}, rustc_middle[29f16e95e513605a]::query::erase::Erased<[u8; 1usize]>>
  36:     0x75b51a7c719d - rustc_query_system[e421b998c28443f5]::query::plumbing::try_execute_query::<rustc_query_impl[577202e9d6ff7d36]::DynamicConfig<rustc_query_system[e421b998c28443f5]::query::caches::VecCache<rustc_span[6ca13cbf14de63a0]::def_id::LocalDefId, rustc_middle[29f16e95e513605a]::query::erase::Erased<[u8; 1usize]>>, false, false, false>, rustc_query_impl[577202e9d6ff7d36]::plumbing::QueryCtxt, true>
  37:     0x75b51a7c6978 - rustc_query_impl[577202e9d6ff7d36]::query_impl::check_well_formed::get_query_incr::__rust_end_short_backtrace
  38:     0x75b51add567f - rustc_hir_analysis[7d1658e465b44263]::check::wfcheck::check_mod_type_wf
  39:     0x75b51add54a5 - rustc_query_impl[577202e9d6ff7d36]::plumbing::__rust_begin_short_backtrace::<rustc_query_impl[577202e9d6ff7d36]::query_impl::check_mod_type_wf::dynamic_query::{closure#2}::{closure#0}, rustc_middle[29f16e95e513605a]::query::erase::Erased<[u8; 1usize]>>
  40:     0x75b51b300c84 - rustc_query_system[e421b998c28443f5]::query::plumbing::try_execute_query::<rustc_query_impl[577202e9d6ff7d36]::DynamicConfig<rustc_query_system[e421b998c28443f5]::query::caches::DefaultCache<rustc_span[6ca13cbf14de63a0]::def_id::LocalModDefId, rustc_middle[29f16e95e513605a]::query::erase::Erased<[u8; 1usize]>>, false, false, false>, rustc_query_impl[577202e9d6ff7d36]::plumbing::QueryCtxt, true>
  41:     0x75b51b30195b - rustc_query_impl[577202e9d6ff7d36]::query_impl::check_mod_type_wf::get_query_incr::__rust_end_short_backtrace
  42:     0x75b51a83387b - rustc_hir_analysis[7d1658e465b44263]::check_crate
  43:     0x75b51a8305d7 - rustc_interface[3d22ab4a16c914f1]::passes::run_required_analyses
  44:     0x75b51b129a5e - rustc_interface[3d22ab4a16c914f1]::passes::analysis
  45:     0x75b51b129a31 - rustc_query_impl[577202e9d6ff7d36]::plumbing::__rust_begin_short_backtrace::<rustc_query_impl[577202e9d6ff7d36]::query_impl::analysis::dynamic_query::{closure#2}::{closure#0}, rustc_middle[29f16e95e513605a]::query::erase::Erased<[u8; 1usize]>>
  46:     0x75b51b493d0d - rustc_query_system[e421b998c28443f5]::query::plumbing::try_execute_query::<rustc_query_impl[577202e9d6ff7d36]::DynamicConfig<rustc_query_system[e421b998c28443f5]::query::caches::SingleCache<rustc_middle[29f16e95e513605a]::query::erase::Erased<[u8; 1usize]>>, false, false, false>, rustc_query_impl[577202e9d6ff7d36]::plumbing::QueryCtxt, true>
  47:     0x75b51b4937fa - rustc_query_impl[577202e9d6ff7d36]::query_impl::analysis::get_query_incr::__rust_end_short_backtrace
  48:     0x75b51b139a5e - rustc_interface[3d22ab4a16c914f1]::interface::run_compiler::<core[5ae4016a0c652b3c]::result::Result<(), rustc_span[6ca13cbf14de63a0]::ErrorGuaranteed>, rustc_driver_impl[2b16dbb9274b0adb]::run_compiler::{closure#0}>::{closure#1}
  49:     0x75b51b1c1d50 - std[39bba8b06d71f7a0]::sys::backtrace::__rust_begin_short_backtrace::<rustc_interface[3d22ab4a16c914f1]::util::run_in_thread_with_globals<rustc_interface[3d22ab4a16c914f1]::util::run_in_thread_pool_with_globals<rustc_interface[3d22ab4a16c914f1]::interface::run_compiler<core[5ae4016a0c652b3c]::result::Result<(), rustc_span[6ca13cbf14de63a0]::ErrorGuaranteed>, rustc_driver_impl[2b16dbb9274b0adb]::run_compiler::{closure#0}>::{closure#1}, core[5ae4016a0c652b3c]::result::Result<(), rustc_span[6ca13cbf14de63a0]::ErrorGuaranteed>>::{closure#0}, core[5ae4016a0c652b3c]::result::Result<(), rustc_span[6ca13cbf14de63a0]::ErrorGuaranteed>>::{closure#0}::{closure#0}, core[5ae4016a0c652b3c]::result::Result<(), rustc_span[6ca13cbf14de63a0]::ErrorGuaranteed>>
  50:     0x75b51b1c2417 - <<std[39bba8b06d71f7a0]::thread::Builder>::spawn_unchecked_<rustc_interface[3d22ab4a16c914f1]::util::run_in_thread_with_globals<rustc_interface[3d22ab4a16c914f1]::util::run_in_thread_pool_with_globals<rustc_interface[3d22ab4a16c914f1]::interface::run_compiler<core[5ae4016a0c652b3c]::result::Result<(), rustc_span[6ca13cbf14de63a0]::ErrorGuaranteed>, rustc_driver_impl[2b16dbb9274b0adb]::run_compiler::{closure#0}>::{closure#1}, core[5ae4016a0c652b3c]::result::Result<(), rustc_span[6ca13cbf14de63a0]::ErrorGuaranteed>>::{closure#0}, core[5ae4016a0c652b3c]::result::Result<(), rustc_span[6ca13cbf14de63a0]::ErrorGuaranteed>>::{closure#0}::{closure#0}, core[5ae4016a0c652b3c]::result::Result<(), rustc_span[6ca13cbf14de63a0]::ErrorGuaranteed>>::{closure#1} as core[5ae4016a0c652b3c]::ops::function::FnOnce<()>>::call_once::{shim:vtable#0}
  51:     0x75b51b1c3301 - std::sys::pal::unix::thread::Thread::new::thread_start::hc0595517bea46b79
  52:     0x75b515294ac3 - start_thread
                               at ./nptl/pthread_create.c:442:8
  53:     0x75b5153268c0 - __GI___clone3
                               at ./misc/../sysdeps/unix/sysv/linux/x86_64/clone3.S:81
  54:                0x0 - <unknown>

error: the compiler unexpectedly panicked. this is a bug.

note: we would appreciate a bug report: https://github.com/rust-lang/rust/issues/new?labels=C-bug%2C+I-ICE%2C+T-compiler&template=ice.md

note: please make sure that you have updated to the latest nightly

note: please attach the file at `/data/zhangtianrong/projects/rustc-cbl/run/131535/rustc-ice-2026-01-03T13_06_11-2303838.txt` to your bug report

note: compiler flags: --crate-type bin -C embed-bitcode=no -C debuginfo=2 -C incremental=[REDACTED]

note: some of the compiler flags provided by cargo are hidden

query stack during panic:
#0 [diagnostic_hir_wf_check] performing HIR wf-checking for predicate `Binder { value: TraitPredicate(<dyn v0 as core::marker::Sized>, polarity:Positive), bound_vars: [] }` at item `Param { function: DefId(0:4 ~ bug_131535[8c8c]::kind), param_idx: 0 }`
#1 [check_well_formed] checking that `kind` is well-formed
#2 [check_mod_type_wf] checking that types are well-formed in top-level module
#3 [analysis] running analysis passes on this crate
end of query stack
error[E0782]: trait objects must include the `dyn` keyword
 --> src/main.rs:3:12
  |
3 | fn kind  :(v0<'_, > impl for<v4> v0<'_, v2 = impl v0<v4> + '_>) {}
  |            ^^^^^^^^
  |
help: add `dyn` keyword before this trait
  |
3 | fn kind  :(dyn v0<'_, > impl for<v4> v0<'_, v2 = impl v0<v4> + '_>) {}
  |            +++

Some errors have detailed explanations: E0106, E0107, E0220, E0782.
For more information about an error, try `rustc --explain E0106`.
warning: `bug_131535` (bin "bug_131535") generated 3 warnings
error: could not compile `bug_131535` (bin "bug_131535") due to 9 previous errors; 3 warnings emitted
------------------------------------------------------------
Return code: 101
