=== START 2026-01-17 20:56:29 ===
Bug ID: 131915
Toolchain: nightly-2024-10-19
Source: /data/zhangtianrong/projects/rustc-cbl/rustcbugs/131915
Run dir: /data/zhangtianrong/projects/rustc-cbl/run/131915
CMD: rustup run nightly-2024-10-19 cargo build
------------------------------------------------------------
   Compiling bug_131915 v0.1.0 (/data/zhangtianrong/projects/rustc-cbl/run/131915)
error: free constant item without body
  --> src/main.rs:7:1
   |
7  | / const _: A<
8  | |     {
9  | |         y! { test.tou8 }
10 | |     },
11 | | >;
   | |  ^ help: provide a definition for the constant: `= <expr>;`
   | |__|
   |

error[E0412]: cannot find type `A` in this scope
 --> src/main.rs:7:10
  |
7 | const _: A<
  |          ^ not found in this scope

error[E0425]: cannot find value `x` in this scope
 --> src/main.rs:3:9
  |
3 |         x
  |         ^ not found in this scope
...
9 |         y! { test.tou8 }
  |         ---------------- in this macro invocation
  |
  = note: this error originates in the macro `y` (in Nightly builds, run with -Z macro-backtrace for more info)
help: you might be missing a const parameter
  |
7 | const _<const x: /* Type */>: A<
  |        +++++++++++++++++++++

thread 'rustc' panicked at compiler/rustc_ast_lowering/src/lib.rs:512:9:
adding a def'n for node-id NodeId(12) and def kind AnonConst but a previous def'n exists: DefKey { parent: Some(DefIndex(4)), disambiguated_data: DisambiguatedDefPathData { data: AnonConst, disambiguator: 0 } }
stack backtrace:
   0:     0x76ab29e820da - <std::sys::backtrace::BacktraceLock::print::DisplayBacktrace as core::fmt::Display>::fmt::h26331299defb9972
   1:     0x76ab2a603e0a - core::fmt::write::ha67e60481897529f
   2:     0x76ab2b9a62d1 - std::io::Write::write_fmt::h44edfdd6a3114907
   3:     0x76ab29e81f32 - std::sys::backtrace::BacktraceLock::print::hfe72d0e97d90abf3
   4:     0x76ab29e84416 - std::panicking::default_hook::{{closure}}::hbe8a26a7fe3b2fad
   5:     0x76ab29e84260 - std::panicking::default_hook::hcb4770ae2c16107d
   6:     0x76ab28f0385f - std[f288ebdd3c6aa47f]::panicking::update_hook::<alloc[4b12f761ebc3d4dd]::boxed::Box<rustc_driver_impl[7210bc2ce1beb914]::install_ice_hook::{closure#0}>>::{closure#0}
   7:     0x76ab29e84b28 - std::panicking::rust_panic_with_hook::h0d5b2fe41bd91557
   8:     0x76ab29e848fa - std::panicking::begin_panic_handler::{{closure}}::h9f0657659e7e3c46
   9:     0x76ab29e82589 - std::sys::backtrace::__rust_end_short_backtrace::h387e145d18906e78
  10:     0x76ab29e845bc - rust_begin_unwind
  11:     0x76ab268e7e30 - core::panicking::panic_fmt::hd38374bb8307d4f1
  12:     0x76ab2c21b0bd - <rustc_ast_lowering[7dd4b4dff8b0ea5]::LoweringContext>::create_def.cold
  13:     0x76ab2ac7af24 - <rustc_ast_lowering[7dd4b4dff8b0ea5]::LoweringContext>::lower_anon_const_to_anon_const
  14:     0x76ab2ac7aba6 - <rustc_ast_lowering[7dd4b4dff8b0ea5]::LoweringContext>::lower_anon_const_to_const_arg_direct
  15:     0x76ab2ac9db97 - <rustc_ast_lowering[7dd4b4dff8b0ea5]::LoweringContext>::lower_qpath
  16:     0x76ab2aca96d6 - <rustc_ast_lowering[7dd4b4dff8b0ea5]::LoweringContext>::lower_ty_direct
  17:     0x76ab2ac69688 - <rustc_ast_lowering[7dd4b4dff8b0ea5]::LoweringContext>::lower_item_kind
  18:     0x76ab2ac7ea05 - <rustc_ast_lowering[7dd4b4dff8b0ea5]::item::ItemLowerer>::lower_node
  19:     0x76ab2ac81781 - rustc_ast_lowering[7dd4b4dff8b0ea5]::lower_to_hir
  20:     0x76ab2b57bb20 - rustc_query_impl[6fc477dc6d889552]::plumbing::__rust_begin_short_backtrace::<rustc_query_impl[6fc477dc6d889552]::query_impl::hir_crate::dynamic_query::{closure#2}::{closure#0}, rustc_middle[12e32b31d5386da4]::query::erase::Erased<[u8; 8usize]>>
  21:     0x76ab2b57c911 - rustc_query_system[1bcb9eb84c8173bd]::query::plumbing::try_execute_query::<rustc_query_impl[6fc477dc6d889552]::DynamicConfig<rustc_query_system[1bcb9eb84c8173bd]::query::caches::SingleCache<rustc_middle[12e32b31d5386da4]::query::erase::Erased<[u8; 8usize]>>, false, false, false>, rustc_query_impl[6fc477dc6d889552]::plumbing::QueryCtxt, true>
  22:     0x76ab2b8a8090 - rustc_query_impl[6fc477dc6d889552]::query_impl::hir_crate::get_query_incr::__rust_end_short_backtrace
  23:     0x76ab2aa77005 - rustc_query_impl[6fc477dc6d889552]::plumbing::__rust_begin_short_backtrace::<rustc_query_impl[6fc477dc6d889552]::query_impl::hir_attrs::dynamic_query::{closure#2}::{closure#0}, rustc_middle[12e32b31d5386da4]::query::erase::Erased<[u8; 8usize]>>
  24:     0x76ab2aa72874 - rustc_query_system[1bcb9eb84c8173bd]::query::plumbing::try_execute_query::<rustc_query_impl[6fc477dc6d889552]::DynamicConfig<rustc_query_system[1bcb9eb84c8173bd]::query::caches::VecCache<rustc_hir[3f92ca4912cec410]::hir_id::OwnerId, rustc_middle[12e32b31d5386da4]::query::erase::Erased<[u8; 8usize]>>, false, false, false>, rustc_query_impl[6fc477dc6d889552]::plumbing::QueryCtxt, true>
  25:     0x76ab2aa72018 - rustc_query_impl[6fc477dc6d889552]::query_impl::hir_attrs::get_query_incr::__rust_end_short_backtrace
  26:     0x76ab2a7ee150 - <rustc_middle[12e32b31d5386da4]::hir::map::Map>::attrs
  27:     0x76ab2b5341c1 - rustc_passes[7dd4928ace1c8866]::entry::entry_fn
  28:     0x76ab2b534158 - rustc_query_impl[6fc477dc6d889552]::plumbing::__rust_begin_short_backtrace::<rustc_query_impl[6fc477dc6d889552]::query_impl::entry_fn::dynamic_query::{closure#2}::{closure#0}, rustc_middle[12e32b31d5386da4]::query::erase::Erased<[u8; 12usize]>>
  29:     0x76ab2b534135 - <rustc_query_impl[6fc477dc6d889552]::query_impl::entry_fn::dynamic_query::{closure#2} as core[a16ce2d27dc2f000]::ops::function::FnOnce<(rustc_middle[12e32b31d5386da4]::ty::context::TyCtxt, ())>>::call_once
  30:     0x76ab2b532b68 - rustc_query_system[1bcb9eb84c8173bd]::query::plumbing::try_execute_query::<rustc_query_impl[6fc477dc6d889552]::DynamicConfig<rustc_query_system[1bcb9eb84c8173bd]::query::caches::SingleCache<rustc_middle[12e32b31d5386da4]::query::erase::Erased<[u8; 12usize]>>, false, false, false>, rustc_query_impl[6fc477dc6d889552]::plumbing::QueryCtxt, true>
  31:     0x76ab2b5326d5 - rustc_query_impl[6fc477dc6d889552]::query_impl::entry_fn::get_query_incr::__rust_end_short_backtrace
  32:     0x76ab2b009306 - rustc_interface[9802adecac620c1d]::passes::run_required_analyses
  33:     0x76ab2b52851e - rustc_interface[9802adecac620c1d]::passes::analysis
  34:     0x76ab2b5284f1 - rustc_query_impl[6fc477dc6d889552]::plumbing::__rust_begin_short_backtrace::<rustc_query_impl[6fc477dc6d889552]::query_impl::analysis::dynamic_query::{closure#2}::{closure#0}, rustc_middle[12e32b31d5386da4]::query::erase::Erased<[u8; 1usize]>>
  35:     0x76ab2b53184d - rustc_query_system[1bcb9eb84c8173bd]::query::plumbing::try_execute_query::<rustc_query_impl[6fc477dc6d889552]::DynamicConfig<rustc_query_system[1bcb9eb84c8173bd]::query::caches::SingleCache<rustc_middle[12e32b31d5386da4]::query::erase::Erased<[u8; 1usize]>>, false, false, false>, rustc_query_impl[6fc477dc6d889552]::plumbing::QueryCtxt, true>
  36:     0x76ab2b53133a - rustc_query_impl[6fc477dc6d889552]::query_impl::analysis::get_query_incr::__rust_end_short_backtrace
  37:     0x76ab2b40a2ac - rustc_interface[9802adecac620c1d]::interface::run_compiler::<core[a16ce2d27dc2f000]::result::Result<(), rustc_span[e0d51419b076fca]::ErrorGuaranteed>, rustc_driver_impl[7210bc2ce1beb914]::run_compiler::{closure#0}>::{closure#1}
  38:     0x76ab2b4aa9d4 - std[f288ebdd3c6aa47f]::sys::backtrace::__rust_begin_short_backtrace::<rustc_interface[9802adecac620c1d]::util::run_in_thread_with_globals<rustc_interface[9802adecac620c1d]::util::run_in_thread_pool_with_globals<rustc_interface[9802adecac620c1d]::interface::run_compiler<core[a16ce2d27dc2f000]::result::Result<(), rustc_span[e0d51419b076fca]::ErrorGuaranteed>, rustc_driver_impl[7210bc2ce1beb914]::run_compiler::{closure#0}>::{closure#1}, core[a16ce2d27dc2f000]::result::Result<(), rustc_span[e0d51419b076fca]::ErrorGuaranteed>>::{closure#0}, core[a16ce2d27dc2f000]::result::Result<(), rustc_span[e0d51419b076fca]::ErrorGuaranteed>>::{closure#0}::{closure#0}, core[a16ce2d27dc2f000]::result::Result<(), rustc_span[e0d51419b076fca]::ErrorGuaranteed>>
  39:     0x76ab2b4aade8 - <<std[f288ebdd3c6aa47f]::thread::Builder>::spawn_unchecked_<rustc_interface[9802adecac620c1d]::util::run_in_thread_with_globals<rustc_interface[9802adecac620c1d]::util::run_in_thread_pool_with_globals<rustc_interface[9802adecac620c1d]::interface::run_compiler<core[a16ce2d27dc2f000]::result::Result<(), rustc_span[e0d51419b076fca]::ErrorGuaranteed>, rustc_driver_impl[7210bc2ce1beb914]::run_compiler::{closure#0}>::{closure#1}, core[a16ce2d27dc2f000]::result::Result<(), rustc_span[e0d51419b076fca]::ErrorGuaranteed>>::{closure#0}, core[a16ce2d27dc2f000]::result::Result<(), rustc_span[e0d51419b076fca]::ErrorGuaranteed>>::{closure#0}::{closure#0}, core[a16ce2d27dc2f000]::result::Result<(), rustc_span[e0d51419b076fca]::ErrorGuaranteed>>::{closure#1} as core[a16ce2d27dc2f000]::ops::function::FnOnce<()>>::call_once::{shim:vtable#0}
  40:     0x76ab2b4ab8ab - std::sys::pal::unix::thread::Thread::new::thread_start::hfde102d02a3deba3
  41:     0x76ab25494ac3 - start_thread
                               at ./nptl/pthread_create.c:442:8
  42:     0x76ab255268c0 - __GI___clone3
                               at ./misc/../sysdeps/unix/sysv/linux/x86_64/clone3.S:81
  43:                0x0 - <unknown>

error: the compiler unexpectedly panicked. this is a bug.

note: we would appreciate a bug report: https://github.com/rust-lang/rust/issues/new?labels=C-bug%2C+I-ICE%2C+T-compiler&template=ice.md

note: please make sure that you have updated to the latest nightly

note: please attach the file at `/data/zhangtianrong/projects/rustc-cbl/run/131915/rustc-ice-2026-01-17T12_56_29-826538.txt` to your bug report

note: compiler flags: --crate-type bin -C embed-bitcode=no -C debuginfo=2 -C incremental=[REDACTED]

note: some of the compiler flags provided by cargo are hidden

query stack during panic:
#0 [hir_crate] getting the crate HIR
#1 [hir_attrs] getting HIR owner attributes in ``
#2 [entry_fn] looking up the entry function of a crate
#3 [analysis] running analysis passes on this crate
end of query stack
Some errors have detailed explanations: E0412, E0425.
For more information about an error, try `rustc --explain E0412`.
error: could not compile `bug_131915` (bin "bug_131915") due to 3 previous errors
------------------------------------------------------------
Return code: 101
