=== START 2026-01-18 19:47:28 ===
Bug ID: 132120
Toolchain: nightly-2024-10-15
Source: /data/zhangtianrong/projects/rustc-cbl/rustcbugs/132120
Run dir: /data/zhangtianrong/projects/rustc-cbl/run/132120
CMD: rustup run nightly-2024-10-15 cargo build
------------------------------------------------------------
   Compiling bug_132120 v0.1.0 (/data/zhangtianrong/projects/rustc-cbl/run/132120)
error: missing type for `const` item
 --> src/main.rs:2:12
  |
2 |     const I = 0; // type ommitted
  |            ^ help: provide a type for the constant: `: i32`

warning: unreachable expression
 --> src/main.rs:3:48
  |
3 |     std::arch::x86_64::_mm_shuffle_ps(todo!(), todo!(), const {I});
  |                                       -------  ^^^^^^^ unreachable expression
  |                                       |
  |                                       any code following this expression is unreachable
  |
  = note: `#[warn(unreachable_code)]` on by default
  = note: this warning originates in the macro `todo` (in Nightly builds, run with -Z macro-backtrace for more info)

error: internal compiler error: compiler/rustc_middle/src/ty/typeck_results.rs:315:13: node_type: no type for node HirId(DefId(0:3 ~ bug_132120[6cad]::main).9) (const `{I}`)

thread 'rustc' panicked at compiler/rustc_middle/src/ty/typeck_results.rs:315:13:
Box<dyn Any>
stack backtrace:
   0:     0x794a1b635e8a - <std::sys::backtrace::BacktraceLock::print::DisplayBacktrace as core::fmt::Display>::fmt::h9d42d62719d070d7
   1:     0x794a1be038ca - core::fmt::write::he7a421eb4c9a9d75
   2:     0x794a1d024e11 - std::io::Write::write_fmt::h567af23beaa18959
   3:     0x794a1b635ce2 - std::sys::backtrace::BacktraceLock::print::h0f6e88707316b8f0
   4:     0x794a1b6381c6 - std::panicking::default_hook::{{closure}}::h51c0a9b7a1b27603
   5:     0x794a1b638010 - std::panicking::default_hook::h97535dc250d97546
   6:     0x794a1a67ff1f - std[c5cfba72dffabd2d]::panicking::update_hook::<alloc[4954ba58ed17d890]::boxed::Box<rustc_driver_impl[a8f60622b3234adb]::install_ice_hook::{closure#0}>>::{closure#0}
   7:     0x794a1b6388d8 - std::panicking::rust_panic_with_hook::h43f7938156b6bea8
   8:     0x794a1a6ba591 - std[c5cfba72dffabd2d]::panicking::begin_panic::<rustc_errors[de2df449d029e931]::ExplicitBug>::{closure#0}
   9:     0x794a1a6ad5c6 - std[c5cfba72dffabd2d]::sys::backtrace::__rust_end_short_backtrace::<std[c5cfba72dffabd2d]::panicking::begin_panic<rustc_errors[de2df449d029e931]::ExplicitBug>::{closure#0}, !>
  10:     0x794a1a6ad58e - std[c5cfba72dffabd2d]::panicking::begin_panic::<rustc_errors[de2df449d029e931]::ExplicitBug>
  11:     0x794a1a6c4041 - <rustc_errors[de2df449d029e931]::diagnostic::BugAbort as rustc_errors[de2df449d029e931]::diagnostic::EmissionGuarantee>::emit_producing_guarantee
  12:     0x794a1ad23754 - rustc_middle[7cb4f182f827e3bf]::util::bug::opt_span_bug_fmt::<rustc_span[fc5c94e8eafc8ab3]::span_encoding::Span>::{closure#0}
  13:     0x794a1ad0969a - rustc_middle[7cb4f182f827e3bf]::ty::context::tls::with_opt::<rustc_middle[7cb4f182f827e3bf]::util::bug::opt_span_bug_fmt<rustc_span[fc5c94e8eafc8ab3]::span_encoding::Span>::{closure#0}, !>::{closure#0}
  14:     0x794a1ad0952b - rustc_middle[7cb4f182f827e3bf]::ty::context::tls::with_context_opt::<rustc_middle[7cb4f182f827e3bf]::ty::context::tls::with_opt<rustc_middle[7cb4f182f827e3bf]::util::bug::opt_span_bug_fmt<rustc_span[fc5c94e8eafc8ab3]::span_encoding::Span>::{closure#0}, !>::{closure#0}, !>
  15:     0x794a18250cb0 - rustc_middle[7cb4f182f827e3bf]::util::bug::bug_fmt
  16:     0x794a1c79239e - rustc_mir_build[c2e422b8b19b58f8]::thir::cx::thir_body
  17:     0x794a1c7907b0 - rustc_query_impl[d7a38008b76d7199]::plumbing::__rust_begin_short_backtrace::<rustc_query_impl[d7a38008b76d7199]::query_impl::thir_body::dynamic_query::{closure#2}::{closure#0}, rustc_middle[7cb4f182f827e3bf]::query::erase::Erased<[u8; 16usize]>>
  18:     0x794a1c64868b - rustc_query_system[65a76ee4bff6a1cf]::query::plumbing::try_execute_query::<rustc_query_impl[d7a38008b76d7199]::DynamicConfig<rustc_query_system[65a76ee4bff6a1cf]::query::caches::VecCache<rustc_span[fc5c94e8eafc8ab3]::def_id::LocalDefId, rustc_middle[7cb4f182f827e3bf]::query::erase::Erased<[u8; 16usize]>>, false, false, false>, rustc_query_impl[d7a38008b76d7199]::plumbing::QueryCtxt, true>
  19:     0x794a1c647e54 - rustc_query_impl[d7a38008b76d7199]::query_impl::thir_body::get_query_incr::__rust_end_short_backtrace
  20:     0x794a1c7870d0 - rustc_mir_build[c2e422b8b19b58f8]::thir::pattern::check_match::check_match
  21:     0x794a1c786847 - rustc_query_impl[d7a38008b76d7199]::plumbing::__rust_begin_short_backtrace::<rustc_query_impl[d7a38008b76d7199]::query_impl::check_match::dynamic_query::{closure#2}::{closure#0}, rustc_middle[7cb4f182f827e3bf]::query::erase::Erased<[u8; 1usize]>>
  22:     0x794a1c198556 - rustc_query_system[65a76ee4bff6a1cf]::query::plumbing::try_execute_query::<rustc_query_impl[d7a38008b76d7199]::DynamicConfig<rustc_query_system[65a76ee4bff6a1cf]::query::caches::VecCache<rustc_span[fc5c94e8eafc8ab3]::def_id::LocalDefId, rustc_middle[7cb4f182f827e3bf]::query::erase::Erased<[u8; 1usize]>>, false, false, false>, rustc_query_impl[d7a38008b76d7199]::plumbing::QueryCtxt, true>
  23:     0x794a1bf4ecc1 - rustc_query_impl[d7a38008b76d7199]::query_impl::check_match::get_query_incr::__rust_end_short_backtrace
  24:     0x794a1c7944c7 - rustc_mir_build[c2e422b8b19b58f8]::build::mir_build
  25:     0x794a1be050c4 - rustc_mir_transform[f37fd34b33105916]::mir_built
  26:     0x794a1be05087 - rustc_query_impl[d7a38008b76d7199]::plumbing::__rust_begin_short_backtrace::<rustc_query_impl[d7a38008b76d7199]::query_impl::mir_built::dynamic_query::{closure#2}::{closure#0}, rustc_middle[7cb4f182f827e3bf]::query::erase::Erased<[u8; 8usize]>>
  27:     0x794a1c26f997 - rustc_query_system[65a76ee4bff6a1cf]::query::plumbing::try_execute_query::<rustc_query_impl[d7a38008b76d7199]::DynamicConfig<rustc_query_system[65a76ee4bff6a1cf]::query::caches::VecCache<rustc_span[fc5c94e8eafc8ab3]::def_id::LocalDefId, rustc_middle[7cb4f182f827e3bf]::query::erase::Erased<[u8; 8usize]>>, false, false, false>, rustc_query_impl[d7a38008b76d7199]::plumbing::QueryCtxt, true>
  28:     0x794a1c19ee5c - rustc_query_impl[d7a38008b76d7199]::query_impl::mir_built::get_query_incr::__rust_end_short_backtrace
  29:     0x794a1c965d27 - rustc_mir_transform[f37fd34b33105916]::mir_const_qualif
  30:     0x794a1c965c1b - rustc_query_impl[d7a38008b76d7199]::plumbing::__rust_begin_short_backtrace::<rustc_query_impl[d7a38008b76d7199]::query_impl::mir_const_qualif::dynamic_query::{closure#2}::{closure#0}, rustc_middle[7cb4f182f827e3bf]::query::erase::Erased<[u8; 4usize]>>
  31:     0x794a1c963fba - rustc_query_system[65a76ee4bff6a1cf]::query::plumbing::try_execute_query::<rustc_query_impl[d7a38008b76d7199]::DynamicConfig<rustc_query_system[65a76ee4bff6a1cf]::query::caches::DefIdCache<rustc_middle[7cb4f182f827e3bf]::query::erase::Erased<[u8; 4usize]>>, false, false, false>, rustc_query_impl[d7a38008b76d7199]::plumbing::QueryCtxt, true>
  32:     0x794a1c963954 - rustc_query_impl[d7a38008b76d7199]::query_impl::mir_const_qualif::get_query_incr::__rust_end_short_backtrace
  33:     0x794a192b8773 - rustc_mir_transform[f37fd34b33105916]::mir_promoted
  34:     0x794a1c23dcd2 - rustc_query_impl[d7a38008b76d7199]::plumbing::__rust_begin_short_backtrace::<rustc_query_impl[d7a38008b76d7199]::query_impl::mir_promoted::dynamic_query::{closure#2}::{closure#0}, rustc_middle[7cb4f182f827e3bf]::query::erase::Erased<[u8; 16usize]>>
  35:     0x794a1c6486ec - rustc_query_system[65a76ee4bff6a1cf]::query::plumbing::try_execute_query::<rustc_query_impl[d7a38008b76d7199]::DynamicConfig<rustc_query_system[65a76ee4bff6a1cf]::query::caches::VecCache<rustc_span[fc5c94e8eafc8ab3]::def_id::LocalDefId, rustc_middle[7cb4f182f827e3bf]::query::erase::Erased<[u8; 16usize]>>, false, false, false>, rustc_query_impl[d7a38008b76d7199]::plumbing::QueryCtxt, true>
  36:     0x794a1c647d54 - rustc_query_impl[d7a38008b76d7199]::query_impl::mir_promoted::get_query_incr::__rust_end_short_backtrace
  37:     0x794a1ce52d8f - rustc_query_impl[d7a38008b76d7199]::plumbing::__rust_begin_short_backtrace::<rustc_query_impl[d7a38008b76d7199]::query_impl::mir_borrowck::dynamic_query::{closure#2}::{closure#0}, rustc_middle[7cb4f182f827e3bf]::query::erase::Erased<[u8; 8usize]>>
  38:     0x794a1c26f997 - rustc_query_system[65a76ee4bff6a1cf]::query::plumbing::try_execute_query::<rustc_query_impl[d7a38008b76d7199]::DynamicConfig<rustc_query_system[65a76ee4bff6a1cf]::query::caches::VecCache<rustc_span[fc5c94e8eafc8ab3]::def_id::LocalDefId, rustc_middle[7cb4f182f827e3bf]::query::erase::Erased<[u8; 8usize]>>, false, false, false>, rustc_query_impl[d7a38008b76d7199]::plumbing::QueryCtxt, true>
  39:     0x794a1c19f1f4 - rustc_query_impl[d7a38008b76d7199]::query_impl::mir_borrowck::get_query_incr::__rust_end_short_backtrace
  40:     0x794a1c266951 - rustc_interface[fc73b2d9c9b6253e]::passes::run_required_analyses
  41:     0x794a1cc7e99e - rustc_interface[fc73b2d9c9b6253e]::passes::analysis
  42:     0x794a1cc7e971 - rustc_query_impl[d7a38008b76d7199]::plumbing::__rust_begin_short_backtrace::<rustc_query_impl[d7a38008b76d7199]::query_impl::analysis::dynamic_query::{closure#2}::{closure#0}, rustc_middle[7cb4f182f827e3bf]::query::erase::Erased<[u8; 1usize]>>
  43:     0x794a1cc87bcd - rustc_query_system[65a76ee4bff6a1cf]::query::plumbing::try_execute_query::<rustc_query_impl[d7a38008b76d7199]::DynamicConfig<rustc_query_system[65a76ee4bff6a1cf]::query::caches::SingleCache<rustc_middle[7cb4f182f827e3bf]::query::erase::Erased<[u8; 1usize]>>, false, false, false>, rustc_query_impl[d7a38008b76d7199]::plumbing::QueryCtxt, true>
  44:     0x794a1cc876ba - rustc_query_impl[d7a38008b76d7199]::query_impl::analysis::get_query_incr::__rust_end_short_backtrace
  45:     0x794a1cb818de - rustc_interface[fc73b2d9c9b6253e]::interface::run_compiler::<core[7b8e24222d1ccc75]::result::Result<(), rustc_span[fc5c94e8eafc8ab3]::ErrorGuaranteed>, rustc_driver_impl[a8f60622b3234adb]::run_compiler::{closure#0}>::{closure#1}
  46:     0x794a1cc30294 - std[c5cfba72dffabd2d]::sys::backtrace::__rust_begin_short_backtrace::<rustc_interface[fc73b2d9c9b6253e]::util::run_in_thread_with_globals<rustc_interface[fc73b2d9c9b6253e]::util::run_in_thread_pool_with_globals<rustc_interface[fc73b2d9c9b6253e]::interface::run_compiler<core[7b8e24222d1ccc75]::result::Result<(), rustc_span[fc5c94e8eafc8ab3]::ErrorGuaranteed>, rustc_driver_impl[a8f60622b3234adb]::run_compiler::{closure#0}>::{closure#1}, core[7b8e24222d1ccc75]::result::Result<(), rustc_span[fc5c94e8eafc8ab3]::ErrorGuaranteed>>::{closure#0}, core[7b8e24222d1ccc75]::result::Result<(), rustc_span[fc5c94e8eafc8ab3]::ErrorGuaranteed>>::{closure#0}::{closure#0}, core[7b8e24222d1ccc75]::result::Result<(), rustc_span[fc5c94e8eafc8ab3]::ErrorGuaranteed>>
  47:     0x794a1cc306a8 - <<std[c5cfba72dffabd2d]::thread::Builder>::spawn_unchecked_<rustc_interface[fc73b2d9c9b6253e]::util::run_in_thread_with_globals<rustc_interface[fc73b2d9c9b6253e]::util::run_in_thread_pool_with_globals<rustc_interface[fc73b2d9c9b6253e]::interface::run_compiler<core[7b8e24222d1ccc75]::result::Result<(), rustc_span[fc5c94e8eafc8ab3]::ErrorGuaranteed>, rustc_driver_impl[a8f60622b3234adb]::run_compiler::{closure#0}>::{closure#1}, core[7b8e24222d1ccc75]::result::Result<(), rustc_span[fc5c94e8eafc8ab3]::ErrorGuaranteed>>::{closure#0}, core[7b8e24222d1ccc75]::result::Result<(), rustc_span[fc5c94e8eafc8ab3]::ErrorGuaranteed>>::{closure#0}::{closure#0}, core[7b8e24222d1ccc75]::result::Result<(), rustc_span[fc5c94e8eafc8ab3]::ErrorGuaranteed>>::{closure#1} as core[7b8e24222d1ccc75]::ops::function::FnOnce<()>>::call_once::{shim:vtable#0}
  48:     0x794a1cc3116b - std::sys::pal::unix::thread::Thread::new::thread_start::h1588e535d4be38db
  49:     0x794a16c94ac3 - start_thread
                               at ./nptl/pthread_create.c:442:8
  50:     0x794a16d268c0 - __GI___clone3
                               at ./misc/../sysdeps/unix/sysv/linux/x86_64/clone3.S:81
  51:                0x0 - <unknown>

note: we would appreciate a bug report: https://github.com/rust-lang/rust/issues/new?labels=C-bug%2C+I-ICE%2C+T-compiler&template=ice.md

note: please make sure that you have updated to the latest nightly

note: please attach the file at `/data/zhangtianrong/projects/rustc-cbl/run/132120/rustc-ice-2026-01-18T11_47_29-970203.txt` to your bug report

note: compiler flags: --crate-type bin -C embed-bitcode=no -C debuginfo=2 -C incremental=[REDACTED]

note: some of the compiler flags provided by cargo are hidden

query stack during panic:
#0 [thir_body] building THIR for `main::{constant#0}`
#1 [check_match] match-checking `main::{constant#0}`
#2 [mir_built] building MIR for `main::{constant#0}`
#3 [mir_const_qualif] const checking `main::{constant#0}`
#4 [mir_promoted] promoting constants in MIR for `main::{constant#0}`
#5 [mir_borrowck] borrow-checking `main::{constant#0}`
#6 [analysis] running analysis passes on this crate
end of query stack
warning: `bug_132120` (bin "bug_132120") generated 1 warning
error: could not compile `bug_132120` (bin "bug_132120") due to 1 previous error; 1 warning emitted
------------------------------------------------------------
Return code: 101
