=== START 2026-01-17 20:31:31 ===
Bug ID: 133064
Toolchain: nightly-2024-11-15
Source: /data/zhangtianrong/projects/rustc-cbl/rustcbugs/133064
Run dir: /data/zhangtianrong/projects/rustc-cbl/run/133064
CMD: rustup run nightly-2024-11-15 cargo build
------------------------------------------------------------
   Compiling bug_133064 v0.1.0 (/data/zhangtianrong/projects/rustc-cbl/run/133064)
error[E0412]: cannot find type `Foo` in this scope
 --> src/main.rs:2:5
  |
2 |     Foo<
  |     ^^^ not found in this scope

error[E0412]: cannot find type `Foo` in this scope
 --> src/main.rs:5:46
  |
5 |             thread_local! { pub static FOO : Foo = Foo { } ; }
  |                                              ^^^ not found in this scope

error[E0422]: cannot find struct, variant or union type `Foo` in this scope
 --> src/main.rs:5:52
  |
5 |             thread_local! { pub static FOO : Foo = Foo { } ; }
  |                                                    ^^^ not found in this scope

error: internal compiler error: compiler/rustc_middle/src/ty/typeck_results.rs:552:9: node HirId(DefId(0:6 ~ bug_133064[4708]::{impl#0}::FOO).20) (const ``) cannot be placed in TypeckResults with hir_owner DefId(0:3 ~ bug_133064[4708]::{impl#0})

thread 'rustc' panicked at compiler/rustc_middle/src/ty/typeck_results.rs:552:9:
Box<dyn Any>
stack backtrace:
   0:     0x72caaea6719a - <std::sys::backtrace::BacktraceLock::print::DisplayBacktrace as core::fmt::Display>::fmt::hcfa56a7c8af854b9
   1:     0x72caaf20448a - core::fmt::write::h4f055847d9333419
   2:     0x72cab022ae91 - std::io::Write::write_fmt::he2378e9ea5ae6fb8
   3:     0x72caaea66ff2 - std::sys::backtrace::BacktraceLock::print::hc0c0552128004ec7
   4:     0x72caaea694f6 - std::panicking::default_hook::{{closure}}::hca6268521f6e2ed9
   5:     0x72caaea69340 - std::panicking::default_hook::h259bf74859c20de5
   6:     0x72caadaecbf1 - std[eac17b1f8d2ba130]::panicking::update_hook::<alloc[9812843bd8a109c8]::boxed::Box<rustc_driver_impl[5f54b2f2194ce484]::install_ice_hook::{closure#0}>>::{closure#0}
   7:     0x72caaea69c08 - std::panicking::rust_panic_with_hook::h202bbef587c92342
   8:     0x72caadb26781 - std[eac17b1f8d2ba130]::panicking::begin_panic::<rustc_errors[98f964d45d54590b]::ExplicitBug>::{closure#0}
   9:     0x72caadb19756 - std[eac17b1f8d2ba130]::sys::backtrace::__rust_end_short_backtrace::<std[eac17b1f8d2ba130]::panicking::begin_panic<rustc_errors[98f964d45d54590b]::ExplicitBug>::{closure#0}, !>
  10:     0x72caadb19713 - std[eac17b1f8d2ba130]::panicking::begin_panic::<rustc_errors[98f964d45d54590b]::ExplicitBug>
  11:     0x72caadb30491 - <rustc_errors[98f964d45d54590b]::diagnostic::BugAbort as rustc_errors[98f964d45d54590b]::diagnostic::EmissionGuarantee>::emit_producing_guarantee
  12:     0x72caae1b10a3 - rustc_middle[b9d507e51470413a]::util::bug::opt_span_bug_fmt::<rustc_span[f9ee8a2024878c62]::span_encoding::Span>::{closure#0}
  13:     0x72caae1978ea - rustc_middle[b9d507e51470413a]::ty::context::tls::with_opt::<rustc_middle[b9d507e51470413a]::util::bug::opt_span_bug_fmt<rustc_span[f9ee8a2024878c62]::span_encoding::Span>::{closure#0}, !>::{closure#0}
  14:     0x72caae19777b - rustc_middle[b9d507e51470413a]::ty::context::tls::with_context_opt::<rustc_middle[b9d507e51470413a]::ty::context::tls::with_opt<rustc_middle[b9d507e51470413a]::util::bug::opt_span_bug_fmt<rustc_span[f9ee8a2024878c62]::span_encoding::Span>::{closure#0}, !>::{closure#0}, !>
  15:     0x72caac4fc0e0 - rustc_middle[b9d507e51470413a]::util::bug::bug_fmt
  16:     0x72caae1af029 - rustc_middle[b9d507e51470413a]::ty::typeck_results::invalid_hir_id_for_typeck_results
  17:     0x72caafce25a9 - rustc_mir_build[d6aafcd34aaed1a2]::thir::cx::thir_body
  18:     0x72caafce089e - rustc_query_impl[db5a3b03c8ecd3da]::plumbing::__rust_begin_short_backtrace::<rustc_query_impl[db5a3b03c8ecd3da]::query_impl::thir_body::dynamic_query::{closure#2}::{closure#0}, rustc_middle[b9d507e51470413a]::query::erase::Erased<[u8; 16usize]>>
  19:     0x72caaf57d8c5 - rustc_query_system[5b0c5b5ae47c7274]::query::plumbing::try_execute_query::<rustc_query_impl[db5a3b03c8ecd3da]::DynamicConfig<rustc_query_system[5b0c5b5ae47c7274]::query::caches::VecCache<rustc_span[f9ee8a2024878c62]::def_id::LocalDefId, rustc_middle[b9d507e51470413a]::query::erase::Erased<[u8; 16usize]>>, false, false, false>, rustc_query_impl[db5a3b03c8ecd3da]::plumbing::QueryCtxt, true>
  20:     0x72caaf57d093 - rustc_query_impl[db5a3b03c8ecd3da]::query_impl::thir_body::get_query_incr::__rust_end_short_backtrace
  21:     0x72caafcd5dcf - rustc_mir_build[d6aafcd34aaed1a2]::thir::pattern::check_match::check_match
  22:     0x72caafcd5547 - rustc_query_impl[db5a3b03c8ecd3da]::plumbing::__rust_begin_short_backtrace::<rustc_query_impl[db5a3b03c8ecd3da]::query_impl::check_match::dynamic_query::{closure#2}::{closure#0}, rustc_middle[b9d507e51470413a]::query::erase::Erased<[u8; 1usize]>>
  23:     0x72caaf585311 - rustc_query_system[5b0c5b5ae47c7274]::query::plumbing::try_execute_query::<rustc_query_impl[db5a3b03c8ecd3da]::DynamicConfig<rustc_query_system[5b0c5b5ae47c7274]::query::caches::VecCache<rustc_span[f9ee8a2024878c62]::def_id::LocalDefId, rustc_middle[b9d507e51470413a]::query::erase::Erased<[u8; 1usize]>>, false, false, false>, rustc_query_impl[db5a3b03c8ecd3da]::plumbing::QueryCtxt, true>
  24:     0x72caaf335641 - rustc_query_impl[db5a3b03c8ecd3da]::query_impl::check_match::get_query_incr::__rust_end_short_backtrace
  25:     0x72caaf53018d - rustc_mir_build[d6aafcd34aaed1a2]::build::mir_build
  26:     0x72caaf208244 - rustc_mir_transform[961150415cc2d16e]::mir_built
  27:     0x72caaf208207 - rustc_query_impl[db5a3b03c8ecd3da]::plumbing::__rust_begin_short_backtrace::<rustc_query_impl[db5a3b03c8ecd3da]::query_impl::mir_built::dynamic_query::{closure#2}::{closure#0}, rustc_middle[b9d507e51470413a]::query::erase::Erased<[u8; 8usize]>>
  28:     0x72caaf62d42f - rustc_query_system[5b0c5b5ae47c7274]::query::plumbing::try_execute_query::<rustc_query_impl[db5a3b03c8ecd3da]::DynamicConfig<rustc_query_system[5b0c5b5ae47c7274]::query::caches::VecCache<rustc_span[f9ee8a2024878c62]::def_id::LocalDefId, rustc_middle[b9d507e51470413a]::query::erase::Erased<[u8; 8usize]>>, false, false, false>, rustc_query_impl[db5a3b03c8ecd3da]::plumbing::QueryCtxt, true>
  29:     0x72caaf58bb5b - rustc_query_impl[db5a3b03c8ecd3da]::query_impl::mir_built::get_query_incr::__rust_end_short_backtrace
  30:     0x72caafe65fe9 - rustc_mir_transform[961150415cc2d16e]::mir_const_qualif
  31:     0x72caafe65ee5 - rustc_query_impl[db5a3b03c8ecd3da]::plumbing::__rust_begin_short_backtrace::<rustc_query_impl[db5a3b03c8ecd3da]::query_impl::mir_const_qualif::dynamic_query::{closure#2}::{closure#0}, rustc_middle[b9d507e51470413a]::query::erase::Erased<[u8; 4usize]>>
  32:     0x72caafe63bcc - rustc_query_system[5b0c5b5ae47c7274]::query::plumbing::try_execute_query::<rustc_query_impl[db5a3b03c8ecd3da]::DynamicConfig<rustc_query_system[5b0c5b5ae47c7274]::query::caches::DefIdCache<rustc_middle[b9d507e51470413a]::query::erase::Erased<[u8; 4usize]>>, false, false, false>, rustc_query_impl[db5a3b03c8ecd3da]::plumbing::QueryCtxt, true>
  33:     0x72caafe63589 - rustc_query_impl[db5a3b03c8ecd3da]::query_impl::mir_const_qualif::get_query_incr::__rust_end_short_backtrace
  34:     0x72caac7c9c54 - rustc_mir_transform[961150415cc2d16e]::mir_promoted
  35:     0x72caaf5692dc - rustc_query_impl[db5a3b03c8ecd3da]::plumbing::__rust_begin_short_backtrace::<rustc_query_impl[db5a3b03c8ecd3da]::query_impl::mir_promoted::dynamic_query::{closure#2}::{closure#0}, rustc_middle[b9d507e51470413a]::query::erase::Erased<[u8; 16usize]>>
  36:     0x72caaf57d926 - rustc_query_system[5b0c5b5ae47c7274]::query::plumbing::try_execute_query::<rustc_query_impl[db5a3b03c8ecd3da]::DynamicConfig<rustc_query_system[5b0c5b5ae47c7274]::query::caches::VecCache<rustc_span[f9ee8a2024878c62]::def_id::LocalDefId, rustc_middle[b9d507e51470413a]::query::erase::Erased<[u8; 16usize]>>, false, false, false>, rustc_query_impl[db5a3b03c8ecd3da]::plumbing::QueryCtxt, true>
  37:     0x72caaf57cf93 - rustc_query_impl[db5a3b03c8ecd3da]::query_impl::mir_promoted::get_query_incr::__rust_end_short_backtrace
  38:     0x72cab02fd752 - rustc_query_impl[db5a3b03c8ecd3da]::plumbing::__rust_begin_short_backtrace::<rustc_query_impl[db5a3b03c8ecd3da]::query_impl::mir_borrowck::dynamic_query::{closure#2}::{closure#0}, rustc_middle[b9d507e51470413a]::query::erase::Erased<[u8; 8usize]>>
  39:     0x72caaf62d42f - rustc_query_system[5b0c5b5ae47c7274]::query::plumbing::try_execute_query::<rustc_query_impl[db5a3b03c8ecd3da]::DynamicConfig<rustc_query_system[5b0c5b5ae47c7274]::query::caches::VecCache<rustc_span[f9ee8a2024878c62]::def_id::LocalDefId, rustc_middle[b9d507e51470413a]::query::erase::Erased<[u8; 8usize]>>, false, false, false>, rustc_query_impl[db5a3b03c8ecd3da]::plumbing::QueryCtxt, true>
  40:     0x72caaf58bef3 - rustc_query_impl[db5a3b03c8ecd3da]::query_impl::mir_borrowck::get_query_incr::__rust_end_short_backtrace
  41:     0x72caaf737db6 - rustc_interface[4e4d02851b81b081]::passes::run_required_analyses
  42:     0x72cab006079e - rustc_interface[4e4d02851b81b081]::passes::analysis
  43:     0x72cab006076f - rustc_query_impl[db5a3b03c8ecd3da]::plumbing::__rust_begin_short_backtrace::<rustc_query_impl[db5a3b03c8ecd3da]::query_impl::analysis::dynamic_query::{closure#2}::{closure#0}, rustc_middle[b9d507e51470413a]::query::erase::Erased<[u8; 1usize]>>
  44:     0x72cab036bcba - rustc_query_system[5b0c5b5ae47c7274]::query::plumbing::try_execute_query::<rustc_query_impl[db5a3b03c8ecd3da]::DynamicConfig<rustc_query_system[5b0c5b5ae47c7274]::query::caches::SingleCache<rustc_middle[b9d507e51470413a]::query::erase::Erased<[u8; 1usize]>>, false, false, false>, rustc_query_impl[db5a3b03c8ecd3da]::plumbing::QueryCtxt, true>
  45:     0x72cab036b7b7 - rustc_query_impl[db5a3b03c8ecd3da]::query_impl::analysis::get_query_incr::__rust_end_short_backtrace
  46:     0x72cab00b8dba - rustc_interface[4e4d02851b81b081]::interface::run_compiler::<core[d5196c0e7d73792d]::result::Result<(), rustc_span[f9ee8a2024878c62]::ErrorGuaranteed>, rustc_driver_impl[5f54b2f2194ce484]::run_compiler::{closure#0}>::{closure#1}
  47:     0x72cab0130850 - std[eac17b1f8d2ba130]::sys::backtrace::__rust_begin_short_backtrace::<rustc_interface[4e4d02851b81b081]::util::run_in_thread_with_globals<rustc_interface[4e4d02851b81b081]::util::run_in_thread_pool_with_globals<rustc_interface[4e4d02851b81b081]::interface::run_compiler<core[d5196c0e7d73792d]::result::Result<(), rustc_span[f9ee8a2024878c62]::ErrorGuaranteed>, rustc_driver_impl[5f54b2f2194ce484]::run_compiler::{closure#0}>::{closure#1}, core[d5196c0e7d73792d]::result::Result<(), rustc_span[f9ee8a2024878c62]::ErrorGuaranteed>>::{closure#0}, core[d5196c0e7d73792d]::result::Result<(), rustc_span[f9ee8a2024878c62]::ErrorGuaranteed>>::{closure#0}::{closure#0}, core[d5196c0e7d73792d]::result::Result<(), rustc_span[f9ee8a2024878c62]::ErrorGuaranteed>>
  48:     0x72cab0130c6b - <<std[eac17b1f8d2ba130]::thread::Builder>::spawn_unchecked_<rustc_interface[4e4d02851b81b081]::util::run_in_thread_with_globals<rustc_interface[4e4d02851b81b081]::util::run_in_thread_pool_with_globals<rustc_interface[4e4d02851b81b081]::interface::run_compiler<core[d5196c0e7d73792d]::result::Result<(), rustc_span[f9ee8a2024878c62]::ErrorGuaranteed>, rustc_driver_impl[5f54b2f2194ce484]::run_compiler::{closure#0}>::{closure#1}, core[d5196c0e7d73792d]::result::Result<(), rustc_span[f9ee8a2024878c62]::ErrorGuaranteed>>::{closure#0}, core[d5196c0e7d73792d]::result::Result<(), rustc_span[f9ee8a2024878c62]::ErrorGuaranteed>>::{closure#0}::{closure#0}, core[d5196c0e7d73792d]::result::Result<(), rustc_span[f9ee8a2024878c62]::ErrorGuaranteed>>::{closure#1} as core[d5196c0e7d73792d]::ops::function::FnOnce<()>>::call_once::{shim:vtable#0}
  49:     0x72cab0131739 - std::sys::pal::unix::thread::Thread::new::thread_start::h459005fffa39484d
  50:     0x72caaa094ac3 - start_thread
                               at ./nptl/pthread_create.c:442:8
  51:     0x72caaa1268c0 - __GI___clone3
                               at ./misc/../sysdeps/unix/sysv/linux/x86_64/clone3.S:81
  52:                0x0 - <unknown>

note: we would appreciate a bug report: https://github.com/rust-lang/rust/issues/new?labels=C-bug%2C+I-ICE%2C+T-compiler&template=ice.md

note: please make sure that you have updated to the latest nightly

note: please attach the file at `/data/zhangtianrong/projects/rustc-cbl/run/133064/rustc-ice-2026-01-17T12_31_32-3910438.txt` to your bug report

note: compiler flags: --crate-type bin -C embed-bitcode=no -C debuginfo=2 -C incremental=[REDACTED]

note: some of the compiler flags provided by cargo are hidden

query stack during panic:
#0 [thir_body] building THIR for `<impl at src/main.rs:1:1: 7:6>::FOO::{constant#0}::{constant#0}`
#1 [check_match] match-checking `<impl at src/main.rs:1:1: 7:6>::FOO::{constant#0}::{constant#0}`
#2 [mir_built] building MIR for `<impl at src/main.rs:1:1: 7:6>::FOO::{constant#0}::{constant#0}`
#3 [mir_const_qualif] const checking `<impl at src/main.rs:1:1: 7:6>::FOO::{constant#0}::{constant#0}`
#4 [mir_promoted] promoting constants in MIR for `<impl at src/main.rs:1:1: 7:6>::FOO::{constant#0}::{constant#0}`
#5 [mir_borrowck] borrow-checking `<impl at src/main.rs:1:1: 7:6>::FOO::{constant#0}::{constant#0}`
#6 [analysis] running analysis passes on this crate
end of query stack
error: internal compiler error: compiler/rustc_middle/src/ty/typeck_results.rs:552:9: node HirId(DefId(0:6 ~ bug_133064[4708]::{impl#0}::FOO).33) (expr ``) cannot be placed in TypeckResults with hir_owner DefId(0:3 ~ bug_133064[4708]::{impl#0})

thread 'rustc' panicked at compiler/rustc_middle/src/ty/typeck_results.rs:552:9:
Box<dyn Any>
stack backtrace:
   0:     0x72caaea6719a - <std::sys::backtrace::BacktraceLock::print::DisplayBacktrace as core::fmt::Display>::fmt::hcfa56a7c8af854b9
   1:     0x72caaf20448a - core::fmt::write::h4f055847d9333419
   2:     0x72cab022ae91 - std::io::Write::write_fmt::he2378e9ea5ae6fb8
   3:     0x72caaea66ff2 - std::sys::backtrace::BacktraceLock::print::hc0c0552128004ec7
   4:     0x72caaea694f6 - std::panicking::default_hook::{{closure}}::hca6268521f6e2ed9
   5:     0x72caaea69340 - std::panicking::default_hook::h259bf74859c20de5
   6:     0x72caadaecbf1 - std[eac17b1f8d2ba130]::panicking::update_hook::<alloc[9812843bd8a109c8]::boxed::Box<rustc_driver_impl[5f54b2f2194ce484]::install_ice_hook::{closure#0}>>::{closure#0}
   7:     0x72caaea69c08 - std::panicking::rust_panic_with_hook::h202bbef587c92342
   8:     0x72caadb26781 - std[eac17b1f8d2ba130]::panicking::begin_panic::<rustc_errors[98f964d45d54590b]::ExplicitBug>::{closure#0}
   9:     0x72caadb19756 - std[eac17b1f8d2ba130]::sys::backtrace::__rust_end_short_backtrace::<std[eac17b1f8d2ba130]::panicking::begin_panic<rustc_errors[98f964d45d54590b]::ExplicitBug>::{closure#0}, !>
  10:     0x72caadb19713 - std[eac17b1f8d2ba130]::panicking::begin_panic::<rustc_errors[98f964d45d54590b]::ExplicitBug>
  11:     0x72caadb30491 - <rustc_errors[98f964d45d54590b]::diagnostic::BugAbort as rustc_errors[98f964d45d54590b]::diagnostic::EmissionGuarantee>::emit_producing_guarantee
  12:     0x72caae1b10a3 - rustc_middle[b9d507e51470413a]::util::bug::opt_span_bug_fmt::<rustc_span[f9ee8a2024878c62]::span_encoding::Span>::{closure#0}
  13:     0x72caae1978ea - rustc_middle[b9d507e51470413a]::ty::context::tls::with_opt::<rustc_middle[b9d507e51470413a]::util::bug::opt_span_bug_fmt<rustc_span[f9ee8a2024878c62]::span_encoding::Span>::{closure#0}, !>::{closure#0}
  14:     0x72caae19777b - rustc_middle[b9d507e51470413a]::ty::context::tls::with_context_opt::<rustc_middle[b9d507e51470413a]::ty::context::tls::with_opt<rustc_middle[b9d507e51470413a]::util::bug::opt_span_bug_fmt<rustc_span[f9ee8a2024878c62]::span_encoding::Span>::{closure#0}, !>::{closure#0}, !>
  15:     0x72caac4fc0e0 - rustc_middle[b9d507e51470413a]::util::bug::bug_fmt
  16:     0x72caae1af029 - rustc_middle[b9d507e51470413a]::ty::typeck_results::invalid_hir_id_for_typeck_results
  17:     0x72caafce248a - rustc_mir_build[d6aafcd34aaed1a2]::thir::cx::thir_body
  18:     0x72caafce089e - rustc_query_impl[db5a3b03c8ecd3da]::plumbing::__rust_begin_short_backtrace::<rustc_query_impl[db5a3b03c8ecd3da]::query_impl::thir_body::dynamic_query::{closure#2}::{closure#0}, rustc_middle[b9d507e51470413a]::query::erase::Erased<[u8; 16usize]>>
  19:     0x72caaf57d8c5 - rustc_query_system[5b0c5b5ae47c7274]::query::plumbing::try_execute_query::<rustc_query_impl[db5a3b03c8ecd3da]::DynamicConfig<rustc_query_system[5b0c5b5ae47c7274]::query::caches::VecCache<rustc_span[f9ee8a2024878c62]::def_id::LocalDefId, rustc_middle[b9d507e51470413a]::query::erase::Erased<[u8; 16usize]>>, false, false, false>, rustc_query_impl[db5a3b03c8ecd3da]::plumbing::QueryCtxt, true>
  20:     0x72caaf57d093 - rustc_query_impl[db5a3b03c8ecd3da]::query_impl::thir_body::get_query_incr::__rust_end_short_backtrace
  21:     0x72caafcd5dcf - rustc_mir_build[d6aafcd34aaed1a2]::thir::pattern::check_match::check_match
  22:     0x72caafcd5547 - rustc_query_impl[db5a3b03c8ecd3da]::plumbing::__rust_begin_short_backtrace::<rustc_query_impl[db5a3b03c8ecd3da]::query_impl::check_match::dynamic_query::{closure#2}::{closure#0}, rustc_middle[b9d507e51470413a]::query::erase::Erased<[u8; 1usize]>>
  23:     0x72caaf585311 - rustc_query_system[5b0c5b5ae47c7274]::query::plumbing::try_execute_query::<rustc_query_impl[db5a3b03c8ecd3da]::DynamicConfig<rustc_query_system[5b0c5b5ae47c7274]::query::caches::VecCache<rustc_span[f9ee8a2024878c62]::def_id::LocalDefId, rustc_middle[b9d507e51470413a]::query::erase::Erased<[u8; 1usize]>>, false, false, false>, rustc_query_impl[db5a3b03c8ecd3da]::plumbing::QueryCtxt, true>
  24:     0x72caaf335641 - rustc_query_impl[db5a3b03c8ecd3da]::query_impl::check_match::get_query_incr::__rust_end_short_backtrace
  25:     0x72caaf53018d - rustc_mir_build[d6aafcd34aaed1a2]::build::mir_build
  26:     0x72caaf208244 - rustc_mir_transform[961150415cc2d16e]::mir_built
  27:     0x72caaf208207 - rustc_query_impl[db5a3b03c8ecd3da]::plumbing::__rust_begin_short_backtrace::<rustc_query_impl[db5a3b03c8ecd3da]::query_impl::mir_built::dynamic_query::{closure#2}::{closure#0}, rustc_middle[b9d507e51470413a]::query::erase::Erased<[u8; 8usize]>>
  28:     0x72caaf62d42f - rustc_query_system[5b0c5b5ae47c7274]::query::plumbing::try_execute_query::<rustc_query_impl[db5a3b03c8ecd3da]::DynamicConfig<rustc_query_system[5b0c5b5ae47c7274]::query::caches::VecCache<rustc_span[f9ee8a2024878c62]::def_id::LocalDefId, rustc_middle[b9d507e51470413a]::query::erase::Erased<[u8; 8usize]>>, false, false, false>, rustc_query_impl[db5a3b03c8ecd3da]::plumbing::QueryCtxt, true>
  29:     0x72caaf58bb5b - rustc_query_impl[db5a3b03c8ecd3da]::query_impl::mir_built::get_query_incr::__rust_end_short_backtrace
  30:     0x72caaf243364 - rustc_mir_transform[961150415cc2d16e]::ffi_unwind_calls::has_ffi_unwind_calls
  31:     0x72caaf242d47 - rustc_query_impl[db5a3b03c8ecd3da]::plumbing::__rust_begin_short_backtrace::<rustc_query_impl[db5a3b03c8ecd3da]::query_impl::has_ffi_unwind_calls::dynamic_query::{closure#2}::{closure#0}, rustc_middle[b9d507e51470413a]::query::erase::Erased<[u8; 1usize]>>
  32:     0x72caaf5852c2 - rustc_query_system[5b0c5b5ae47c7274]::query::plumbing::try_execute_query::<rustc_query_impl[db5a3b03c8ecd3da]::DynamicConfig<rustc_query_system[5b0c5b5ae47c7274]::query::caches::VecCache<rustc_span[f9ee8a2024878c62]::def_id::LocalDefId, rustc_middle[b9d507e51470413a]::query::erase::Erased<[u8; 1usize]>>, false, false, false>, rustc_query_impl[db5a3b03c8ecd3da]::plumbing::QueryCtxt, true>
  33:     0x72caaf584c4a - rustc_query_impl[db5a3b03c8ecd3da]::query_impl::has_ffi_unwind_calls::get_query_incr::__rust_end_short_backtrace
  34:     0x72caac7c9952 - rustc_mir_transform[961150415cc2d16e]::mir_promoted
  35:     0x72caaf5692dc - rustc_query_impl[db5a3b03c8ecd3da]::plumbing::__rust_begin_short_backtrace::<rustc_query_impl[db5a3b03c8ecd3da]::query_impl::mir_promoted::dynamic_query::{closure#2}::{closure#0}, rustc_middle[b9d507e51470413a]::query::erase::Erased<[u8; 16usize]>>
  36:     0x72caaf57d926 - rustc_query_system[5b0c5b5ae47c7274]::query::plumbing::try_execute_query::<rustc_query_impl[db5a3b03c8ecd3da]::DynamicConfig<rustc_query_system[5b0c5b5ae47c7274]::query::caches::VecCache<rustc_span[f9ee8a2024878c62]::def_id::LocalDefId, rustc_middle[b9d507e51470413a]::query::erase::Erased<[u8; 16usize]>>, false, false, false>, rustc_query_impl[db5a3b03c8ecd3da]::plumbing::QueryCtxt, true>
  37:     0x72caaf57cf93 - rustc_query_impl[db5a3b03c8ecd3da]::query_impl::mir_promoted::get_query_incr::__rust_end_short_backtrace
  38:     0x72cab02fd752 - rustc_query_impl[db5a3b03c8ecd3da]::plumbing::__rust_begin_short_backtrace::<rustc_query_impl[db5a3b03c8ecd3da]::query_impl::mir_borrowck::dynamic_query::{closure#2}::{closure#0}, rustc_middle[b9d507e51470413a]::query::erase::Erased<[u8; 8usize]>>
  39:     0x72caaf62d42f - rustc_query_system[5b0c5b5ae47c7274]::query::plumbing::try_execute_query::<rustc_query_impl[db5a3b03c8ecd3da]::DynamicConfig<rustc_query_system[5b0c5b5ae47c7274]::query::caches::VecCache<rustc_span[f9ee8a2024878c62]::def_id::LocalDefId, rustc_middle[b9d507e51470413a]::query::erase::Erased<[u8; 8usize]>>, false, false, false>, rustc_query_impl[db5a3b03c8ecd3da]::plumbing::QueryCtxt, true>
  40:     0x72caaf58bef3 - rustc_query_impl[db5a3b03c8ecd3da]::query_impl::mir_borrowck::get_query_incr::__rust_end_short_backtrace
  41:     0x72caaf737db6 - rustc_interface[4e4d02851b81b081]::passes::run_required_analyses
  42:     0x72cab006079e - rustc_interface[4e4d02851b81b081]::passes::analysis
  43:     0x72cab006076f - rustc_query_impl[db5a3b03c8ecd3da]::plumbing::__rust_begin_short_backtrace::<rustc_query_impl[db5a3b03c8ecd3da]::query_impl::analysis::dynamic_query::{closure#2}::{closure#0}, rustc_middle[b9d507e51470413a]::query::erase::Erased<[u8; 1usize]>>
  44:     0x72cab036bcba - rustc_query_system[5b0c5b5ae47c7274]::query::plumbing::try_execute_query::<rustc_query_impl[db5a3b03c8ecd3da]::DynamicConfig<rustc_query_system[5b0c5b5ae47c7274]::query::caches::SingleCache<rustc_middle[b9d507e51470413a]::query::erase::Erased<[u8; 1usize]>>, false, false, false>, rustc_query_impl[db5a3b03c8ecd3da]::plumbing::QueryCtxt, true>
  45:     0x72cab036b7b7 - rustc_query_impl[db5a3b03c8ecd3da]::query_impl::analysis::get_query_incr::__rust_end_short_backtrace
  46:     0x72cab00b8dba - rustc_interface[4e4d02851b81b081]::interface::run_compiler::<core[d5196c0e7d73792d]::result::Result<(), rustc_span[f9ee8a2024878c62]::ErrorGuaranteed>, rustc_driver_impl[5f54b2f2194ce484]::run_compiler::{closure#0}>::{closure#1}
  47:     0x72cab0130850 - std[eac17b1f8d2ba130]::sys::backtrace::__rust_begin_short_backtrace::<rustc_interface[4e4d02851b81b081]::util::run_in_thread_with_globals<rustc_interface[4e4d02851b81b081]::util::run_in_thread_pool_with_globals<rustc_interface[4e4d02851b81b081]::interface::run_compiler<core[d5196c0e7d73792d]::result::Result<(), rustc_span[f9ee8a2024878c62]::ErrorGuaranteed>, rustc_driver_impl[5f54b2f2194ce484]::run_compiler::{closure#0}>::{closure#1}, core[d5196c0e7d73792d]::result::Result<(), rustc_span[f9ee8a2024878c62]::ErrorGuaranteed>>::{closure#0}, core[d5196c0e7d73792d]::result::Result<(), rustc_span[f9ee8a2024878c62]::ErrorGuaranteed>>::{closure#0}::{closure#0}, core[d5196c0e7d73792d]::result::Result<(), rustc_span[f9ee8a2024878c62]::ErrorGuaranteed>>
  48:     0x72cab0130c6b - <<std[eac17b1f8d2ba130]::thread::Builder>::spawn_unchecked_<rustc_interface[4e4d02851b81b081]::util::run_in_thread_with_globals<rustc_interface[4e4d02851b81b081]::util::run_in_thread_pool_with_globals<rustc_interface[4e4d02851b81b081]::interface::run_compiler<core[d5196c0e7d73792d]::result::Result<(), rustc_span[f9ee8a2024878c62]::ErrorGuaranteed>, rustc_driver_impl[5f54b2f2194ce484]::run_compiler::{closure#0}>::{closure#1}, core[d5196c0e7d73792d]::result::Result<(), rustc_span[f9ee8a2024878c62]::ErrorGuaranteed>>::{closure#0}, core[d5196c0e7d73792d]::result::Result<(), rustc_span[f9ee8a2024878c62]::ErrorGuaranteed>>::{closure#0}::{closure#0}, core[d5196c0e7d73792d]::result::Result<(), rustc_span[f9ee8a2024878c62]::ErrorGuaranteed>>::{closure#1} as core[d5196c0e7d73792d]::ops::function::FnOnce<()>>::call_once::{shim:vtable#0}
  49:     0x72cab0131739 - std::sys::pal::unix::thread::Thread::new::thread_start::h459005fffa39484d
  50:     0x72caaa094ac3 - start_thread
                               at ./nptl/pthread_create.c:442:8
  51:     0x72caaa1268c0 - __GI___clone3
                               at ./misc/../sysdeps/unix/sysv/linux/x86_64/clone3.S:81
  52:                0x0 - <unknown>

note: we would appreciate a bug report: https://github.com/rust-lang/rust/issues/new?labels=C-bug%2C+I-ICE%2C+T-compiler&template=ice.md

note: please make sure that you have updated to the latest nightly

note: please attach the file at `/data/zhangtianrong/projects/rustc-cbl/run/133064/rustc-ice-2026-01-17T12_31_32-3910438.txt` to your bug report

note: compiler flags: --crate-type bin -C embed-bitcode=no -C debuginfo=2 -C incremental=[REDACTED]

note: some of the compiler flags provided by cargo are hidden

query stack during panic:
#0 [thir_body] building THIR for `<impl at src/main.rs:1:1: 7:6>::FOO::{constant#0}::{constant#0}::{closure#0}`
#1 [check_match] match-checking `<impl at src/main.rs:1:1: 7:6>::FOO::{constant#0}::{constant#0}::{closure#0}`
#2 [mir_built] building MIR for `<impl at src/main.rs:1:1: 7:6>::FOO::{constant#0}::{constant#0}::{closure#0}`
#3 [has_ffi_unwind_calls] checking if `<impl at src/main.rs:1:1: 7:6>::FOO::{constant#0}::{constant#0}::{closure#0}` contains FFI-unwind calls
#4 [mir_promoted] promoting constants in MIR for `<impl at src/main.rs:1:1: 7:6>::FOO::{constant#0}::{constant#0}::{closure#0}`
#5 [mir_borrowck] borrow-checking `<impl at src/main.rs:1:1: 7:6>::FOO::{constant#0}::{constant#0}::{closure#0}`
#6 [analysis] running analysis passes on this crate
end of query stack
error: internal compiler error: compiler/rustc_middle/src/ty/typeck_results.rs:552:9: node HirId(DefId(0:6 ~ bug_133064[4708]::{impl#0}::FOO).51) (expr ``) cannot be placed in TypeckResults with hir_owner DefId(0:3 ~ bug_133064[4708]::{impl#0})

thread 'rustc' panicked at compiler/rustc_middle/src/ty/typeck_results.rs:552:9:
Box<dyn Any>
stack backtrace:
   0:     0x72caaea6719a - <std::sys::backtrace::BacktraceLock::print::DisplayBacktrace as core::fmt::Display>::fmt::hcfa56a7c8af854b9
   1:     0x72caaf20448a - core::fmt::write::h4f055847d9333419
   2:     0x72cab022ae91 - std::io::Write::write_fmt::he2378e9ea5ae6fb8
   3:     0x72caaea66ff2 - std::sys::backtrace::BacktraceLock::print::hc0c0552128004ec7
   4:     0x72caaea694f6 - std::panicking::default_hook::{{closure}}::hca6268521f6e2ed9
   5:     0x72caaea69340 - std::panicking::default_hook::h259bf74859c20de5
   6:     0x72caadaecbf1 - std[eac17b1f8d2ba130]::panicking::update_hook::<alloc[9812843bd8a109c8]::boxed::Box<rustc_driver_impl[5f54b2f2194ce484]::install_ice_hook::{closure#0}>>::{closure#0}
   7:     0x72caaea69c08 - std::panicking::rust_panic_with_hook::h202bbef587c92342
   8:     0x72caadb26781 - std[eac17b1f8d2ba130]::panicking::begin_panic::<rustc_errors[98f964d45d54590b]::ExplicitBug>::{closure#0}
   9:     0x72caadb19756 - std[eac17b1f8d2ba130]::sys::backtrace::__rust_end_short_backtrace::<std[eac17b1f8d2ba130]::panicking::begin_panic<rustc_errors[98f964d45d54590b]::ExplicitBug>::{closure#0}, !>
  10:     0x72caadb19713 - std[eac17b1f8d2ba130]::panicking::begin_panic::<rustc_errors[98f964d45d54590b]::ExplicitBug>
  11:     0x72caadb30491 - <rustc_errors[98f964d45d54590b]::diagnostic::BugAbort as rustc_errors[98f964d45d54590b]::diagnostic::EmissionGuarantee>::emit_producing_guarantee
  12:     0x72caae1b10a3 - rustc_middle[b9d507e51470413a]::util::bug::opt_span_bug_fmt::<rustc_span[f9ee8a2024878c62]::span_encoding::Span>::{closure#0}
  13:     0x72caae1978ea - rustc_middle[b9d507e51470413a]::ty::context::tls::with_opt::<rustc_middle[b9d507e51470413a]::util::bug::opt_span_bug_fmt<rustc_span[f9ee8a2024878c62]::span_encoding::Span>::{closure#0}, !>::{closure#0}
  14:     0x72caae19777b - rustc_middle[b9d507e51470413a]::ty::context::tls::with_context_opt::<rustc_middle[b9d507e51470413a]::ty::context::tls::with_opt<rustc_middle[b9d507e51470413a]::util::bug::opt_span_bug_fmt<rustc_span[f9ee8a2024878c62]::span_encoding::Span>::{closure#0}, !>::{closure#0}, !>
  15:     0x72caac4fc0e0 - rustc_middle[b9d507e51470413a]::util::bug::bug_fmt
  16:     0x72caae1af029 - rustc_middle[b9d507e51470413a]::ty::typeck_results::invalid_hir_id_for_typeck_results
  17:     0x72caafce248a - rustc_mir_build[d6aafcd34aaed1a2]::thir::cx::thir_body
  18:     0x72caafce089e - rustc_query_impl[db5a3b03c8ecd3da]::plumbing::__rust_begin_short_backtrace::<rustc_query_impl[db5a3b03c8ecd3da]::query_impl::thir_body::dynamic_query::{closure#2}::{closure#0}, rustc_middle[b9d507e51470413a]::query::erase::Erased<[u8; 16usize]>>
  19:     0x72caaf57d8c5 - rustc_query_system[5b0c5b5ae47c7274]::query::plumbing::try_execute_query::<rustc_query_impl[db5a3b03c8ecd3da]::DynamicConfig<rustc_query_system[5b0c5b5ae47c7274]::query::caches::VecCache<rustc_span[f9ee8a2024878c62]::def_id::LocalDefId, rustc_middle[b9d507e51470413a]::query::erase::Erased<[u8; 16usize]>>, false, false, false>, rustc_query_impl[db5a3b03c8ecd3da]::plumbing::QueryCtxt, true>
  20:     0x72caaf57d093 - rustc_query_impl[db5a3b03c8ecd3da]::query_impl::thir_body::get_query_incr::__rust_end_short_backtrace
  21:     0x72caafcd5dcf - rustc_mir_build[d6aafcd34aaed1a2]::thir::pattern::check_match::check_match
  22:     0x72caafcd5547 - rustc_query_impl[db5a3b03c8ecd3da]::plumbing::__rust_begin_short_backtrace::<rustc_query_impl[db5a3b03c8ecd3da]::query_impl::check_match::dynamic_query::{closure#2}::{closure#0}, rustc_middle[b9d507e51470413a]::query::erase::Erased<[u8; 1usize]>>
  23:     0x72caaf585311 - rustc_query_system[5b0c5b5ae47c7274]::query::plumbing::try_execute_query::<rustc_query_impl[db5a3b03c8ecd3da]::DynamicConfig<rustc_query_system[5b0c5b5ae47c7274]::query::caches::VecCache<rustc_span[f9ee8a2024878c62]::def_id::LocalDefId, rustc_middle[b9d507e51470413a]::query::erase::Erased<[u8; 1usize]>>, false, false, false>, rustc_query_impl[db5a3b03c8ecd3da]::plumbing::QueryCtxt, true>
  24:     0x72caaf335641 - rustc_query_impl[db5a3b03c8ecd3da]::query_impl::check_match::get_query_incr::__rust_end_short_backtrace
  25:     0x72caaf53018d - rustc_mir_build[d6aafcd34aaed1a2]::build::mir_build
  26:     0x72caaf208244 - rustc_mir_transform[961150415cc2d16e]::mir_built
  27:     0x72caaf208207 - rustc_query_impl[db5a3b03c8ecd3da]::plumbing::__rust_begin_short_backtrace::<rustc_query_impl[db5a3b03c8ecd3da]::query_impl::mir_built::dynamic_query::{closure#2}::{closure#0}, rustc_middle[b9d507e51470413a]::query::erase::Erased<[u8; 8usize]>>
  28:     0x72caaf62d42f - rustc_query_system[5b0c5b5ae47c7274]::query::plumbing::try_execute_query::<rustc_query_impl[db5a3b03c8ecd3da]::DynamicConfig<rustc_query_system[5b0c5b5ae47c7274]::query::caches::VecCache<rustc_span[f9ee8a2024878c62]::def_id::LocalDefId, rustc_middle[b9d507e51470413a]::query::erase::Erased<[u8; 8usize]>>, false, false, false>, rustc_query_impl[db5a3b03c8ecd3da]::plumbing::QueryCtxt, true>
  29:     0x72caaf58bb5b - rustc_query_impl[db5a3b03c8ecd3da]::query_impl::mir_built::get_query_incr::__rust_end_short_backtrace
  30:     0x72caaf243364 - rustc_mir_transform[961150415cc2d16e]::ffi_unwind_calls::has_ffi_unwind_calls
  31:     0x72caaf242d47 - rustc_query_impl[db5a3b03c8ecd3da]::plumbing::__rust_begin_short_backtrace::<rustc_query_impl[db5a3b03c8ecd3da]::query_impl::has_ffi_unwind_calls::dynamic_query::{closure#2}::{closure#0}, rustc_middle[b9d507e51470413a]::query::erase::Erased<[u8; 1usize]>>
  32:     0x72caaf5852c2 - rustc_query_system[5b0c5b5ae47c7274]::query::plumbing::try_execute_query::<rustc_query_impl[db5a3b03c8ecd3da]::DynamicConfig<rustc_query_system[5b0c5b5ae47c7274]::query::caches::VecCache<rustc_span[f9ee8a2024878c62]::def_id::LocalDefId, rustc_middle[b9d507e51470413a]::query::erase::Erased<[u8; 1usize]>>, false, false, false>, rustc_query_impl[db5a3b03c8ecd3da]::plumbing::QueryCtxt, true>
  33:     0x72caaf584c4a - rustc_query_impl[db5a3b03c8ecd3da]::query_impl::has_ffi_unwind_calls::get_query_incr::__rust_end_short_backtrace
  34:     0x72caac7c9952 - rustc_mir_transform[961150415cc2d16e]::mir_promoted
  35:     0x72caaf5692dc - rustc_query_impl[db5a3b03c8ecd3da]::plumbing::__rust_begin_short_backtrace::<rustc_query_impl[db5a3b03c8ecd3da]::query_impl::mir_promoted::dynamic_query::{closure#2}::{closure#0}, rustc_middle[b9d507e51470413a]::query::erase::Erased<[u8; 16usize]>>
  36:     0x72caaf57d926 - rustc_query_system[5b0c5b5ae47c7274]::query::plumbing::try_execute_query::<rustc_query_impl[db5a3b03c8ecd3da]::DynamicConfig<rustc_query_system[5b0c5b5ae47c7274]::query::caches::VecCache<rustc_span[f9ee8a2024878c62]::def_id::LocalDefId, rustc_middle[b9d507e51470413a]::query::erase::Erased<[u8; 16usize]>>, false, false, false>, rustc_query_impl[db5a3b03c8ecd3da]::plumbing::QueryCtxt, true>
  37:     0x72caaf57cf93 - rustc_query_impl[db5a3b03c8ecd3da]::query_impl::mir_promoted::get_query_incr::__rust_end_short_backtrace
  38:     0x72cab02fd752 - rustc_query_impl[db5a3b03c8ecd3da]::plumbing::__rust_begin_short_backtrace::<rustc_query_impl[db5a3b03c8ecd3da]::query_impl::mir_borrowck::dynamic_query::{closure#2}::{closure#0}, rustc_middle[b9d507e51470413a]::query::erase::Erased<[u8; 8usize]>>
  39:     0x72caaf62d42f - rustc_query_system[5b0c5b5ae47c7274]::query::plumbing::try_execute_query::<rustc_query_impl[db5a3b03c8ecd3da]::DynamicConfig<rustc_query_system[5b0c5b5ae47c7274]::query::caches::VecCache<rustc_span[f9ee8a2024878c62]::def_id::LocalDefId, rustc_middle[b9d507e51470413a]::query::erase::Erased<[u8; 8usize]>>, false, false, false>, rustc_query_impl[db5a3b03c8ecd3da]::plumbing::QueryCtxt, true>
  40:     0x72caaf58bef3 - rustc_query_impl[db5a3b03c8ecd3da]::query_impl::mir_borrowck::get_query_incr::__rust_end_short_backtrace
  41:     0x72caaf737db6 - rustc_interface[4e4d02851b81b081]::passes::run_required_analyses
  42:     0x72cab006079e - rustc_interface[4e4d02851b81b081]::passes::analysis
  43:     0x72cab006076f - rustc_query_impl[db5a3b03c8ecd3da]::plumbing::__rust_begin_short_backtrace::<rustc_query_impl[db5a3b03c8ecd3da]::query_impl::analysis::dynamic_query::{closure#2}::{closure#0}, rustc_middle[b9d507e51470413a]::query::erase::Erased<[u8; 1usize]>>
  44:     0x72cab036bcba - rustc_query_system[5b0c5b5ae47c7274]::query::plumbing::try_execute_query::<rustc_query_impl[db5a3b03c8ecd3da]::DynamicConfig<rustc_query_system[5b0c5b5ae47c7274]::query::caches::SingleCache<rustc_middle[b9d507e51470413a]::query::erase::Erased<[u8; 1usize]>>, false, false, false>, rustc_query_impl[db5a3b03c8ecd3da]::plumbing::QueryCtxt, true>
  45:     0x72cab036b7b7 - rustc_query_impl[db5a3b03c8ecd3da]::query_impl::analysis::get_query_incr::__rust_end_short_backtrace
  46:     0x72cab00b8dba - rustc_interface[4e4d02851b81b081]::interface::run_compiler::<core[d5196c0e7d73792d]::result::Result<(), rustc_span[f9ee8a2024878c62]::ErrorGuaranteed>, rustc_driver_impl[5f54b2f2194ce484]::run_compiler::{closure#0}>::{closure#1}
  47:     0x72cab0130850 - std[eac17b1f8d2ba130]::sys::backtrace::__rust_begin_short_backtrace::<rustc_interface[4e4d02851b81b081]::util::run_in_thread_with_globals<rustc_interface[4e4d02851b81b081]::util::run_in_thread_pool_with_globals<rustc_interface[4e4d02851b81b081]::interface::run_compiler<core[d5196c0e7d73792d]::result::Result<(), rustc_span[f9ee8a2024878c62]::ErrorGuaranteed>, rustc_driver_impl[5f54b2f2194ce484]::run_compiler::{closure#0}>::{closure#1}, core[d5196c0e7d73792d]::result::Result<(), rustc_span[f9ee8a2024878c62]::ErrorGuaranteed>>::{closure#0}, core[d5196c0e7d73792d]::result::Result<(), rustc_span[f9ee8a2024878c62]::ErrorGuaranteed>>::{closure#0}::{closure#0}, core[d5196c0e7d73792d]::result::Result<(), rustc_span[f9ee8a2024878c62]::ErrorGuaranteed>>
  48:     0x72cab0130c6b - <<std[eac17b1f8d2ba130]::thread::Builder>::spawn_unchecked_<rustc_interface[4e4d02851b81b081]::util::run_in_thread_with_globals<rustc_interface[4e4d02851b81b081]::util::run_in_thread_pool_with_globals<rustc_interface[4e4d02851b81b081]::interface::run_compiler<core[d5196c0e7d73792d]::result::Result<(), rustc_span[f9ee8a2024878c62]::ErrorGuaranteed>, rustc_driver_impl[5f54b2f2194ce484]::run_compiler::{closure#0}>::{closure#1}, core[d5196c0e7d73792d]::result::Result<(), rustc_span[f9ee8a2024878c62]::ErrorGuaranteed>>::{closure#0}, core[d5196c0e7d73792d]::result::Result<(), rustc_span[f9ee8a2024878c62]::ErrorGuaranteed>>::{closure#0}::{closure#0}, core[d5196c0e7d73792d]::result::Result<(), rustc_span[f9ee8a2024878c62]::ErrorGuaranteed>>::{closure#1} as core[d5196c0e7d73792d]::ops::function::FnOnce<()>>::call_once::{shim:vtable#0}
  49:     0x72cab0131739 - std::sys::pal::unix::thread::Thread::new::thread_start::h459005fffa39484d
  50:     0x72caaa094ac3 - start_thread
                               at ./nptl/pthread_create.c:442:8
  51:     0x72caaa1268c0 - __GI___clone3
                               at ./misc/../sysdeps/unix/sysv/linux/x86_64/clone3.S:81
  52:                0x0 - <unknown>

note: we would appreciate a bug report: https://github.com/rust-lang/rust/issues/new?labels=C-bug%2C+I-ICE%2C+T-compiler&template=ice.md

note: please make sure that you have updated to the latest nightly

note: please attach the file at `/data/zhangtianrong/projects/rustc-cbl/run/133064/rustc-ice-2026-01-17T12_31_32-3910438.txt` to your bug report

note: compiler flags: --crate-type bin -C embed-bitcode=no -C debuginfo=2 -C incremental=[REDACTED]

note: some of the compiler flags provided by cargo are hidden

query stack during panic:
#0 [thir_body] building THIR for `<impl at src/main.rs:1:1: 7:6>::FOO::{constant#0}::{constant#0}::{closure#1}`
#1 [check_match] match-checking `<impl at src/main.rs:1:1: 7:6>::FOO::{constant#0}::{constant#0}::{closure#1}`
#2 [mir_built] building MIR for `<impl at src/main.rs:1:1: 7:6>::FOO::{constant#0}::{constant#0}::{closure#1}`
#3 [has_ffi_unwind_calls] checking if `<impl at src/main.rs:1:1: 7:6>::FOO::{constant#0}::{constant#0}::{closure#1}` contains FFI-unwind calls
#4 [mir_promoted] promoting constants in MIR for `<impl at src/main.rs:1:1: 7:6>::FOO::{constant#0}::{constant#0}::{closure#1}`
#5 [mir_borrowck] borrow-checking `<impl at src/main.rs:1:1: 7:6>::FOO::{constant#0}::{constant#0}::{closure#1}`
#6 [analysis] running analysis passes on this crate
end of query stack
Some errors have detailed explanations: E0412, E0422.
For more information about an error, try `rustc --explain E0412`.
error: could not compile `bug_133064` (bin "bug_133064") due to 3 previous errors
------------------------------------------------------------
Return code: 101
