=== START 2026-01-18 19:42:56 ===
Bug ID: 133063
Toolchain: nightly-2024-11-15
Source: /data/zhangtianrong/projects/rustc-cbl/rustcbugs/133063
Run dir: /data/zhangtianrong/projects/rustc-cbl/run/133063
CMD: rustup run nightly-2024-11-15 cargo build
------------------------------------------------------------
   Compiling bug_133063 v0.1.0 (/data/zhangtianrong/projects/rustc-cbl/run/133063)
error[E0658]: `if let` guards are experimental
  --> src/main.rs:13:21
   |
13 |             (! | !) if let _ = split_last(&()) => {}
   |                     ^^^^^^^^^^^^^^^^^^^^^^^^^^
   |
   = note: see issue #51114 <https://github.com/rust-lang/rust/issues/51114> for more information
   = help: add `#![feature(if_let_guard)]` to the crate attributes to enable
   = note: this compiler was built on 2024-11-14; consider upgrading it if it is out of date
   = help: you can write `if matches!(<expr>, <pattern>)` instead of `if let <pattern> = <expr>`

error[E0658]: `!` patterns are experimental
  --> src/main.rs:13:14
   |
13 |             (! | !) if let _ = split_last(&()) => {}
   |              ^
   |
   = note: see issue #118155 <https://github.com/rust-lang/rust/issues/118155> for more information
   = help: add `#![feature(never_patterns)]` to the crate attributes to enable
   = note: this compiler was built on 2024-11-14; consider upgrading it if it is out of date

error[E0658]: `!` patterns are experimental
  --> src/main.rs:13:18
   |
13 |             (! | !) if let _ = split_last(&()) => {}
   |                  ^
   |
   = note: see issue #118155 <https://github.com/rust-lang/rust/issues/118155> for more information
   = help: add `#![feature(never_patterns)]` to the crate attributes to enable
   = note: this compiler was built on 2024-11-14; consider upgrading it if it is out of date

warning: unnecessary parentheses around pattern
  --> src/main.rs:13:13
   |
13 |             (! | !) if let _ = split_last(&()) => {}
   |             ^     ^
   |
   = note: `#[warn(unused_parens)]` on by default
help: remove these parentheses
   |
13 -             (! | !) if let _ = split_last(&()) => {}
13 +             ! | ! if let _ = split_last(&()) => {}
   |

error: a never pattern is always unreachable
  --> src/main.rs:13:51
   |
13 |             (! | !) if let _ = split_last(&()) => {}
   |                                                   ^^
   |                                                   |
   |                                                   this will never be executed
   |                                                   help: remove this expression

error: mismatched types
  --> src/main.rs:13:14
   |
13 |             (! | !) if let _ = split_last(&()) => {}
   |              ^ a never pattern must be used on an uninhabited type
   |
   = note: the matched value is of type `()`

error: mismatched types
  --> src/main.rs:13:18
   |
13 |             (! | !) if let _ = split_last(&()) => {}
   |                  ^ a never pattern must be used on an uninhabited type
   |
   = note: the matched value is of type `()`

warning: irrefutable `if let` guard pattern
  --> src/main.rs:13:24
   |
13 |             (! | !) if let _ = split_last(&()) => {}
   |                        ^^^^^^^^^^^^^^^^^^^^^^^
   |
   = note: this pattern will always match, so the guard is useless
   = help: consider removing the guard and adding a `let` inside the match arm
   = note: `#[warn(irrefutable_let_patterns)]` on by default

thread 'rustc' panicked at compiler/rustc_mir_build/src/build/matches/mod.rs:1540:76:
called `Option::unwrap()` on a `None` value
stack backtrace:
   0:     0x7342a1e6719a - <std::sys::backtrace::BacktraceLock::print::DisplayBacktrace as core::fmt::Display>::fmt::hcfa56a7c8af854b9
   1:     0x7342a260448a - core::fmt::write::h4f055847d9333419
   2:     0x7342a362ae91 - std::io::Write::write_fmt::he2378e9ea5ae6fb8
   3:     0x7342a1e66ff2 - std::sys::backtrace::BacktraceLock::print::hc0c0552128004ec7
   4:     0x7342a1e694f6 - std::panicking::default_hook::{{closure}}::hca6268521f6e2ed9
   5:     0x7342a1e69340 - std::panicking::default_hook::h259bf74859c20de5
   6:     0x7342a0eecbf1 - std[eac17b1f8d2ba130]::panicking::update_hook::<alloc[9812843bd8a109c8]::boxed::Box<rustc_driver_impl[5f54b2f2194ce484]::install_ice_hook::{closure#0}>>::{closure#0}
   7:     0x7342a1e69c08 - std::panicking::rust_panic_with_hook::h202bbef587c92342
   8:     0x7342a1e699a6 - std::panicking::begin_panic_handler::{{closure}}::h41e9637fc4b222f0
   9:     0x7342a1e67649 - std::sys::backtrace::__rust_end_short_backtrace::hf1795b96a9f237de
  10:     0x7342a1e6969c - rust_begin_unwind
  11:     0x73429e8debf0 - core::panicking::panic_fmt::hd58336d746e8f836
  12:     0x73429ec4f70c - core::panicking::panic::ha98b5cc34e361548
  13:     0x73429fe879d9 - core::option::unwrap_failed::h08080aad1a2ddbd3
  14:     0x7342a2942f77 - rustc_mir_build[d6aafcd34aaed1a2]::build::matches::traverse_candidate::<&mut rustc_mir_build[d6aafcd34aaed1a2]::build::matches::Candidate, (), core[d5196c0e7d73792d]::iter::adapters::rev::Rev<core[d5196c0e7d73792d]::slice::iter::IterMut<rustc_mir_build[d6aafcd34aaed1a2]::build::matches::Candidate>>, <rustc_mir_build[d6aafcd34aaed1a2]::build::matches::Candidate>::visit_leaves_rev<<rustc_mir_build[d6aafcd34aaed1a2]::build::Builder>::lower_match_tree::{closure#1}>::{closure#0}, <rustc_mir_build[d6aafcd34aaed1a2]::build::matches::Candidate>::visit_leaves_rev<<rustc_mir_build[d6aafcd34aaed1a2]::build::Builder>::lower_match_tree::{closure#1}>::{closure#1}, <rustc_mir_build[d6aafcd34aaed1a2]::build::matches::Candidate>::visit_leaves_rev<<rustc_mir_build[d6aafcd34aaed1a2]::build::Builder>::lower_match_tree::{closure#1}>::{closure#2}>
  15:     0x7342a294254b - <rustc_mir_build[d6aafcd34aaed1a2]::build::Builder>::lower_match_tree
  16:     0x7342a2920b32 - <rustc_mir_build[d6aafcd34aaed1a2]::build::Builder>::expr_into_dest
  17:     0x7342a2921fca - <rustc_mir_build[d6aafcd34aaed1a2]::build::Builder>::expr_into_dest
  18:     0x7342a329d12b - <rustc_mir_build[d6aafcd34aaed1a2]::build::Builder>::ast_block_stmts
  19:     0x7342a329c08c - <rustc_mir_build[d6aafcd34aaed1a2]::build::Builder>::ast_block
  20:     0x7342a291fe8e - <rustc_mir_build[d6aafcd34aaed1a2]::build::Builder>::expr_into_dest
  21:     0x7342a2923d5a - <rustc_mir_build[d6aafcd34aaed1a2]::build::Builder>::expr_into_dest
  22:     0x7342a2916ad5 - <rustc_mir_build[d6aafcd34aaed1a2]::build::Builder>::as_temp::{closure#0}
  23:     0x7342a2921d3d - <rustc_mir_build[d6aafcd34aaed1a2]::build::Builder>::expr_into_dest
  24:     0x7342a2921fca - <rustc_mir_build[d6aafcd34aaed1a2]::build::Builder>::expr_into_dest
  25:     0x7342a329d12b - <rustc_mir_build[d6aafcd34aaed1a2]::build::Builder>::ast_block_stmts
  26:     0x7342a329c08c - <rustc_mir_build[d6aafcd34aaed1a2]::build::Builder>::ast_block
  27:     0x7342a291fe8e - <rustc_mir_build[d6aafcd34aaed1a2]::build::Builder>::expr_into_dest
  28:     0x7342a2921fca - <rustc_mir_build[d6aafcd34aaed1a2]::build::Builder>::expr_into_dest
  29:     0x7342a2931869 - rustc_mir_build[d6aafcd34aaed1a2]::build::mir_build
  30:     0x7342a2608244 - rustc_mir_transform[961150415cc2d16e]::mir_built
  31:     0x7342a2608207 - rustc_query_impl[db5a3b03c8ecd3da]::plumbing::__rust_begin_short_backtrace::<rustc_query_impl[db5a3b03c8ecd3da]::query_impl::mir_built::dynamic_query::{closure#2}::{closure#0}, rustc_middle[b9d507e51470413a]::query::erase::Erased<[u8; 8usize]>>
  32:     0x7342a2a2d42f - rustc_query_system[5b0c5b5ae47c7274]::query::plumbing::try_execute_query::<rustc_query_impl[db5a3b03c8ecd3da]::DynamicConfig<rustc_query_system[5b0c5b5ae47c7274]::query::caches::VecCache<rustc_span[f9ee8a2024878c62]::def_id::LocalDefId, rustc_middle[b9d507e51470413a]::query::erase::Erased<[u8; 8usize]>>, false, false, false>, rustc_query_impl[db5a3b03c8ecd3da]::plumbing::QueryCtxt, true>
  33:     0x7342a298bb5b - rustc_query_impl[db5a3b03c8ecd3da]::query_impl::mir_built::get_query_incr::__rust_end_short_backtrace
  34:     0x73429ea7cf51 - rustc_mir_build[d6aafcd34aaed1a2]::check_unsafety::check_unsafety
  35:     0x7342a2e4007d - rustc_query_impl[db5a3b03c8ecd3da]::plumbing::__rust_begin_short_backtrace::<rustc_query_impl[db5a3b03c8ecd3da]::query_impl::check_unsafety::dynamic_query::{closure#2}::{closure#0}, rustc_middle[b9d507e51470413a]::query::erase::Erased<[u8; 0usize]>>
  36:     0x7342a297f2a8 - rustc_query_system[5b0c5b5ae47c7274]::query::plumbing::try_execute_query::<rustc_query_impl[db5a3b03c8ecd3da]::DynamicConfig<rustc_query_system[5b0c5b5ae47c7274]::query::caches::VecCache<rustc_span[f9ee8a2024878c62]::def_id::LocalDefId, rustc_middle[b9d507e51470413a]::query::erase::Erased<[u8; 0usize]>>, false, false, false>, rustc_query_impl[db5a3b03c8ecd3da]::plumbing::QueryCtxt, true>
  37:     0x7342a297edc0 - rustc_query_impl[db5a3b03c8ecd3da]::query_impl::check_unsafety::get_query_incr::__rust_end_short_backtrace
  38:     0x7342a2b37d2c - rustc_interface[4e4d02851b81b081]::passes::run_required_analyses
  39:     0x7342a346079e - rustc_interface[4e4d02851b81b081]::passes::analysis
  40:     0x7342a346076f - rustc_query_impl[db5a3b03c8ecd3da]::plumbing::__rust_begin_short_backtrace::<rustc_query_impl[db5a3b03c8ecd3da]::query_impl::analysis::dynamic_query::{closure#2}::{closure#0}, rustc_middle[b9d507e51470413a]::query::erase::Erased<[u8; 1usize]>>
  41:     0x7342a376bcba - rustc_query_system[5b0c5b5ae47c7274]::query::plumbing::try_execute_query::<rustc_query_impl[db5a3b03c8ecd3da]::DynamicConfig<rustc_query_system[5b0c5b5ae47c7274]::query::caches::SingleCache<rustc_middle[b9d507e51470413a]::query::erase::Erased<[u8; 1usize]>>, false, false, false>, rustc_query_impl[db5a3b03c8ecd3da]::plumbing::QueryCtxt, true>
  42:     0x7342a376b7b7 - rustc_query_impl[db5a3b03c8ecd3da]::query_impl::analysis::get_query_incr::__rust_end_short_backtrace
  43:     0x7342a34b8dba - rustc_interface[4e4d02851b81b081]::interface::run_compiler::<core[d5196c0e7d73792d]::result::Result<(), rustc_span[f9ee8a2024878c62]::ErrorGuaranteed>, rustc_driver_impl[5f54b2f2194ce484]::run_compiler::{closure#0}>::{closure#1}
  44:     0x7342a3530850 - std[eac17b1f8d2ba130]::sys::backtrace::__rust_begin_short_backtrace::<rustc_interface[4e4d02851b81b081]::util::run_in_thread_with_globals<rustc_interface[4e4d02851b81b081]::util::run_in_thread_pool_with_globals<rustc_interface[4e4d02851b81b081]::interface::run_compiler<core[d5196c0e7d73792d]::result::Result<(), rustc_span[f9ee8a2024878c62]::ErrorGuaranteed>, rustc_driver_impl[5f54b2f2194ce484]::run_compiler::{closure#0}>::{closure#1}, core[d5196c0e7d73792d]::result::Result<(), rustc_span[f9ee8a2024878c62]::ErrorGuaranteed>>::{closure#0}, core[d5196c0e7d73792d]::result::Result<(), rustc_span[f9ee8a2024878c62]::ErrorGuaranteed>>::{closure#0}::{closure#0}, core[d5196c0e7d73792d]::result::Result<(), rustc_span[f9ee8a2024878c62]::ErrorGuaranteed>>
  45:     0x7342a3530c6b - <<std[eac17b1f8d2ba130]::thread::Builder>::spawn_unchecked_<rustc_interface[4e4d02851b81b081]::util::run_in_thread_with_globals<rustc_interface[4e4d02851b81b081]::util::run_in_thread_pool_with_globals<rustc_interface[4e4d02851b81b081]::interface::run_compiler<core[d5196c0e7d73792d]::result::Result<(), rustc_span[f9ee8a2024878c62]::ErrorGuaranteed>, rustc_driver_impl[5f54b2f2194ce484]::run_compiler::{closure#0}>::{closure#1}, core[d5196c0e7d73792d]::result::Result<(), rustc_span[f9ee8a2024878c62]::ErrorGuaranteed>>::{closure#0}, core[d5196c0e7d73792d]::result::Result<(), rustc_span[f9ee8a2024878c62]::ErrorGuaranteed>>::{closure#0}::{closure#0}, core[d5196c0e7d73792d]::result::Result<(), rustc_span[f9ee8a2024878c62]::ErrorGuaranteed>>::{closure#1} as core[d5196c0e7d73792d]::ops::function::FnOnce<()>>::call_once::{shim:vtable#0}
  46:     0x7342a3531739 - std::sys::pal::unix::thread::Thread::new::thread_start::h459005fffa39484d
  47:     0x73429d494ac3 - start_thread
                               at ./nptl/pthread_create.c:442:8
  48:     0x73429d5268c0 - __GI___clone3
                               at ./misc/../sysdeps/unix/sysv/linux/x86_64/clone3.S:81
  49:                0x0 - <unknown>

error: the compiler unexpectedly panicked. this is a bug.

note: we would appreciate a bug report: https://github.com/rust-lang/rust/issues/new?labels=C-bug%2C+I-ICE%2C+T-compiler&template=ice.md

note: please make sure that you have updated to the latest nightly

note: please attach the file at `/data/zhangtianrong/projects/rustc-cbl/run/133063/rustc-ice-2026-01-18T11_42_56-708050.txt` to your bug report

note: compiler flags: --crate-type bin -C embed-bitcode=no -C debuginfo=2 -C incremental=[REDACTED]

note: some of the compiler flags provided by cargo are hidden

query stack during panic:
#0 [mir_built] building MIR for `assign_twice`
#1 [check_unsafety] unsafety-checking `assign_twice`
#2 [analysis] running analysis passes on this crate
end of query stack
For more information about this error, try `rustc --explain E0658`.
warning: `bug_133063` (bin "bug_133063") generated 2 warnings
error: could not compile `bug_133063` (bin "bug_133063") due to 6 previous errors; 2 warnings emitted
------------------------------------------------------------
Return code: 101
