=== START 2026-01-18 19:40:22 ===
Bug ID: 133117
Toolchain: nightly-2024-11-15
Source: /data/zhangtianrong/projects/rustc-cbl/rustcbugs/133117
Run dir: /data/zhangtianrong/projects/rustc-cbl/run/133117
CMD: rustup run nightly-2024-11-15 cargo build
------------------------------------------------------------
   Compiling bug_133117 v0.1.0 (/data/zhangtianrong/projects/rustc-cbl/run/133117)
error[E0658]: `!` patterns are experimental
 --> src/main.rs:3:10
  |
3 |         (!|!) if true => {}
  |          ^
  |
  = note: see issue #118155 <https://github.com/rust-lang/rust/issues/118155> for more information
  = help: add `#![feature(never_patterns)]` to the crate attributes to enable
  = note: this compiler was built on 2024-11-14; consider upgrading it if it is out of date

error[E0658]: `!` patterns are experimental
 --> src/main.rs:3:12
  |
3 |         (!|!) if true => {}
  |            ^
  |
  = note: see issue #118155 <https://github.com/rust-lang/rust/issues/118155> for more information
  = help: add `#![feature(never_patterns)]` to the crate attributes to enable
  = note: this compiler was built on 2024-11-14; consider upgrading it if it is out of date

error[E0658]: `!` patterns are experimental
 --> src/main.rs:4:10
  |
4 |         (!|!) if true => {}
  |          ^
  |
  = note: see issue #118155 <https://github.com/rust-lang/rust/issues/118155> for more information
  = help: add `#![feature(never_patterns)]` to the crate attributes to enable
  = note: this compiler was built on 2024-11-14; consider upgrading it if it is out of date

error[E0658]: `!` patterns are experimental
 --> src/main.rs:4:12
  |
4 |         (!|!) if true => {}
  |            ^
  |
  = note: see issue #118155 <https://github.com/rust-lang/rust/issues/118155> for more information
  = help: add `#![feature(never_patterns)]` to the crate attributes to enable
  = note: this compiler was built on 2024-11-14; consider upgrading it if it is out of date

warning: unnecessary parentheses around pattern
 --> src/main.rs:3:9
  |
3 |         (!|!) if true => {}
  |         ^   ^
  |
  = note: `#[warn(unused_parens)]` on by default
help: remove these parentheses
  |
3 -         (!|!) if true => {}
3 +         !|! if true => {}
  |

warning: unnecessary parentheses around pattern
 --> src/main.rs:4:9
  |
4 |         (!|!) if true => {}
  |         ^   ^
  |
help: remove these parentheses
  |
4 -         (!|!) if true => {}
4 +         !|! if true => {}
  |

error: a never pattern is always unreachable
 --> src/main.rs:3:26
  |
3 |         (!|!) if true => {}
  |                          ^^
  |                          |
  |                          this will never be executed
  |                          help: remove this expression

error: a never pattern is always unreachable
 --> src/main.rs:4:26
  |
4 |         (!|!) if true => {}
  |                          ^^
  |                          |
  |                          this will never be executed
  |                          help: remove this expression

error: mismatched types
 --> src/main.rs:3:10
  |
3 |         (!|!) if true => {}
  |          ^ a never pattern must be used on an uninhabited type
  |
  = note: the matched value is of type `()`

error: mismatched types
 --> src/main.rs:3:12
  |
3 |         (!|!) if true => {}
  |            ^ a never pattern must be used on an uninhabited type
  |
  = note: the matched value is of type `()`

thread 'rustc' panicked at compiler/rustc_mir_build/src/build/matches/mod.rs:1550:17:
assertion failed: leaf_candidate.false_edge_start_block.is_some()
stack backtrace:
   0:     0x7bfa8986719a - <std::sys::backtrace::BacktraceLock::print::DisplayBacktrace as core::fmt::Display>::fmt::hcfa56a7c8af854b9
   1:     0x7bfa8a00448a - core::fmt::write::h4f055847d9333419
   2:     0x7bfa8b02ae91 - std::io::Write::write_fmt::he2378e9ea5ae6fb8
   3:     0x7bfa89866ff2 - std::sys::backtrace::BacktraceLock::print::hc0c0552128004ec7
   4:     0x7bfa898694f6 - std::panicking::default_hook::{{closure}}::hca6268521f6e2ed9
   5:     0x7bfa89869340 - std::panicking::default_hook::h259bf74859c20de5
   6:     0x7bfa888ecbf1 - std[eac17b1f8d2ba130]::panicking::update_hook::<alloc[9812843bd8a109c8]::boxed::Box<rustc_driver_impl[5f54b2f2194ce484]::install_ice_hook::{closure#0}>>::{closure#0}
   7:     0x7bfa89869c08 - std::panicking::rust_panic_with_hook::h202bbef587c92342
   8:     0x7bfa898699a6 - std::panicking::begin_panic_handler::{{closure}}::h41e9637fc4b222f0
   9:     0x7bfa89867649 - std::sys::backtrace::__rust_end_short_backtrace::hf1795b96a9f237de
  10:     0x7bfa8986969c - rust_begin_unwind
  11:     0x7bfa862debf0 - core::panicking::panic_fmt::hd58336d746e8f836
  12:     0x7bfa8664f70c - core::panicking::panic::ha98b5cc34e361548
  13:     0x7bfa8a342f32 - rustc_mir_build[d6aafcd34aaed1a2]::build::matches::traverse_candidate::<&mut rustc_mir_build[d6aafcd34aaed1a2]::build::matches::Candidate, (), core[d5196c0e7d73792d]::iter::adapters::rev::Rev<core[d5196c0e7d73792d]::slice::iter::IterMut<rustc_mir_build[d6aafcd34aaed1a2]::build::matches::Candidate>>, <rustc_mir_build[d6aafcd34aaed1a2]::build::matches::Candidate>::visit_leaves_rev<<rustc_mir_build[d6aafcd34aaed1a2]::build::Builder>::lower_match_tree::{closure#1}>::{closure#0}, <rustc_mir_build[d6aafcd34aaed1a2]::build::matches::Candidate>::visit_leaves_rev<<rustc_mir_build[d6aafcd34aaed1a2]::build::Builder>::lower_match_tree::{closure#1}>::{closure#1}, <rustc_mir_build[d6aafcd34aaed1a2]::build::matches::Candidate>::visit_leaves_rev<<rustc_mir_build[d6aafcd34aaed1a2]::build::Builder>::lower_match_tree::{closure#1}>::{closure#2}>
  14:     0x7bfa8a34254b - <rustc_mir_build[d6aafcd34aaed1a2]::build::Builder>::lower_match_tree
  15:     0x7bfa8a320b32 - <rustc_mir_build[d6aafcd34aaed1a2]::build::Builder>::expr_into_dest
  16:     0x7bfa8a321fca - <rustc_mir_build[d6aafcd34aaed1a2]::build::Builder>::expr_into_dest
  17:     0x7bfa8ac9d12b - <rustc_mir_build[d6aafcd34aaed1a2]::build::Builder>::ast_block_stmts
  18:     0x7bfa8ac9c08c - <rustc_mir_build[d6aafcd34aaed1a2]::build::Builder>::ast_block
  19:     0x7bfa8a31fe8e - <rustc_mir_build[d6aafcd34aaed1a2]::build::Builder>::expr_into_dest
  20:     0x7bfa8a321fca - <rustc_mir_build[d6aafcd34aaed1a2]::build::Builder>::expr_into_dest
  21:     0x7bfa8a331869 - rustc_mir_build[d6aafcd34aaed1a2]::build::mir_build
  22:     0x7bfa8a008244 - rustc_mir_transform[961150415cc2d16e]::mir_built
  23:     0x7bfa8a008207 - rustc_query_impl[db5a3b03c8ecd3da]::plumbing::__rust_begin_short_backtrace::<rustc_query_impl[db5a3b03c8ecd3da]::query_impl::mir_built::dynamic_query::{closure#2}::{closure#0}, rustc_middle[b9d507e51470413a]::query::erase::Erased<[u8; 8usize]>>
  24:     0x7bfa8a42d42f - rustc_query_system[5b0c5b5ae47c7274]::query::plumbing::try_execute_query::<rustc_query_impl[db5a3b03c8ecd3da]::DynamicConfig<rustc_query_system[5b0c5b5ae47c7274]::query::caches::VecCache<rustc_span[f9ee8a2024878c62]::def_id::LocalDefId, rustc_middle[b9d507e51470413a]::query::erase::Erased<[u8; 8usize]>>, false, false, false>, rustc_query_impl[db5a3b03c8ecd3da]::plumbing::QueryCtxt, true>
  25:     0x7bfa8a38bb5b - rustc_query_impl[db5a3b03c8ecd3da]::query_impl::mir_built::get_query_incr::__rust_end_short_backtrace
  26:     0x7bfa8647cf51 - rustc_mir_build[d6aafcd34aaed1a2]::check_unsafety::check_unsafety
  27:     0x7bfa8a84007d - rustc_query_impl[db5a3b03c8ecd3da]::plumbing::__rust_begin_short_backtrace::<rustc_query_impl[db5a3b03c8ecd3da]::query_impl::check_unsafety::dynamic_query::{closure#2}::{closure#0}, rustc_middle[b9d507e51470413a]::query::erase::Erased<[u8; 0usize]>>
  28:     0x7bfa8a37f2a8 - rustc_query_system[5b0c5b5ae47c7274]::query::plumbing::try_execute_query::<rustc_query_impl[db5a3b03c8ecd3da]::DynamicConfig<rustc_query_system[5b0c5b5ae47c7274]::query::caches::VecCache<rustc_span[f9ee8a2024878c62]::def_id::LocalDefId, rustc_middle[b9d507e51470413a]::query::erase::Erased<[u8; 0usize]>>, false, false, false>, rustc_query_impl[db5a3b03c8ecd3da]::plumbing::QueryCtxt, true>
  29:     0x7bfa8a37edc0 - rustc_query_impl[db5a3b03c8ecd3da]::query_impl::check_unsafety::get_query_incr::__rust_end_short_backtrace
  30:     0x7bfa8a537d2c - rustc_interface[4e4d02851b81b081]::passes::run_required_analyses
  31:     0x7bfa8ae6079e - rustc_interface[4e4d02851b81b081]::passes::analysis
  32:     0x7bfa8ae6076f - rustc_query_impl[db5a3b03c8ecd3da]::plumbing::__rust_begin_short_backtrace::<rustc_query_impl[db5a3b03c8ecd3da]::query_impl::analysis::dynamic_query::{closure#2}::{closure#0}, rustc_middle[b9d507e51470413a]::query::erase::Erased<[u8; 1usize]>>
  33:     0x7bfa8b16bcba - rustc_query_system[5b0c5b5ae47c7274]::query::plumbing::try_execute_query::<rustc_query_impl[db5a3b03c8ecd3da]::DynamicConfig<rustc_query_system[5b0c5b5ae47c7274]::query::caches::SingleCache<rustc_middle[b9d507e51470413a]::query::erase::Erased<[u8; 1usize]>>, false, false, false>, rustc_query_impl[db5a3b03c8ecd3da]::plumbing::QueryCtxt, true>
  34:     0x7bfa8b16b7b7 - rustc_query_impl[db5a3b03c8ecd3da]::query_impl::analysis::get_query_incr::__rust_end_short_backtrace
  35:     0x7bfa8aeb8dba - rustc_interface[4e4d02851b81b081]::interface::run_compiler::<core[d5196c0e7d73792d]::result::Result<(), rustc_span[f9ee8a2024878c62]::ErrorGuaranteed>, rustc_driver_impl[5f54b2f2194ce484]::run_compiler::{closure#0}>::{closure#1}
  36:     0x7bfa8af30850 - std[eac17b1f8d2ba130]::sys::backtrace::__rust_begin_short_backtrace::<rustc_interface[4e4d02851b81b081]::util::run_in_thread_with_globals<rustc_interface[4e4d02851b81b081]::util::run_in_thread_pool_with_globals<rustc_interface[4e4d02851b81b081]::interface::run_compiler<core[d5196c0e7d73792d]::result::Result<(), rustc_span[f9ee8a2024878c62]::ErrorGuaranteed>, rustc_driver_impl[5f54b2f2194ce484]::run_compiler::{closure#0}>::{closure#1}, core[d5196c0e7d73792d]::result::Result<(), rustc_span[f9ee8a2024878c62]::ErrorGuaranteed>>::{closure#0}, core[d5196c0e7d73792d]::result::Result<(), rustc_span[f9ee8a2024878c62]::ErrorGuaranteed>>::{closure#0}::{closure#0}, core[d5196c0e7d73792d]::result::Result<(), rustc_span[f9ee8a2024878c62]::ErrorGuaranteed>>
  37:     0x7bfa8af30c6b - <<std[eac17b1f8d2ba130]::thread::Builder>::spawn_unchecked_<rustc_interface[4e4d02851b81b081]::util::run_in_thread_with_globals<rustc_interface[4e4d02851b81b081]::util::run_in_thread_pool_with_globals<rustc_interface[4e4d02851b81b081]::interface::run_compiler<core[d5196c0e7d73792d]::result::Result<(), rustc_span[f9ee8a2024878c62]::ErrorGuaranteed>, rustc_driver_impl[5f54b2f2194ce484]::run_compiler::{closure#0}>::{closure#1}, core[d5196c0e7d73792d]::result::Result<(), rustc_span[f9ee8a2024878c62]::ErrorGuaranteed>>::{closure#0}, core[d5196c0e7d73792d]::result::Result<(), rustc_span[f9ee8a2024878c62]::ErrorGuaranteed>>::{closure#0}::{closure#0}, core[d5196c0e7d73792d]::result::Result<(), rustc_span[f9ee8a2024878c62]::ErrorGuaranteed>>::{closure#1} as core[d5196c0e7d73792d]::ops::function::FnOnce<()>>::call_once::{shim:vtable#0}
  38:     0x7bfa8af31739 - std::sys::pal::unix::thread::Thread::new::thread_start::h459005fffa39484d
  39:     0x7bfa84e94ac3 - start_thread
                               at ./nptl/pthread_create.c:442:8
  40:     0x7bfa84f268c0 - __GI___clone3
                               at ./misc/../sysdeps/unix/sysv/linux/x86_64/clone3.S:81
  41:                0x0 - <unknown>

error: the compiler unexpectedly panicked. this is a bug.

note: we would appreciate a bug report: https://github.com/rust-lang/rust/issues/new?labels=C-bug%2C+I-ICE%2C+T-compiler&template=ice.md

note: please make sure that you have updated to the latest nightly

note: please attach the file at `/data/zhangtianrong/projects/rustc-cbl/run/133117/rustc-ice-2026-01-18T11_40_22-533438.txt` to your bug report

note: compiler flags: --crate-type bin -C embed-bitcode=no -C debuginfo=2 -C incremental=[REDACTED]

note: some of the compiler flags provided by cargo are hidden

query stack during panic:
#0 [mir_built] building MIR for `main`
#1 [check_unsafety] unsafety-checking `main`
#2 [analysis] running analysis passes on this crate
end of query stack
For more information about this error, try `rustc --explain E0658`.
warning: `bug_133117` (bin "bug_133117") generated 2 warnings
error: could not compile `bug_133117` (bin "bug_133117") due to 8 previous errors; 2 warnings emitted
------------------------------------------------------------
Return code: 101
