=== START 2026-02-02 18:59:17 ===
Bug ID: 133222
Toolchain: nightly-2024-11-16
Source: /data/zhangtianrong/projects/rustc-cbl/rustcbugs/133222
Run dir: /data/zhangtianrong/projects/rustc-cbl/run/133222
CMD: rustup run nightly-2024-11-16 cargo build
------------------------------------------------------------
   Compiling bug_133222 v0.1.0 (/data/zhangtianrong/projects/rustc-cbl/run/133222)
warning: the feature `pin_ergonomics` is incomplete and may not be safe to use and/or cause compiler crashes
 --> src/main.rs:1:12
  |
1 | #![feature(pin_ergonomics)]
  |            ^^^^^^^^^^^^^^
  |
  = note: see issue #130494 <https://github.com/rust-lang/rust/issues/130494> for more information
  = note: `#[warn(incomplete_features)]` on by default

error[E0308]: mismatched types
 --> src/main.rs:6:27
  |
6 |     let _: Pin<Box<()>> = Box::pin(());
  |                           ^^^^^^^^^^^^ types differ
  |
  = note: expected struct `Pin<_>`
             found struct `Pin<_>`

For more information about this error, try `rustc --explain E0308`.
warning: `bug_133222` (bin "bug_133222") generated 1 warning
error: could not compile `bug_133222` (bin "bug_133222") due to 1 previous error; 1 warning emitted
------------------------------------------------------------
Return code: 101
