Bug ID: 133388
Toolchain: nightly-2024-11-22
CMD: rustup run nightly-2024-11-22 cargo build
------------------------------------------------------------
   Compiling bug_133388 v0.1.0 (/data/zhangtianrong/projects/rustc-cbi/run/133388)
warning: unused variable: `q`
  --> src/main.rs:13:9
   |
13 |     let q: <dyn Dyn<i32, u32> as Sup<u32>>::Assoc = Default::default();
   |         ^ help: if this is intentional, prefix it with an underscore: `_q`
   |
   = note: `#[warn(unused_variables)]` on by default

error: internal compiler error: compiler/rustc_middle/src/ty/instance.rs:581:21: failed to resolve instance for <<dyn Dyn<i32, u32> as Sup<u32>>::Assoc as Default>::default
  --> src/main.rs:13:53
   |
13 |     let q: <dyn Dyn<i32, u32> as Sup<u32>>::Assoc = Default::default();
   |                                                     ^^^^^^^^^^^^^^^^^^

thread 'rustc' panicked at compiler/rustc_middle/src/ty/instance.rs:581:21:
Box<dyn Any>
stack backtrace:
   0:     0x7717f828de1a - <std::sys::backtrace::BacktraceLock::print::DisplayBacktrace as core::fmt::Display>::fmt::hd8481c197d699b4c
   1:     0x7717f8a252bc - core::fmt::write::h9945ec9eeffbb1bb
   2:     0x7717f9e9e811 - std::io::Write::write_fmt::hefd1402662603e38
   3:     0x7717f828dc72 - std::sys::backtrace::BacktraceLock::print::hce1d7487240fbba2
   4:     0x7717f829014a - std::panicking::default_hook::{{closure}}::h2400c9b4e6572010
   5:     0x7717f828ffb0 - std::panicking::default_hook::hdf415425ecac667f
   6:     0x7717f73106f5 - std[1f70c0c4d3eb7a9a]::panicking::update_hook::<alloc[937e099bedf3bc63]::boxed::Box<rustc_driver_impl[a9bfa606507a03e7]::install_ice_hook::{closure#0}>>::{closure#0}
   7:     0x7717f8290828 - std::panicking::rust_panic_with_hook::h38ed64bcd39bd9c4
   8:     0x7717f734b1a1 - std[1f70c0c4d3eb7a9a]::panicking::begin_panic::<rustc_errors[9918349b93f4ea78]::ExplicitBug>::{closure#0}
   9:     0x7717f733e166 - std[1f70c0c4d3eb7a9a]::sys::backtrace::__rust_end_short_backtrace::<std[1f70c0c4d3eb7a9a]::panicking::begin_panic<rustc_errors[9918349b93f4ea78]::ExplicitBug>::{closure#0}, !>
  10:     0x7717f7339739 - std[1f70c0c4d3eb7a9a]::panicking::begin_panic::<rustc_errors[9918349b93f4ea78]::ExplicitBug>
  11:     0x7717f73550d1 - <rustc_errors[9918349b93f4ea78]::diagnostic::BugAbort as rustc_errors[9918349b93f4ea78]::diagnostic::EmissionGuarantee>::emit_producing_guarantee
  12:     0x7717f793712c - <rustc_errors[9918349b93f4ea78]::DiagCtxtHandle>::span_bug::<rustc_span[c13cdc7be66ecabc]::span_encoding::Span, alloc[937e099bedf3bc63]::string::String>
  13:     0x7717f79cafb7 - rustc_middle[d5a8cbcceaced6dc]::util::bug::opt_span_bug_fmt::<rustc_span[c13cdc7be66ecabc]::span_encoding::Span>::{closure#0}
  14:     0x7717f79b251a - rustc_middle[d5a8cbcceaced6dc]::ty::context::tls::with_opt::<rustc_middle[d5a8cbcceaced6dc]::util::bug::opt_span_bug_fmt<rustc_span[c13cdc7be66ecabc]::span_encoding::Span>::{closure#0}, !>::{closure#0}
  15:     0x7717f79b23ab - rustc_middle[d5a8cbcceaced6dc]::ty::context::tls::with_context_opt::<rustc_middle[d5a8cbcceaced6dc]::ty::context::tls::with_opt<rustc_middle[d5a8cbcceaced6dc]::util::bug::opt_span_bug_fmt<rustc_span[c13cdc7be66ecabc]::span_encoding::Span>::{closure#0}, !>::{closure#0}, !>
  16:     0x7717f79caee7 - rustc_middle[d5a8cbcceaced6dc]::util::bug::span_bug_fmt::<rustc_span[c13cdc7be66ecabc]::span_encoding::Span>
  17:     0x7717f93b3d95 - <rustc_middle[d5a8cbcceaced6dc]::ty::instance::Instance>::expect_resolve
  18:     0x7717f5f41e1a - rustc_monomorphize[97c71d9bc692a554]::collector::items_of_instance
  19:     0x7717f8bfbff2 - rustc_query_impl[25b3003c6ebff8f9]::plumbing::__rust_begin_short_backtrace::<rustc_query_impl[25b3003c6ebff8f9]::query_impl::items_of_instance::dynamic_query::{closure#2}::{closure#0}, rustc_middle[d5a8cbcceaced6dc]::query::erase::Erased<[u8; 32usize]>>
  20:     0x7717f8bfa0f8 - rustc_query_system[fddedaebe8766649]::query::plumbing::try_execute_query::<rustc_query_impl[25b3003c6ebff8f9]::DynamicConfig<rustc_query_system[fddedaebe8766649]::query::caches::DefaultCache<(rustc_middle[d5a8cbcceaced6dc]::ty::instance::Instance, rustc_middle[d5a8cbcceaced6dc]::mir::mono::CollectionMode), rustc_middle[d5a8cbcceaced6dc]::query::erase::Erased<[u8; 32usize]>>, false, false, false>, rustc_query_impl[25b3003c6ebff8f9]::plumbing::QueryCtxt, true>
  21:     0x7717f8bf8a5c - rustc_query_impl[25b3003c6ebff8f9]::query_impl::items_of_instance::get_query_incr::__rust_end_short_backtrace
  22:     0x7717f8bf7bb2 - rustc_monomorphize[97c71d9bc692a554]::collector::collect_items_rec::{closure#0}
  23:     0x7717f939576b - rustc_monomorphize[97c71d9bc692a554]::collector::collect_items_rec
  24:     0x7717f939eca9 - rustc_monomorphize[97c71d9bc692a554]::partitioning::collect_and_partition_mono_items
  25:     0x7717f939e2d6 - rustc_query_impl[25b3003c6ebff8f9]::plumbing::__rust_begin_short_backtrace::<rustc_query_impl[25b3003c6ebff8f9]::query_impl::collect_and_partition_mono_items::dynamic_query::{closure#2}::{closure#0}, rustc_middle[d5a8cbcceaced6dc]::query::erase::Erased<[u8; 24usize]>>
  26:     0x7717f939e2ad - <rustc_query_impl[25b3003c6ebff8f9]::query_impl::collect_and_partition_mono_items::dynamic_query::{closure#2} as core[951050f4e42de98c]::ops::function::FnOnce<(rustc_middle[d5a8cbcceaced6dc]::ty::context::TyCtxt, ())>>::call_once
  27:     0x7717f9ab6b80 - rustc_query_system[fddedaebe8766649]::query::plumbing::try_execute_query::<rustc_query_impl[25b3003c6ebff8f9]::DynamicConfig<rustc_query_system[fddedaebe8766649]::query::caches::SingleCache<rustc_middle[d5a8cbcceaced6dc]::query::erase::Erased<[u8; 24usize]>>, false, false, false>, rustc_query_impl[25b3003c6ebff8f9]::plumbing::QueryCtxt, true>
  28:     0x7717f9ab64c9 - rustc_query_impl[25b3003c6ebff8f9]::query_impl::collect_and_partition_mono_items::get_query_incr::__rust_end_short_backtrace
  29:     0x7717f9937ac7 - <rustc_codegen_llvm[1e52e725d6498465]::LlvmCodegenBackend as rustc_codegen_ssa[9b7f6c583acf033d]::traits::backend::CodegenBackend>::codegen_crate
  30:     0x7717f9ac89e7 - <rustc_interface[86febfefe44a6b5f]::queries::Linker>::codegen_and_build_linker
  31:     0x7717f98fcd08 - rustc_interface[86febfefe44a6b5f]::interface::run_compiler::<core[951050f4e42de98c]::result::Result<(), rustc_span[c13cdc7be66ecabc]::ErrorGuaranteed>, rustc_driver_impl[a9bfa606507a03e7]::run_compiler::{closure#0}>::{closure#1}
  32:     0x7717f99438e0 - std[1f70c0c4d3eb7a9a]::sys::backtrace::__rust_begin_short_backtrace::<rustc_interface[86febfefe44a6b5f]::util::run_in_thread_with_globals<rustc_interface[86febfefe44a6b5f]::util::run_in_thread_pool_with_globals<rustc_interface[86febfefe44a6b5f]::interface::run_compiler<core[951050f4e42de98c]::result::Result<(), rustc_span[c13cdc7be66ecabc]::ErrorGuaranteed>, rustc_driver_impl[a9bfa606507a03e7]::run_compiler::{closure#0}>::{closure#1}, core[951050f4e42de98c]::result::Result<(), rustc_span[c13cdc7be66ecabc]::ErrorGuaranteed>>::{closure#0}, core[951050f4e42de98c]::result::Result<(), rustc_span[c13cdc7be66ecabc]::ErrorGuaranteed>>::{closure#0}::{closure#0}, core[951050f4e42de98c]::result::Result<(), rustc_span[c13cdc7be66ecabc]::ErrorGuaranteed>>
  33:     0x7717f99435fd - <<std[1f70c0c4d3eb7a9a]::thread::Builder>::spawn_unchecked_<rustc_interface[86febfefe44a6b5f]::util::run_in_thread_with_globals<rustc_interface[86febfefe44a6b5f]::util::run_in_thread_pool_with_globals<rustc_interface[86febfefe44a6b5f]::interface::run_compiler<core[951050f4e42de98c]::result::Result<(), rustc_span[c13cdc7be66ecabc]::ErrorGuaranteed>, rustc_driver_impl[a9bfa606507a03e7]::run_compiler::{closure#0}>::{closure#1}, core[951050f4e42de98c]::result::Result<(), rustc_span[c13cdc7be66ecabc]::ErrorGuaranteed>>::{closure#0}, core[951050f4e42de98c]::result::Result<(), rustc_span[c13cdc7be66ecabc]::ErrorGuaranteed>>::{closure#0}::{closure#0}, core[951050f4e42de98c]::result::Result<(), rustc_span[c13cdc7be66ecabc]::ErrorGuaranteed>>::{closure#1} as core[951050f4e42de98c]::ops::function::FnOnce<()>>::call_once::{shim:vtable#0}
  34:     0x7717f9942db9 - std::sys::pal::unix::thread::Thread::new::thread_start::h57333c672c771005
  35:     0x7717f3894ac3 - start_thread
                               at ./nptl/pthread_create.c:442:8
  36:     0x7717f39268d0 - __GI___clone3
                               at ./misc/../sysdeps/unix/sysv/linux/x86_64/clone3.S:81
  37:                0x0 - <unknown>

note: we would appreciate a bug report: https://github.com/rust-lang/rust/issues/new?labels=C-bug%2C+I-ICE%2C+T-compiler&template=ice.md

note: please make sure that you have updated to the latest nightly

note: please attach the file at `/data/zhangtianrong/projects/rustc-cbi/run/133388/rustc-ice-2026-03-19T17_39_54-2711143.txt` to your bug report

note: compiler flags: --crate-type bin -C embed-bitcode=no -C debuginfo=2 -C incremental=[REDACTED]

note: some of the compiler flags provided by cargo are hidden

query stack during panic:
#0 [items_of_instance] collecting items used by `main`
#1 [collect_and_partition_mono_items] collect_and_partition_mono_items
end of query stack
warning: `bug_133388` (bin "bug_133388") generated 1 warning
error: could not compile `bug_133388` (bin "bug_133388"); 1 warning emitted

Caused by:
  process didn't exit successfully: `/data/zhangtianrong/.rustup/toolchains/nightly-2024-11-22-x86_64-unknown-linux-gnu/bin/rustc --crate-name bug_133388 --edition=2021 src/main.rs --error-format=json --json=diagnostic-rendered-ansi,artifacts,future-incompat --crate-type bin --emit=dep-info,link -C embed-bitcode=no -C debuginfo=2 --check-cfg 'cfg(docsrs)' --check-cfg 'cfg(feature, values())' -C metadata=beb255345697ebec -C extra-filename=-beb255345697ebec --out-dir /data/zhangtianrong/projects/rustc-cbi/run/133388/target/debug/deps -C incremental=/data/zhangtianrong/projects/rustc-cbi/run/133388/target/debug/incremental -L dependency=/data/zhangtianrong/projects/rustc-cbi/run/133388/target/debug/deps` (exit status: 101)
------------------------------------------------------------
Return code: 101
