=== START 2026-01-18 19:30:24 ===
Bug ID: 134246
Toolchain: nightly-2024-12-14
Source: /data/zhangtianrong/projects/rustc-cbl/rustcbugs/134246
Run dir: /data/zhangtianrong/projects/rustc-cbl/run/134246
CMD: rustup run nightly-2024-12-14 cargo build RUSTFLAGS=-Zunpretty=stable-mir
------------------------------------------------------------
   Compiling bug_134246 v0.1.0 (/data/zhangtianrong/projects/rustc-cbl/run/134246)
warning: unused variable: `closure`
 --> src/main.rs:6:9
  |
6 |     let closure = async || {
  |         ^^^^^^^ help: if this is intentional, prefix it with an underscore: `_closure`
  |
  = note: `#[warn(unused_variables)]` on by default

thread 'rustc' panicked at compiler/rustc_smir/src/rustc_smir/convert/mir.rs:569:17:
not yet implemented: FIXME(async_closures): Lower these to SMIR
stack backtrace:
   0:     0x7a8d14b763ba - <std::sys::backtrace::BacktraceLock::print::DisplayBacktrace as core::fmt::Display>::fmt::ha4c94bdf01a40df5
   1:     0x7a8d15213d26 - core::fmt::write::h3ab1da2395aa44e2
   2:     0x7a8d161a2391 - std::io::Write::write_fmt::h38064f29d8650417
   3:     0x7a8d14b76212 - std::sys::backtrace::BacktraceLock::print::hacf0705bcfb2bea3
   4:     0x7a8d14b7870a - std::panicking::default_hook::{{closure}}::h9d10b75d8f6c9033
   5:     0x7a8d14b78553 - std::panicking::default_hook::h76f4bae1acc0b85b
   6:     0x7a8d13cda0a8 - std[50456ddc3ef541ce]::panicking::update_hook::<alloc[a67ecf5b30b87ea2]::boxed::Box<rustc_driver_impl[b530384cfeb0c174]::install_ice_hook::{closure#0}>>::{closure#0}
   7:     0x7a8d14b78ec8 - std::panicking::rust_panic_with_hook::hc4460a3ccf6f24ef
   8:     0x7a8d14b78b86 - std::panicking::begin_panic_handler::{{closure}}::h6a6b318c3b8d0bfe
   9:     0x7a8d14b76869 - std::sys::backtrace::__rust_end_short_backtrace::h67355f18382a8aa6
  10:     0x7a8d14b7887d - rust_begin_unwind
  11:     0x7a8d117c84f0 - core::panicking::panic_fmt::hb7164d887074a64e
  12:     0x7a8d1483b496 - <rustc_middle[e3253047e43cc298]::mir::syntax::AggregateKind as rustc_smir[162e14b48bfbeae8]::rustc_smir::Stable>::stable
  13:     0x7a8d1483a327 - <rustc_middle[e3253047e43cc298]::mir::syntax::Rvalue as rustc_smir[162e14b48bfbeae8]::rustc_smir::Stable>::stable
  14:     0x7a8d1483a10e - <rustc_middle[e3253047e43cc298]::mir::syntax::StatementKind as rustc_smir[162e14b48bfbeae8]::rustc_smir::Stable>::stable
  15:     0x7a8d14839648 - <rustc_middle[e3253047e43cc298]::mir::Body as rustc_smir[162e14b48bfbeae8]::rustc_smir::Stable>::stable
  16:     0x7a8d1482e947 - <rustc_smir[162e14b48bfbeae8]::rustc_smir::context::TablesWrapper as stable_mir[f69b58946e7cafb1]::compiler_interface::Context>::mir_body
  17:     0x7a8d14b35edc - <stable_mir[f69b58946e7cafb1]::CrateItem>::body
  18:     0x7a8d13cf79c9 - rustc_driver_impl[b530384cfeb0c174]::pretty::print
  19:     0x7a8d1620b676 - rustc_interface[5b5bd991d9dbc61e]::interface::run_compiler::<(), rustc_driver_impl[b530384cfeb0c174]::run_compiler::{closure#0}>::{closure#1}
  20:     0x7a8d160f25d3 - std[50456ddc3ef541ce]::sys::backtrace::__rust_begin_short_backtrace::<rustc_interface[5b5bd991d9dbc61e]::util::run_in_thread_with_globals<rustc_interface[5b5bd991d9dbc61e]::util::run_in_thread_pool_with_globals<rustc_interface[5b5bd991d9dbc61e]::interface::run_compiler<(), rustc_driver_impl[b530384cfeb0c174]::run_compiler::{closure#0}>::{closure#1}, ()>::{closure#0}, ()>::{closure#0}::{closure#0}, ()>
  21:     0x7a8d160f3008 - <<std[50456ddc3ef541ce]::thread::Builder>::spawn_unchecked_<rustc_interface[5b5bd991d9dbc61e]::util::run_in_thread_with_globals<rustc_interface[5b5bd991d9dbc61e]::util::run_in_thread_pool_with_globals<rustc_interface[5b5bd991d9dbc61e]::interface::run_compiler<(), rustc_driver_impl[b530384cfeb0c174]::run_compiler::{closure#0}>::{closure#1}, ()>::{closure#0}, ()>::{closure#0}::{closure#0}, ()>::{closure#1} as core[9f2b849eaa722d5e]::ops::function::FnOnce<()>>::call_once::{shim:vtable#0}
  22:     0x7a8d160f45c1 - std::sys::pal::unix::thread::Thread::new::thread_start::h00c529f1413a1f70
  23:     0x7a8d10294ac3 - start_thread
                               at ./nptl/pthread_create.c:442:8
  24:     0x7a8d103268c0 - __GI___clone3
                               at ./misc/../sysdeps/unix/sysv/linux/x86_64/clone3.S:81
  25:                0x0 - <unknown>

error: the compiler unexpectedly panicked. this is a bug.

note: we would appreciate a bug report: https://github.com/rust-lang/rust/issues/new?labels=C-bug%2C+I-ICE%2C+T-compiler&template=ice.md

note: please make sure that you have updated to the latest nightly

note: please attach the file at `/data/zhangtianrong/projects/rustc-cbl/run/134246/rustc-ice-2026-01-18T11_30_24-3994.txt` to your bug report

note: compiler flags: --crate-type bin -C embed-bitcode=no -C debuginfo=2 -C incremental=[REDACTED] -Z unpretty=stable-mir

note: some of the compiler flags provided by cargo are hidden

query stack during panic:
end of query stack
warning: `bug_134246` (bin "bug_134246") generated 1 warning
error: could not compile `bug_134246` (bin "bug_134246"); 1 warning emitted

Caused by:
  process didn't exit successfully: `/data/zhangtianrong/.rustup/toolchains/nightly-2024-12-14-x86_64-unknown-linux-gnu/bin/rustc --crate-name bug_134246 --edition=2024 src/main.rs --error-format=json --json=diagnostic-rendered-ansi,artifacts,future-incompat --crate-type bin --emit=dep-info,link -C embed-bitcode=no -C debuginfo=2 --check-cfg 'cfg(docsrs)' --check-cfg 'cfg(feature, values())' -C metadata=ca24de223b5a9e0d -C extra-filename=-bb2a93af24e0ca7f --out-dir /data/zhangtianrong/projects/rustc-cbl/run/134246/target/debug/deps -C incremental=/data/zhangtianrong/projects/rustc-cbl/run/134246/target/debug/incremental -L dependency=/data/zhangtianrong/projects/rustc-cbl/run/134246/target/debug/deps -Zunpretty=stable-mir` (exit status: 101)
------------------------------------------------------------
Return code: 101
