=== START 2026-01-18 19:24:08 ===
Bug ID: 92893
Toolchain: nightly-2022-01-13
Source: /data/zhangtianrong/projects/rustc-cbl/rustcbugs/92893
Run dir: /data/zhangtianrong/projects/rustc-cbl/run/92893
CMD: rustup run nightly-2022-01-13 cargo build
------------------------------------------------------------
   Compiling bug_92893 v0.1.0 (/data/zhangtianrong/projects/rustc-cbl/run/92893)
error: `let` expressions are not supported here
 --> src/main.rs:1:22
  |
1 | struct Bug<A = [(); (let a = (), 1).1]> {
  |                      ^^^^^^^^^^
  |
  = note: only supported directly in conditions of `if`- and `while`-expressions
  = note: as well as when nested within `&&` and parentheses in those conditions

error[E0658]: `let` expressions in this position are experimental
 --> src/main.rs:1:22
  |
1 | struct Bug<A = [(); (let a = (), 1).1]> {
  |                      ^^^^^^^^^^
  |
  = note: see issue #53667 <https://github.com/rust-lang/rust/issues/53667> for more information
  = help: add `#![feature(let_chains)]` to the crate attributes to enable
  = help: you can write `matches!(<expr>, <pattern>)` instead of `let <pattern> = <expr>`

error: internal compiler error: compiler/rustc_middle/src/middle/region.rs:371:32: no enclosing scope for id 7

thread 'rustc' panicked at 'Box<dyn Any>', compiler/rustc_errors/src/lib.rs:1169:9
stack backtrace:
   0:     0x77b077496e2c - std::backtrace_rs::backtrace::libunwind::trace::h82b53f8a5c2fc0de
                               at /rustc/1bd4fdc943513e1004f498bbf289279c9784fc6f/library/std/src/../../backtrace/src/backtrace/libunwind.rs:93:5
   1:     0x77b077496e2c - std::backtrace_rs::backtrace::trace_unsynchronized::h9b4dda22d64c3123
                               at /rustc/1bd4fdc943513e1004f498bbf289279c9784fc6f/library/std/src/../../backtrace/src/backtrace/mod.rs:66:5
   2:     0x77b077496e2c - std::sys_common::backtrace::_print_fmt::h5b7f8637eda42192
                               at /rustc/1bd4fdc943513e1004f498bbf289279c9784fc6f/library/std/src/sys_common/backtrace.rs:67:5
   3:     0x77b077496e2c - <std::sys_common::backtrace::_print::DisplayBacktrace as core::fmt::Display>::fmt::hd27bb17bc29593ca
                               at /rustc/1bd4fdc943513e1004f498bbf289279c9784fc6f/library/std/src/sys_common/backtrace.rs:46:22
   4:     0x77b0774f7b1c - core::fmt::write::ha233482867a3bd43
                               at /rustc/1bd4fdc943513e1004f498bbf289279c9784fc6f/library/core/src/fmt/mod.rs:1168:17
   5:     0x77b077486273 - std::io::Write::write_fmt::h6d196486fca79745
                               at /rustc/1bd4fdc943513e1004f498bbf289279c9784fc6f/library/std/src/io/mod.rs:1653:15
   6:     0x77b07749b2f2 - std::sys_common::backtrace::_print::hc7a3c9e1d23281a4
                               at /rustc/1bd4fdc943513e1004f498bbf289279c9784fc6f/library/std/src/sys_common/backtrace.rs:49:5
   7:     0x77b07749b2f2 - std::sys_common::backtrace::print::hda3c79dd13ff613d
                               at /rustc/1bd4fdc943513e1004f498bbf289279c9784fc6f/library/std/src/sys_common/backtrace.rs:36:9
   8:     0x77b07749b2f2 - std::panicking::default_hook::{{closure}}::h810d0aa7f4e56f7e
                               at /rustc/1bd4fdc943513e1004f498bbf289279c9784fc6f/library/std/src/panicking.rs:211:50
   9:     0x77b07749aed5 - std::panicking::default_hook::h12178b8169ba504a
                               at /rustc/1bd4fdc943513e1004f498bbf289279c9784fc6f/library/std/src/panicking.rs:228:9
  10:     0x77b077d1e901 - rustc_driver[a5eefa0048be5522]::DEFAULT_HOOK::{closure#0}::{closure#0}
  11:     0x77b07749baa5 - std::panicking::rust_panic_with_hook::he6d12769ad1ada7b
                               at /rustc/1bd4fdc943513e1004f498bbf289279c9784fc6f/library/std/src/panicking.rs:610:17
  12:     0x77b078e6a45b - std[d26dcbad8d3d0b5f]::panicking::begin_panic::<rustc_errors[34065e14df3105c3]::ExplicitBug>::{closure#0}
  13:     0x77b078e6a416 - std[d26dcbad8d3d0b5f]::sys_common::backtrace::__rust_end_short_backtrace::<std[d26dcbad8d3d0b5f]::panicking::begin_panic<rustc_errors[34065e14df3105c3]::ExplicitBug>::{closure#0}, !>
  14:     0x77b078e6f6ef - std[d26dcbad8d3d0b5f]::panicking::begin_panic::<rustc_errors[34065e14df3105c3]::ExplicitBug>
  15:     0x77b078e7a10d - std[d26dcbad8d3d0b5f]::panic::panic_any::<rustc_errors[34065e14df3105c3]::ExplicitBug>
  16:     0x77b078e7939d - <rustc_errors[34065e14df3105c3]::HandlerInner>::bug
  17:     0x77b078e78e80 - <rustc_errors[34065e14df3105c3]::Handler>::bug
  18:     0x77b078d06769 - rustc_middle[d91b0da51bcb583e]::ty::context::tls::with_opt::<rustc_middle[d91b0da51bcb583e]::util::bug::opt_span_bug_fmt<rustc_span[6b4261913cde08cf]::span_encoding::Span>::{closure#0}, ()>
  19:     0x77b078d072f0 - rustc_middle[d91b0da51bcb583e]::util::bug::opt_span_bug_fmt::<rustc_span[6b4261913cde08cf]::span_encoding::Span>
  20:     0x77b078d07266 - rustc_middle[d91b0da51bcb583e]::util::bug::bug_fmt
  21:     0x77b079adf064 - <rustc_middle[d91b0da51bcb583e]::middle::region::ScopeTree>::var_scope
  22:     0x77b0793818e8 - <rustc_mir_build[5fdce104fe3ee530]::build::Builder>::storage_live_binding
  23:     0x77b079387154 - <rustc_mir_build[5fdce104fe3ee530]::build::Builder>::bind_and_guard_matched_candidate
  24:     0x77b079f7afe5 - <rustc_mir_build[5fdce104fe3ee530]::build::Builder>::lower_let_expr
  25:     0x77b0782061d4 - <rustc_mir_build[5fdce104fe3ee530]::build::Builder>::in_if_then_scope::<<rustc_mir_build[5fdce104fe3ee530]::build::Builder>::expr_into_dest::{closure#1}>
  26:     0x77b07937bb06 - <rustc_mir_build[5fdce104fe3ee530]::build::Builder>::expr_into_dest
  27:     0x77b079376c31 - <rustc_mir_build[5fdce104fe3ee530]::build::Builder>::as_temp_inner
  28:     0x77b079370cc3 - <rustc_mir_build[5fdce104fe3ee530]::build::Builder>::as_operand
  29:     0x77b079370f06 - <rustc_mir_build[5fdce104fe3ee530]::build::Builder>::as_operand
  30:     0x77b079374a65 - <rustc_mir_build[5fdce104fe3ee530]::build::Builder>::as_rvalue
  31:     0x77b079378381 - <rustc_mir_build[5fdce104fe3ee530]::build::Builder>::expr_into_dest
  32:     0x77b079376c31 - <rustc_mir_build[5fdce104fe3ee530]::build::Builder>::as_temp_inner
  33:     0x77b079372eef - <rustc_mir_build[5fdce104fe3ee530]::build::Builder>::expr_as_place
  34:     0x77b079372b36 - <rustc_mir_build[5fdce104fe3ee530]::build::Builder>::expr_as_place
  35:     0x77b07937316e - <rustc_mir_build[5fdce104fe3ee530]::build::Builder>::expr_as_place
  36:     0x77b07937a267 - <rustc_mir_build[5fdce104fe3ee530]::build::Builder>::expr_into_dest
  37:     0x77b079377e0e - <rustc_mir_build[5fdce104fe3ee530]::build::Builder>::expr_into_dest
  38:     0x77b079377e0e - <rustc_mir_build[5fdce104fe3ee530]::build::Builder>::expr_into_dest
  39:     0x77b079f75771 - rustc_mir_build[5fdce104fe3ee530]::build::construct_const
  40:     0x77b0793c7464 - <rustc_infer[ed7c518205b54a50]::infer::InferCtxtBuilder>::enter::<rustc_middle[d91b0da51bcb583e]::mir::Body, rustc_mir_build[5fdce104fe3ee530]::build::mir_build::{closure#1}>
  41:     0x77b07936632d - rustc_mir_build[5fdce104fe3ee530]::build::mir_built
  42:     0x77b07a17e2fa - <rustc_query_system[49a1b951757fd105]::dep_graph::graph::DepGraph<rustc_middle[d91b0da51bcb583e]::dep_graph::dep_node::DepKind>>::with_task::<rustc_middle[d91b0da51bcb583e]::ty::context::TyCtxt, rustc_middle[d91b0da51bcb583e]::ty::WithOptConstParam<rustc_span[6b4261913cde08cf]::def_id::LocalDefId>, &rustc_data_structures[17a36694621144cd]::steal::Steal<rustc_middle[d91b0da51bcb583e]::mir::Body>>
  43:     0x77b07a110247 - rustc_data_structures[17a36694621144cd]::stack::ensure_sufficient_stack::<(&rustc_data_structures[17a36694621144cd]::steal::Steal<rustc_middle[d91b0da51bcb583e]::mir::Body>, rustc_query_system[49a1b951757fd105]::dep_graph::graph::DepNodeIndex), rustc_query_system[49a1b951757fd105]::query::plumbing::execute_job<rustc_query_impl[72ca13726f8ddee0]::plumbing::QueryCtxt, rustc_middle[d91b0da51bcb583e]::ty::WithOptConstParam<rustc_span[6b4261913cde08cf]::def_id::LocalDefId>, &rustc_data_structures[17a36694621144cd]::steal::Steal<rustc_middle[d91b0da51bcb583e]::mir::Body>>::{closure#3}>
  44:     0x77b07960f229 - rustc_query_system[49a1b951757fd105]::query::plumbing::try_execute_query::<rustc_query_impl[72ca13726f8ddee0]::plumbing::QueryCtxt, rustc_query_system[49a1b951757fd105]::query::caches::DefaultCache<rustc_middle[d91b0da51bcb583e]::ty::WithOptConstParam<rustc_span[6b4261913cde08cf]::def_id::LocalDefId>, &rustc_data_structures[17a36694621144cd]::steal::Steal<rustc_middle[d91b0da51bcb583e]::mir::Body>>>
  45:     0x77b07968b1a4 - <rustc_query_impl[72ca13726f8ddee0]::Queries as rustc_middle[d91b0da51bcb583e]::ty::query::QueryEngine>::mir_built
  46:     0x77b0790c0fc2 - rustc_mir_transform[587c11df0060c06d]::check_unsafety::unsafety_check_result
  47:     0x77b0790beb23 - <rustc_mir_transform[587c11df0060c06d]::check_unsafety::provide::{closure#0} as core[66ed949ad5732bc3]::ops::function::FnOnce<(rustc_middle[d91b0da51bcb583e]::ty::context::TyCtxt, rustc_span[6b4261913cde08cf]::def_id::LocalDefId)>>::call_once
  48:     0x77b07a18b0f1 - <rustc_query_system[49a1b951757fd105]::dep_graph::graph::DepGraph<rustc_middle[d91b0da51bcb583e]::dep_graph::dep_node::DepKind>>::with_task::<rustc_middle[d91b0da51bcb583e]::ty::context::TyCtxt, rustc_span[6b4261913cde08cf]::def_id::LocalDefId, &rustc_middle[d91b0da51bcb583e]::mir::query::UnsafetyCheckResult>
  49:     0x77b07a1116dd - rustc_data_structures[17a36694621144cd]::stack::ensure_sufficient_stack::<(&rustc_middle[d91b0da51bcb583e]::mir::query::UnsafetyCheckResult, rustc_query_system[49a1b951757fd105]::dep_graph::graph::DepNodeIndex), rustc_query_system[49a1b951757fd105]::query::plumbing::execute_job<rustc_query_impl[72ca13726f8ddee0]::plumbing::QueryCtxt, rustc_span[6b4261913cde08cf]::def_id::LocalDefId, &rustc_middle[d91b0da51bcb583e]::mir::query::UnsafetyCheckResult>::{closure#3}>
  50:     0x77b0796202e9 - rustc_query_system[49a1b951757fd105]::query::plumbing::try_execute_query::<rustc_query_impl[72ca13726f8ddee0]::plumbing::QueryCtxt, rustc_query_system[49a1b951757fd105]::query::caches::DefaultCache<rustc_span[6b4261913cde08cf]::def_id::LocalDefId, &rustc_middle[d91b0da51bcb583e]::mir::query::UnsafetyCheckResult>>
  51:     0x77b079690f01 - <rustc_query_impl[72ca13726f8ddee0]::Queries as rustc_middle[d91b0da51bcb583e]::ty::query::QueryEngine>::unsafety_check_result
  52:     0x77b0790b8da1 - rustc_mir_transform[587c11df0060c06d]::mir_const
  53:     0x77b07a17e2fa - <rustc_query_system[49a1b951757fd105]::dep_graph::graph::DepGraph<rustc_middle[d91b0da51bcb583e]::dep_graph::dep_node::DepKind>>::with_task::<rustc_middle[d91b0da51bcb583e]::ty::context::TyCtxt, rustc_middle[d91b0da51bcb583e]::ty::WithOptConstParam<rustc_span[6b4261913cde08cf]::def_id::LocalDefId>, &rustc_data_structures[17a36694621144cd]::steal::Steal<rustc_middle[d91b0da51bcb583e]::mir::Body>>
  54:     0x77b07a110247 - rustc_data_structures[17a36694621144cd]::stack::ensure_sufficient_stack::<(&rustc_data_structures[17a36694621144cd]::steal::Steal<rustc_middle[d91b0da51bcb583e]::mir::Body>, rustc_query_system[49a1b951757fd105]::dep_graph::graph::DepNodeIndex), rustc_query_system[49a1b951757fd105]::query::plumbing::execute_job<rustc_query_impl[72ca13726f8ddee0]::plumbing::QueryCtxt, rustc_middle[d91b0da51bcb583e]::ty::WithOptConstParam<rustc_span[6b4261913cde08cf]::def_id::LocalDefId>, &rustc_data_structures[17a36694621144cd]::steal::Steal<rustc_middle[d91b0da51bcb583e]::mir::Body>>::{closure#3}>
  55:     0x77b07960f229 - rustc_query_system[49a1b951757fd105]::query::plumbing::try_execute_query::<rustc_query_impl[72ca13726f8ddee0]::plumbing::QueryCtxt, rustc_query_system[49a1b951757fd105]::query::caches::DefaultCache<rustc_middle[d91b0da51bcb583e]::ty::WithOptConstParam<rustc_span[6b4261913cde08cf]::def_id::LocalDefId>, &rustc_data_structures[17a36694621144cd]::steal::Steal<rustc_middle[d91b0da51bcb583e]::mir::Body>>>
  56:     0x77b07968b2eb - <rustc_query_impl[72ca13726f8ddee0]::Queries as rustc_middle[d91b0da51bcb583e]::ty::query::QueryEngine>::mir_const
  57:     0x77b0790b8930 - rustc_mir_transform[587c11df0060c06d]::mir_const_qualif
  58:     0x77b0790ae796 - <rustc_mir_transform[587c11df0060c06d]::provide::{closure#0} as core[66ed949ad5732bc3]::ops::function::FnOnce<(rustc_middle[d91b0da51bcb583e]::ty::context::TyCtxt, rustc_span[6b4261913cde08cf]::def_id::DefId)>>::call_once
  59:     0x77b07a196faa - <rustc_query_system[49a1b951757fd105]::dep_graph::graph::DepGraph<rustc_middle[d91b0da51bcb583e]::dep_graph::dep_node::DepKind>>::with_task::<rustc_middle[d91b0da51bcb583e]::ty::context::TyCtxt, rustc_span[6b4261913cde08cf]::def_id::DefId, rustc_middle[d91b0da51bcb583e]::mir::query::ConstQualifs>
  60:     0x77b07a10f4f6 - rustc_data_structures[17a36694621144cd]::stack::ensure_sufficient_stack::<(rustc_middle[d91b0da51bcb583e]::mir::query::ConstQualifs, rustc_query_system[49a1b951757fd105]::dep_graph::graph::DepNodeIndex), rustc_query_system[49a1b951757fd105]::query::plumbing::execute_job<rustc_query_impl[72ca13726f8ddee0]::plumbing::QueryCtxt, rustc_span[6b4261913cde08cf]::def_id::DefId, rustc_middle[d91b0da51bcb583e]::mir::query::ConstQualifs>::{closure#3}>
  61:     0x77b079629f93 - rustc_query_system[49a1b951757fd105]::query::plumbing::try_execute_query::<rustc_query_impl[72ca13726f8ddee0]::plumbing::QueryCtxt, rustc_query_system[49a1b951757fd105]::query::caches::DefaultCache<rustc_span[6b4261913cde08cf]::def_id::DefId, rustc_middle[d91b0da51bcb583e]::mir::query::ConstQualifs>>
  62:     0x77b07968b047 - <rustc_query_impl[72ca13726f8ddee0]::Queries as rustc_middle[d91b0da51bcb583e]::ty::query::QueryEngine>::mir_const_qualif
  63:     0x77b079590fab - rustc_const_eval[eecae493e8c6f7bf]::const_eval::eval_queries::eval_to_allocation_raw_provider
  64:     0x77b07a17b8b8 - <rustc_query_system[49a1b951757fd105]::dep_graph::graph::DepGraph<rustc_middle[d91b0da51bcb583e]::dep_graph::dep_node::DepKind>>::with_task::<rustc_middle[d91b0da51bcb583e]::ty::context::TyCtxt, rustc_middle[d91b0da51bcb583e]::ty::ParamEnvAnd<rustc_middle[d91b0da51bcb583e]::mir::interpret::GlobalId>, core[66ed949ad5732bc3]::result::Result<rustc_middle[d91b0da51bcb583e]::mir::interpret::value::ConstAlloc, rustc_middle[d91b0da51bcb583e]::mir::interpret::error::ErrorHandled>>
  65:     0x77b07a10ae72 - rustc_data_structures[17a36694621144cd]::stack::ensure_sufficient_stack::<(core[66ed949ad5732bc3]::result::Result<rustc_middle[d91b0da51bcb583e]::mir::interpret::value::ConstAlloc, rustc_middle[d91b0da51bcb583e]::mir::interpret::error::ErrorHandled>, rustc_query_system[49a1b951757fd105]::dep_graph::graph::DepNodeIndex), rustc_query_system[49a1b951757fd105]::query::plumbing::execute_job<rustc_query_impl[72ca13726f8ddee0]::plumbing::QueryCtxt, rustc_middle[d91b0da51bcb583e]::ty::ParamEnvAnd<rustc_middle[d91b0da51bcb583e]::mir::interpret::GlobalId>, core[66ed949ad5732bc3]::result::Result<rustc_middle[d91b0da51bcb583e]::mir::interpret::value::ConstAlloc, rustc_middle[d91b0da51bcb583e]::mir::interpret::error::ErrorHandled>>::{closure#3}>
  66:     0x77b07a0dc2e6 - rustc_query_system[49a1b951757fd105]::query::plumbing::get_query::<rustc_query_impl[72ca13726f8ddee0]::queries::eval_to_allocation_raw, rustc_query_impl[72ca13726f8ddee0]::plumbing::QueryCtxt>
  67:     0x77b07a127786 - <rustc_query_impl[72ca13726f8ddee0]::Queries as rustc_middle[d91b0da51bcb583e]::ty::query::QueryEngine>::eval_to_allocation_raw
  68:     0x77b07958ece2 - rustc_const_eval[eecae493e8c6f7bf]::const_eval::eval_queries::eval_to_const_value_raw_provider
  69:     0x77b07a17bec5 - <rustc_query_system[49a1b951757fd105]::dep_graph::graph::DepGraph<rustc_middle[d91b0da51bcb583e]::dep_graph::dep_node::DepKind>>::with_task::<rustc_middle[d91b0da51bcb583e]::ty::context::TyCtxt, rustc_middle[d91b0da51bcb583e]::ty::ParamEnvAnd<rustc_middle[d91b0da51bcb583e]::mir::interpret::GlobalId>, core[66ed949ad5732bc3]::result::Result<rustc_middle[d91b0da51bcb583e]::mir::interpret::value::ConstValue, rustc_middle[d91b0da51bcb583e]::mir::interpret::error::ErrorHandled>>
  70:     0x77b07a10aff2 - rustc_data_structures[17a36694621144cd]::stack::ensure_sufficient_stack::<(core[66ed949ad5732bc3]::result::Result<rustc_middle[d91b0da51bcb583e]::mir::interpret::value::ConstValue, rustc_middle[d91b0da51bcb583e]::mir::interpret::error::ErrorHandled>, rustc_query_system[49a1b951757fd105]::dep_graph::graph::DepNodeIndex), rustc_query_system[49a1b951757fd105]::query::plumbing::execute_job<rustc_query_impl[72ca13726f8ddee0]::plumbing::QueryCtxt, rustc_middle[d91b0da51bcb583e]::ty::ParamEnvAnd<rustc_middle[d91b0da51bcb583e]::mir::interpret::GlobalId>, core[66ed949ad5732bc3]::result::Result<rustc_middle[d91b0da51bcb583e]::mir::interpret::value::ConstValue, rustc_middle[d91b0da51bcb583e]::mir::interpret::error::ErrorHandled>>::{closure#3}>
  71:     0x77b07960980b - rustc_query_system[49a1b951757fd105]::query::plumbing::try_execute_query::<rustc_query_impl[72ca13726f8ddee0]::plumbing::QueryCtxt, rustc_query_system[49a1b951757fd105]::query::caches::DefaultCache<rustc_middle[d91b0da51bcb583e]::ty::ParamEnvAnd<rustc_middle[d91b0da51bcb583e]::mir::interpret::GlobalId>, core[66ed949ad5732bc3]::result::Result<rustc_middle[d91b0da51bcb583e]::mir::interpret::value::ConstValue, rustc_middle[d91b0da51bcb583e]::mir::interpret::error::ErrorHandled>>>
  72:     0x77b07969171b - <rustc_query_impl[72ca13726f8ddee0]::Queries as rustc_middle[d91b0da51bcb583e]::ty::query::QueryEngine>::eval_to_const_value_raw
  73:     0x77b07958ee3c - rustc_const_eval[eecae493e8c6f7bf]::const_eval::eval_queries::eval_to_const_value_raw_provider
  74:     0x77b07a17bec5 - <rustc_query_system[49a1b951757fd105]::dep_graph::graph::DepGraph<rustc_middle[d91b0da51bcb583e]::dep_graph::dep_node::DepKind>>::with_task::<rustc_middle[d91b0da51bcb583e]::ty::context::TyCtxt, rustc_middle[d91b0da51bcb583e]::ty::ParamEnvAnd<rustc_middle[d91b0da51bcb583e]::mir::interpret::GlobalId>, core[66ed949ad5732bc3]::result::Result<rustc_middle[d91b0da51bcb583e]::mir::interpret::value::ConstValue, rustc_middle[d91b0da51bcb583e]::mir::interpret::error::ErrorHandled>>
  75:     0x77b07a10aff2 - rustc_data_structures[17a36694621144cd]::stack::ensure_sufficient_stack::<(core[66ed949ad5732bc3]::result::Result<rustc_middle[d91b0da51bcb583e]::mir::interpret::value::ConstValue, rustc_middle[d91b0da51bcb583e]::mir::interpret::error::ErrorHandled>, rustc_query_system[49a1b951757fd105]::dep_graph::graph::DepNodeIndex), rustc_query_system[49a1b951757fd105]::query::plumbing::execute_job<rustc_query_impl[72ca13726f8ddee0]::plumbing::QueryCtxt, rustc_middle[d91b0da51bcb583e]::ty::ParamEnvAnd<rustc_middle[d91b0da51bcb583e]::mir::interpret::GlobalId>, core[66ed949ad5732bc3]::result::Result<rustc_middle[d91b0da51bcb583e]::mir::interpret::value::ConstValue, rustc_middle[d91b0da51bcb583e]::mir::interpret::error::ErrorHandled>>::{closure#3}>
  76:     0x77b07960980b - rustc_query_system[49a1b951757fd105]::query::plumbing::try_execute_query::<rustc_query_impl[72ca13726f8ddee0]::plumbing::QueryCtxt, rustc_query_system[49a1b951757fd105]::query::caches::DefaultCache<rustc_middle[d91b0da51bcb583e]::ty::ParamEnvAnd<rustc_middle[d91b0da51bcb583e]::mir::interpret::GlobalId>, core[66ed949ad5732bc3]::result::Result<rustc_middle[d91b0da51bcb583e]::mir::interpret::value::ConstValue, rustc_middle[d91b0da51bcb583e]::mir::interpret::error::ErrorHandled>>>
  77:     0x77b07969171b - <rustc_query_impl[72ca13726f8ddee0]::Queries as rustc_middle[d91b0da51bcb583e]::ty::query::QueryEngine>::eval_to_const_value_raw
  78:     0x77b079a7d189 - <rustc_middle[d91b0da51bcb583e]::ty::context::TyCtxt>::const_eval_global_id
  79:     0x77b07a44c3af - <rustc_middle[d91b0da51bcb583e]::ty::context::TyCtxt>::const_eval_resolve
  80:     0x77b07a3af9d6 - <rustc_trait_selection[c88147cd10ea4141]::traits::project::AssocTypeNormalizer as rustc_middle[d91b0da51bcb583e]::ty::fold::TypeFolder>::fold_const
  81:     0x77b0799a0fb4 - <&rustc_middle[d91b0da51bcb583e]::ty::TyS as rustc_middle[d91b0da51bcb583e]::ty::fold::TypeFoldable>::super_fold_with::<rustc_trait_selection[c88147cd10ea4141]::traits::project::AssocTypeNormalizer>
  82:     0x77b0799147e7 - <rustc_trait_selection[c88147cd10ea4141]::traits::project::AssocTypeNormalizer as rustc_middle[d91b0da51bcb583e]::ty::fold::TypeFolder>::fold_ty
  83:     0x77b079180132 - <&rustc_middle[d91b0da51bcb583e]::ty::list::List<rustc_middle[d91b0da51bcb583e]::ty::subst::GenericArg> as rustc_middle[d91b0da51bcb583e]::ty::fold::TypeFoldable>::try_fold_with::<rustc_trait_selection[c88147cd10ea4141]::traits::project::AssocTypeNormalizer>
  84:     0x77b0792151e9 - <rustc_middle[d91b0da51bcb583e]::ty::Predicate as rustc_middle[d91b0da51bcb583e]::ty::fold::TypeFoldable>::super_fold_with::<rustc_trait_selection[c88147cd10ea4141]::traits::project::AssocTypeNormalizer>
  85:     0x77b079e9f0ea - <rustc_trait_selection[c88147cd10ea4141]::traits::project::AssocTypeNormalizer>::fold::<rustc_middle[d91b0da51bcb583e]::ty::Predicate>
  86:     0x77b079e9e9d7 - rustc_trait_selection[c88147cd10ea4141]::traits::project::normalize::<rustc_middle[d91b0da51bcb583e]::ty::Predicate>
  87:     0x77b079e7001e - <rustc_infer[ed7c518205b54a50]::infer::InferCtxt as rustc_trait_selection[c88147cd10ea4141]::infer::InferCtxtExt>::partially_normalize_associated_types_in::<rustc_middle[d91b0da51bcb583e]::ty::Predicate>
  88:     0x77b079e1cd10 - <rustc_typeck[4375877b5898e1f5]::check::fn_ctxt::FnCtxt>::normalize_associated_types_in::<rustc_middle[d91b0da51bcb583e]::ty::Predicate>
  89:     0x77b0791febc7 - rustc_typeck[4375877b5898e1f5]::check::wfcheck::check_where_clauses
  90:     0x77b079e78a9b - <rustc_infer[ed7c518205b54a50]::infer::InferCtxtBuilder>::enter::<(), <rustc_typeck[4375877b5898e1f5]::check::inherited::InheritedBuilder>::enter<<rustc_typeck[4375877b5898e1f5]::check::wfcheck::CheckWfFcxBuilder>::with_fcx<rustc_typeck[4375877b5898e1f5]::check::wfcheck::check_type_defn<rustc_typeck[4375877b5898e1f5]::check::wfcheck::check_item_well_formed::{closure#2}>::{closure#0}>::{closure#0}, ()>::{closure#0}>
  91:     0x77b0791fcbfa - rustc_typeck[4375877b5898e1f5]::check::wfcheck::check_item_well_formed
  92:     0x77b07a18bba0 - <rustc_query_system[49a1b951757fd105]::dep_graph::graph::DepGraph<rustc_middle[d91b0da51bcb583e]::dep_graph::dep_node::DepKind>>::with_task::<rustc_middle[d91b0da51bcb583e]::ty::context::TyCtxt, rustc_span[6b4261913cde08cf]::def_id::LocalDefId, ()>
  93:     0x77b07a11398d - rustc_data_structures[17a36694621144cd]::stack::ensure_sufficient_stack::<((), rustc_query_system[49a1b951757fd105]::dep_graph::graph::DepNodeIndex), rustc_query_system[49a1b951757fd105]::query::plumbing::execute_job<rustc_query_impl[72ca13726f8ddee0]::plumbing::QueryCtxt, rustc_span[6b4261913cde08cf]::def_id::LocalDefId, ()>::{closure#3}>
  94:     0x77b079621145 - rustc_query_system[49a1b951757fd105]::query::plumbing::try_execute_query::<rustc_query_impl[72ca13726f8ddee0]::plumbing::QueryCtxt, rustc_query_system[49a1b951757fd105]::query::caches::DefaultCache<rustc_span[6b4261913cde08cf]::def_id::LocalDefId, ()>>
  95:     0x77b079697565 - <rustc_query_impl[72ca13726f8ddee0]::Queries as rustc_middle[d91b0da51bcb583e]::ty::query::QueryEngine>::check_item_well_formed
  96:     0x77b0791b1d46 - rustc_data_structures[17a36694621144cd]::sync::par_for_each_in::<&alloc[d0b6c0ca29494ee8]::vec::Vec<core[66ed949ad5732bc3]::option::Option<rustc_hir[691f6978c406d85f]::hir::OwnerInfo>>, <rustc_middle[d91b0da51bcb583e]::hir::map::Map>::par_visit_all_item_likes<rustc_typeck[4375877b5898e1f5]::check::wfcheck::CheckTypeWellFormedVisitor>::{closure#0}>
  97:     0x77b079e65067 - <rustc_session[81bd43a232ddd755]::session::Session>::track_errors::<rustc_typeck[4375877b5898e1f5]::check_crate::{closure#5}, ()>
  98:     0x77b079e4f27b - rustc_typeck[4375877b5898e1f5]::check_crate
  99:     0x77b079be3c77 - rustc_interface[727d2d7f9bdf80f8]::passes::analysis
 100:     0x77b07a1a7b06 - <rustc_query_system[49a1b951757fd105]::dep_graph::graph::DepGraph<rustc_middle[d91b0da51bcb583e]::dep_graph::dep_node::DepKind>>::with_task::<rustc_middle[d91b0da51bcb583e]::ty::context::TyCtxt, (), core[66ed949ad5732bc3]::result::Result<(), rustc_errors[34065e14df3105c3]::ErrorReported>>
 101:     0x77b07a10c293 - rustc_data_structures[17a36694621144cd]::stack::ensure_sufficient_stack::<(core[66ed949ad5732bc3]::result::Result<(), rustc_errors[34065e14df3105c3]::ErrorReported>, rustc_query_system[49a1b951757fd105]::dep_graph::graph::DepNodeIndex), rustc_query_system[49a1b951757fd105]::query::plumbing::execute_job<rustc_query_impl[72ca13726f8ddee0]::plumbing::QueryCtxt, (), core[66ed949ad5732bc3]::result::Result<(), rustc_errors[34065e14df3105c3]::ErrorReported>>::{closure#3}>
 102:     0x77b07a08c266 - rustc_query_system[49a1b951757fd105]::query::plumbing::try_execute_query::<rustc_query_impl[72ca13726f8ddee0]::plumbing::QueryCtxt, rustc_query_system[49a1b951757fd105]::query::caches::DefaultCache<(), core[66ed949ad5732bc3]::result::Result<(), rustc_errors[34065e14df3105c3]::ErrorReported>>>
 103:     0x77b07a0e6f05 - rustc_query_system[49a1b951757fd105]::query::plumbing::get_query::<rustc_query_impl[72ca13726f8ddee0]::queries::analysis, rustc_query_impl[72ca13726f8ddee0]::plumbing::QueryCtxt>
 104:     0x77b079bc4a52 - <rustc_interface[727d2d7f9bdf80f8]::interface::Compiler>::enter::<rustc_driver[a5eefa0048be5522]::run_compiler::{closure#1}::{closure#2}, core[66ed949ad5732bc3]::result::Result<core[66ed949ad5732bc3]::option::Option<rustc_interface[727d2d7f9bdf80f8]::queries::Linker>, rustc_errors[34065e14df3105c3]::ErrorReported>>
 105:     0x77b079ba66ac - rustc_span[6b4261913cde08cf]::with_source_map::<core[66ed949ad5732bc3]::result::Result<(), rustc_errors[34065e14df3105c3]::ErrorReported>, rustc_interface[727d2d7f9bdf80f8]::interface::create_compiler_and_run<core[66ed949ad5732bc3]::result::Result<(), rustc_errors[34065e14df3105c3]::ErrorReported>, rustc_driver[a5eefa0048be5522]::run_compiler::{closure#1}>::{closure#1}>
 106:     0x77b079bc3e3e - rustc_interface[727d2d7f9bdf80f8]::interface::create_compiler_and_run::<core[66ed949ad5732bc3]::result::Result<(), rustc_errors[34065e14df3105c3]::ErrorReported>, rustc_driver[a5eefa0048be5522]::run_compiler::{closure#1}>
 107:     0x77b079ba7c0b - <scoped_tls[ef0bf7a602bc91ea]::ScopedKey<rustc_span[6b4261913cde08cf]::SessionGlobals>>::set::<rustc_interface[727d2d7f9bdf80f8]::util::setup_callbacks_and_run_in_thread_pool_with_globals<rustc_interface[727d2d7f9bdf80f8]::interface::run_compiler<core[66ed949ad5732bc3]::result::Result<(), rustc_errors[34065e14df3105c3]::ErrorReported>, rustc_driver[a5eefa0048be5522]::run_compiler::{closure#1}>::{closure#0}, core[66ed949ad5732bc3]::result::Result<(), rustc_errors[34065e14df3105c3]::ErrorReported>>::{closure#0}::{closure#0}, core[66ed949ad5732bc3]::result::Result<(), rustc_errors[34065e14df3105c3]::ErrorReported>>
 108:     0x77b079ba7a05 - std[d26dcbad8d3d0b5f]::sys_common::backtrace::__rust_begin_short_backtrace::<rustc_interface[727d2d7f9bdf80f8]::util::setup_callbacks_and_run_in_thread_pool_with_globals<rustc_interface[727d2d7f9bdf80f8]::interface::run_compiler<core[66ed949ad5732bc3]::result::Result<(), rustc_errors[34065e14df3105c3]::ErrorReported>, rustc_driver[a5eefa0048be5522]::run_compiler::{closure#1}>::{closure#0}, core[66ed949ad5732bc3]::result::Result<(), rustc_errors[34065e14df3105c3]::ErrorReported>>::{closure#0}, core[66ed949ad5732bc3]::result::Result<(), rustc_errors[34065e14df3105c3]::ErrorReported>>
 109:     0x77b079bd43f9 - <<std[d26dcbad8d3d0b5f]::thread::Builder>::spawn_unchecked<rustc_interface[727d2d7f9bdf80f8]::util::setup_callbacks_and_run_in_thread_pool_with_globals<rustc_interface[727d2d7f9bdf80f8]::interface::run_compiler<core[66ed949ad5732bc3]::result::Result<(), rustc_errors[34065e14df3105c3]::ErrorReported>, rustc_driver[a5eefa0048be5522]::run_compiler::{closure#1}>::{closure#0}, core[66ed949ad5732bc3]::result::Result<(), rustc_errors[34065e14df3105c3]::ErrorReported>>::{closure#0}, core[66ed949ad5732bc3]::result::Result<(), rustc_errors[34065e14df3105c3]::ErrorReported>>::{closure#1} as core[66ed949ad5732bc3]::ops::function::FnOnce<()>>::call_once::{shim:vtable#0}
 110:     0x77b0774a6ff3 - <alloc::boxed::Box<F,A> as core::ops::function::FnOnce<Args>>::call_once::h0514cfb9cba1f41e
                               at /rustc/1bd4fdc943513e1004f498bbf289279c9784fc6f/library/alloc/src/boxed.rs:1854:9
 111:     0x77b0774a6ff3 - <alloc::boxed::Box<F,A> as core::ops::function::FnOnce<Args>>::call_once::h47b1733fbab53fc8
                               at /rustc/1bd4fdc943513e1004f498bbf289279c9784fc6f/library/alloc/src/boxed.rs:1854:9
 112:     0x77b0774a6ff3 - std::sys::unix::thread::Thread::new::thread_start::h6762d08c6ccb0775
                               at /rustc/1bd4fdc943513e1004f498bbf289279c9784fc6f/library/std/src/sys/unix/thread.rs:108:17
 113:     0x77b077094ac3 - start_thread
                               at ./nptl/./nptl/pthread_create.c:442:8
 114:     0x77b0771268c0 - __GI___clone3
                               at ./misc/../sysdeps/unix/sysv/linux/x86_64/clone3.S:81
 115:                0x0 - <unknown>

note: the compiler unexpectedly panicked. this is a bug.

note: we would appreciate a bug report: https://github.com/rust-lang/rust/issues/new?labels=C-bug%2C+I-ICE%2C+T-compiler&template=ice.md

note: rustc 1.60.0-nightly (1bd4fdc94 2022-01-12) running on x86_64-unknown-linux-gnu

note: compiler flags: -C embed-bitcode=no -C debuginfo=2 -C incremental --crate-type bin

note: some of the compiler flags provided by cargo are hidden

query stack during panic:
#0 [mir_built] building MIR for `Bug::{constant#0}`
#1 [unsafety_check_result] unsafety-checking `Bug::{constant#0}`
#2 [mir_const] processing MIR for `Bug::{constant#0}`
#3 [mir_const_qualif] const checking `Bug::{constant#0}`
#4 [eval_to_allocation_raw] const-evaluating + checking `Bug::{constant#0}`
#5 [eval_to_const_value_raw] simplifying constant for the type system `Bug::{constant#0}`
#6 [eval_to_const_value_raw] simplifying constant for the type system `Bug::{constant#0}`
#7 [check_item_well_formed] checking that `Bug` is well-formed
#8 [analysis] running analysis passes on this crate
end of query stack
For more information about this error, try `rustc --explain E0658`.
error: could not compile `bug_92893` due to 2 previous errors
------------------------------------------------------------
Return code: 101
