=== START 2026-02-02 19:14:29 ===
Bug ID: 92984
Toolchain: nightly-2022-01-11
Source: /data/zhangtianrong/projects/rustc-cbl/rustcbugs/92984
Run dir: /data/zhangtianrong/projects/rustc-cbl/run/92984
CMD: rustup run nightly-2022-01-11 cargo build
------------------------------------------------------------
   Compiling bug_92984 v0.1.0 (/data/zhangtianrong/projects/rustc-cbl/run/92984)
error[E0506]: cannot assign to `gfx` because it is borrowed
  --> src/main.rs:17:13
   |
9  |     let mut console = Console(&gfx);
   |                               ---- borrow of `gfx` occurs here
...
17 |             gfx += 1;
   |             ^^^^^^^^ assignment to borrowed `gfx` occurs here
18 |             
19 |             console = Console(&gfx);
   |             ------- borrow might be used here, when `console` is dropped and runs the `Drop` code for type `Console`

For more information about this error, try `rustc --explain E0506`.
error: could not compile `bug_92984` due to previous error
------------------------------------------------------------
Return code: 101
