=== START 2026-01-17 20:10:42 ===
Bug ID: 93646
Toolchain: nightly-2022-02-03
Source: /data/zhangtianrong/projects/rustc-cbl/rustcbugs/93646
Run dir: /data/zhangtianrong/projects/rustc-cbl/run/93646
CMD: rustup run nightly-2022-02-03 cargo build
------------------------------------------------------------
   Compiling bug_93646 v0.1.0 (/data/zhangtianrong/projects/rustc-cbl/run/93646)
error[E0381]: borrow of possibly-uninitialized variable: `s`
 --> src/main.rs:2:18
  |
2 |     let s: &str; s.len()
  |                  ^^^^^^^ use of possibly-uninitialized `*s`

error: internal compiler error: compiler/rustc_const_eval/src/interpret/eval_context.rs:202:17: The type checker should prevent reading from a never-written local

thread 'rustc' panicked at 'Box<dyn Any>', compiler/rustc_errors/src/lib.rs:1160:9
stack backtrace:
   0:     0x702b98c97c5c - std::backtrace_rs::backtrace::libunwind::trace::h023a5aa019e98128
                               at /rustc/27f5d830eb11cd7bdc834d6f0d78120976f75443/library/std/src/../../backtrace/src/backtrace/libunwind.rs:93:5
   1:     0x702b98c97c5c - std::backtrace_rs::backtrace::trace_unsynchronized::h39724519c6cde8fd
                               at /rustc/27f5d830eb11cd7bdc834d6f0d78120976f75443/library/std/src/../../backtrace/src/backtrace/mod.rs:66:5
   2:     0x702b98c97c5c - std::sys_common::backtrace::_print_fmt::hacb89b7016de3418
                               at /rustc/27f5d830eb11cd7bdc834d6f0d78120976f75443/library/std/src/sys_common/backtrace.rs:67:5
   3:     0x702b98c97c5c - <std::sys_common::backtrace::_print::DisplayBacktrace as core::fmt::Display>::fmt::h7bea451e74a4c351
                               at /rustc/27f5d830eb11cd7bdc834d6f0d78120976f75443/library/std/src/sys_common/backtrace.rs:46:22
   4:     0x702b98cf90cc - core::fmt::write::h3b2659f2071e4f60
                               at /rustc/27f5d830eb11cd7bdc834d6f0d78120976f75443/library/core/src/fmt/mod.rs:1190:17
   5:     0x702b98c87313 - std::io::Write::write_fmt::hc043e92de664cb81
                               at /rustc/27f5d830eb11cd7bdc834d6f0d78120976f75443/library/std/src/io/mod.rs:1653:15
   6:     0x702b98c9c082 - std::sys_common::backtrace::_print::hd6501b8de8f06704
                               at /rustc/27f5d830eb11cd7bdc834d6f0d78120976f75443/library/std/src/sys_common/backtrace.rs:49:5
   7:     0x702b98c9c082 - std::sys_common::backtrace::print::hf5197c58029c9b38
                               at /rustc/27f5d830eb11cd7bdc834d6f0d78120976f75443/library/std/src/sys_common/backtrace.rs:36:9
   8:     0x702b98c9c082 - std::panicking::default_hook::{{closure}}::h445d71bf047f63e1
                               at /rustc/27f5d830eb11cd7bdc834d6f0d78120976f75443/library/std/src/panicking.rs:290:50
   9:     0x702b98c9bc65 - std::panicking::default_hook::h6dcdda7a7c6953e5
                               at /rustc/27f5d830eb11cd7bdc834d6f0d78120976f75443/library/std/src/panicking.rs:307:9
  10:     0x702b9950a501 - rustc_driver[5eb938c59ed78034]::DEFAULT_HOOK::{closure#0}::{closure#0}
  11:     0x702b98c9c89b - std::panicking::rust_panic_with_hook::h913dc4dc266962a7
                               at /rustc/27f5d830eb11cd7bdc834d6f0d78120976f75443/library/std/src/panicking.rs:695:17
  12:     0x702b9a5cd581 - std[3f599e137ff4457f]::panicking::begin_panic::<rustc_errors[f45739cad4faac08]::ExplicitBug>::{closure#0}
  13:     0x702b9a5cd4f6 - std[3f599e137ff4457f]::sys_common::backtrace::__rust_end_short_backtrace::<std[3f599e137ff4457f]::panicking::begin_panic<rustc_errors[f45739cad4faac08]::ExplicitBug>::{closure#0}, !>
  14:     0x702b9a5d198f - std[3f599e137ff4457f]::panicking::begin_panic::<rustc_errors[f45739cad4faac08]::ExplicitBug>
  15:     0x702b9a5de03d - std[3f599e137ff4457f]::panic::panic_any::<rustc_errors[f45739cad4faac08]::ExplicitBug>
  16:     0x702b9a5dd2dd - <rustc_errors[f45739cad4faac08]::HandlerInner>::bug
  17:     0x702b9a5dce30 - <rustc_errors[f45739cad4faac08]::Handler>::bug
  18:     0x702b9a4636c9 - rustc_middle[a7756bcfd4830bb7]::ty::context::tls::with_opt::<rustc_middle[a7756bcfd4830bb7]::util::bug::opt_span_bug_fmt<rustc_span[d94413d64bb730c8]::span_encoding::Span>::{closure#0}, ()>
  19:     0x702b9a464820 - rustc_middle[a7756bcfd4830bb7]::util::bug::opt_span_bug_fmt::<rustc_span[d94413d64bb730c8]::span_encoding::Span>
  20:     0x702b9a464796 - rustc_middle[a7756bcfd4830bb7]::util::bug::bug_fmt
  21:     0x702b9acfb969 - <rustc_const_eval[9470d76dfb13c47e]::interpret::eval_context::InterpCx<rustc_const_eval[9470d76dfb13c47e]::const_eval::machine::CompileTimeInterpreter>>::run
  22:     0x702b9ad398f2 - rustc_const_eval[9470d76dfb13c47e]::const_eval::eval_queries::eval_to_allocation_raw_provider
  23:     0x702b9b8db61d - <rustc_query_system[5ebad54f609ff0cd]::dep_graph::graph::DepGraph<rustc_middle[a7756bcfd4830bb7]::dep_graph::dep_node::DepKind>>::with_task::<rustc_middle[a7756bcfd4830bb7]::ty::context::TyCtxt, rustc_middle[a7756bcfd4830bb7]::ty::ParamEnvAnd<rustc_middle[a7756bcfd4830bb7]::mir::interpret::GlobalId>, core[35f3b332f01a5c55]::result::Result<rustc_middle[a7756bcfd4830bb7]::mir::interpret::value::ConstAlloc, rustc_middle[a7756bcfd4830bb7]::mir::interpret::error::ErrorHandled>>
  24:     0x702b9b886202 - rustc_data_structures[1f1c04959fcd5440]::stack::ensure_sufficient_stack::<(core[35f3b332f01a5c55]::result::Result<rustc_middle[a7756bcfd4830bb7]::mir::interpret::value::ConstAlloc, rustc_middle[a7756bcfd4830bb7]::mir::interpret::error::ErrorHandled>, rustc_query_system[5ebad54f609ff0cd]::dep_graph::graph::DepNodeIndex), rustc_query_system[5ebad54f609ff0cd]::query::plumbing::execute_job<rustc_query_impl[47a94cbfb9739b4]::plumbing::QueryCtxt, rustc_middle[a7756bcfd4830bb7]::ty::ParamEnvAnd<rustc_middle[a7756bcfd4830bb7]::mir::interpret::GlobalId>, core[35f3b332f01a5c55]::result::Result<rustc_middle[a7756bcfd4830bb7]::mir::interpret::value::ConstAlloc, rustc_middle[a7756bcfd4830bb7]::mir::interpret::error::ErrorHandled>>::{closure#3}>
  25:     0x702b9adbbb97 - rustc_query_system[5ebad54f609ff0cd]::query::plumbing::try_execute_query::<rustc_query_impl[47a94cbfb9739b4]::plumbing::QueryCtxt, rustc_query_system[5ebad54f609ff0cd]::query::caches::DefaultCache<rustc_middle[a7756bcfd4830bb7]::ty::ParamEnvAnd<rustc_middle[a7756bcfd4830bb7]::mir::interpret::GlobalId>, core[35f3b332f01a5c55]::result::Result<rustc_middle[a7756bcfd4830bb7]::mir::interpret::value::ConstAlloc, rustc_middle[a7756bcfd4830bb7]::mir::interpret::error::ErrorHandled>>>
  26:     0x702b9ae2ceaf - <rustc_query_impl[47a94cbfb9739b4]::Queries as rustc_middle[a7756bcfd4830bb7]::ty::query::QueryEngine>::eval_to_allocation_raw
  27:     0x702b9ad38540 - rustc_const_eval[9470d76dfb13c47e]::const_eval::eval_queries::eval_to_const_value_raw_provider
  28:     0x702b9b8dbc1d - <rustc_query_system[5ebad54f609ff0cd]::dep_graph::graph::DepGraph<rustc_middle[a7756bcfd4830bb7]::dep_graph::dep_node::DepKind>>::with_task::<rustc_middle[a7756bcfd4830bb7]::ty::context::TyCtxt, rustc_middle[a7756bcfd4830bb7]::ty::ParamEnvAnd<rustc_middle[a7756bcfd4830bb7]::mir::interpret::GlobalId>, core[35f3b332f01a5c55]::result::Result<rustc_middle[a7756bcfd4830bb7]::mir::interpret::value::ConstValue, rustc_middle[a7756bcfd4830bb7]::mir::interpret::error::ErrorHandled>>
  29:     0x702b9b886382 - rustc_data_structures[1f1c04959fcd5440]::stack::ensure_sufficient_stack::<(core[35f3b332f01a5c55]::result::Result<rustc_middle[a7756bcfd4830bb7]::mir::interpret::value::ConstValue, rustc_middle[a7756bcfd4830bb7]::mir::interpret::error::ErrorHandled>, rustc_query_system[5ebad54f609ff0cd]::dep_graph::graph::DepNodeIndex), rustc_query_system[5ebad54f609ff0cd]::query::plumbing::execute_job<rustc_query_impl[47a94cbfb9739b4]::plumbing::QueryCtxt, rustc_middle[a7756bcfd4830bb7]::ty::ParamEnvAnd<rustc_middle[a7756bcfd4830bb7]::mir::interpret::GlobalId>, core[35f3b332f01a5c55]::result::Result<rustc_middle[a7756bcfd4830bb7]::mir::interpret::value::ConstValue, rustc_middle[a7756bcfd4830bb7]::mir::interpret::error::ErrorHandled>>::{closure#3}>
  30:     0x702b9adbcacd - rustc_query_system[5ebad54f609ff0cd]::query::plumbing::try_execute_query::<rustc_query_impl[47a94cbfb9739b4]::plumbing::QueryCtxt, rustc_query_system[5ebad54f609ff0cd]::query::caches::DefaultCache<rustc_middle[a7756bcfd4830bb7]::ty::ParamEnvAnd<rustc_middle[a7756bcfd4830bb7]::mir::interpret::GlobalId>, core[35f3b332f01a5c55]::result::Result<rustc_middle[a7756bcfd4830bb7]::mir::interpret::value::ConstValue, rustc_middle[a7756bcfd4830bb7]::mir::interpret::error::ErrorHandled>>>
  31:     0x702b9ae2d06b - <rustc_query_impl[47a94cbfb9739b4]::Queries as rustc_middle[a7756bcfd4830bb7]::ty::query::QueryEngine>::eval_to_const_value_raw
  32:     0x702b9b2335a9 - <rustc_middle[a7756bcfd4830bb7]::ty::context::TyCtxt>::const_eval_global_id
  33:     0x702b9bbba8d9 - <rustc_middle[a7756bcfd4830bb7]::ty::context::TyCtxt>::const_eval_resolve
  34:     0x702b9bb5ea01 - <rustc_infer[de71a32b24e6ca05]::infer::InferCtxt>::const_eval_resolve
  35:     0x702b9bb32c49 - rustc_trait_selection[519e5ca965cc24af]::traits::const_evaluatable::is_const_evaluatable
  36:     0x702b9b119299 - <rustc_trait_selection[519e5ca965cc24af]::traits::fulfill::FulfillProcessor>::progress_changed_obligations
  37:     0x702b9b122444 - <rustc_data_structures[1f1c04959fcd5440]::obligation_forest::ObligationForest<rustc_trait_selection[519e5ca965cc24af]::traits::fulfill::PendingPredicateObligation>>::process_obligations::<rustc_trait_selection[519e5ca965cc24af]::traits::fulfill::FulfillProcessor, rustc_data_structures[1f1c04959fcd5440]::obligation_forest::Outcome<rustc_trait_selection[519e5ca965cc24af]::traits::fulfill::PendingPredicateObligation, rustc_infer[de71a32b24e6ca05]::traits::FulfillmentErrorCode>>
  38:     0x702b9b114db8 - <rustc_trait_selection[519e5ca965cc24af]::traits::fulfill::FulfillmentContext as rustc_infer[de71a32b24e6ca05]::traits::engine::TraitEngine>::select_all_or_error
  39:     0x702b9a8dd8e5 - <rustc_typeck[6cb44320f16bf71b]::check::fn_ctxt::FnCtxt>::select_all_obligations_or_error
  40:     0x702b9b610ce7 - <rustc_infer[de71a32b24e6ca05]::infer::InferCtxtBuilder>::enter::<(), <rustc_typeck[6cb44320f16bf71b]::check::inherited::InheritedBuilder>::enter<<rustc_typeck[6cb44320f16bf71b]::check::wfcheck::CheckWfFcxBuilder>::with_fcx<rustc_typeck[6cb44320f16bf71b]::check::wfcheck::check_type_defn<rustc_typeck[6cb44320f16bf71b]::check::wfcheck::check_item_well_formed::{closure#2}>::{closure#0}>::{closure#0}, ()>::{closure#0}>
  41:     0x702b9a9aaf8e - rustc_typeck[6cb44320f16bf71b]::check::wfcheck::check_item_well_formed
  42:     0x702b9b8eaad6 - <rustc_query_system[5ebad54f609ff0cd]::dep_graph::graph::DepGraph<rustc_middle[a7756bcfd4830bb7]::dep_graph::dep_node::DepKind>>::with_task::<rustc_middle[a7756bcfd4830bb7]::ty::context::TyCtxt, rustc_span[d94413d64bb730c8]::def_id::LocalDefId, ()>
  43:     0x702b9b88e84d - rustc_data_structures[1f1c04959fcd5440]::stack::ensure_sufficient_stack::<((), rustc_query_system[5ebad54f609ff0cd]::dep_graph::graph::DepNodeIndex), rustc_query_system[5ebad54f609ff0cd]::query::plumbing::execute_job<rustc_query_impl[47a94cbfb9739b4]::plumbing::QueryCtxt, rustc_span[d94413d64bb730c8]::def_id::LocalDefId, ()>::{closure#3}>
  44:     0x702b9add0e9b - rustc_query_system[5ebad54f609ff0cd]::query::plumbing::try_execute_query::<rustc_query_impl[47a94cbfb9739b4]::plumbing::QueryCtxt, rustc_query_system[5ebad54f609ff0cd]::query::caches::DefaultCache<rustc_span[d94413d64bb730c8]::def_id::LocalDefId, ()>>
  45:     0x702b9ae32ed5 - <rustc_query_impl[47a94cbfb9739b4]::Queries as rustc_middle[a7756bcfd4830bb7]::ty::query::QueryEngine>::check_item_well_formed
  46:     0x702b9a9752a4 - <rustc_middle[a7756bcfd4830bb7]::hir::map::Map>::par_visit_all_item_likes::<rustc_typeck[6cb44320f16bf71b]::check::wfcheck::CheckTypeWellFormedVisitor>
  47:     0x702b9b60535c - <rustc_session[20288bdae653c070]::session::Session>::track_errors::<rustc_typeck[6cb44320f16bf71b]::check_crate::{closure#5}, ()>
  48:     0x702b9b5ea78b - rustc_typeck[6cb44320f16bf71b]::check_crate
  49:     0x702b9b39bbc7 - rustc_interface[16a6d0389fbb2471]::passes::analysis
  50:     0x702b9b904b5e - <rustc_query_system[5ebad54f609ff0cd]::dep_graph::graph::DepGraph<rustc_middle[a7756bcfd4830bb7]::dep_graph::dep_node::DepKind>>::with_task::<rustc_middle[a7756bcfd4830bb7]::ty::context::TyCtxt, (), core[35f3b332f01a5c55]::result::Result<(), rustc_errors[f45739cad4faac08]::ErrorReported>>
  51:     0x702b9b8874a3 - rustc_data_structures[1f1c04959fcd5440]::stack::ensure_sufficient_stack::<(core[35f3b332f01a5c55]::result::Result<(), rustc_errors[f45739cad4faac08]::ErrorReported>, rustc_query_system[5ebad54f609ff0cd]::dep_graph::graph::DepNodeIndex), rustc_query_system[5ebad54f609ff0cd]::query::plumbing::execute_job<rustc_query_impl[47a94cbfb9739b4]::plumbing::QueryCtxt, (), core[35f3b332f01a5c55]::result::Result<(), rustc_errors[f45739cad4faac08]::ErrorReported>>::{closure#3}>
  52:     0x702b9b834c9d - rustc_query_system[5ebad54f609ff0cd]::query::plumbing::try_execute_query::<rustc_query_impl[47a94cbfb9739b4]::plumbing::QueryCtxt, rustc_query_system[5ebad54f609ff0cd]::query::caches::DefaultCache<(), core[35f3b332f01a5c55]::result::Result<(), rustc_errors[f45739cad4faac08]::ErrorReported>>>
  53:     0x702b9b874895 - rustc_query_system[5ebad54f609ff0cd]::query::plumbing::get_query::<rustc_query_impl[47a94cbfb9739b4]::queries::analysis, rustc_query_impl[47a94cbfb9739b4]::plumbing::QueryCtxt>
  54:     0x702b9b37227d - <rustc_interface[16a6d0389fbb2471]::passes::QueryContext>::enter::<rustc_driver[5eb938c59ed78034]::run_compiler::{closure#1}::{closure#2}::{closure#3}, core[35f3b332f01a5c55]::result::Result<(), rustc_errors[f45739cad4faac08]::ErrorReported>>
  55:     0x702b9b37028a - <rustc_interface[16a6d0389fbb2471]::interface::Compiler>::enter::<rustc_driver[5eb938c59ed78034]::run_compiler::{closure#1}::{closure#2}, core[35f3b332f01a5c55]::result::Result<core[35f3b332f01a5c55]::option::Option<rustc_interface[16a6d0389fbb2471]::queries::Linker>, rustc_errors[f45739cad4faac08]::ErrorReported>>
  56:     0x702b9b3732e6 - rustc_span[d94413d64bb730c8]::with_source_map::<core[35f3b332f01a5c55]::result::Result<(), rustc_errors[f45739cad4faac08]::ErrorReported>, rustc_interface[16a6d0389fbb2471]::interface::create_compiler_and_run<core[35f3b332f01a5c55]::result::Result<(), rustc_errors[f45739cad4faac08]::ErrorReported>, rustc_driver[5eb938c59ed78034]::run_compiler::{closure#1}>::{closure#1}>
  57:     0x702b9b36fc6e - rustc_interface[16a6d0389fbb2471]::interface::create_compiler_and_run::<core[35f3b332f01a5c55]::result::Result<(), rustc_errors[f45739cad4faac08]::ErrorReported>, rustc_driver[5eb938c59ed78034]::run_compiler::{closure#1}>
  58:     0x702b9b355e82 - std[3f599e137ff4457f]::sys_common::backtrace::__rust_begin_short_backtrace::<rustc_interface[16a6d0389fbb2471]::util::setup_callbacks_and_run_in_thread_pool_with_globals<rustc_interface[16a6d0389fbb2471]::interface::run_compiler<core[35f3b332f01a5c55]::result::Result<(), rustc_errors[f45739cad4faac08]::ErrorReported>, rustc_driver[5eb938c59ed78034]::run_compiler::{closure#1}>::{closure#0}, core[35f3b332f01a5c55]::result::Result<(), rustc_errors[f45739cad4faac08]::ErrorReported>>::{closure#0}, core[35f3b332f01a5c55]::result::Result<(), rustc_errors[f45739cad4faac08]::ErrorReported>>
  59:     0x702b9b353589 - <<std[3f599e137ff4457f]::thread::Builder>::spawn_unchecked_<rustc_interface[16a6d0389fbb2471]::util::setup_callbacks_and_run_in_thread_pool_with_globals<rustc_interface[16a6d0389fbb2471]::interface::run_compiler<core[35f3b332f01a5c55]::result::Result<(), rustc_errors[f45739cad4faac08]::ErrorReported>, rustc_driver[5eb938c59ed78034]::run_compiler::{closure#1}>::{closure#0}, core[35f3b332f01a5c55]::result::Result<(), rustc_errors[f45739cad4faac08]::ErrorReported>>::{closure#0}, core[35f3b332f01a5c55]::result::Result<(), rustc_errors[f45739cad4faac08]::ErrorReported>>::{closure#1} as core[35f3b332f01a5c55]::ops::function::FnOnce<()>>::call_once::{shim:vtable#0}
  60:     0x702b98ca85f3 - <alloc::boxed::Box<F,A> as core::ops::function::FnOnce<Args>>::call_once::hb3a5009ae9a88090
                               at /rustc/27f5d830eb11cd7bdc834d6f0d78120976f75443/library/alloc/src/boxed.rs:1854:9
  61:     0x702b98ca85f3 - <alloc::boxed::Box<F,A> as core::ops::function::FnOnce<Args>>::call_once::hea09280921ee8e53
                               at /rustc/27f5d830eb11cd7bdc834d6f0d78120976f75443/library/alloc/src/boxed.rs:1854:9
  62:     0x702b98ca85f3 - std::sys::unix::thread::Thread::new::thread_start::h74bd6e2ed9e16ec8
                               at /rustc/27f5d830eb11cd7bdc834d6f0d78120976f75443/library/std/src/sys/unix/thread.rs:108:17
  63:     0x702b98894ac3 - start_thread
                               at ./nptl/./nptl/pthread_create.c:442:8
  64:     0x702b989268c0 - __GI___clone3
                               at ./misc/../sysdeps/unix/sysv/linux/x86_64/clone3.S:81
  65:                0x0 - <unknown>

note: the compiler unexpectedly panicked. this is a bug.

note: we would appreciate a bug report: https://github.com/rust-lang/rust/issues/new?labels=C-bug%2C+I-ICE%2C+T-compiler&template=ice.md

note: rustc 1.60.0-nightly (27f5d830e 2022-02-02) running on x86_64-unknown-linux-gnu

note: compiler flags: -C embed-bitcode=no -C debuginfo=2 -C incremental --crate-type bin

note: some of the compiler flags provided by cargo are hidden

query stack during panic:
#0 [eval_to_allocation_raw] const-evaluating + checking `X::{constant#0}`
#1 [eval_to_const_value_raw] simplifying constant for the type system `X::{constant#0}`
#2 [check_item_well_formed] checking that `X` is well-formed
#3 [analysis] running analysis passes on this crate
end of query stack
For more information about this error, try `rustc --explain E0381`.
error: could not compile `bug_93646` due to previous error
------------------------------------------------------------
Return code: 101
