=== START 2026-02-01 21:45:34 ===
Bug ID: 93794
Toolchain: nightly-2022-02-09
Source: /data/zhangtianrong/projects/rustc-cbl/rustcbugs/93794
Run dir: /data/zhangtianrong/projects/rustc-cbl/run/93794
CMD: rustup run nightly-2022-02-09 cargo build
------------------------------------------------------------
   Compiling bug_93794 v0.1.0 (/data/zhangtianrong/projects/rustc-cbl/run/93794)
error[E0277]: a value of type `impl IntoIterator<Item = ()>` cannot be built from an iterator over elements of type `()`
    --> src/main.rs:5:22
     |
5    |     [()].into_iter().collect()
     |                      ^^^^^^^ value of type `impl IntoIterator<Item = ()>` cannot be built from `std::iter::Iterator<Item=()>`
     |
     = help: the trait `FromIterator<()>` is not implemented for `impl IntoIterator<Item = ()>`
note: required by a bound in `collect`

For more information about this error, try `rustc --explain E0277`.
error: could not compile `bug_93794` due to previous error
------------------------------------------------------------
Return code: 101
