=== START 2026-02-01 21:42:30 ===
Bug ID: 93841
Toolchain: nightly-2022-02-09
Source: /data/zhangtianrong/projects/rustc-cbl/rustcbugs/93841
Run dir: /data/zhangtianrong/projects/rustc-cbl/run/93841
CMD: rustup run nightly-2022-02-09 cargo build
------------------------------------------------------------
   Compiling bug_93841 v0.1.0 (/data/zhangtianrong/projects/rustc-cbl/run/93841)
error[E0308]: mismatched types
  --> src/main.rs:16:17
   |
5  | fn frob(path: &str) -> impl Deref<Target = Path> + '_ {
   |                        ------------------------------ the found opaque type
...
16 |     open_parent(&old_path);
   |                 ^^^^^^^^^ expected struct `Path`, found opaque type
   |
   = note:   expected struct `Path`
           found opaque type `impl Deref<Target = Path>`

For more information about this error, try `rustc --explain E0308`.
error: could not compile `bug_93841` due to previous error
------------------------------------------------------------
Return code: 101
