=== START 2026-02-02 18:57:20 ===
Bug ID: 93911
Toolchain: nightly-2022-02-10
Source: /data/zhangtianrong/projects/rustc-cbl/rustcbugs/93911
Run dir: /data/zhangtianrong/projects/rustc-cbl/run/93911
CMD: rustup run nightly-2022-02-10 cargo build
------------------------------------------------------------
   Compiling bug_93911 v0.1.0 (/data/zhangtianrong/projects/rustc-cbl/run/93911)
error[E0261]: use of undeclared lifetime name `'a`
 --> src/main.rs:3:6
  |
3 | impl<'a> Foo<'a> {
  |      ^^ undeclared lifetime
  |
  = help: if you want to experiment with in-band lifetime bindings, add `#![feature(in_band_lifetimes)]` to the crate attributes
help: consider introducing lifetime `'a` here
  |
7 |         impl<'a, 'b> Bar<'b> {
  |              +++
help: consider introducing lifetime `'a` here
  |
8 |             async fn bar<'a>() {}
  |                         ++++

For more information about this error, try `rustc --explain E0261`.
error: could not compile `bug_93911` due to previous error
------------------------------------------------------------
Return code: 101
