=== START 2026-02-02 18:54:20 ===
Bug ID: 96540
Toolchain: nightly-2022-04-29
Source: /data/zhangtianrong/projects/rustc-cbl/rustcbugs/96540
Run dir: /data/zhangtianrong/projects/rustc-cbl/run/96540
CMD: rustup run nightly-2022-04-29 cargo build
------------------------------------------------------------
   Compiling bug_96540 v0.1.0 (/data/zhangtianrong/projects/rustc-cbl/run/96540)
error[E0106]: missing lifetime specifier
 --> src/main.rs:5:21
  |
5 | fn foo() -> impl Fn(Foo) {
  |                     ^^^ expected named lifetime parameter
  |
  = help: this function's return type contains a borrowed value, but there is no value for it to be borrowed from
help: consider using the `'static` lifetime
  |
5 | fn foo() -> impl Fn(Foo<'static>) {
  |                     ~~~~~~~~~~~~

For more information about this error, try `rustc --explain E0106`.
error: could not compile `bug_96540` due to previous error
------------------------------------------------------------
Return code: 101
