=== START 2026-01-17 12:39:13 ===
Bug ID: 96572
Toolchain: nightly-2022-04-29
Source: /data/zhangtianrong/projects/rustc-cbl/rustcbugs/96572
Run dir: /data/zhangtianrong/projects/rustc-cbl/run/96572
CMD: rustup run nightly-2022-04-29 cargo build
------------------------------------------------------------
   Compiling bug_96572 v0.1.0 (/data/zhangtianrong/projects/rustc-cbl/run/96572)
warning: unused variable: `a`
 --> src/main.rs:6:10
  |
6 |     let (a, b): (u32, u32) = foo;
  |          ^ help: if this is intentional, prefix it with an underscore: `_a`
  |
  = note: `#[warn(unused_variables)]` on by default

warning: unused variable: `b`
 --> src/main.rs:6:13
  |
6 |     let (a, b): (u32, u32) = foo;
  |             ^ help: if this is intentional, prefix it with an underscore: `_b`

warning: Error finalizing incremental compilation session directory `/data/zhangtianrong/projects/rustc-cbl/run/96572/target/debug/incremental/bug_96572-3uye7uijll99r/s-hexaztsvb0-xiyb02-working`: No such file or directory (os error 2)

error: internal compiler error: no errors encountered even though `delay_span_bug` issued

error: internal compiler error: broken MIR in DefId(0:3 ~ bug_96572[fdd1]::main) ((_1.0: u32)): can't project out of PlaceTy { ty: main::T, variant_index: None }
 --> src/main.rs:6:10
  |
6 |     let (a, b): (u32, u32) = foo;
  |          ^
  |
  = note: delayed at compiler/rustc_borrowck/src/type_check/mod.rs:860:31

error: internal compiler error: TyKind::Error constructed but no error reported
  |
  = note: delayed at compiler/rustc_borrowck/src/type_check/mod.rs:795:20

error: internal compiler error: TyKind::Error constructed but no error reported
  |
  = note: delayed at /rustc/e85edd9a844b523a02dbd89f3c02cd13e4c9fe46/compiler/rustc_middle/src/ty/relate.rs:419:59

error: internal compiler error: broken MIR in DefId(0:3 ~ bug_96572[fdd1]::main) ((_1.1: u32)): can't project out of PlaceTy { ty: main::T, variant_index: None }
 --> src/main.rs:6:13
  |
6 |     let (a, b): (u32, u32) = foo;
  |             ^
  |
  = note: delayed at compiler/rustc_borrowck/src/type_check/mod.rs:860:31

thread 'rustc' panicked at 'Box<dyn Any>', compiler/rustc_errors/src/lib.rs:1358:13
stack backtrace:
   0:     0x75e48e09df8d - std::backtrace_rs::backtrace::libunwind::trace::he0e523aecaf9b69a
                               at /rustc/e85edd9a844b523a02dbd89f3c02cd13e4c9fe46/library/std/src/../../backtrace/src/backtrace/libunwind.rs:93:5
   1:     0x75e48e09df8d - std::backtrace_rs::backtrace::trace_unsynchronized::h0b3d5356c458deb9
                               at /rustc/e85edd9a844b523a02dbd89f3c02cd13e4c9fe46/library/std/src/../../backtrace/src/backtrace/mod.rs:66:5
   2:     0x75e48e09df8d - std::sys_common::backtrace::_print_fmt::h532142ee1f4c3cce
                               at /rustc/e85edd9a844b523a02dbd89f3c02cd13e4c9fe46/library/std/src/sys_common/backtrace.rs:66:5
   3:     0x75e48e09df8d - <std::sys_common::backtrace::_print::DisplayBacktrace as core::fmt::Display>::fmt::h0e80dc5906b67229
                               at /rustc/e85edd9a844b523a02dbd89f3c02cd13e4c9fe46/library/std/src/sys_common/backtrace.rs:45:22
   4:     0x75e48e0f9d0c - core::fmt::write::h513fcc964bdd71c0
                               at /rustc/e85edd9a844b523a02dbd89f3c02cd13e4c9fe46/library/core/src/fmt/mod.rs:1194:17
   5:     0x75e48e08f681 - std::io::Write::write_fmt::h3cddf21fb8a62a54
                               at /rustc/e85edd9a844b523a02dbd89f3c02cd13e4c9fe46/library/std/src/io/mod.rs:1655:15
   6:     0x75e48e0a0ca5 - std::sys_common::backtrace::_print::h0c926e8785159afb
                               at /rustc/e85edd9a844b523a02dbd89f3c02cd13e4c9fe46/library/std/src/sys_common/backtrace.rs:48:5
   7:     0x75e48e0a0ca5 - std::sys_common::backtrace::print::hd5783f5f7c42c4da
                               at /rustc/e85edd9a844b523a02dbd89f3c02cd13e4c9fe46/library/std/src/sys_common/backtrace.rs:35:9
   8:     0x75e48e0a0ca5 - std::panicking::default_hook::{{closure}}::h315d25e8d5d703cd
                               at /rustc/e85edd9a844b523a02dbd89f3c02cd13e4c9fe46/library/std/src/panicking.rs:295:22
   9:     0x75e48e0a0919 - std::panicking::default_hook::h4301451e8ab677e5
                               at /rustc/e85edd9a844b523a02dbd89f3c02cd13e4c9fe46/library/std/src/panicking.rs:314:9
  10:     0x75e48e8d0981 - rustc_driver[7ec1e2549f75ff84]::DEFAULT_HOOK::{closure#0}::{closure#0}
  11:     0x75e48e0a1476 - std::panicking::rust_panic_with_hook::h9ade200275992b5b
                               at /rustc/e85edd9a844b523a02dbd89f3c02cd13e4c9fe46/library/std/src/panicking.rs:702:17
  12:     0x75e48fa32441 - std[9bd8fc2679550d2b]::panicking::begin_panic::<rustc_errors[94fb9cd2dcbb52d6]::ExplicitBug>::{closure#0}
  13:     0x75e48fa32356 - std[9bd8fc2679550d2b]::sys_common::backtrace::__rust_end_short_backtrace::<std[9bd8fc2679550d2b]::panicking::begin_panic<rustc_errors[94fb9cd2dcbb52d6]::ExplicitBug>::{closure#0}, !>
  14:     0x75e48fa3d2af - std[9bd8fc2679550d2b]::panicking::begin_panic::<rustc_errors[94fb9cd2dcbb52d6]::ExplicitBug>
  15:     0x75e48fa3a366 - std[9bd8fc2679550d2b]::panic::panic_any::<rustc_errors[94fb9cd2dcbb52d6]::ExplicitBug>
  16:     0x75e491219c17 - <rustc_errors[94fb9cd2dcbb52d6]::HandlerInner as core[649e541f68e0944c]::ops::drop::Drop>::drop
  17:     0x75e490941ea8 - core[649e541f68e0944c]::ptr::drop_in_place::<rustc_session[881d207b34e91f9f]::parse::ParseSess>
  18:     0x75e490944113 - <alloc[af6f502ea7079f55]::rc::Rc<rustc_session[881d207b34e91f9f]::session::Session> as core[649e541f68e0944c]::ops::drop::Drop>::drop
  19:     0x75e490940dfd - core[649e541f68e0944c]::ptr::drop_in_place::<rustc_interface[8b8682ff349448b4]::interface::Compiler>
  20:     0x75e4909406f4 - rustc_span[c6bedfd0c66fb146]::with_source_map::<core[649e541f68e0944c]::result::Result<(), rustc_errors[94fb9cd2dcbb52d6]::ErrorGuaranteed>, rustc_interface[8b8682ff349448b4]::interface::create_compiler_and_run<core[649e541f68e0944c]::result::Result<(), rustc_errors[94fb9cd2dcbb52d6]::ErrorGuaranteed>, rustc_driver[7ec1e2549f75ff84]::run_compiler::{closure#1}>::{closure#1}>
  21:     0x75e49092a5f4 - rustc_interface[8b8682ff349448b4]::interface::create_compiler_and_run::<core[649e541f68e0944c]::result::Result<(), rustc_errors[94fb9cd2dcbb52d6]::ErrorGuaranteed>, rustc_driver[7ec1e2549f75ff84]::run_compiler::{closure#1}>
  22:     0x75e490913fb2 - <scoped_tls[3e040dd67153ed8a]::ScopedKey<rustc_span[c6bedfd0c66fb146]::SessionGlobals>>::set::<rustc_interface[8b8682ff349448b4]::interface::run_compiler<core[649e541f68e0944c]::result::Result<(), rustc_errors[94fb9cd2dcbb52d6]::ErrorGuaranteed>, rustc_driver[7ec1e2549f75ff84]::run_compiler::{closure#1}>::{closure#0}, core[649e541f68e0944c]::result::Result<(), rustc_errors[94fb9cd2dcbb52d6]::ErrorGuaranteed>>
  23:     0x75e49093ae8f - std[9bd8fc2679550d2b]::sys_common::backtrace::__rust_begin_short_backtrace::<rustc_interface[8b8682ff349448b4]::util::run_in_thread_pool_with_globals<rustc_interface[8b8682ff349448b4]::interface::run_compiler<core[649e541f68e0944c]::result::Result<(), rustc_errors[94fb9cd2dcbb52d6]::ErrorGuaranteed>, rustc_driver[7ec1e2549f75ff84]::run_compiler::{closure#1}>::{closure#0}, core[649e541f68e0944c]::result::Result<(), rustc_errors[94fb9cd2dcbb52d6]::ErrorGuaranteed>>::{closure#0}, core[649e541f68e0944c]::result::Result<(), rustc_errors[94fb9cd2dcbb52d6]::ErrorGuaranteed>>
  24:     0x75e49092d479 - <<std[9bd8fc2679550d2b]::thread::Builder>::spawn_unchecked_<rustc_interface[8b8682ff349448b4]::util::run_in_thread_pool_with_globals<rustc_interface[8b8682ff349448b4]::interface::run_compiler<core[649e541f68e0944c]::result::Result<(), rustc_errors[94fb9cd2dcbb52d6]::ErrorGuaranteed>, rustc_driver[7ec1e2549f75ff84]::run_compiler::{closure#1}>::{closure#0}, core[649e541f68e0944c]::result::Result<(), rustc_errors[94fb9cd2dcbb52d6]::ErrorGuaranteed>>::{closure#0}, core[649e541f68e0944c]::result::Result<(), rustc_errors[94fb9cd2dcbb52d6]::ErrorGuaranteed>>::{closure#1} as core[649e541f68e0944c]::ops::function::FnOnce<()>>::call_once::{shim:vtable#0}
  25:     0x75e48e0ab3c3 - <alloc::boxed::Box<F,A> as core::ops::function::FnOnce<Args>>::call_once::h1e4cdc05936d75d5
                               at /rustc/e85edd9a844b523a02dbd89f3c02cd13e4c9fe46/library/alloc/src/boxed.rs:1866:9
  26:     0x75e48e0ab3c3 - <alloc::boxed::Box<F,A> as core::ops::function::FnOnce<Args>>::call_once::h627ceec73be0ad94
                               at /rustc/e85edd9a844b523a02dbd89f3c02cd13e4c9fe46/library/alloc/src/boxed.rs:1866:9
  27:     0x75e48e0ab3c3 - std::sys::unix::thread::Thread::new::thread_start::hff6fe6753bb13e69
                               at /rustc/e85edd9a844b523a02dbd89f3c02cd13e4c9fe46/library/std/src/sys/unix/thread.rs:108:17
  28:     0x75e48dc94ac3 - start_thread
                               at ./nptl/./nptl/pthread_create.c:442:8
  29:     0x75e48dd268c0 - __GI___clone3
                               at ./misc/../sysdeps/unix/sysv/linux/x86_64/clone3.S:81
  30:                0x0 - <unknown>

note: the compiler unexpectedly panicked. this is a bug.

note: we would appreciate a bug report: https://github.com/rust-lang/rust/issues/new?labels=C-bug%2C+I-ICE%2C+T-compiler&template=ice.md

note: rustc 1.62.0-nightly (e85edd9a8 2022-04-28) running on x86_64-unknown-linux-gnu

note: compiler flags: --crate-type bin -C embed-bitcode=no -C debuginfo=2 -C incremental

note: some of the compiler flags provided by cargo are hidden

query stack during panic:
end of query stack
warning: `bug_96572` (bin "bug_96572") generated 3 warnings
error: could not compile `bug_96572`; 3 warnings emitted
------------------------------------------------------------
Return code: 101
