=== START 2026-01-17 11:14:27 ===
Bug ID: 97099
Toolchain: nightly-2022-05-15
Source: /data/zhangtianrong/projects/rustc-cbl/rustcbugs/97099
Run dir: /data/zhangtianrong/projects/rustc-cbl/run/97099
CMD: rustup run nightly-2022-05-15 cargo build
------------------------------------------------------------
   Compiling bug_97099 v0.1.0 (/data/zhangtianrong/projects/rustc-cbl/run/97099)
thread 'rustc' panicked at 'assertion failed: self.scc_universes[scc] == ty::UniverseIndex::ROOT', compiler/rustc_borrowck/src/region_infer/mod.rs:708:9
stack backtrace:
   0:     0x77cef009dfdd - std::backtrace_rs::backtrace::libunwind::trace::he96fd08aab769eef
                               at /rustc/70b3681bf621bc0de91ffab711b2350068b4c466/library/std/src/../../backtrace/src/backtrace/libunwind.rs:93:5
   1:     0x77cef009dfdd - std::backtrace_rs::backtrace::trace_unsynchronized::he2da7b0e618af287
                               at /rustc/70b3681bf621bc0de91ffab711b2350068b4c466/library/std/src/../../backtrace/src/backtrace/mod.rs:66:5
   2:     0x77cef009dfdd - std::sys_common::backtrace::_print_fmt::h765f7bb4e5e613ab
                               at /rustc/70b3681bf621bc0de91ffab711b2350068b4c466/library/std/src/sys_common/backtrace.rs:66:5
   3:     0x77cef009dfdd - <std::sys_common::backtrace::_print::DisplayBacktrace as core::fmt::Display>::fmt::hc0c0df410f6c288d
                               at /rustc/70b3681bf621bc0de91ffab711b2350068b4c466/library/std/src/sys_common/backtrace.rs:45:22
   4:     0x77cef00f9c6c - core::fmt::write::h57cfc2e3382781a3
                               at /rustc/70b3681bf621bc0de91ffab711b2350068b4c466/library/core/src/fmt/mod.rs:1196:17
   5:     0x77cef008f751 - std::io::Write::write_fmt::h8a8b4df5bba5c7f0
                               at /rustc/70b3681bf621bc0de91ffab711b2350068b4c466/library/std/src/io/mod.rs:1654:15
   6:     0x77cef00a0cf5 - std::sys_common::backtrace::_print::h111c8b2aa538c7d7
                               at /rustc/70b3681bf621bc0de91ffab711b2350068b4c466/library/std/src/sys_common/backtrace.rs:48:5
   7:     0x77cef00a0cf5 - std::sys_common::backtrace::print::hcd2ea34dbd433b48
                               at /rustc/70b3681bf621bc0de91ffab711b2350068b4c466/library/std/src/sys_common/backtrace.rs:35:9
   8:     0x77cef00a0cf5 - std::panicking::default_hook::{{closure}}::h830d1f3e63d77d39
                               at /rustc/70b3681bf621bc0de91ffab711b2350068b4c466/library/std/src/panicking.rs:295:22
   9:     0x77cef00a0969 - std::panicking::default_hook::he3b14c36110b5f1b
                               at /rustc/70b3681bf621bc0de91ffab711b2350068b4c466/library/std/src/panicking.rs:314:9
  10:     0x77cef08ea881 - rustc_driver[e579dcb841eb96be]::DEFAULT_HOOK::{closure#0}::{closure#0}
  11:     0x77cef00a14c6 - std::panicking::rust_panic_with_hook::hd257ef443821fd01
                               at /rustc/70b3681bf621bc0de91ffab711b2350068b4c466/library/std/src/panicking.rs:702:17
  12:     0x77cef00a1289 - std::panicking::begin_panic_handler::{{closure}}::ha18f5d01650c87be
                               at /rustc/70b3681bf621bc0de91ffab711b2350068b4c466/library/std/src/panicking.rs:586:13
  13:     0x77cef009e494 - std::sys_common::backtrace::__rust_end_short_backtrace::h364ef2bfb3bf03aa
                               at /rustc/70b3681bf621bc0de91ffab711b2350068b4c466/library/std/src/sys_common/backtrace.rs:138:18
  14:     0x77cef00a0ff9 - rust_begin_unwind
                               at /rustc/70b3681bf621bc0de91ffab711b2350068b4c466/library/std/src/panicking.rs:584:5
  15:     0x77cef0066273 - core::panicking::panic_fmt::h26777b3ad67724d8
                               at /rustc/70b3681bf621bc0de91ffab711b2350068b4c466/library/core/src/panicking.rs:142:14
  16:     0x77cef006613d - core::panicking::panic::h5d129fc8e69eec6b
                               at /rustc/70b3681bf621bc0de91ffab711b2350068b4c466/library/core/src/panicking.rs:48:5
  17:     0x77cef21cd69d - <rustc_borrowck[ce88edfeb0bc2722]::region_infer::RegionInferenceContext>::solve
  18:     0x77cef2131087 - rustc_borrowck[ce88edfeb0bc2722]::nll::compute_regions
  19:     0x77cef219ecce - rustc_borrowck[ce88edfeb0bc2722]::do_mir_borrowck
  20:     0x77cef2197959 - rustc_borrowck[ce88edfeb0bc2722]::mir_borrowck
  21:     0x77cef21946c0 - <rustc_borrowck[ce88edfeb0bc2722]::provide::{closure#0} as core[572fbd8ba1a8b946]::ops::function::FnOnce<(rustc_middle[3e19cd7d455d95b6]::ty::context::TyCtxt, rustc_span[b77cb4843d59ebee]::def_id::LocalDefId)>>::call_once
  22:     0x77cef2e26d70 - <rustc_query_system[aeb6acbc4d53e98f]::dep_graph::graph::DepGraph<rustc_middle[3e19cd7d455d95b6]::dep_graph::dep_node::DepKind>>::with_task::<rustc_middle[3e19cd7d455d95b6]::ty::context::TyCtxt, rustc_span[b77cb4843d59ebee]::def_id::LocalDefId, &rustc_middle[3e19cd7d455d95b6]::mir::query::BorrowCheckResult>
  23:     0x77cef23c6db1 - rustc_query_system[aeb6acbc4d53e98f]::query::plumbing::try_execute_query::<rustc_query_impl[db07566a2b76affd]::plumbing::QueryCtxt, rustc_query_system[aeb6acbc4d53e98f]::query::caches::DefaultCache<rustc_span[b77cb4843d59ebee]::def_id::LocalDefId, &rustc_middle[3e19cd7d455d95b6]::mir::query::BorrowCheckResult>>
  24:     0x77cef2391a7a - <rustc_query_impl[db07566a2b76affd]::Queries as rustc_middle[3e19cd7d455d95b6]::ty::query::QueryEngine>::mir_borrowck
  25:     0x77cef1ede240 - rustc_typeck[236c1446c9a86da3]::collect::type_of::type_of
  26:     0x77cef235f257 - <rustc_query_system[aeb6acbc4d53e98f]::dep_graph::graph::DepGraph<rustc_middle[3e19cd7d455d95b6]::dep_graph::dep_node::DepKind>>::with_task::<rustc_middle[3e19cd7d455d95b6]::ty::context::TyCtxt, rustc_span[b77cb4843d59ebee]::def_id::DefId, rustc_middle[3e19cd7d455d95b6]::ty::Ty>
  27:     0x77cef240d79a - rustc_query_system[aeb6acbc4d53e98f]::query::plumbing::get_query::<rustc_query_impl[db07566a2b76affd]::queries::type_of, rustc_query_impl[db07566a2b76affd]::plumbing::QueryCtxt>
  28:     0x77cef1ee84f2 - rustc_typeck[236c1446c9a86da3]::check::check::check_item_type
  29:     0x77cef1eedabb - rustc_typeck[236c1446c9a86da3]::check::check::check_mod_item_types
  30:     0x77cef2e27c5f - <rustc_query_system[aeb6acbc4d53e98f]::dep_graph::graph::DepGraph<rustc_middle[3e19cd7d455d95b6]::dep_graph::dep_node::DepKind>>::with_task::<rustc_middle[3e19cd7d455d95b6]::ty::context::TyCtxt, rustc_span[b77cb4843d59ebee]::def_id::LocalDefId, ()>
  31:     0x77cef23c8dde - rustc_query_system[aeb6acbc4d53e98f]::query::plumbing::try_execute_query::<rustc_query_impl[db07566a2b76affd]::plumbing::QueryCtxt, rustc_query_system[aeb6acbc4d53e98f]::query::caches::DefaultCache<rustc_span[b77cb4843d59ebee]::def_id::LocalDefId, ()>>
  32:     0x77cef2f180e3 - rustc_query_system[aeb6acbc4d53e98f]::query::plumbing::get_query::<rustc_query_impl[db07566a2b76affd]::queries::check_mod_item_types, rustc_query_impl[db07566a2b76affd]::plumbing::QueryCtxt>
  33:     0x77cef2c29efd - <rustc_middle[3e19cd7d455d95b6]::hir::map::Map>::for_each_module::<rustc_typeck[236c1446c9a86da3]::check_crate::{closure#6}::{closure#0}>
  34:     0x77cef2c0d138 - <rustc_session[cef3f7886cc66701]::session::Session>::time::<(), rustc_typeck[236c1446c9a86da3]::check_crate::{closure#6}>
  35:     0x77cef2bf5b08 - rustc_typeck[236c1446c9a86da3]::check_crate
  36:     0x77cef298ee67 - rustc_interface[ce8661458ff02909]::passes::analysis
  37:     0x77cef2e3f935 - <rustc_query_system[aeb6acbc4d53e98f]::dep_graph::graph::DepGraph<rustc_middle[3e19cd7d455d95b6]::dep_graph::dep_node::DepKind>>::with_task::<rustc_middle[3e19cd7d455d95b6]::ty::context::TyCtxt, (), core[572fbd8ba1a8b946]::result::Result<(), rustc_errors[178acddc651ff118]::ErrorGuaranteed>>
  38:     0x77cef2ee5e01 - rustc_query_system[aeb6acbc4d53e98f]::query::plumbing::try_execute_query::<rustc_query_impl[db07566a2b76affd]::plumbing::QueryCtxt, rustc_query_system[aeb6acbc4d53e98f]::query::caches::DefaultCache<(), core[572fbd8ba1a8b946]::result::Result<(), rustc_errors[178acddc651ff118]::ErrorGuaranteed>>>
  39:     0x77cef2f2727e - rustc_query_system[aeb6acbc4d53e98f]::query::plumbing::get_query::<rustc_query_impl[db07566a2b76affd]::queries::analysis, rustc_query_impl[db07566a2b76affd]::plumbing::QueryCtxt>
  40:     0x77cef296f8f7 - <rustc_interface[ce8661458ff02909]::passes::QueryContext>::enter::<rustc_driver[e579dcb841eb96be]::run_compiler::{closure#1}::{closure#2}::{closure#3}, core[572fbd8ba1a8b946]::result::Result<(), rustc_errors[178acddc651ff118]::ErrorGuaranteed>>
  41:     0x77cef295a958 - <rustc_interface[ce8661458ff02909]::interface::Compiler>::enter::<rustc_driver[e579dcb841eb96be]::run_compiler::{closure#1}::{closure#2}, core[572fbd8ba1a8b946]::result::Result<core[572fbd8ba1a8b946]::option::Option<rustc_interface[ce8661458ff02909]::queries::Linker>, rustc_errors[178acddc651ff118]::ErrorGuaranteed>>
  42:     0x77cef2982fbf - rustc_span[b77cb4843d59ebee]::with_source_map::<core[572fbd8ba1a8b946]::result::Result<(), rustc_errors[178acddc651ff118]::ErrorGuaranteed>, rustc_interface[ce8661458ff02909]::interface::create_compiler_and_run<core[572fbd8ba1a8b946]::result::Result<(), rustc_errors[178acddc651ff118]::ErrorGuaranteed>, rustc_driver[e579dcb841eb96be]::run_compiler::{closure#1}>::{closure#1}>
  43:     0x77cef296e7d4 - rustc_interface[ce8661458ff02909]::interface::create_compiler_and_run::<core[572fbd8ba1a8b946]::result::Result<(), rustc_errors[178acddc651ff118]::ErrorGuaranteed>, rustc_driver[e579dcb841eb96be]::run_compiler::{closure#1}>
  44:     0x77cef2958e62 - <scoped_tls[3800fe5f3fe95338]::ScopedKey<rustc_span[b77cb4843d59ebee]::SessionGlobals>>::set::<rustc_interface[ce8661458ff02909]::interface::run_compiler<core[572fbd8ba1a8b946]::result::Result<(), rustc_errors[178acddc651ff118]::ErrorGuaranteed>, rustc_driver[e579dcb841eb96be]::run_compiler::{closure#1}>::{closure#0}, core[572fbd8ba1a8b946]::result::Result<(), rustc_errors[178acddc651ff118]::ErrorGuaranteed>>
  45:     0x77cef296ff7f - std[d18fc1f408d97a04]::sys_common::backtrace::__rust_begin_short_backtrace::<rustc_interface[ce8661458ff02909]::util::run_in_thread_pool_with_globals<rustc_interface[ce8661458ff02909]::interface::run_compiler<core[572fbd8ba1a8b946]::result::Result<(), rustc_errors[178acddc651ff118]::ErrorGuaranteed>, rustc_driver[e579dcb841eb96be]::run_compiler::{closure#1}>::{closure#0}, core[572fbd8ba1a8b946]::result::Result<(), rustc_errors[178acddc651ff118]::ErrorGuaranteed>>::{closure#0}, core[572fbd8ba1a8b946]::result::Result<(), rustc_errors[178acddc651ff118]::ErrorGuaranteed>>
  46:     0x77cef29700b9 - <<std[d18fc1f408d97a04]::thread::Builder>::spawn_unchecked_<rustc_interface[ce8661458ff02909]::util::run_in_thread_pool_with_globals<rustc_interface[ce8661458ff02909]::interface::run_compiler<core[572fbd8ba1a8b946]::result::Result<(), rustc_errors[178acddc651ff118]::ErrorGuaranteed>, rustc_driver[e579dcb841eb96be]::run_compiler::{closure#1}>::{closure#0}, core[572fbd8ba1a8b946]::result::Result<(), rustc_errors[178acddc651ff118]::ErrorGuaranteed>>::{closure#0}, core[572fbd8ba1a8b946]::result::Result<(), rustc_errors[178acddc651ff118]::ErrorGuaranteed>>::{closure#1} as core[572fbd8ba1a8b946]::ops::function::FnOnce<()>>::call_once::{shim:vtable#0}
  47:     0x77cef00ab3e3 - <alloc::boxed::Box<F,A> as core::ops::function::FnOnce<Args>>::call_once::h2f9df698556f74d9
                               at /rustc/70b3681bf621bc0de91ffab711b2350068b4c466/library/alloc/src/boxed.rs:1872:9
  48:     0x77cef00ab3e3 - <alloc::boxed::Box<F,A> as core::ops::function::FnOnce<Args>>::call_once::h892472804e62a418
                               at /rustc/70b3681bf621bc0de91ffab711b2350068b4c466/library/alloc/src/boxed.rs:1872:9
  49:     0x77cef00ab3e3 - std::sys::unix::thread::Thread::new::thread_start::hac6be7035672b391
                               at /rustc/70b3681bf621bc0de91ffab711b2350068b4c466/library/std/src/sys/unix/thread.rs:108:17
  50:     0x77ceefc94ac3 - start_thread
                               at ./nptl/./nptl/pthread_create.c:442:8
  51:     0x77ceefd268c0 - __GI___clone3
                               at ./misc/../sysdeps/unix/sysv/linux/x86_64/clone3.S:81
  52:                0x0 - <unknown>

error: internal compiler error: unexpected panic

note: the compiler unexpectedly panicked. this is a bug.

note: we would appreciate a bug report: https://github.com/rust-lang/rust/issues/new?labels=C-bug%2C+I-ICE%2C+T-compiler&template=ice.md

note: rustc 1.62.0-nightly (70b3681bf 2022-05-14) running on x86_64-unknown-linux-gnu

note: compiler flags: --crate-type bin -C embed-bitcode=no -C debuginfo=2 -C incremental

note: some of the compiler flags provided by cargo are hidden

query stack during panic:
#0 [mir_borrowck] borrow-checking `blah`
#1 [type_of] computing type of `blah::{opaque#0}`
#2 [check_mod_item_types] checking item types in top-level module
#3 [analysis] running analysis passes on this crate
end of query stack
error: could not compile `bug_97099`
------------------------------------------------------------
Return code: 101
