=== START 2026-02-01 21:07:22 ===
Bug ID: 97104
Toolchain: nightly-2022-05-16
Source: /data/zhangtianrong/projects/rustc-cbl/rustcbugs/97104
Run dir: /data/zhangtianrong/projects/rustc-cbl/run/97104
CMD: rustup run nightly-2022-05-16 cargo build
------------------------------------------------------------
   Compiling bug_97104 v0.1.0 (/data/zhangtianrong/projects/rustc-cbl/run/97104)
warning: type alias is never used: `Ty`
 --> src/main.rs:4:5
  |
4 |     type Ty<'a> = impl Sized + 'a;
  |     ^^^^^^^^^^^^^^^^^^^^^^^^^^^^^^
  |
  = note: `#[warn(dead_code)]` on by default

warning: function is never used: `define`
 --> src/main.rs:5:8
  |
5 |     fn define(s: &str) -> Ty<'_> { s }
  |        ^^^^^^

warning: type alias is never used: `BadFnSig`
 --> src/main.rs:7:5
  |
7 |     type BadFnSig = fn(Ty<'_>) -> &str;
  |     ^^^^^^^^^^^^^^^^^^^^^^^^^^^^^^^^^^^

warning: type alias is never used: `BadTraitRef`
 --> src/main.rs:8:5
  |
8 |     type BadTraitRef = dyn Fn(Ty<'_>) -> &str;
  |     ^^^^^^^^^^^^^^^^^^^^^^^^^^^^^^^^^^^^^^^^^^

warning: type alias is never used: `Ty`
  --> src/main.rs:12:5
   |
12 |     type Ty<T> = impl Sized;
   |     ^^^^^^^^^^^^^^^^^^^^^^^^

warning: function is never used: `define`
  --> src/main.rs:13:8
   |
13 |     fn define<T>(s: T) -> Ty<T> { s }
   |        ^^^^^^

warning: type alias is never used: `BadFnSig`
  --> src/main.rs:15:5
   |
15 |     type BadFnSig = fn(Ty<&str>) -> &str;
   |     ^^^^^^^^^^^^^^^^^^^^^^^^^^^^^^^^^^^^^

warning: type alias is never used: `BadTraitRef`
  --> src/main.rs:16:5
   |
16 |     type BadTraitRef = dyn Fn(Ty<&str>) -> &str;
   |     ^^^^^^^^^^^^^^^^^^^^^^^^^^^^^^^^^^^^^^^^^^^^

warning: `bug_97104` (bin "bug_97104") generated 8 warnings
    Finished dev [unoptimized + debuginfo] target(s) in 0.50s
------------------------------------------------------------
Return code: 0
