=== START 2026-01-18 19:01:54 ===
Bug ID: 97378
Toolchain: nightly-2022-05-23
Source: /data/zhangtianrong/projects/rustc-cbl/rustcbugs/97378
Run dir: /data/zhangtianrong/projects/rustc-cbl/run/97378
CMD: rustup run nightly-2022-05-23 cargo build
------------------------------------------------------------
   Compiling bug_97378 v0.1.0 (/data/zhangtianrong/projects/rustc-cbl/run/97378)
warning: unused variable: `url`
  --> src/main.rs:11:32
   |
11 |         let Request::Resolve { url } = event;
   |                                ^^^ help: try ignoring the field: `url: _`
   |
   = note: `#[warn(unused_variables)]` on by default

warning: Error finalizing incremental compilation session directory `/data/zhangtianrong/projects/rustc-cbl/run/97378/target/debug/incremental/bug_97378-14773qs3fl54c/s-heyp8gl3dr-1j1wbbd-working`: No such file or directory (os error 2)

error: internal compiler error: no errors encountered even though `delay_span_bug` issued

error: internal compiler error: broken MIR in DefId(0:8 ~ bug_97378[496e]::handle_event::{closure#0}) ((_3.0: std::string::String)): can't project out of PlaceTy { ty: Request, variant_index: None }
  --> src/main.rs:10:16
   |
10 |       async move {
   |  ________________^
11 | |         let Request::Resolve { url } = event;
12 | |     }.await;
   | |_____^
   |
   = note: delayed at compiler/rustc_borrowck/src/type_check/mod.rs:855:31

error: internal compiler error: TyKind::Error constructed but no error reported
  |
  = note: delayed at compiler/rustc_borrowck/src/type_check/mod.rs:790:20

error: internal compiler error: TyKind::Error constructed but no error reported
  |
  = note: delayed at /rustc/b2eed72a6fbf254e7d44942eaa121fcbed05d3fb/compiler/rustc_middle/src/ty/relate.rs:420:59

error: internal compiler error: broken MIR in DefId(0:9 ~ bug_97378[496e]::handle_event::{closure#0}::{closure#0}) (((_1.0: std::string::String).0: std::string::String)): bad field access (std::vec::Vec<u8>: std::string::String): NoSolution
  --> src/main.rs:11:32
   |
11 |         let Request::Resolve { url } = event;
   |                                ^^^
   |
   = note: delayed at compiler/rustc_borrowck/src/type_check/mod.rs:765:29

thread 'rustc' panicked at 'Box<dyn Any>', compiler/rustc_errors/src/lib.rs:1368:13
stack backtrace:
   0:     0x7a2a0349dfad - std::backtrace_rs::backtrace::libunwind::trace::h104364ef64e27e4d
                               at /rustc/b2eed72a6fbf254e7d44942eaa121fcbed05d3fb/library/std/src/../../backtrace/src/backtrace/libunwind.rs:93:5
   1:     0x7a2a0349dfad - std::backtrace_rs::backtrace::trace_unsynchronized::h1e3fba0e65bc8478
                               at /rustc/b2eed72a6fbf254e7d44942eaa121fcbed05d3fb/library/std/src/../../backtrace/src/backtrace/mod.rs:66:5
   2:     0x7a2a0349dfad - std::sys_common::backtrace::_print_fmt::h9d49027e125eefe7
                               at /rustc/b2eed72a6fbf254e7d44942eaa121fcbed05d3fb/library/std/src/sys_common/backtrace.rs:66:5
   3:     0x7a2a0349dfad - <std::sys_common::backtrace::_print::DisplayBacktrace as core::fmt::Display>::fmt::h52f2e7505811d44c
                               at /rustc/b2eed72a6fbf254e7d44942eaa121fcbed05d3fb/library/std/src/sys_common/backtrace.rs:45:22
   4:     0x7a2a034f9c8c - core::fmt::write::h15db166f7ce180be
                               at /rustc/b2eed72a6fbf254e7d44942eaa121fcbed05d3fb/library/core/src/fmt/mod.rs:1196:17
   5:     0x7a2a0348f721 - std::io::Write::write_fmt::hce52a01b30cfc3c7
                               at /rustc/b2eed72a6fbf254e7d44942eaa121fcbed05d3fb/library/std/src/io/mod.rs:1654:15
   6:     0x7a2a034a0cc5 - std::sys_common::backtrace::_print::hdc3d9b030d30fd2c
                               at /rustc/b2eed72a6fbf254e7d44942eaa121fcbed05d3fb/library/std/src/sys_common/backtrace.rs:48:5
   7:     0x7a2a034a0cc5 - std::sys_common::backtrace::print::hce9ce9d816473a76
                               at /rustc/b2eed72a6fbf254e7d44942eaa121fcbed05d3fb/library/std/src/sys_common/backtrace.rs:35:9
   8:     0x7a2a034a0cc5 - std::panicking::default_hook::{{closure}}::h868a2fabb5c42f51
                               at /rustc/b2eed72a6fbf254e7d44942eaa121fcbed05d3fb/library/std/src/panicking.rs:295:22
   9:     0x7a2a034a0939 - std::panicking::default_hook::hb75e0dd1936cfde7
                               at /rustc/b2eed72a6fbf254e7d44942eaa121fcbed05d3fb/library/std/src/panicking.rs:314:9
  10:     0x7a2a03cec271 - rustc_driver[8741a68f5f4fdf75]::DEFAULT_HOOK::{closure#0}::{closure#0}
  11:     0x7a2a034a1496 - std::panicking::rust_panic_with_hook::hf0c2e52f66c288a5
                               at /rustc/b2eed72a6fbf254e7d44942eaa121fcbed05d3fb/library/std/src/panicking.rs:702:17
  12:     0x7a2a04e73071 - std[af97f1b210ed4e79]::panicking::begin_panic::<rustc_errors[dabb335b4955d363]::ExplicitBug>::{closure#0}
  13:     0x7a2a04e71e16 - std[af97f1b210ed4e79]::sys_common::backtrace::__rust_end_short_backtrace::<std[af97f1b210ed4e79]::panicking::begin_panic<rustc_errors[dabb335b4955d363]::ExplicitBug>::{closure#0}, !>
  14:     0x7a2a04e83306 - std[af97f1b210ed4e79]::panicking::begin_panic::<rustc_errors[dabb335b4955d363]::ExplicitBug>
  15:     0x7a2a04e87666 - std[af97f1b210ed4e79]::panic::panic_any::<rustc_errors[dabb335b4955d363]::ExplicitBug>
  16:     0x7a2a0666c5b1 - <rustc_errors[dabb335b4955d363]::HandlerInner as core[ffc70a06002e6e4b]::ops::drop::Drop>::drop
  17:     0x7a2a05d9ec08 - core[ffc70a06002e6e4b]::ptr::drop_in_place::<rustc_session[5212c2ca2d1c4530]::parse::ParseSess>
  18:     0x7a2a05da1593 - <alloc[daaa75a2fb5dba4a]::rc::Rc<rustc_session[5212c2ca2d1c4530]::session::Session> as core[ffc70a06002e6e4b]::ops::drop::Drop>::drop
  19:     0x7a2a05d9e49d - core[ffc70a06002e6e4b]::ptr::drop_in_place::<rustc_interface[7aec387ccd2d3a1]::interface::Compiler>
  20:     0x7a2a05d9db94 - rustc_span[992bc350cd49d4bf]::with_source_map::<core[ffc70a06002e6e4b]::result::Result<(), rustc_errors[dabb335b4955d363]::ErrorGuaranteed>, rustc_interface[7aec387ccd2d3a1]::interface::create_compiler_and_run<core[ffc70a06002e6e4b]::result::Result<(), rustc_errors[dabb335b4955d363]::ErrorGuaranteed>, rustc_driver[8741a68f5f4fdf75]::run_compiler::{closure#1}>::{closure#1}>
  21:     0x7a2a05d75f34 - rustc_interface[7aec387ccd2d3a1]::interface::create_compiler_and_run::<core[ffc70a06002e6e4b]::result::Result<(), rustc_errors[dabb335b4955d363]::ErrorGuaranteed>, rustc_driver[8741a68f5f4fdf75]::run_compiler::{closure#1}>
  22:     0x7a2a05d736c2 - <scoped_tls[9db3d2e0b42ad632]::ScopedKey<rustc_span[992bc350cd49d4bf]::SessionGlobals>>::set::<rustc_interface[7aec387ccd2d3a1]::interface::run_compiler<core[ffc70a06002e6e4b]::result::Result<(), rustc_errors[dabb335b4955d363]::ErrorGuaranteed>, rustc_driver[8741a68f5f4fdf75]::run_compiler::{closure#1}>::{closure#0}, core[ffc70a06002e6e4b]::result::Result<(), rustc_errors[dabb335b4955d363]::ErrorGuaranteed>>
  23:     0x7a2a05d8a78f - std[af97f1b210ed4e79]::sys_common::backtrace::__rust_begin_short_backtrace::<rustc_interface[7aec387ccd2d3a1]::util::run_in_thread_pool_with_globals<rustc_interface[7aec387ccd2d3a1]::interface::run_compiler<core[ffc70a06002e6e4b]::result::Result<(), rustc_errors[dabb335b4955d363]::ErrorGuaranteed>, rustc_driver[8741a68f5f4fdf75]::run_compiler::{closure#1}>::{closure#0}, core[ffc70a06002e6e4b]::result::Result<(), rustc_errors[dabb335b4955d363]::ErrorGuaranteed>>::{closure#0}, core[ffc70a06002e6e4b]::result::Result<(), rustc_errors[dabb335b4955d363]::ErrorGuaranteed>>
  24:     0x7a2a05d8a8c9 - <<std[af97f1b210ed4e79]::thread::Builder>::spawn_unchecked_<rustc_interface[7aec387ccd2d3a1]::util::run_in_thread_pool_with_globals<rustc_interface[7aec387ccd2d3a1]::interface::run_compiler<core[ffc70a06002e6e4b]::result::Result<(), rustc_errors[dabb335b4955d363]::ErrorGuaranteed>, rustc_driver[8741a68f5f4fdf75]::run_compiler::{closure#1}>::{closure#0}, core[ffc70a06002e6e4b]::result::Result<(), rustc_errors[dabb335b4955d363]::ErrorGuaranteed>>::{closure#0}, core[ffc70a06002e6e4b]::result::Result<(), rustc_errors[dabb335b4955d363]::ErrorGuaranteed>>::{closure#1} as core[ffc70a06002e6e4b]::ops::function::FnOnce<()>>::call_once::{shim:vtable#0}
  25:     0x7a2a034ab403 - <alloc::boxed::Box<F,A> as core::ops::function::FnOnce<Args>>::call_once::h55dfdc7c66e39faf
                               at /rustc/b2eed72a6fbf254e7d44942eaa121fcbed05d3fb/library/alloc/src/boxed.rs:1872:9
  26:     0x7a2a034ab403 - <alloc::boxed::Box<F,A> as core::ops::function::FnOnce<Args>>::call_once::h4e5cbcdfc345ed95
                               at /rustc/b2eed72a6fbf254e7d44942eaa121fcbed05d3fb/library/alloc/src/boxed.rs:1872:9
  27:     0x7a2a034ab403 - std::sys::unix::thread::Thread::new::thread_start::h94bd21201d789505
                               at /rustc/b2eed72a6fbf254e7d44942eaa121fcbed05d3fb/library/std/src/sys/unix/thread.rs:108:17
  28:     0x7a2a03094ac3 - start_thread
                               at ./nptl/./nptl/pthread_create.c:442:8
  29:     0x7a2a031268c0 - __GI___clone3
                               at ./misc/../sysdeps/unix/sysv/linux/x86_64/clone3.S:81
  30:                0x0 - <unknown>

note: the compiler unexpectedly panicked. this is a bug.

note: we would appreciate a bug report: https://github.com/rust-lang/rust/issues/new?labels=C-bug%2C+I-ICE%2C+T-compiler&template=ice.md

note: rustc 1.63.0-nightly (b2eed72a6 2022-05-22) running on x86_64-unknown-linux-gnu

note: compiler flags: --crate-type bin -C embed-bitcode=no -C debuginfo=2 -C incremental

note: some of the compiler flags provided by cargo are hidden

query stack during panic:
end of query stack
warning: `bug_97378` (bin "bug_97378") generated 2 warnings
error: could not compile `bug_97378`; 2 warnings emitted
------------------------------------------------------------
Return code: 101
