=== START 2026-02-02 18:52:30 ===
Bug ID: 97405
Toolchain: nightly-2022-05-24
Source: /data/zhangtianrong/projects/rustc-cbl/rustcbugs/97405
Run dir: /data/zhangtianrong/projects/rustc-cbl/run/97405
CMD: rustup run nightly-2022-05-24 cargo build
------------------------------------------------------------
   Compiling bug_97405 v0.1.0 (/data/zhangtianrong/projects/rustc-cbl/run/97405)
error[E0310]: the associated type `<impl Iterator as Iterator>::Item` may not live long enough
 --> src/main.rs:7:5
  |
7 |     assert_static(opaque(async {}).next());
  |     ^^^^^^^^^^^^^
  |
  = help: consider adding an explicit lifetime bound `<impl Iterator as Iterator>::Item: 'static`...
  = note: ...so that the type `Option<<impl Iterator as Iterator>::Item>` will meet its required lifetime bounds...
note: ...that is required by this bound
 --> src/main.rs:2:21
  |
2 | fn assert_static<T: 'static>(_: T) {}
  |                     ^^^^^^^

error[E0310]: the associated type `<impl Iterator as Iterator>::Item` may not live long enough
 --> src/main.rs:9:5
  |
9 |     assert_static(opaque(|| {}).next());
  |     ^^^^^^^^^^^^^
  |
  = help: consider adding an explicit lifetime bound `<impl Iterator as Iterator>::Item: 'static`...
  = note: ...so that the type `Option<<impl Iterator as Iterator>::Item>` will meet its required lifetime bounds...
note: ...that is required by this bound
 --> src/main.rs:2:21
  |
2 | fn assert_static<T: 'static>(_: T) {}
  |                     ^^^^^^^

For more information about this error, try `rustc --explain E0310`.
error: could not compile `bug_97405` due to 2 previous errors
------------------------------------------------------------
Return code: 101
