=== START 2026-01-17 20:04:49 ===
Bug ID: 98821
Toolchain: nightly-2022-07-03
Source: /data/zhangtianrong/projects/rustc-cbl/rustcbugs/98821
Run dir: /data/zhangtianrong/projects/rustc-cbl/run/98821
CMD: rustup run nightly-2022-07-03 cargo build RUSTFLAGS=-Zmir-opt-level=3
------------------------------------------------------------
   Compiling bug_98821 v0.1.0 (/data/zhangtianrong/projects/rustc-cbl/run/98821)
thread 'rustc' panicked at 'called `Option::unwrap()` on a `None` value', compiler/rustc_mir_transform/src/inline.rs:185:32
stack backtrace:
   0:     0x70c3aeca1b20 - std::backtrace_rs::backtrace::libunwind::trace::h419808c895a1be3b
                               at /rustc/f2d93935ffba3ab9d7ccb5300771a2d29b4c8bf3/library/std/src/../../backtrace/src/backtrace/mod.rs:66:5
   1:     0x70c3aeca1b20 - std::backtrace_rs::backtrace::trace_unsynchronized::h4cd640051eb1546f
                               at /rustc/f2d93935ffba3ab9d7ccb5300771a2d29b4c8bf3/library/std/src/../../backtrace/src/backtrace/mod.rs:66:5
   2:     0x70c3aeca1b20 - std::sys_common::backtrace::_print_fmt::h6a643b487717d871
                               at /rustc/f2d93935ffba3ab9d7ccb5300771a2d29b4c8bf3/library/std/src/sys_common/backtrace.rs:66:5
   3:     0x70c3aeca1b20 - <std::sys_common::backtrace::_print::DisplayBacktrace as core::fmt::Display>::fmt::h84bab1c2a632e967
                               at /rustc/f2d93935ffba3ab9d7ccb5300771a2d29b4c8bf3/library/std/src/sys_common/backtrace.rs:45:22
   4:     0x70c3aecfa85c - core::fmt::write::h41252a77742ac576
                               at /rustc/f2d93935ffba3ab9d7ccb5300771a2d29b4c8bf3/library/core/src/fmt/mod.rs:1198:17
   5:     0x70c3aec933c5 - std::io::Write::write_fmt::h68f35cff36a534dd
                               at /rustc/f2d93935ffba3ab9d7ccb5300771a2d29b4c8bf3/library/std/src/io/mod.rs:1672:15
   6:     0x70c3aeca4711 - std::sys_common::backtrace::_print::h82f0b1ac2501b6af
                               at /rustc/f2d93935ffba3ab9d7ccb5300771a2d29b4c8bf3/library/std/src/sys_common/backtrace.rs:48:5
   7:     0x70c3aeca4711 - std::sys_common::backtrace::print::h3dc7f0e84685b9ba
                               at /rustc/f2d93935ffba3ab9d7ccb5300771a2d29b4c8bf3/library/std/src/sys_common/backtrace.rs:35:9
   8:     0x70c3aeca4711 - std::panicking::default_hook::{{closure}}::h6ace3fe16ec6f7aa
                               at /rustc/f2d93935ffba3ab9d7ccb5300771a2d29b4c8bf3/library/std/src/panicking.rs:295:22
   9:     0x70c3aeca43e3 - std::panicking::default_hook::h77c1c7afb621e87c
                               at /rustc/f2d93935ffba3ab9d7ccb5300771a2d29b4c8bf3/library/std/src/panicking.rs:314:9
  10:     0x70c3af53f824 - rustc_driver[e83335c4a38137f8]::DEFAULT_HOOK::{closure#0}::{closure#0}
  11:     0x70c3aeca4ee6 - std::panicking::rust_panic_with_hook::h4cc32db16e14054a
                               at /rustc/f2d93935ffba3ab9d7ccb5300771a2d29b4c8bf3/library/std/src/panicking.rs:702:17
  12:     0x70c3aeca4cf9 - std::panicking::begin_panic_handler::{{closure}}::h402861fe76edfc4d
                               at /rustc/f2d93935ffba3ab9d7ccb5300771a2d29b4c8bf3/library/std/src/panicking.rs:586:13
  13:     0x70c3aeca1ff4 - std::sys_common::backtrace::__rust_end_short_backtrace::he555a3759268da10
                               at /rustc/f2d93935ffba3ab9d7ccb5300771a2d29b4c8bf3/library/std/src/sys_common/backtrace.rs:138:18
  14:     0x70c3aeca4a62 - rust_begin_unwind
                               at /rustc/f2d93935ffba3ab9d7ccb5300771a2d29b4c8bf3/library/std/src/panicking.rs:584:5
  15:     0x70c3aec698e3 - core::panicking::panic_fmt::hd3841d7ec8a5a967
                               at /rustc/f2d93935ffba3ab9d7ccb5300771a2d29b4c8bf3/library/core/src/panicking.rs:142:14
  16:     0x70c3aec697ad - core::panicking::panic::hb8b56792577b2743
                               at /rustc/f2d93935ffba3ab9d7ccb5300771a2d29b4c8bf3/library/core/src/panicking.rs:48:5
  17:     0x70c3b09ed47f - <rustc_mir_transform[72e177a6a444c1e]::inline::Inliner>::try_inlining
  18:     0x70c3b09e85b7 - <rustc_mir_transform[72e177a6a444c1e]::inline::Inliner>::process_blocks
  19:     0x70c3b186d986 - <rustc_mir_transform[72e177a6a444c1e]::inline::Inline as rustc_middle[a37307bbdd285edd]::mir::MirPass>::run_pass
  20:     0x70c3b0954b1a - rustc_mir_transform[72e177a6a444c1e]::pass_manager::run_passes
  21:     0x70c3b09c375b - rustc_mir_transform[72e177a6a444c1e]::optimized_mir
  22:     0x70c3b1b53917 - <rustc_query_system[c868fe53e983a2f2]::dep_graph::graph::DepGraph<rustc_middle[a37307bbdd285edd]::dep_graph::dep_node::DepKind>>::with_task::<rustc_middle[a37307bbdd285edd]::ty::context::TyCtxt, rustc_span[550c183cd1c0caaa]::def_id::DefId, &rustc_middle[a37307bbdd285edd]::mir::Body>
  23:     0x70c3b10c17e3 - rustc_query_system[c868fe53e983a2f2]::query::plumbing::try_execute_query::<rustc_query_impl[9bf812b4304d5bab]::plumbing::QueryCtxt, rustc_query_system[c868fe53e983a2f2]::query::caches::DefaultCache<rustc_span[550c183cd1c0caaa]::def_id::DefId, &rustc_middle[a37307bbdd285edd]::mir::Body>>
  24:     0x70c3b1095f0e - <rustc_query_impl[9bf812b4304d5bab]::Queries as rustc_middle[a37307bbdd285edd]::ty::query::QueryEngine>::optimized_mir
  25:     0x70c3b15934bc - <rustc_middle[a37307bbdd285edd]::ty::context::TyCtxt>::instance_mir
  26:     0x70c3b091e5ec - rustc_monomorphize[fa84db982b1e945f]::collector::collect_neighbours
  27:     0x70c3b091c003 - rustc_monomorphize[fa84db982b1e945f]::collector::collect_items_rec
  28:     0x70c3b182e72e - <rustc_session[16e8265f3bee680e]::session::Session>::time::<(), rustc_monomorphize[fa84db982b1e945f]::collector::collect_crate_mono_items::{closure#1}>
  29:     0x70c3b182270b - rustc_monomorphize[fa84db982b1e945f]::collector::collect_crate_mono_items
  30:     0x70c3b18305b6 - rustc_monomorphize[fa84db982b1e945f]::partitioning::collect_and_partition_mono_items
  31:     0x70c3b1b68647 - <rustc_query_system[c868fe53e983a2f2]::dep_graph::graph::DepGraph<rustc_middle[a37307bbdd285edd]::dep_graph::dep_node::DepKind>>::with_task::<rustc_middle[a37307bbdd285edd]::ty::context::TyCtxt, (), (&std[a38b499b13c80ab0]::collections::hash::set::HashSet<rustc_span[550c183cd1c0caaa]::def_id::DefId, core[303bee78761e0753]::hash::BuildHasherDefault<rustc_hash[8a9ad8b0d11ae3fe]::FxHasher>>, &[rustc_middle[a37307bbdd285edd]::mir::mono::CodegenUnit])>
  32:     0x70c3b1c04517 - rustc_query_system[c868fe53e983a2f2]::query::plumbing::try_execute_query::<rustc_query_impl[9bf812b4304d5bab]::plumbing::QueryCtxt, rustc_query_system[c868fe53e983a2f2]::query::caches::DefaultCache<(), (&std[a38b499b13c80ab0]::collections::hash::set::HashSet<rustc_span[550c183cd1c0caaa]::def_id::DefId, core[303bee78761e0753]::hash::BuildHasherDefault<rustc_hash[8a9ad8b0d11ae3fe]::FxHasher>>, &[rustc_middle[a37307bbdd285edd]::mir::mono::CodegenUnit])>>
  33:     0x70c3b1c52c50 - rustc_query_system[c868fe53e983a2f2]::query::plumbing::get_query::<rustc_query_impl[9bf812b4304d5bab]::queries::collect_and_partition_mono_items, rustc_query_impl[9bf812b4304d5bab]::plumbing::QueryCtxt>
  34:     0x70c3b1ba4a92 - <rustc_query_impl[9bf812b4304d5bab]::Queries as rustc_middle[a37307bbdd285edd]::ty::query::QueryEngine>::collect_and_partition_mono_items
  35:     0x70c3b170c0d6 - rustc_codegen_ssa[8f83f5a95e7fa903]::base::codegen_crate::<rustc_codegen_llvm[ddaab1b683620c95]::LlvmCodegenBackend>
  36:     0x70c3b17673ea - <rustc_codegen_llvm[ddaab1b683620c95]::LlvmCodegenBackend as rustc_codegen_ssa[8f83f5a95e7fa903]::traits::backend::CodegenBackend>::codegen_crate
  37:     0x70c3b16d5727 - <rustc_session[16e8265f3bee680e]::session::Session>::time::<alloc[aede580a0175a08c]::boxed::Box<dyn core[303bee78761e0753]::any::Any>, rustc_interface[edbb2596f0660065]::passes::start_codegen::{closure#0}>
  38:     0x70c3b16c2d40 - <rustc_interface[edbb2596f0660065]::passes::QueryContext>::enter::<<rustc_interface[edbb2596f0660065]::queries::Queries>::ongoing_codegen::{closure#0}::{closure#0}, core[303bee78761e0753]::result::Result<alloc[aede580a0175a08c]::boxed::Box<dyn core[303bee78761e0753]::any::Any>, rustc_errors[cf96977925b9f0c]::ErrorGuaranteed>>
  39:     0x70c3b16cca23 - <rustc_interface[edbb2596f0660065]::queries::Queries>::ongoing_codegen
  40:     0x70c3b168e8e1 - <rustc_interface[edbb2596f0660065]::interface::Compiler>::enter::<rustc_driver[e83335c4a38137f8]::run_compiler::{closure#1}::{closure#2}, core[303bee78761e0753]::result::Result<core[303bee78761e0753]::option::Option<rustc_interface[edbb2596f0660065]::queries::Linker>, rustc_errors[cf96977925b9f0c]::ErrorGuaranteed>>
  41:     0x70c3b168aab0 - rustc_span[550c183cd1c0caaa]::with_source_map::<core[303bee78761e0753]::result::Result<(), rustc_errors[cf96977925b9f0c]::ErrorGuaranteed>, rustc_interface[edbb2596f0660065]::interface::create_compiler_and_run<core[303bee78761e0753]::result::Result<(), rustc_errors[cf96977925b9f0c]::ErrorGuaranteed>, rustc_driver[e83335c4a38137f8]::run_compiler::{closure#1}>::{closure#1}>
  42:     0x70c3b16a50f2 - rustc_interface[edbb2596f0660065]::interface::create_compiler_and_run::<core[303bee78761e0753]::result::Result<(), rustc_errors[cf96977925b9f0c]::ErrorGuaranteed>, rustc_driver[e83335c4a38137f8]::run_compiler::{closure#1}>
  43:     0x70c3b168a2b2 - <scoped_tls[c1a1588d7c68db11]::ScopedKey<rustc_span[550c183cd1c0caaa]::SessionGlobals>>::set::<rustc_interface[edbb2596f0660065]::interface::run_compiler<core[303bee78761e0753]::result::Result<(), rustc_errors[cf96977925b9f0c]::ErrorGuaranteed>, rustc_driver[e83335c4a38137f8]::run_compiler::{closure#1}>::{closure#0}, core[303bee78761e0753]::result::Result<(), rustc_errors[cf96977925b9f0c]::ErrorGuaranteed>>
  44:     0x70c3b168cfcf - std[a38b499b13c80ab0]::sys_common::backtrace::__rust_begin_short_backtrace::<rustc_interface[edbb2596f0660065]::util::run_in_thread_pool_with_globals<rustc_interface[edbb2596f0660065]::interface::run_compiler<core[303bee78761e0753]::result::Result<(), rustc_errors[cf96977925b9f0c]::ErrorGuaranteed>, rustc_driver[e83335c4a38137f8]::run_compiler::{closure#1}>::{closure#0}, core[303bee78761e0753]::result::Result<(), rustc_errors[cf96977925b9f0c]::ErrorGuaranteed>>::{closure#0}, core[303bee78761e0753]::result::Result<(), rustc_errors[cf96977925b9f0c]::ErrorGuaranteed>>
  45:     0x70c3b16a5539 - <<std[a38b499b13c80ab0]::thread::Builder>::spawn_unchecked_<rustc_interface[edbb2596f0660065]::util::run_in_thread_pool_with_globals<rustc_interface[edbb2596f0660065]::interface::run_compiler<core[303bee78761e0753]::result::Result<(), rustc_errors[cf96977925b9f0c]::ErrorGuaranteed>, rustc_driver[e83335c4a38137f8]::run_compiler::{closure#1}>::{closure#0}, core[303bee78761e0753]::result::Result<(), rustc_errors[cf96977925b9f0c]::ErrorGuaranteed>>::{closure#0}, core[303bee78761e0753]::result::Result<(), rustc_errors[cf96977925b9f0c]::ErrorGuaranteed>>::{closure#1} as core[303bee78761e0753]::ops::function::FnOnce<()>>::call_once::{shim:vtable#0}
  46:     0x70c3aecae843 - <alloc::boxed::Box<F,A> as core::ops::function::FnOnce<Args>>::call_once::h6cafef397152c3f0
                               at /rustc/f2d93935ffba3ab9d7ccb5300771a2d29b4c8bf3/library/alloc/src/boxed.rs:1951:9
  47:     0x70c3aecae843 - <alloc::boxed::Box<F,A> as core::ops::function::FnOnce<Args>>::call_once::h0308246411b63a3b
                               at /rustc/f2d93935ffba3ab9d7ccb5300771a2d29b4c8bf3/library/alloc/src/boxed.rs:1951:9
  48:     0x70c3aecae843 - std::sys::unix::thread::Thread::new::thread_start::hd2e6d604897dcfa7
                               at /rustc/f2d93935ffba3ab9d7ccb5300771a2d29b4c8bf3/library/std/src/sys/unix/thread.rs:108:17
  49:     0x70c3ae894ac3 - start_thread
                               at ./nptl/./nptl/pthread_create.c:442:8
  50:     0x70c3ae9268c0 - __GI___clone3
                               at ./misc/../sysdeps/unix/sysv/linux/x86_64/clone3.S:81
  51:                0x0 - <unknown>

error: internal compiler error: unexpected panic

note: the compiler unexpectedly panicked. this is a bug.

note: we would appreciate a bug report: https://github.com/rust-lang/rust/issues/new?labels=C-bug%2C+I-ICE%2C+T-compiler&template=ice.md

note: rustc 1.64.0-nightly (f2d93935f 2022-07-02) running on x86_64-unknown-linux-gnu

note: compiler flags: --crate-type bin -C embed-bitcode=no -C debuginfo=2 -C incremental -Z mir-opt-level=3

note: some of the compiler flags provided by cargo are hidden

query stack during panic:
#0 [optimized_mir] optimizing MIR for `main`
#1 [collect_and_partition_mono_items] collect_and_partition_mono_items
end of query stack
error: could not compile `bug_98821`
------------------------------------------------------------
Return code: 101
