=== START 2026-02-01 20:50:59 ===
Bug ID: 98852
Toolchain: nightly-2022-07-01
Source: /data/zhangtianrong/projects/rustc-cbl/rustcbugs/98852
Run dir: /data/zhangtianrong/projects/rustc-cbl/run/98852
CMD: rustup run nightly-2022-07-01 cargo build
------------------------------------------------------------
   Compiling bug_98852 v0.1.0 (/data/zhangtianrong/projects/rustc-cbl/run/98852)
error: lifetime may not live long enough
 --> src/main.rs:9:9
  |
4 | impl<'a, 'b> Ty<'a, 'b> // <- tait or inherent impl
  |      --  -- lifetime `'b` defined here
  |      |
  |      lifetime `'a` defined here
...
9 |         Self;
  |         ^^^^ requires that `'b` must outlive `'a`
  |
  = help: consider adding the following bound: `'b: 'a`

error: could not compile `bug_98852` due to previous error
------------------------------------------------------------
Return code: 101
