=== START 2026-02-01 20:43:29 ===
Bug ID: 99490
Toolchain: nightly-2022-07-19
Source: /data/zhangtianrong/projects/rustc-cbl/rustcbugs/99490
Run dir: /data/zhangtianrong/projects/rustc-cbl/run/99490
CMD: rustup run nightly-2022-07-19 cargo build
------------------------------------------------------------
   Compiling bug_99490 v0.1.0 (/data/zhangtianrong/projects/rustc-cbl/run/99490)
warning: unreachable call
 --> src/main.rs:9:20
  |
9 | fn two() -> Tait { Two::<()>(todo!()) }
  |                    ^^^^^^^^^ ------- any code following this expression is unreachable
  |                    |
  |                    unreachable call
  |
  = note: `#[warn(unreachable_code)]` on by default

warning: type alias `Tait` is never used
 --> src/main.rs:3:6
  |
3 | type Tait = impl Sized;
  |      ^^^^
  |
  = note: `#[warn(dead_code)]` on by default

warning: struct `One` is never constructed
 --> src/main.rs:5:8
  |
5 | struct One;
  |        ^^^

warning: function `one` is never used
 --> src/main.rs:6:4
  |
6 | fn one() -> Tait { One }
  |    ^^^

warning: struct `Two` is never constructed
 --> src/main.rs:8:8
  |
8 | struct Two<T>(T);
  |        ^^^

warning: function `two` is never used
 --> src/main.rs:9:4
  |
9 | fn two() -> Tait { Two::<()>(todo!()) }
  |    ^^^

warning: `bug_99490` (bin "bug_99490") generated 6 warnings
    Finished dev [unoptimized + debuginfo] target(s) in 0.51s
------------------------------------------------------------
Return code: 0
