=== START 2026-02-02 19:00:55 ===
Bug ID: 99566
Toolchain: nightly-2022-07-18
Source: /data/zhangtianrong/projects/rustc-cbl/rustcbugs/99566
Run dir: /data/zhangtianrong/projects/rustc-cbl/run/99566
CMD: rustup run nightly-2022-07-18 cargo build
------------------------------------------------------------
   Compiling bug_99566 v0.1.0 (/data/zhangtianrong/projects/rustc-cbl/run/99566)
error: only lifetime parameters can be used in this context
 --> src/main.rs:4:15
  |
4 |     for<const N: i32> || -> () {};    
  |               ^

error: internal compiler error: compiler/rustc_typeck/src/check/fn_ctxt/_impl.rs:548:17: no type for node HirId { owner: DefId(0:3 ~ bug_99566[1860]::main), local_id: 3 }: type i32 (hir_id=HirId { owner: DefId(0:3 ~ bug_99566[1860]::main), local_id: 3 }) in fcx 0x7a82aa5f09c0

thread 'rustc' panicked at 'Box<dyn Any>', /rustc/263edd43c5255084292329423c61a9d69715ebfa/compiler/rustc_errors/src/lib.rs:1391:9
stack backtrace:
   0:     0x7a82b04a3810 - std::backtrace_rs::backtrace::libunwind::trace::h37e5dec2cc6e9b13
                               at /rustc/263edd43c5255084292329423c61a9d69715ebfa/library/std/src/../../backtrace/src/backtrace/mod.rs:66:5
   1:     0x7a82b04a3810 - std::backtrace_rs::backtrace::trace_unsynchronized::h4076d0a6b9f29716
                               at /rustc/263edd43c5255084292329423c61a9d69715ebfa/library/std/src/../../backtrace/src/backtrace/mod.rs:66:5
   2:     0x7a82b04a3810 - std::sys_common::backtrace::_print_fmt::h0986de8e19190c00
                               at /rustc/263edd43c5255084292329423c61a9d69715ebfa/library/std/src/sys_common/backtrace.rs:66:5
   3:     0x7a82b04a3810 - <std::sys_common::backtrace::_print::DisplayBacktrace as core::fmt::Display>::fmt::h07f6553e63f3844c
                               at /rustc/263edd43c5255084292329423c61a9d69715ebfa/library/std/src/sys_common/backtrace.rs:45:22
   4:     0x7a82b04fd91c - core::fmt::write::h76d2e0ec082943d7
                               at /rustc/263edd43c5255084292329423c61a9d69715ebfa/library/core/src/fmt/mod.rs:1198:17
   5:     0x7a82b0494c75 - std::io::Write::write_fmt::hfa7858ff682265ef
                               at /rustc/263edd43c5255084292329423c61a9d69715ebfa/library/std/src/io/mod.rs:1672:15
   6:     0x7a82b04a64e1 - std::sys_common::backtrace::_print::hfa747006a633d71a
                               at /rustc/263edd43c5255084292329423c61a9d69715ebfa/library/std/src/sys_common/backtrace.rs:48:5
   7:     0x7a82b04a64e1 - std::sys_common::backtrace::print::h4110d6f54ffebd30
                               at /rustc/263edd43c5255084292329423c61a9d69715ebfa/library/std/src/sys_common/backtrace.rs:35:9
   8:     0x7a82b04a64e1 - std::panicking::default_hook::{{closure}}::h90a3e53753304cd2
                               at /rustc/263edd43c5255084292329423c61a9d69715ebfa/library/std/src/panicking.rs:295:22
   9:     0x7a82b04a61b3 - std::panicking::default_hook::hc2fdae84bb2e292d
                               at /rustc/263edd43c5255084292329423c61a9d69715ebfa/library/std/src/panicking.rs:314:9
  10:     0x7a82b0d4e521 - rustc_driver[15dd611652a72a2d]::DEFAULT_HOOK::{closure#0}::{closure#0}
  11:     0x7a82b04a6cb6 - std::panicking::rust_panic_with_hook::hd1b8a285eaf7d0b1
                               at /rustc/263edd43c5255084292329423c61a9d69715ebfa/library/std/src/panicking.rs:702:17
  12:     0x7a82b1d72fd1 - std[edd176d502fdc4af]::panicking::begin_panic::<rustc_errors[92605023aa8f887c]::ExplicitBug>::{closure#0}
  13:     0x7a82b1d702b6 - std[edd176d502fdc4af]::sys_common::backtrace::__rust_end_short_backtrace::<std[edd176d502fdc4af]::panicking::begin_panic<rustc_errors[92605023aa8f887c]::ExplicitBug>::{closure#0}, !>
  14:     0x7a82b1db8086 - std[edd176d502fdc4af]::panicking::begin_panic::<rustc_errors[92605023aa8f887c]::ExplicitBug>
  15:     0x7a82b1d70276 - std[edd176d502fdc4af]::panic::panic_any::<rustc_errors[92605023aa8f887c]::ExplicitBug>
  16:     0x7a82b1d6d185 - <rustc_errors[92605023aa8f887c]::HandlerInner>::bug::<&alloc[91798719f07de791]::string::String>
  17:     0x7a82b1d6cee0 - <rustc_errors[92605023aa8f887c]::Handler>::bug::<&alloc[91798719f07de791]::string::String>
  18:     0x7a82b1e2866d - rustc_middle[83d97d5934f3d75]::ty::context::tls::with_context_opt::<rustc_middle[83d97d5934f3d75]::ty::context::tls::with_opt<rustc_middle[83d97d5934f3d75]::util::bug::opt_span_bug_fmt<rustc_span[e914f8ef96624ef0]::span_encoding::Span>::{closure#0}, ()>::{closure#0}, ()>
  19:     0x7a82b1e2e606 - rustc_middle[83d97d5934f3d75]::util::bug::opt_span_bug_fmt::<rustc_span[e914f8ef96624ef0]::span_encoding::Span>
  20:     0x7a82b1e2e583 - rustc_middle[83d97d5934f3d75]::util::bug::bug_fmt
  21:     0x7a82b2384c83 - <rustc_typeck[fea945bb0f74a11c]::check::writeback::WritebackCx as rustc_hir[1f1abc29ffa21363]::intravisit::Visitor>::visit_ty
  22:     0x7a82b2381af7 - <rustc_typeck[fea945bb0f74a11c]::check::writeback::WritebackCx as rustc_hir[1f1abc29ffa21363]::intravisit::Visitor>::visit_expr
  23:     0x7a82b237e7c6 - <rustc_typeck[fea945bb0f74a11c]::check::writeback::WritebackCx as rustc_hir[1f1abc29ffa21363]::intravisit::Visitor>::visit_expr
  24:     0x7a82b23332d9 - <rustc_typeck[fea945bb0f74a11c]::check::fn_ctxt::FnCtxt>::resolve_type_vars_in_body
  25:     0x7a82b23ea749 - <rustc_infer[55a5122dfed03daa]::infer::InferCtxtBuilder>::enter::<&rustc_middle[83d97d5934f3d75]::ty::context::TypeckResults, <rustc_typeck[fea945bb0f74a11c]::check::inherited::InheritedBuilder>::enter<rustc_typeck[fea945bb0f74a11c]::check::typeck_with_fallback<rustc_typeck[fea945bb0f74a11c]::check::typeck::{closure#0}>::{closure#1}, &rustc_middle[83d97d5934f3d75]::ty::context::TypeckResults>::{closure#0}>
  26:     0x7a82b2374e6f - rustc_typeck[fea945bb0f74a11c]::check::typeck
  27:     0x7a82b3411c2f - <rustc_query_system[6ca19358d428543a]::dep_graph::graph::DepGraph<rustc_middle[83d97d5934f3d75]::dep_graph::dep_node::DepKind>>::with_task::<rustc_middle[83d97d5934f3d75]::ty::context::TyCtxt, rustc_span[e914f8ef96624ef0]::def_id::LocalDefId, &rustc_middle[83d97d5934f3d75]::ty::context::TypeckResults>
  28:     0x7a82b2926a9a - rustc_query_system[6ca19358d428543a]::query::plumbing::try_execute_query::<rustc_query_impl[11c9e65005db0664]::plumbing::QueryCtxt, rustc_query_system[6ca19358d428543a]::query::caches::DefaultCache<rustc_span[e914f8ef96624ef0]::def_id::LocalDefId, &rustc_middle[83d97d5934f3d75]::ty::context::TypeckResults>>
  29:     0x7a82b28fef78 - <rustc_query_impl[11c9e65005db0664]::Queries as rustc_middle[83d97d5934f3d75]::ty::query::QueryEngine>::typeck
  30:     0x7a82b23cde8d - <rustc_middle[83d97d5934f3d75]::hir::map::Map>::par_body_owners::<rustc_typeck[fea945bb0f74a11c]::check::typeck_item_bodies::{closure#0}>
  31:     0x7a82b31dffac - rustc_typeck[fea945bb0f74a11c]::check::typeck_item_bodies
  32:     0x7a82b34349d4 - <rustc_query_system[6ca19358d428543a]::dep_graph::graph::DepGraph<rustc_middle[83d97d5934f3d75]::dep_graph::dep_node::DepKind>>::with_task::<rustc_middle[83d97d5934f3d75]::ty::context::TyCtxt, (), ()>
  33:     0x7a82b34d6555 - rustc_query_system[6ca19358d428543a]::query::plumbing::try_execute_query::<rustc_query_impl[11c9e65005db0664]::plumbing::QueryCtxt, rustc_query_system[6ca19358d428543a]::query::caches::DefaultCache<(), ()>>
  34:     0x7a82b3509251 - rustc_query_system[6ca19358d428543a]::query::plumbing::get_query::<rustc_query_impl[11c9e65005db0664]::queries::typeck_item_bodies, rustc_query_impl[11c9e65005db0664]::plumbing::QueryCtxt>
  35:     0x7a82b31e9f4f - <rustc_session[dc7a9e6f80bcc103]::session::Session>::time::<(), rustc_typeck[fea945bb0f74a11c]::check_crate::{closure#7}>
  36:     0x7a82b3242347 - rustc_typeck[fea945bb0f74a11c]::check_crate
  37:     0x7a82b2f6e057 - rustc_interface[75d9900ff74daca7]::passes::analysis
  38:     0x7a82b342f42c - <rustc_query_system[6ca19358d428543a]::dep_graph::graph::DepGraph<rustc_middle[83d97d5934f3d75]::dep_graph::dep_node::DepKind>>::with_task::<rustc_middle[83d97d5934f3d75]::ty::context::TyCtxt, (), core[393e8f59db5fa92]::result::Result<(), rustc_errors[92605023aa8f887c]::ErrorGuaranteed>>
  39:     0x7a82b34cc91b - rustc_query_system[6ca19358d428543a]::query::plumbing::try_execute_query::<rustc_query_impl[11c9e65005db0664]::plumbing::QueryCtxt, rustc_query_system[6ca19358d428543a]::query::caches::DefaultCache<(), core[393e8f59db5fa92]::result::Result<(), rustc_errors[92605023aa8f887c]::ErrorGuaranteed>>>
  40:     0x7a82b352aa1e - rustc_query_system[6ca19358d428543a]::query::plumbing::get_query::<rustc_query_impl[11c9e65005db0664]::queries::analysis, rustc_query_impl[11c9e65005db0664]::plumbing::QueryCtxt>
  41:     0x7a82b2f4725e - <rustc_interface[75d9900ff74daca7]::passes::QueryContext>::enter::<rustc_driver[15dd611652a72a2d]::run_compiler::{closure#1}::{closure#2}::{closure#3}, core[393e8f59db5fa92]::result::Result<(), rustc_errors[92605023aa8f887c]::ErrorGuaranteed>>
  42:     0x7a82b2f2ab0e - <rustc_interface[75d9900ff74daca7]::interface::Compiler>::enter::<rustc_driver[15dd611652a72a2d]::run_compiler::{closure#1}::{closure#2}, core[393e8f59db5fa92]::result::Result<core[393e8f59db5fa92]::option::Option<rustc_interface[75d9900ff74daca7]::queries::Linker>, rustc_errors[92605023aa8f887c]::ErrorGuaranteed>>
  43:     0x7a82b2f26c6f - rustc_span[e914f8ef96624ef0]::with_source_map::<core[393e8f59db5fa92]::result::Result<(), rustc_errors[92605023aa8f887c]::ErrorGuaranteed>, rustc_interface[75d9900ff74daca7]::interface::create_compiler_and_run<core[393e8f59db5fa92]::result::Result<(), rustc_errors[92605023aa8f887c]::ErrorGuaranteed>, rustc_driver[15dd611652a72a2d]::run_compiler::{closure#1}>::{closure#1}>
  44:     0x7a82b2f2b8b0 - rustc_interface[75d9900ff74daca7]::interface::create_compiler_and_run::<core[393e8f59db5fa92]::result::Result<(), rustc_errors[92605023aa8f887c]::ErrorGuaranteed>, rustc_driver[15dd611652a72a2d]::run_compiler::{closure#1}>
  45:     0x7a82b2f57342 - <scoped_tls[da4dea5aebd16cd0]::ScopedKey<rustc_span[e914f8ef96624ef0]::SessionGlobals>>::set::<rustc_interface[75d9900ff74daca7]::interface::run_compiler<core[393e8f59db5fa92]::result::Result<(), rustc_errors[92605023aa8f887c]::ErrorGuaranteed>, rustc_driver[15dd611652a72a2d]::run_compiler::{closure#1}>::{closure#0}, core[393e8f59db5fa92]::result::Result<(), rustc_errors[92605023aa8f887c]::ErrorGuaranteed>>
  46:     0x7a82b2f2920f - std[edd176d502fdc4af]::sys_common::backtrace::__rust_begin_short_backtrace::<rustc_interface[75d9900ff74daca7]::util::run_in_thread_pool_with_globals<rustc_interface[75d9900ff74daca7]::interface::run_compiler<core[393e8f59db5fa92]::result::Result<(), rustc_errors[92605023aa8f887c]::ErrorGuaranteed>, rustc_driver[15dd611652a72a2d]::run_compiler::{closure#1}>::{closure#0}, core[393e8f59db5fa92]::result::Result<(), rustc_errors[92605023aa8f887c]::ErrorGuaranteed>>::{closure#0}, core[393e8f59db5fa92]::result::Result<(), rustc_errors[92605023aa8f887c]::ErrorGuaranteed>>
  47:     0x7a82b2f436d9 - <<std[edd176d502fdc4af]::thread::Builder>::spawn_unchecked_<rustc_interface[75d9900ff74daca7]::util::run_in_thread_pool_with_globals<rustc_interface[75d9900ff74daca7]::interface::run_compiler<core[393e8f59db5fa92]::result::Result<(), rustc_errors[92605023aa8f887c]::ErrorGuaranteed>, rustc_driver[15dd611652a72a2d]::run_compiler::{closure#1}>::{closure#0}, core[393e8f59db5fa92]::result::Result<(), rustc_errors[92605023aa8f887c]::ErrorGuaranteed>>::{closure#0}, core[393e8f59db5fa92]::result::Result<(), rustc_errors[92605023aa8f887c]::ErrorGuaranteed>>::{closure#1} as core[393e8f59db5fa92]::ops::function::FnOnce<()>>::call_once::{shim:vtable#0}
  48:     0x7a82b04b0a23 - <alloc::boxed::Box<F,A> as core::ops::function::FnOnce<Args>>::call_once::h59ac98db5ce756f8
                               at /rustc/263edd43c5255084292329423c61a9d69715ebfa/library/alloc/src/boxed.rs:1935:9
  49:     0x7a82b04b0a23 - <alloc::boxed::Box<F,A> as core::ops::function::FnOnce<Args>>::call_once::hc8e32f82f8b1cd3d
                               at /rustc/263edd43c5255084292329423c61a9d69715ebfa/library/alloc/src/boxed.rs:1935:9
  50:     0x7a82b04b0a23 - std::sys::unix::thread::Thread::new::thread_start::h38bcbc46b84d0146
                               at /rustc/263edd43c5255084292329423c61a9d69715ebfa/library/std/src/sys/unix/thread.rs:108:17
  51:     0x7a82b0094ac3 - start_thread
                               at ./nptl/./nptl/pthread_create.c:442:8
  52:     0x7a82b01268c0 - __GI___clone3
                               at ./misc/../sysdeps/unix/sysv/linux/x86_64/clone3.S:81
  53:                0x0 - <unknown>

note: the compiler unexpectedly panicked. this is a bug.

note: we would appreciate a bug report: https://github.com/rust-lang/rust/issues/new?labels=C-bug%2C+I-ICE%2C+T-compiler&template=ice.md

note: rustc 1.64.0-nightly (263edd43c 2022-07-17) running on x86_64-unknown-linux-gnu

note: compiler flags: --crate-type bin -C embed-bitcode=no -C debuginfo=2 -C incremental

note: some of the compiler flags provided by cargo are hidden

query stack during panic:
#0 [typeck] type-checking `main`
#1 [typeck_item_bodies] type-checking all item bodies
#2 [analysis] running analysis passes on this crate
end of query stack
error: could not compile `bug_99566` due to previous error
------------------------------------------------------------
Return code: 101
