=== START 2026-02-01 22:06:54 ===
Bug ID: 99705
Toolchain: nightly-2022-07-21
Source: /data/zhangtianrong/projects/rustc-cbl/rustcbugs/99705
Run dir: /data/zhangtianrong/projects/rustc-cbl/run/99705
CMD: rustup run nightly-2022-07-21 cargo build
------------------------------------------------------------
   Compiling bug_99705 v0.1.0 (/data/zhangtianrong/projects/rustc-cbl/run/99705)
warning: unnecessary braces around const expression
  --> src/main.rs:25:79
   |
25 | fn test<T: Foo>() -> impl MyIterator<Output = BarStruct<{T::ABC}>> where [(); {T::ABC}]: Sized {
   |                                                                               ^      ^
   |
   = note: `#[warn(unused_braces)]` on by default
help: remove these braces
   |
25 - fn test<T: Foo>() -> impl MyIterator<Output = BarStruct<{T::ABC}>> where [(); {T::ABC}]: Sized {
25 + fn test<T: Foo>() -> impl MyIterator<Output = BarStruct<{T::ABC}>> where [(); T::ABC]: Sized {
   |

error[E0599]: no associated item named `ABC` found for type parameter `T` in the current scope
  --> src/main.rs:25:61
   |
25 | fn test<T: Foo>() -> impl MyIterator<Output = BarStruct<{T::ABC}>> where [(); {T::ABC}]: Sized {
   |         -                                                   ^^^ associated item not found in `T`
   |         |
   |         associated item `ABC` not found for this type parameter
   |
   = help: items from traits can only be used if the type parameter is bounded by the trait

For more information about this error, try `rustc --explain E0599`.
warning: `bug_99705` (bin "bug_99705") generated 1 warning
error: could not compile `bug_99705` due to previous error; 1 warning emitted
------------------------------------------------------------
Return code: 101
