=== START 2026-02-01 20:25:50 ===
Bug ID: 99793
Toolchain: nightly-2022-07-25
Source: /data/zhangtianrong/projects/rustc-cbl/rustcbugs/99793
Run dir: /data/zhangtianrong/projects/rustc-cbl/run/99793
CMD: rustup run nightly-2022-07-25 cargo build
------------------------------------------------------------
   Compiling bug_99793 v0.1.0 (/data/zhangtianrong/projects/rustc-cbl/run/99793)
error[E0391]: cycle detected when computing type of `f::{opaque#0}`
 --> src/main.rs:1:17
  |
1 | const fn f() -> impl Eq { g() }
  |                 ^^^^^^^
  |
note: ...which requires borrow-checking `f`...
 --> src/main.rs:1:1
  |
1 | const fn f() -> impl Eq { g() }
  | ^^^^^^^^^^^^^^^^^^^^^^^
note: ...which requires processing `f`...
 --> src/main.rs:1:1
  |
1 | const fn f() -> impl Eq { g() }
  | ^^^^^^^^^^^^^^^^^^^^^^^
note: ...which requires const checking `f`...
 --> src/main.rs:1:1
  |
1 | const fn f() -> impl Eq { g() }
  | ^^^^^^^^^^^^^^^^^^^^^^^
  = note: ...which requires computing whether `impl core::cmp::Eq` is freeze...
  = note: ...which requires evaluating trait selection obligation `impl core::cmp::Eq: core::marker::Freeze`...
  = note: ...which again requires computing type of `f::{opaque#0}`, completing the cycle
note: cycle used when checking item types in top-level module
 --> src/main.rs:1:1
  |
1 | const fn f() -> impl Eq { g() }
  | ^^^^^^^^^^^^^^^^^^^^^^^

For more information about this error, try `rustc --explain E0391`.
error: could not compile `bug_99793` due to previous error
------------------------------------------------------------
Return code: 101
