=== START 2026-01-17 13:10:01 ===
Bug ID: 99914
Toolchain: nightly-2022-07-27
Source: /data/zhangtianrong/projects/rustc-cbl/rustcbugs/99914
Run dir: /data/zhangtianrong/projects/rustc-cbl/run/99914
CMD: rustup run nightly-2022-07-27 cargo build
------------------------------------------------------------
   Compiling bug_99914 v0.1.0 (/data/zhangtianrong/projects/rustc-cbl/run/99914)
error[E0728]: `await` is only allowed inside `async` functions and blocks
 --> src/main.rs:7:6
  |
3 | fn foo() {
  |    --- this is not `async`
...
7 |     ).await;
  |      ^^^^^^ only allowed inside `async` functions and blocks

warning: unreachable statement
 --> src/main.rs:5:5
  |
4 |       let initial_exchange: Result<usize, Error> = todo!();
  |                                                    ------- any code following this expression is unreachable
5 | /     initial_exchange.and_then(|_|
6 | |         serve_udp_tunnel()
7 | |     ).await;
  | |____________^ unreachable statement
  |
  = note: `#[warn(unreachable_code)]` on by default

thread 'rustc' panicked at 'index out of bounds: the len is 12 but the index is 13', /cargo/registry/src/github.com-1ecc6299db9ec823/ena-0.14.0/src/snapshot_vec.rs:199:10
stack backtrace:
   0:     0x797570fc5190 - std::backtrace_rs::backtrace::libunwind::trace::hc5f0e1506f4edb39
                               at /rustc/4d6d601c8a83284d6b23c253a3e2a060fd197316/library/std/src/../../backtrace/src/backtrace/mod.rs:66:5
   1:     0x797570fc5190 - std::backtrace_rs::backtrace::trace_unsynchronized::h53b1c5dc3c06560b
                               at /rustc/4d6d601c8a83284d6b23c253a3e2a060fd197316/library/std/src/../../backtrace/src/backtrace/mod.rs:66:5
   2:     0x797570fc5190 - std::sys_common::backtrace::_print_fmt::h1a7d5f48906eae70
                               at /rustc/4d6d601c8a83284d6b23c253a3e2a060fd197316/library/std/src/sys_common/backtrace.rs:66:5
   3:     0x797570fc5190 - <std::sys_common::backtrace::_print::DisplayBacktrace as core::fmt::Display>::fmt::hed9a08d0af811fa5
                               at /rustc/4d6d601c8a83284d6b23c253a3e2a060fd197316/library/std/src/sys_common/backtrace.rs:45:22
   4:     0x79757102064c - core::fmt::write::h574d7e8060e08389
                               at /rustc/4d6d601c8a83284d6b23c253a3e2a060fd197316/library/core/src/fmt/mod.rs:1198:17
   5:     0x797570fb61c5 - std::io::Write::write_fmt::h3266c77374172c32
                               at /rustc/4d6d601c8a83284d6b23c253a3e2a060fd197316/library/std/src/io/mod.rs:1672:15
   6:     0x797570fc7e61 - std::sys_common::backtrace::_print::h745319fa404abc88
                               at /rustc/4d6d601c8a83284d6b23c253a3e2a060fd197316/library/std/src/sys_common/backtrace.rs:48:5
   7:     0x797570fc7e61 - std::sys_common::backtrace::print::h42f1b482778349d6
                               at /rustc/4d6d601c8a83284d6b23c253a3e2a060fd197316/library/std/src/sys_common/backtrace.rs:35:9
   8:     0x797570fc7e61 - std::panicking::default_hook::{{closure}}::hf42ee92d109b18cd
                               at /rustc/4d6d601c8a83284d6b23c253a3e2a060fd197316/library/std/src/panicking.rs:295:22
   9:     0x797570fc7b33 - std::panicking::default_hook::heb8c1646fafa37cf
                               at /rustc/4d6d601c8a83284d6b23c253a3e2a060fd197316/library/std/src/panicking.rs:314:9
  10:     0x79756fb3fc44 - <rustc_driver[a0ade260a6e789b1]::DEFAULT_HOOK::{closure#0}::{closure#0} as core[a599283b7c69020c]::ops::function::FnOnce<(&core[a599283b7c69020c]::panic::panic_info::PanicInfo,)>>::call_once::{shim:vtable#0}
  11:     0x797570fc8696 - std::panicking::rust_panic_with_hook::h92fcad6ddbd25f63
                               at /rustc/4d6d601c8a83284d6b23c253a3e2a060fd197316/library/std/src/panicking.rs:702:17
  12:     0x797570fc84e7 - std::panicking::begin_panic_handler::{{closure}}::hf30199cc9cd78007
                               at /rustc/4d6d601c8a83284d6b23c253a3e2a060fd197316/library/std/src/panicking.rs:588:13
  13:     0x797570fc56b4 - std::sys_common::backtrace::__rust_end_short_backtrace::h98e4e812e85c2d18
                               at /rustc/4d6d601c8a83284d6b23c253a3e2a060fd197316/library/std/src/sys_common/backtrace.rs:138:18
  14:     0x797570fc8212 - rust_begin_unwind
                               at /rustc/4d6d601c8a83284d6b23c253a3e2a060fd197316/library/std/src/panicking.rs:584:5
  15:     0x79757101d123 - core::panicking::panic_fmt::h1627e39d69366ab1
                               at /rustc/4d6d601c8a83284d6b23c253a3e2a060fd197316/library/core/src/panicking.rs:142:14
  16:     0x79757101d062 - core::panicking::panic_bounds_check::h9bb70fcc09b07ebf
                               at /rustc/4d6d601c8a83284d6b23c253a3e2a060fd197316/library/core/src/panicking.rs:84:5
  17:     0x79756e48d65b - <&rustc_middle[c06c896bc6ed41f6]::ty::list::List<rustc_middle[c06c896bc6ed41f6]::ty::subst::GenericArg> as rustc_middle[c06c896bc6ed41f6]::ty::fold::TypeFoldable>::try_fold_with::<rustc_infer[6faa4944682abd6b]::infer::resolve::OpportunisticVarResolver>
  18:     0x79756e48c48d - <rustc_infer[6faa4944682abd6b]::infer::resolve::OpportunisticVarResolver as rustc_middle[c06c896bc6ed41f6]::ty::fold::FallibleTypeFolder>::try_fold_ty
  19:     0x79757098e006 - <(rustc_middle[c06c896bc6ed41f6]::ty::Ty, rustc_middle[c06c896bc6ed41f6]::ty::Ty) as rustc_middle[c06c896bc6ed41f6]::ty::fold::TypeFoldable>::fold_with::<rustc_infer[6faa4944682abd6b]::infer::resolve::OpportunisticVarResolver>
  20:     0x797570980e0f - <rustc_infer[6faa4944682abd6b]::infer::InferCtxt>::same_type_modulo_infer
  21:     0x797570986382 - <rustc_infer[6faa4944682abd6b]::infer::InferCtxt>::note_type_err
  22:     0x79757097cc97 - <rustc_infer[6faa4944682abd6b]::infer::InferCtxt>::report_and_explain_type_error
  23:     0x79756e6b304b - <rustc_infer[6faa4944682abd6b]::infer::InferCtxt>::report_mismatched_types
  24:     0x79756ff873e1 - <rustc_typeck[ecb2f10f2e9a7a04]::check::coercion::CoerceMany<&rustc_hir[3101c63fda7ef935]::hir::Expr>>::report_return_mismatched_types
  25:     0x79756e677095 - <rustc_typeck[ecb2f10f2e9a7a04]::check::coercion::CoerceMany<&rustc_hir[3101c63fda7ef935]::hir::Expr>>::coerce
  26:     0x79756ebfb102 - rustc_typeck[ecb2f10f2e9a7a04]::check::check::check_fn
  27:     0x79756e6d809e - <rustc_typeck[ecb2f10f2e9a7a04]::check::fn_ctxt::FnCtxt>::check_expr_closure
  28:     0x79756e66ad64 - <rustc_typeck[ecb2f10f2e9a7a04]::check::fn_ctxt::FnCtxt>::check_expr_with_expectation_and_args
  29:     0x79756e6622ff - <rustc_typeck[ecb2f10f2e9a7a04]::check::fn_ctxt::FnCtxt>::check_argument_types
  30:     0x79756e669616 - <rustc_typeck[ecb2f10f2e9a7a04]::check::fn_ctxt::FnCtxt>::check_expr_with_expectation_and_args
  31:     0x79756e6622ff - <rustc_typeck[ecb2f10f2e9a7a04]::check::fn_ctxt::FnCtxt>::check_argument_types
  32:     0x79756e61beee - <rustc_typeck[ecb2f10f2e9a7a04]::check::fn_ctxt::FnCtxt>::check_call
  33:     0x79756e668139 - <rustc_typeck[ecb2f10f2e9a7a04]::check::fn_ctxt::FnCtxt>::check_expr_with_expectation_and_args
  34:     0x79756e6a6abc - <rustc_typeck[ecb2f10f2e9a7a04]::check::fn_ctxt::FnCtxt>::check_match
  35:     0x79756e66980e - <rustc_typeck[ecb2f10f2e9a7a04]::check::fn_ctxt::FnCtxt>::check_expr_with_expectation_and_args
  36:     0x79756e67a623 - <rustc_typeck[ecb2f10f2e9a7a04]::check::fn_ctxt::FnCtxt>::check_block_with_expected
  37:     0x79756e668266 - <rustc_typeck[ecb2f10f2e9a7a04]::check::fn_ctxt::FnCtxt>::check_expr_with_expectation_and_args
  38:     0x79756ebfb01e - rustc_typeck[ecb2f10f2e9a7a04]::check::check::check_fn
  39:     0x79756ebe9c67 - <rustc_infer[6faa4944682abd6b]::infer::InferCtxtBuilder>::enter::<&rustc_middle[c06c896bc6ed41f6]::ty::context::TypeckResults, <rustc_typeck[ecb2f10f2e9a7a04]::check::inherited::InheritedBuilder>::enter<rustc_typeck[ecb2f10f2e9a7a04]::check::typeck_with_fallback<rustc_typeck[ecb2f10f2e9a7a04]::check::typeck::{closure#0}>::{closure#1}, &rustc_middle[c06c896bc6ed41f6]::ty::context::TypeckResults>::{closure#0}>
  40:     0x79756f564836 - rustc_typeck[ecb2f10f2e9a7a04]::check::typeck
  41:     0x79756f175f5f - <rustc_query_system[a458740b1a6fe87d]::dep_graph::graph::DepGraph<rustc_middle[c06c896bc6ed41f6]::dep_graph::dep_node::DepKind>>::with_task::<rustc_middle[c06c896bc6ed41f6]::ty::context::TyCtxt, rustc_span[90105904d27db040]::def_id::LocalDefId, &rustc_middle[c06c896bc6ed41f6]::ty::context::TypeckResults>
  42:     0x79756f16e2fa - rustc_query_system[a458740b1a6fe87d]::query::plumbing::try_execute_query::<rustc_query_impl[be804afc13dcb226]::plumbing::QueryCtxt, rustc_query_system[a458740b1a6fe87d]::query::caches::DefaultCache<rustc_span[90105904d27db040]::def_id::LocalDefId, &rustc_middle[c06c896bc6ed41f6]::ty::context::TypeckResults>>
  43:     0x79756fa4ac08 - <rustc_query_impl[be804afc13dcb226]::Queries as rustc_middle[c06c896bc6ed41f6]::ty::query::QueryEngine>::typeck
  44:     0x79756f8503c6 - rustc_data_structures[fbd16ab03047d4e1]::sync::par_for_each_in::<&[rustc_span[90105904d27db040]::def_id::LocalDefId], <rustc_middle[c06c896bc6ed41f6]::hir::map::Map>::par_body_owners<rustc_typeck[ecb2f10f2e9a7a04]::check::typeck_item_bodies::{closure#0}>::{closure#0}>
  45:     0x79756f85017b - <rustc_middle[c06c896bc6ed41f6]::hir::map::Map>::par_body_owners::<rustc_typeck[ecb2f10f2e9a7a04]::check::typeck_item_bodies::{closure#0}>
  46:     0x79756f8500cc - rustc_typeck[ecb2f10f2e9a7a04]::check::typeck_item_bodies
  47:     0x79756f839259 - <rustc_query_system[a458740b1a6fe87d]::dep_graph::graph::DepGraph<rustc_middle[c06c896bc6ed41f6]::dep_graph::dep_node::DepKind>>::with_task::<rustc_middle[c06c896bc6ed41f6]::ty::context::TyCtxt, (), ()>
  48:     0x79756f838395 - rustc_query_system[a458740b1a6fe87d]::query::plumbing::try_execute_query::<rustc_query_impl[be804afc13dcb226]::plumbing::QueryCtxt, rustc_query_system[a458740b1a6fe87d]::query::caches::DefaultCache<(), ()>>
  49:     0x79756f837e11 - rustc_query_system[a458740b1a6fe87d]::query::plumbing::get_query::<rustc_query_impl[be804afc13dcb226]::queries::typeck_item_bodies, rustc_query_impl[be804afc13dcb226]::plumbing::QueryCtxt>
  50:     0x79756f5315af - <rustc_session[7e34ebf252ff7713]::session::Session>::time::<(), rustc_typeck[ecb2f10f2e9a7a04]::check_crate::{closure#7}>
  51:     0x79756f530f1f - rustc_typeck[ecb2f10f2e9a7a04]::check_crate
  52:     0x79756f5304c7 - rustc_interface[12cd15037279811a]::passes::analysis
  53:     0x79756f8f8fec - <rustc_query_system[a458740b1a6fe87d]::dep_graph::graph::DepGraph<rustc_middle[c06c896bc6ed41f6]::dep_graph::dep_node::DepKind>>::with_task::<rustc_middle[c06c896bc6ed41f6]::ty::context::TyCtxt, (), core[a599283b7c69020c]::result::Result<(), rustc_errors[bf0ec959d267706f]::ErrorGuaranteed>>
  54:     0x79756f8f87ab - rustc_query_system[a458740b1a6fe87d]::query::plumbing::try_execute_query::<rustc_query_impl[be804afc13dcb226]::plumbing::QueryCtxt, rustc_query_system[a458740b1a6fe87d]::query::caches::DefaultCache<(), core[a599283b7c69020c]::result::Result<(), rustc_errors[bf0ec959d267706f]::ErrorGuaranteed>>>
  55:     0x79756f8f82fe - rustc_query_system[a458740b1a6fe87d]::query::plumbing::get_query::<rustc_query_impl[be804afc13dcb226]::queries::analysis, rustc_query_impl[be804afc13dcb226]::plumbing::QueryCtxt>
  56:     0x79756f2c0ffe - <rustc_interface[12cd15037279811a]::passes::QueryContext>::enter::<rustc_driver[a0ade260a6e789b1]::run_compiler::{closure#1}::{closure#2}::{closure#3}, core[a599283b7c69020c]::result::Result<(), rustc_errors[bf0ec959d267706f]::ErrorGuaranteed>>
  57:     0x79756f2bb49e - <rustc_interface[12cd15037279811a]::interface::Compiler>::enter::<rustc_driver[a0ade260a6e789b1]::run_compiler::{closure#1}::{closure#2}, core[a599283b7c69020c]::result::Result<core[a599283b7c69020c]::option::Option<rustc_interface[12cd15037279811a]::queries::Linker>, rustc_errors[bf0ec959d267706f]::ErrorGuaranteed>>
  58:     0x79756f2b6dea - rustc_span[90105904d27db040]::with_source_map::<core[a599283b7c69020c]::result::Result<(), rustc_errors[bf0ec959d267706f]::ErrorGuaranteed>, rustc_interface[12cd15037279811a]::interface::create_compiler_and_run<core[a599283b7c69020c]::result::Result<(), rustc_errors[bf0ec959d267706f]::ErrorGuaranteed>, rustc_driver[a0ade260a6e789b1]::run_compiler::{closure#1}>::{closure#1}>
  59:     0x79756f2b6840 - rustc_interface[12cd15037279811a]::interface::create_compiler_and_run::<core[a599283b7c69020c]::result::Result<(), rustc_errors[bf0ec959d267706f]::ErrorGuaranteed>, rustc_driver[a0ade260a6e789b1]::run_compiler::{closure#1}>
  60:     0x79756f2b4af2 - <scoped_tls[5363f42907f48936]::ScopedKey<rustc_span[90105904d27db040]::SessionGlobals>>::set::<rustc_interface[12cd15037279811a]::interface::run_compiler<core[a599283b7c69020c]::result::Result<(), rustc_errors[bf0ec959d267706f]::ErrorGuaranteed>, rustc_driver[a0ade260a6e789b1]::run_compiler::{closure#1}>::{closure#0}, core[a599283b7c69020c]::result::Result<(), rustc_errors[bf0ec959d267706f]::ErrorGuaranteed>>
  61:     0x79756f2b47df - std[a5d371daafdd0081]::sys_common::backtrace::__rust_begin_short_backtrace::<rustc_interface[12cd15037279811a]::util::run_in_thread_pool_with_globals<rustc_interface[12cd15037279811a]::interface::run_compiler<core[a599283b7c69020c]::result::Result<(), rustc_errors[bf0ec959d267706f]::ErrorGuaranteed>, rustc_driver[a0ade260a6e789b1]::run_compiler::{closure#1}>::{closure#0}, core[a599283b7c69020c]::result::Result<(), rustc_errors[bf0ec959d267706f]::ErrorGuaranteed>>::{closure#0}, core[a599283b7c69020c]::result::Result<(), rustc_errors[bf0ec959d267706f]::ErrorGuaranteed>>
  62:     0x79756f977b99 - <<std[a5d371daafdd0081]::thread::Builder>::spawn_unchecked_<rustc_interface[12cd15037279811a]::util::run_in_thread_pool_with_globals<rustc_interface[12cd15037279811a]::interface::run_compiler<core[a599283b7c69020c]::result::Result<(), rustc_errors[bf0ec959d267706f]::ErrorGuaranteed>, rustc_driver[a0ade260a6e789b1]::run_compiler::{closure#1}>::{closure#0}, core[a599283b7c69020c]::result::Result<(), rustc_errors[bf0ec959d267706f]::ErrorGuaranteed>>::{closure#0}, core[a599283b7c69020c]::result::Result<(), rustc_errors[bf0ec959d267706f]::ErrorGuaranteed>>::{closure#1} as core[a599283b7c69020c]::ops::function::FnOnce<()>>::call_once::{shim:vtable#0}
  63:     0x797570fd2133 - <alloc::boxed::Box<F,A> as core::ops::function::FnOnce<Args>>::call_once::hd902820237ccecb5
                               at /rustc/4d6d601c8a83284d6b23c253a3e2a060fd197316/library/alloc/src/boxed.rs:1935:9
  64:     0x797570fd2133 - <alloc::boxed::Box<F,A> as core::ops::function::FnOnce<Args>>::call_once::h3e95e0b5b37527e9
                               at /rustc/4d6d601c8a83284d6b23c253a3e2a060fd197316/library/alloc/src/boxed.rs:1935:9
  65:     0x797570fd2133 - std::sys::unix::thread::Thread::new::thread_start::h2c734a2b9024b980
                               at /rustc/4d6d601c8a83284d6b23c253a3e2a060fd197316/library/std/src/sys/unix/thread.rs:108:17
  66:     0x79756d094ac3 - start_thread
                               at ./nptl/./nptl/pthread_create.c:442:8
  67:     0x79756d1268c0 - __GI___clone3
                               at ./misc/../sysdeps/unix/sysv/linux/x86_64/clone3.S:81
  68:                0x0 - <unknown>

error: internal compiler error: unexpected panic

note: the compiler unexpectedly panicked. this is a bug.

note: we would appreciate a bug report: https://github.com/rust-lang/rust/issues/new?labels=C-bug%2C+I-ICE%2C+T-compiler&template=ice.md

note: rustc 1.64.0-nightly (4d6d601c8 2022-07-26) running on x86_64-unknown-linux-gnu

note: compiler flags: --crate-type bin -C embed-bitcode=no -C debuginfo=2 -C incremental

note: some of the compiler flags provided by cargo are hidden

query stack during panic:
#0 [typeck] type-checking `foo`
#1 [typeck_item_bodies] type-checking all item bodies
#2 [analysis] running analysis passes on this crate
end of query stack
For more information about this error, try `rustc --explain E0728`.
warning: `bug_99914` (bin "bug_99914") generated 1 warning
error: could not compile `bug_99914` due to previous error; 1 warning emitted
------------------------------------------------------------
Return code: 101
